running egg_info
creating ../../build/robotiq_85_driver/robotiq_85_driver.egg-info
writing ../../build/robotiq_85_driver/robotiq_85_driver.egg-info/PKG-INFO
writing dependency_links to ../../build/robotiq_85_driver/robotiq_85_driver.egg-info/dependency_links.txt
writing entry points to ../../build/robotiq_85_driver/robotiq_85_driver.egg-info/entry_points.txt
writing requirements to ../../build/robotiq_85_driver/robotiq_85_driver.egg-info/requires.txt
writing top-level names to ../../build/robotiq_85_driver/robotiq_85_driver.egg-info/top_level.txt
writing manifest file '../../build/robotiq_85_driver/robotiq_85_driver.egg-info/SOURCES.txt'
reading manifest file '../../build/robotiq_85_driver/robotiq_85_driver.egg-info/SOURCES.txt'
writing manifest file '../../build/robotiq_85_driver/robotiq_85_driver.egg-info/SOURCES.txt'
running build
running build_py
creating /home/omid/data/colcon_ws1FW/src/final_work/src/build/robotiq_85_driver/build
creating /home/omid/data/colcon_ws1FW/src/final_work/src/build/robotiq_85_driver/build/lib
creating /home/omid/data/colcon_ws1FW/src/final_work/src/build/robotiq_85_driver/build/lib/robotiq_85_driver
copying robotiq_85_driver/single_robotiq_85_action_server.py -> /home/omid/data/colcon_ws1FW/src/final_work/src/build/robotiq_85_driver/build/lib/robotiq_85_driver
copying robotiq_85_driver/robotiq_85_driver.py -> /home/omid/data/colcon_ws1FW/src/final_work/src/build/robotiq_85_driver/build/lib/robotiq_85_driver
copying robotiq_85_driver/robotiq_85_test.py -> /home/omid/data/colcon_ws1FW/src/final_work/src/build/robotiq_85_driver/build/lib/robotiq_85_driver
copying robotiq_85_driver/__init__.py -> /home/omid/data/colcon_ws1FW/src/final_work/src/build/robotiq_85_driver/build/lib/robotiq_85_driver
copying robotiq_85_driver/robotiq_85_test_close.py -> /home/omid/data/colcon_ws1FW/src/final_work/src/build/robotiq_85_driver/build/lib/robotiq_85_driver
creating /home/omid/data/colcon_ws1FW/src/final_work/src/build/robotiq_85_driver/build/lib/robotiq_85_driver/driver
copying robotiq_85_driver/driver/modbus_crc.py -> /home/omid/data/colcon_ws1FW/src/final_work/src/build/robotiq_85_driver/build/lib/robotiq_85_driver/driver
copying robotiq_85_driver/driver/gripper_io.py -> /home/omid/data/colcon_ws1FW/src/final_work/src/build/robotiq_85_driver/build/lib/robotiq_85_driver/driver
copying robotiq_85_driver/driver/__init__.py -> /home/omid/data/colcon_ws1FW/src/final_work/src/build/robotiq_85_driver/build/lib/robotiq_85_driver/driver
copying robotiq_85_driver/driver/robotiq_85_gripper.py -> /home/omid/data/colcon_ws1FW/src/final_work/src/build/robotiq_85_driver/build/lib/robotiq_85_driver/driver
running install
running install_lib
creating /home/omid/data/colcon_ws1FW/src/final_work/src/install/robotiq_85_driver/lib/python3.12/site-packages/robotiq_85_driver
creating /home/omid/data/colcon_ws1FW/src/final_work/src/install/robotiq_85_driver/lib/python3.12/site-packages/robotiq_85_driver/driver
copying /home/omid/data/colcon_ws1FW/src/final_work/src/build/robotiq_85_driver/build/lib/robotiq_85_driver/driver/modbus_crc.py -> /home/omid/data/colcon_ws1FW/src/final_work/src/install/robotiq_85_driver/lib/python3.12/site-packages/robotiq_85_driver/driver
copying /home/omid/data/colcon_ws1FW/src/final_work/src/build/robotiq_85_driver/build/lib/robotiq_85_driver/driver/gripper_io.py -> /home/omid/data/colcon_ws1FW/src/final_work/src/install/robotiq_85_driver/lib/python3.12/site-packages/robotiq_85_driver/driver
copying /home/omid/data/colcon_ws1FW/src/final_work/src/build/robotiq_85_driver/build/lib/robotiq_85_driver/driver/__init__.py -> /home/omid/data/colcon_ws1FW/src/final_work/src/install/robotiq_85_driver/lib/python3.12/site-packages/robotiq_85_driver/driver
copying /home/omid/data/colcon_ws1FW/src/final_work/src/build/robotiq_85_driver/build/lib/robotiq_85_driver/driver/robotiq_85_gripper.py -> /home/omid/data/colcon_ws1FW/src/final_work/src/install/robotiq_85_driver/lib/python3.12/site-packages/robotiq_85_driver/driver
copying /home/omid/data/colcon_ws1FW/src/final_work/src/build/robotiq_85_driver/build/lib/robotiq_85_driver/single_robotiq_85_action_server.py -> /home/omid/data/colcon_ws1FW/src/final_work/src/install/robotiq_85_driver/lib/python3.12/site-packages/robotiq_85_driver
copying /home/omid/data/colcon_ws1FW/src/final_work/src/build/robotiq_85_driver/build/lib/robotiq_85_driver/robotiq_85_driver.py -> /home/omid/data/colcon_ws1FW/src/final_work/src/install/robotiq_85_driver/lib/python3.12/site-packages/robotiq_85_driver
copying /home/omid/data/colcon_ws1FW/src/final_work/src/build/robotiq_85_driver/build/lib/robotiq_85_driver/robotiq_85_test.py -> /home/omid/data/colcon_ws1FW/src/final_work/src/install/robotiq_85_driver/lib/python3.12/site-packages/robotiq_85_driver
copying /home/omid/data/colcon_ws1FW/src/final_work/src/build/robotiq_85_driver/build/lib/robotiq_85_driver/__init__.py -> /home/omid/data/colcon_ws1FW/src/final_work/src/install/robotiq_85_driver/lib/python3.12/site-packages/robotiq_85_driver
copying /home/omid/data/colcon_ws1FW/src/final_work/src/build/robotiq_85_driver/build/lib/robotiq_85_driver/robotiq_85_test_close.py -> /home/omid/data/colcon_ws1FW/src/final_work/src/install/robotiq_85_driver/lib/python3.12/site-packages/robotiq_85_driver
byte-compiling /home/omid/data/colcon_ws1FW/src/final_work/src/install/robotiq_85_driver/lib/python3.12/site-packages/robotiq_85_driver/driver/modbus_crc.py to modbus_crc.cpython-312.pyc
/home/omid/data/colcon_ws1FW/src/final_work/src/install/robotiq_85_driver/lib/python3.12/site-packages/robotiq_85_driver/driver/modbus_crc.py:1: SyntaxWarning: invalid escape sequence '\P'
  """--------------------------------------------------------------------
byte-compiling /home/omid/data/colcon_ws1FW/src/final_work/src/install/robotiq_85_driver/lib/python3.12/site-packages/robotiq_85_driver/driver/gripper_io.py to gripper_io.cpython-312.pyc
/home/omid/data/colcon_ws1FW/src/final_work/src/install/robotiq_85_driver/lib/python3.12/site-packages/robotiq_85_driver/driver/gripper_io.py:1: SyntaxWarning: invalid escape sequence '\P'
  """--------------------------------------------------------------------
byte-compiling /home/omid/data/colcon_ws1FW/src/final_work/src/install/robotiq_85_driver/lib/python3.12/site-packages/robotiq_85_driver/driver/__init__.py to __init__.cpython-312.pyc
byte-compiling /home/omid/data/colcon_ws1FW/src/final_work/src/install/robotiq_85_driver/lib/python3.12/site-packages/robotiq_85_driver/driver/robotiq_85_gripper.py to robotiq_85_gripper.cpython-312.pyc
byte-compiling /home/omid/data/colcon_ws1FW/src/final_work/src/install/robotiq_85_driver/lib/python3.12/site-packages/robotiq_85_driver/single_robotiq_85_action_server.py to single_robotiq_85_action_server.cpython-312.pyc
byte-compiling /home/omid/data/colcon_ws1FW/src/final_work/src/install/robotiq_85_driver/lib/python3.12/site-packages/robotiq_85_driver/robotiq_85_driver.py to robotiq_85_driver.cpython-312.pyc
/home/omid/data/colcon_ws1FW/src/final_work/src/install/robotiq_85_driver/lib/python3.12/site-packages/robotiq_85_driver/robotiq_85_driver.py:1: SyntaxWarning: invalid escape sequence '\P'
  """--------------------------------------------------------------------
byte-compiling /home/omid/data/colcon_ws1FW/src/final_work/src/install/robotiq_85_driver/lib/python3.12/site-packages/robotiq_85_driver/robotiq_85_test.py to robotiq_85_test.cpython-312.pyc
/home/omid/data/colcon_ws1FW/src/final_work/src/install/robotiq_85_driver/lib/python3.12/site-packages/robotiq_85_driver/robotiq_85_test.py:1: SyntaxWarning: invalid escape sequence '\P'
  """--------------------------------------------------------------------
byte-compiling /home/omid/data/colcon_ws1FW/src/final_work/src/install/robotiq_85_driver/lib/python3.12/site-packages/robotiq_85_driver/__init__.py to __init__.cpython-312.pyc
byte-compiling /home/omid/data/colcon_ws1FW/src/final_work/src/install/robotiq_85_driver/lib/python3.12/site-packages/robotiq_85_driver/robotiq_85_test_close.py to robotiq_85_test_close.cpython-312.pyc
/home/omid/data/colcon_ws1FW/src/final_work/src/install/robotiq_85_driver/lib/python3.12/site-packages/robotiq_85_driver/robotiq_85_test_close.py:1: SyntaxWarning: invalid escape sequence '\P'
  """--------------------------------------------------------------------
running install_data
creating /home/omid/data/colcon_ws1FW/src/final_work/src/install/robotiq_85_driver/share/ament_index
creating /home/omid/data/colcon_ws1FW/src/final_work/src/install/robotiq_85_driver/share/ament_index/resource_index
creating /home/omid/data/colcon_ws1FW/src/final_work/src/install/robotiq_85_driver/share/ament_index/resource_index/packages
copying resource/robotiq_85_driver -> /home/omid/data/colcon_ws1FW/src/final_work/src/install/robotiq_85_driver/share/ament_index/resource_index/packages
copying package.xml -> /home/omid/data/colcon_ws1FW/src/final_work/src/install/robotiq_85_driver/share/robotiq_85_driver
creating /home/omid/data/colcon_ws1FW/src/final_work/src/install/robotiq_85_driver/share/robotiq_85_driver/launch
copying launch/gripper_driver.launch.py -> /home/omid/data/colcon_ws1FW/src/final_work/src/install/robotiq_85_driver/share/robotiq_85_driver/launch
running install_egg_info
Copying ../../build/robotiq_85_driver/robotiq_85_driver.egg-info to /home/omid/data/colcon_ws1FW/src/final_work/src/install/robotiq_85_driver/lib/python3.12/site-packages/robotiq_85_driver-1.0.0-py3.12.egg-info
running install_scripts
Installing robotiq_85_driver script to /home/omid/data/colcon_ws1FW/src/final_work/src/install/robotiq_85_driver/lib/robotiq_85_driver
Installing robotiq_85_test script to /home/omid/data/colcon_ws1FW/src/final_work/src/install/robotiq_85_driver/lib/robotiq_85_driver
Installing robotiq_85_test_close script to /home/omid/data/colcon_ws1FW/src/final_work/src/install/robotiq_85_driver/lib/robotiq_85_driver
Installing single_robotiq_85_action_server script to /home/omid/data/colcon_ws1FW/src/final_work/src/install/robotiq_85_driver/lib/robotiq_85_driver
writing list of installed files to '/home/omid/data/colcon_ws1FW/src/final_work/src/build/robotiq_85_driver/install.log'
