[3.078s] Invoking command in '/home/omid/data/colcon_ws1FW/src/final_work/src/robotiq_85_gripper/robotiq_85_driver': AMENT_PREFIX_PATH=/home/omid/data/colcon_ws1FW/src/final_work/src/install/robotiq_85_msgs:${AMENT_PREFIX_PATH} CMAKE_PREFIX_PATH=/home/omid/data/colcon_ws1FW/src/final_work/src/install/robotiq_85_msgs:${CMAKE_PREFIX_PATH} DEBUGINFOD_URLS=https://debuginfod.ubuntu.com LD_LIBRARY_PATH=/home/omid/data/colcon_ws1FW/src/final_work/src/install/robotiq_85_msgs/lib:${LD_LIBRARY_PATH} PYTHONPATH=/home/omid/data/colcon_ws1FW/src/final_work/src/build/robotiq_85_driver/prefix_override:/usr/lib/python3/dist-packages/colcon_core/task/python/colcon_distutils_commands:/home/omid/data/colcon_ws1FW/src/final_work/src/install/robotiq_85_driver/lib/python3.12/site-packages:/home/omid/data/colcon_ws1FW/src/final_work/src/install/robotiq_85_msgs/lib/python3.12/site-packages:${PYTHONPATH} /usr/bin/python3 -W ignore:setup.py install is deprecated -W ignore:easy_install command is deprecated setup.py egg_info --egg-base ../../build/robotiq_85_driver build --build-base /home/omid/data/colcon_ws1FW/src/final_work/src/build/robotiq_85_driver/build install --record /home/omid/data/colcon_ws1FW/src/final_work/src/build/robotiq_85_driver/install.log --single-version-externally-managed install_data
[4.151s] running egg_info
[4.152s] creating ../../build/robotiq_85_driver/robotiq_85_driver.egg-info
[4.222s] writing ../../build/robotiq_85_driver/robotiq_85_driver.egg-info/PKG-INFO
[4.222s] writing dependency_links to ../../build/robotiq_85_driver/robotiq_85_driver.egg-info/dependency_links.txt
[4.223s] writing entry points to ../../build/robotiq_85_driver/robotiq_85_driver.egg-info/entry_points.txt
[4.223s] writing requirements to ../../build/robotiq_85_driver/robotiq_85_driver.egg-info/requires.txt
[4.224s] writing top-level names to ../../build/robotiq_85_driver/robotiq_85_driver.egg-info/top_level.txt
[4.224s] writing manifest file '../../build/robotiq_85_driver/robotiq_85_driver.egg-info/SOURCES.txt'
[4.380s] reading manifest file '../../build/robotiq_85_driver/robotiq_85_driver.egg-info/SOURCES.txt'
[4.383s] writing manifest file '../../build/robotiq_85_driver/robotiq_85_driver.egg-info/SOURCES.txt'
[4.383s] running build
[4.384s] running build_py
[4.384s] creating /home/omid/data/colcon_ws1FW/src/final_work/src/build/robotiq_85_driver/build
[4.385s] creating /home/omid/data/colcon_ws1FW/src/final_work/src/build/robotiq_85_driver/build/lib
[4.385s] creating /home/omid/data/colcon_ws1FW/src/final_work/src/build/robotiq_85_driver/build/lib/robotiq_85_driver
[4.385s] copying robotiq_85_driver/single_robotiq_85_action_server.py -> /home/omid/data/colcon_ws1FW/src/final_work/src/build/robotiq_85_driver/build/lib/robotiq_85_driver
[4.386s] copying robotiq_85_driver/robotiq_85_driver.py -> /home/omid/data/colcon_ws1FW/src/final_work/src/build/robotiq_85_driver/build/lib/robotiq_85_driver
[4.386s] copying robotiq_85_driver/robotiq_85_test.py -> /home/omid/data/colcon_ws1FW/src/final_work/src/build/robotiq_85_driver/build/lib/robotiq_85_driver
[4.386s] copying robotiq_85_driver/__init__.py -> /home/omid/data/colcon_ws1FW/src/final_work/src/build/robotiq_85_driver/build/lib/robotiq_85_driver
[4.387s] copying robotiq_85_driver/robotiq_85_test_close.py -> /home/omid/data/colcon_ws1FW/src/final_work/src/build/robotiq_85_driver/build/lib/robotiq_85_driver
[4.387s] creating /home/omid/data/colcon_ws1FW/src/final_work/src/build/robotiq_85_driver/build/lib/robotiq_85_driver/driver
[4.388s] copying robotiq_85_driver/driver/modbus_crc.py -> /home/omid/data/colcon_ws1FW/src/final_work/src/build/robotiq_85_driver/build/lib/robotiq_85_driver/driver
[4.388s] copying robotiq_85_driver/driver/gripper_io.py -> /home/omid/data/colcon_ws1FW/src/final_work/src/build/robotiq_85_driver/build/lib/robotiq_85_driver/driver
[4.388s] copying robotiq_85_driver/driver/__init__.py -> /home/omid/data/colcon_ws1FW/src/final_work/src/build/robotiq_85_driver/build/lib/robotiq_85_driver/driver
[4.388s] copying robotiq_85_driver/driver/robotiq_85_gripper.py -> /home/omid/data/colcon_ws1FW/src/final_work/src/build/robotiq_85_driver/build/lib/robotiq_85_driver/driver
[4.389s] running install
[4.417s] running install_lib
[4.508s] creating /home/omid/data/colcon_ws1FW/src/final_work/src/install/robotiq_85_driver/lib/python3.12/site-packages/robotiq_85_driver
[4.509s] creating /home/omid/data/colcon_ws1FW/src/final_work/src/install/robotiq_85_driver/lib/python3.12/site-packages/robotiq_85_driver/driver
[4.509s] copying /home/omid/data/colcon_ws1FW/src/final_work/src/build/robotiq_85_driver/build/lib/robotiq_85_driver/driver/modbus_crc.py -> /home/omid/data/colcon_ws1FW/src/final_work/src/install/robotiq_85_driver/lib/python3.12/site-packages/robotiq_85_driver/driver
[4.509s] copying /home/omid/data/colcon_ws1FW/src/final_work/src/build/robotiq_85_driver/build/lib/robotiq_85_driver/driver/gripper_io.py -> /home/omid/data/colcon_ws1FW/src/final_work/src/install/robotiq_85_driver/lib/python3.12/site-packages/robotiq_85_driver/driver
[4.510s] copying /home/omid/data/colcon_ws1FW/src/final_work/src/build/robotiq_85_driver/build/lib/robotiq_85_driver/driver/__init__.py -> /home/omid/data/colcon_ws1FW/src/final_work/src/install/robotiq_85_driver/lib/python3.12/site-packages/robotiq_85_driver/driver
[4.510s] copying /home/omid/data/colcon_ws1FW/src/final_work/src/build/robotiq_85_driver/build/lib/robotiq_85_driver/driver/robotiq_85_gripper.py -> /home/omid/data/colcon_ws1FW/src/final_work/src/install/robotiq_85_driver/lib/python3.12/site-packages/robotiq_85_driver/driver
[4.510s] copying /home/omid/data/colcon_ws1FW/src/final_work/src/build/robotiq_85_driver/build/lib/robotiq_85_driver/single_robotiq_85_action_server.py -> /home/omid/data/colcon_ws1FW/src/final_work/src/install/robotiq_85_driver/lib/python3.12/site-packages/robotiq_85_driver
[4.511s] copying /home/omid/data/colcon_ws1FW/src/final_work/src/build/robotiq_85_driver/build/lib/robotiq_85_driver/robotiq_85_driver.py -> /home/omid/data/colcon_ws1FW/src/final_work/src/install/robotiq_85_driver/lib/python3.12/site-packages/robotiq_85_driver
[4.511s] copying /home/omid/data/colcon_ws1FW/src/final_work/src/build/robotiq_85_driver/build/lib/robotiq_85_driver/robotiq_85_test.py -> /home/omid/data/colcon_ws1FW/src/final_work/src/install/robotiq_85_driver/lib/python3.12/site-packages/robotiq_85_driver
[4.512s] copying /home/omid/data/colcon_ws1FW/src/final_work/src/build/robotiq_85_driver/build/lib/robotiq_85_driver/__init__.py -> /home/omid/data/colcon_ws1FW/src/final_work/src/install/robotiq_85_driver/lib/python3.12/site-packages/robotiq_85_driver
[4.512s] copying /home/omid/data/colcon_ws1FW/src/final_work/src/build/robotiq_85_driver/build/lib/robotiq_85_driver/robotiq_85_test_close.py -> /home/omid/data/colcon_ws1FW/src/final_work/src/install/robotiq_85_driver/lib/python3.12/site-packages/robotiq_85_driver
[4.512s] byte-compiling /home/omid/data/colcon_ws1FW/src/final_work/src/install/robotiq_85_driver/lib/python3.12/site-packages/robotiq_85_driver/driver/modbus_crc.py to modbus_crc.cpython-312.pyc
[4.513s] /home/omid/data/colcon_ws1FW/src/final_work/src/install/robotiq_85_driver/lib/python3.12/site-packages/robotiq_85_driver/driver/modbus_crc.py:1: SyntaxWarning: invalid escape sequence '\P'
[4.513s]   """--------------------------------------------------------------------
[4.517s] byte-compiling /home/omid/data/colcon_ws1FW/src/final_work/src/install/robotiq_85_driver/lib/python3.12/site-packages/robotiq_85_driver/driver/gripper_io.py to gripper_io.cpython-312.pyc
[4.517s] /home/omid/data/colcon_ws1FW/src/final_work/src/install/robotiq_85_driver/lib/python3.12/site-packages/robotiq_85_driver/driver/gripper_io.py:1: SyntaxWarning: invalid escape sequence '\P'
[4.518s]   """--------------------------------------------------------------------
[4.522s] byte-compiling /home/omid/data/colcon_ws1FW/src/final_work/src/install/robotiq_85_driver/lib/python3.12/site-packages/robotiq_85_driver/driver/__init__.py to __init__.cpython-312.pyc
[4.523s] byte-compiling /home/omid/data/colcon_ws1FW/src/final_work/src/install/robotiq_85_driver/lib/python3.12/site-packages/robotiq_85_driver/driver/robotiq_85_gripper.py to robotiq_85_gripper.cpython-312.pyc
[4.527s] byte-compiling /home/omid/data/colcon_ws1FW/src/final_work/src/install/robotiq_85_driver/lib/python3.12/site-packages/robotiq_85_driver/single_robotiq_85_action_server.py to single_robotiq_85_action_server.cpython-312.pyc
[4.532s] byte-compiling /home/omid/data/colcon_ws1FW/src/final_work/src/install/robotiq_85_driver/lib/python3.12/site-packages/robotiq_85_driver/robotiq_85_driver.py to robotiq_85_driver.cpython-312.pyc
[4.532s] /home/omid/data/colcon_ws1FW/src/final_work/src/install/robotiq_85_driver/lib/python3.12/site-packages/robotiq_85_driver/robotiq_85_driver.py:1: SyntaxWarning: invalid escape sequence '\P'
[4.533s]   """--------------------------------------------------------------------
[4.539s] byte-compiling /home/omid/data/colcon_ws1FW/src/final_work/src/install/robotiq_85_driver/lib/python3.12/site-packages/robotiq_85_driver/robotiq_85_test.py to robotiq_85_test.cpython-312.pyc
[4.540s] /home/omid/data/colcon_ws1FW/src/final_work/src/install/robotiq_85_driver/lib/python3.12/site-packages/robotiq_85_driver/robotiq_85_test.py:1: SyntaxWarning: invalid escape sequence '\P'
[4.540s]   """--------------------------------------------------------------------
[4.544s] byte-compiling /home/omid/data/colcon_ws1FW/src/final_work/src/install/robotiq_85_driver/lib/python3.12/site-packages/robotiq_85_driver/__init__.py to __init__.cpython-312.pyc
[4.544s] byte-compiling /home/omid/data/colcon_ws1FW/src/final_work/src/install/robotiq_85_driver/lib/python3.12/site-packages/robotiq_85_driver/robotiq_85_test_close.py to robotiq_85_test_close.cpython-312.pyc
[4.545s] /home/omid/data/colcon_ws1FW/src/final_work/src/install/robotiq_85_driver/lib/python3.12/site-packages/robotiq_85_driver/robotiq_85_test_close.py:1: SyntaxWarning: invalid escape sequence '\P'
[4.545s]   """--------------------------------------------------------------------
[4.548s] running install_data
[4.549s] creating /home/omid/data/colcon_ws1FW/src/final_work/src/install/robotiq_85_driver/share/ament_index
[4.549s] creating /home/omid/data/colcon_ws1FW/src/final_work/src/install/robotiq_85_driver/share/ament_index/resource_index
[4.549s] creating /home/omid/data/colcon_ws1FW/src/final_work/src/install/robotiq_85_driver/share/ament_index/resource_index/packages
[4.550s] copying resource/robotiq_85_driver -> /home/omid/data/colcon_ws1FW/src/final_work/src/install/robotiq_85_driver/share/ament_index/resource_index/packages
[4.550s] copying package.xml -> /home/omid/data/colcon_ws1FW/src/final_work/src/install/robotiq_85_driver/share/robotiq_85_driver
[4.550s] creating /home/omid/data/colcon_ws1FW/src/final_work/src/install/robotiq_85_driver/share/robotiq_85_driver/launch
[4.551s] copying launch/gripper_driver.launch.py -> /home/omid/data/colcon_ws1FW/src/final_work/src/install/robotiq_85_driver/share/robotiq_85_driver/launch
[4.551s] running install_egg_info
[4.645s] Copying ../../build/robotiq_85_driver/robotiq_85_driver.egg-info to /home/omid/data/colcon_ws1FW/src/final_work/src/install/robotiq_85_driver/lib/python3.12/site-packages/robotiq_85_driver-1.0.0-py3.12.egg-info
[4.650s] running install_scripts
[5.206s] Installing robotiq_85_driver script to /home/omid/data/colcon_ws1FW/src/final_work/src/install/robotiq_85_driver/lib/robotiq_85_driver
[5.207s] Installing robotiq_85_test script to /home/omid/data/colcon_ws1FW/src/final_work/src/install/robotiq_85_driver/lib/robotiq_85_driver
[5.208s] Installing robotiq_85_test_close script to /home/omid/data/colcon_ws1FW/src/final_work/src/install/robotiq_85_driver/lib/robotiq_85_driver
[5.210s] Installing single_robotiq_85_action_server script to /home/omid/data/colcon_ws1FW/src/final_work/src/install/robotiq_85_driver/lib/robotiq_85_driver
[5.212s] writing list of installed files to '/home/omid/data/colcon_ws1FW/src/final_work/src/build/robotiq_85_driver/install.log'
[5.299s] Invoked command in '/home/omid/data/colcon_ws1FW/src/final_work/src/robotiq_85_gripper/robotiq_85_driver' returned '0': AMENT_PREFIX_PATH=/home/omid/data/colcon_ws1FW/src/final_work/src/install/robotiq_85_msgs:${AMENT_PREFIX_PATH} CMAKE_PREFIX_PATH=/home/omid/data/colcon_ws1FW/src/final_work/src/install/robotiq_85_msgs:${CMAKE_PREFIX_PATH} DEBUGINFOD_URLS=https://debuginfod.ubuntu.com LD_LIBRARY_PATH=/home/omid/data/colcon_ws1FW/src/final_work/src/install/robotiq_85_msgs/lib:${LD_LIBRARY_PATH} PYTHONPATH=/home/omid/data/colcon_ws1FW/src/final_work/src/build/robotiq_85_driver/prefix_override:/usr/lib/python3/dist-packages/colcon_core/task/python/colcon_distutils_commands:/home/omid/data/colcon_ws1FW/src/final_work/src/install/robotiq_85_driver/lib/python3.12/site-packages:/home/omid/data/colcon_ws1FW/src/final_work/src/install/robotiq_85_msgs/lib/python3.12/site-packages:${PYTHONPATH} /usr/bin/python3 -W ignore:setup.py install is deprecated -W ignore:easy_install command is deprecated setup.py egg_info --egg-base ../../build/robotiq_85_driver build --build-base /home/omid/data/colcon_ws1FW/src/final_work/src/build/robotiq_85_driver/build install --record /home/omid/data/colcon_ws1FW/src/final_work/src/build/robotiq_85_driver/install.log --single-version-externally-managed install_data
