-- The C compiler identification is GNU 13.3.0
-- The CXX compiler identification is GNU 13.3.0
-- Detecting C compiler ABI info
-- Detecting C compiler ABI info - done
-- Check for working C compiler: /usr/bin/cc - skipped
-- Detecting C compile features
-- Detecting C compile features - done
-- Detecting CXX compiler ABI info
-- Detecting CXX compiler ABI info - done
-- Check for working CXX compiler: /usr/bin/c++ - skipped
-- Detecting CXX compile features
-- Detecting CXX compile features - done
-- Found ament_cmake: 2.5.4 (/opt/ros/jazzy/share/ament_cmake/cmake)
-- Found Python3: /usr/bin/python3 (found version "3.12.3") found components: Interpreter 
-- Found OpenCV: /usr (found suitable version "4.6.0", minimum required is "4.2.0") 
-- Configuring done (2.3s)
-- Generating done (0.0s)
-- Build files have been written to: /home/omid/data/colcon_ws1FW/src/final_work/src/build/aruco
[  5%] [32mBuilding CXX object CMakeFiles/aruco.dir/src/aruco/cvdrawingutils.cpp.o[0m
[ 11%] [32mBuilding CXX object CMakeFiles/aruco.dir/src/aruco/dictionary_based.cpp.o[0m
[ 16%] [32mBuilding CXX object CMakeFiles/aruco.dir/src/aruco/debug.cpp.o[0m
[ 22%] [32mBuilding CXX object CMakeFiles/aruco.dir/src/aruco/dictionary.cpp.o[0m
[ 27%] [32mBuilding CXX object CMakeFiles/aruco.dir/src/aruco/cameraparameters.cpp.o[0m
[ 33%] [32mBuilding CXX object CMakeFiles/aruco.dir/src/aruco/fractaldetector.cpp.o[0m
[ 38%] [32mBuilding CXX object CMakeFiles/aruco.dir/src/aruco/ippe.cpp.o[0m
[ 44%] [32mBuilding CXX object CMakeFiles/aruco.dir/src/aruco/marker.cpp.o[0m
[ 50%] [32mBuilding CXX object CMakeFiles/aruco.dir/src/aruco/markerdetector_impl.cpp.o[0m
[ 55%] [32mBuilding CXX object CMakeFiles/aruco.dir/src/aruco/markerdetector.cpp.o[0m
[ 61%] [32mBuilding CXX object CMakeFiles/aruco.dir/src/aruco/markerlabeler.cpp.o[0m
[ 66%] [32mBuilding CXX object CMakeFiles/aruco.dir/src/aruco/markermap.cpp.o[0m
[ 72%] [32mBuilding CXX object CMakeFiles/aruco.dir/src/aruco/posetracker.cpp.o[0m
[ 77%] [32mBuilding CXX object CMakeFiles/aruco.dir/src/aruco/fractallabelers/fractallabeler.cpp.o[0m
[ 83%] [32mBuilding CXX object CMakeFiles/aruco.dir/src/aruco/fractallabelers/fractalmarker.cpp.o[0m
[ 88%] [32mBuilding CXX object CMakeFiles/aruco.dir/src/aruco/fractallabelers/fractalmarkerset.cpp.o[0m
[ 94%] [32mBuilding CXX object CMakeFiles/aruco.dir/src/aruco/fractallabelers/fractalposetracker.cpp.o[0m
[100%] [32m[1mLinking CXX shared library libaruco.so[0m
[100%] Built target aruco
-- Install configuration: ""
-- Installing: /home/omid/data/colcon_ws1FW/src/final_work/src/install/aruco/lib/libaruco.so
-- Installing: /home/omid/data/colcon_ws1FW/src/final_work/src/install/aruco/include
-- Installing: /home/omid/data/colcon_ws1FW/src/final_work/src/install/aruco/include/aruco
-- Installing: /home/omid/data/colcon_ws1FW/src/final_work/src/install/aruco/include/aruco/markermap.h
-- Installing: /home/omid/data/colcon_ws1FW/src/final_work/src/install/aruco/include/aruco/picoflann.h
-- Installing: /home/omid/data/colcon_ws1FW/src/final_work/src/install/aruco/include/aruco/aruco_cvversioning.h
-- Installing: /home/omid/data/colcon_ws1FW/src/final_work/src/install/aruco/include/aruco/fractaldetector.h
-- Installing: /home/omid/data/colcon_ws1FW/src/final_work/src/install/aruco/include/aruco/levmarq.h
-- Installing: /home/omid/data/colcon_ws1FW/src/final_work/src/install/aruco/include/aruco/ippe.h
-- Installing: /home/omid/data/colcon_ws1FW/src/final_work/src/install/aruco/include/aruco/dictionary.h
-- Installing: /home/omid/data/colcon_ws1FW/src/final_work/src/install/aruco/include/aruco/cameraparameters.h
-- Installing: /home/omid/data/colcon_ws1FW/src/final_work/src/install/aruco/include/aruco/markerdetector_impl.h
-- Installing: /home/omid/data/colcon_ws1FW/src/final_work/src/install/aruco/include/aruco/markerdetector.h
-- Installing: /home/omid/data/colcon_ws1FW/src/final_work/src/install/aruco/include/aruco/cvdrawingutils.h
-- Installing: /home/omid/data/colcon_ws1FW/src/final_work/src/install/aruco/include/aruco/fractallabelers
-- Installing: /home/omid/data/colcon_ws1FW/src/final_work/src/install/aruco/include/aruco/fractallabelers/fractalmarker.h
-- Installing: /home/omid/data/colcon_ws1FW/src/final_work/src/install/aruco/include/aruco/fractallabelers/fractalmarkerset.h
-- Installing: /home/omid/data/colcon_ws1FW/src/final_work/src/install/aruco/include/aruco/fractallabelers/fractalposetracker.h
-- Installing: /home/omid/data/colcon_ws1FW/src/final_work/src/install/aruco/include/aruco/fractallabelers/fractallabeler.h
-- Installing: /home/omid/data/colcon_ws1FW/src/final_work/src/install/aruco/include/aruco/timers.h
-- Installing: /home/omid/data/colcon_ws1FW/src/final_work/src/install/aruco/include/aruco/aruco.h
-- Installing: /home/omid/data/colcon_ws1FW/src/final_work/src/install/aruco/include/aruco/markerlabeler.h
-- Installing: /home/omid/data/colcon_ws1FW/src/final_work/src/install/aruco/include/aruco/marker.h
-- Installing: /home/omid/data/colcon_ws1FW/src/final_work/src/install/aruco/include/aruco/aruco_export.h
-- Installing: /home/omid/data/colcon_ws1FW/src/final_work/src/install/aruco/include/aruco/dictionary_based.h
-- Installing: /home/omid/data/colcon_ws1FW/src/final_work/src/install/aruco/include/aruco/debug.h
-- Installing: /home/omid/data/colcon_ws1FW/src/final_work/src/install/aruco/include/aruco/posetracker.h
-- Installing: /home/omid/data/colcon_ws1FW/src/final_work/src/install/aruco/share/aruco/environment/library_path.sh
-- Installing: /home/omid/data/colcon_ws1FW/src/final_work/src/install/aruco/share/aruco/environment/library_path.dsv
-- Installing: /home/omid/data/colcon_ws1FW/src/final_work/src/install/aruco/share/ament_index/resource_index/package_run_dependencies/aruco
-- Installing: /home/omid/data/colcon_ws1FW/src/final_work/src/install/aruco/share/ament_index/resource_index/parent_prefix_path/aruco
-- Installing: /home/omid/data/colcon_ws1FW/src/final_work/src/install/aruco/share/aruco/environment/ament_prefix_path.sh
-- Installing: /home/omid/data/colcon_ws1FW/src/final_work/src/install/aruco/share/aruco/environment/ament_prefix_path.dsv
-- Installing: /home/omid/data/colcon_ws1FW/src/final_work/src/install/aruco/share/aruco/environment/path.sh
-- Installing: /home/omid/data/colcon_ws1FW/src/final_work/src/install/aruco/share/aruco/environment/path.dsv
-- Installing: /home/omid/data/colcon_ws1FW/src/final_work/src/install/aruco/share/aruco/local_setup.bash
-- Installing: /home/omid/data/colcon_ws1FW/src/final_work/src/install/aruco/share/aruco/local_setup.sh
-- Installing: /home/omid/data/colcon_ws1FW/src/final_work/src/install/aruco/share/aruco/local_setup.zsh
-- Installing: /home/omid/data/colcon_ws1FW/src/final_work/src/install/aruco/share/aruco/local_setup.dsv
-- Installing: /home/omid/data/colcon_ws1FW/src/final_work/src/install/aruco/share/aruco/package.dsv
-- Installing: /home/omid/data/colcon_ws1FW/src/final_work/src/install/aruco/share/ament_index/resource_index/packages/aruco
-- Installing: /home/omid/data/colcon_ws1FW/src/final_work/src/install/aruco/share/aruco/cmake/ament_cmake_export_include_directories-extras.cmake
-- Installing: /home/omid/data/colcon_ws1FW/src/final_work/src/install/aruco/share/aruco/cmake/ament_cmake_export_libraries-extras.cmake
-- Installing: /home/omid/data/colcon_ws1FW/src/final_work/src/install/aruco/share/aruco/cmake/arucoConfig.cmake
-- Installing: /home/omid/data/colcon_ws1FW/src/final_work/src/install/aruco/share/aruco/cmake/arucoConfig-version.cmake
-- Installing: /home/omid/data/colcon_ws1FW/src/final_work/src/install/aruco/share/aruco/package.xml
