[0.048s] Invoking command in '/home/omid/data/colcon_ws1FW/src/final_work/src/build/aruco': CMAKE_PREFIX_PATH=${CMAKE_PREFIX_PATH}:/opt/ros/jazzy DEBUGINFOD_URLS=https://debuginfod.ubuntu.com /usr/bin/cmake /home/omid/data/colcon_ws1FW/src/final_work/src/aruco_ros/aruco -DCMAKE_INSTALL_PREFIX=/home/omid/data/colcon_ws1FW/src/final_work/src/install/aruco
[2.316s] -- The C compiler identification is GNU 13.3.0
[2.316s] -- The CXX compiler identification is GNU 13.3.0
[2.317s] -- Detecting C compiler ABI info
[2.322s] -- Detecting C compiler ABI info - done
[2.323s] -- Check for working C compiler: /usr/bin/cc - skipped
[2.323s] -- Detecting C compile features
[2.323s] -- Detecting C compile features - done
[2.323s] -- Detecting CXX compiler ABI info
[2.324s] -- Detecting CXX compiler ABI info - done
[2.324s] -- Check for working CXX compiler: /usr/bin/c++ - skipped
[2.324s] -- Detecting CXX compile features
[2.325s] -- Detecting CXX compile features - done
[2.325s] -- Found ament_cmake: 2.5.4 (/opt/ros/jazzy/share/ament_cmake/cmake)
[2.330s] -- Found Python3: /usr/bin/python3 (found version "3.12.3") found components: Interpreter 
[2.331s] -- Found OpenCV: /usr (found suitable version "4.6.0", minimum required is "4.2.0") 
[2.396s] -- Configuring done (2.3s)
[2.434s] -- Generating done (0.0s)
[2.443s] -- Build files have been written to: /home/omid/data/colcon_ws1FW/src/final_work/src/build/aruco
[2.461s] Invoked command in '/home/omid/data/colcon_ws1FW/src/final_work/src/build/aruco' returned '0': CMAKE_PREFIX_PATH=${CMAKE_PREFIX_PATH}:/opt/ros/jazzy DEBUGINFOD_URLS=https://debuginfod.ubuntu.com /usr/bin/cmake /home/omid/data/colcon_ws1FW/src/final_work/src/aruco_ros/aruco -DCMAKE_INSTALL_PREFIX=/home/omid/data/colcon_ws1FW/src/final_work/src/install/aruco
[2.466s] Invoking command in '/home/omid/data/colcon_ws1FW/src/final_work/src/build/aruco': CMAKE_PREFIX_PATH=${CMAKE_PREFIX_PATH}:/opt/ros/jazzy DEBUGINFOD_URLS=https://debuginfod.ubuntu.com /usr/bin/cmake --build /home/omid/data/colcon_ws1FW/src/final_work/src/build/aruco -- -j8 -l8
[2.634s] [  5%] [32mBuilding CXX object CMakeFiles/aruco.dir/src/aruco/cvdrawingutils.cpp.o[0m
[2.634s] [ 11%] [32mBuilding CXX object CMakeFiles/aruco.dir/src/aruco/dictionary_based.cpp.o[0m
[2.635s] [ 16%] [32mBuilding CXX object CMakeFiles/aruco.dir/src/aruco/debug.cpp.o[0m
[2.638s] [ 22%] [32mBuilding CXX object CMakeFiles/aruco.dir/src/aruco/dictionary.cpp.o[0m
[2.667s] [ 27%] [32mBuilding CXX object CMakeFiles/aruco.dir/src/aruco/cameraparameters.cpp.o[0m
[2.668s] [ 33%] [32mBuilding CXX object CMakeFiles/aruco.dir/src/aruco/fractaldetector.cpp.o[0m
[2.668s] [ 38%] [32mBuilding CXX object CMakeFiles/aruco.dir/src/aruco/ippe.cpp.o[0m
[2.668s] [ 44%] [32mBuilding CXX object CMakeFiles/aruco.dir/src/aruco/marker.cpp.o[0m
[4.427s] [ 50%] [32mBuilding CXX object CMakeFiles/aruco.dir/src/aruco/markerdetector_impl.cpp.o[0m
[6.354s] [ 55%] [32mBuilding CXX object CMakeFiles/aruco.dir/src/aruco/markerdetector.cpp.o[0m
[6.843s] [ 61%] [32mBuilding CXX object CMakeFiles/aruco.dir/src/aruco/markerlabeler.cpp.o[0m
[7.394s] [ 66%] [32mBuilding CXX object CMakeFiles/aruco.dir/src/aruco/markermap.cpp.o[0m
[7.539s] [ 72%] [32mBuilding CXX object CMakeFiles/aruco.dir/src/aruco/posetracker.cpp.o[0m
[9.391s] [ 77%] [32mBuilding CXX object CMakeFiles/aruco.dir/src/aruco/fractallabelers/fractallabeler.cpp.o[0m
[9.482s] [ 83%] [32mBuilding CXX object CMakeFiles/aruco.dir/src/aruco/fractallabelers/fractalmarker.cpp.o[0m
[9.614s] [ 88%] [32mBuilding CXX object CMakeFiles/aruco.dir/src/aruco/fractallabelers/fractalmarkerset.cpp.o[0m
[11.577s] [ 94%] [32mBuilding CXX object CMakeFiles/aruco.dir/src/aruco/fractallabelers/fractalposetracker.cpp.o[0m
[33.819s] [100%] [32m[1mLinking CXX shared library libaruco.so[0m
[34.741s] [100%] Built target aruco
[35.413s] Invoked command in '/home/omid/data/colcon_ws1FW/src/final_work/src/build/aruco' returned '0': CMAKE_PREFIX_PATH=${CMAKE_PREFIX_PATH}:/opt/ros/jazzy DEBUGINFOD_URLS=https://debuginfod.ubuntu.com /usr/bin/cmake --build /home/omid/data/colcon_ws1FW/src/final_work/src/build/aruco -- -j8 -l8
[35.415s] Invoking command in '/home/omid/data/colcon_ws1FW/src/final_work/src/build/aruco': CMAKE_PREFIX_PATH=${CMAKE_PREFIX_PATH}:/opt/ros/jazzy DEBUGINFOD_URLS=https://debuginfod.ubuntu.com /usr/bin/cmake --install /home/omid/data/colcon_ws1FW/src/final_work/src/build/aruco
[35.438s] -- Install configuration: ""
[35.439s] -- Installing: /home/omid/data/colcon_ws1FW/src/final_work/src/install/aruco/lib/libaruco.so
[35.447s] -- Installing: /home/omid/data/colcon_ws1FW/src/final_work/src/install/aruco/include
[35.447s] -- Installing: /home/omid/data/colcon_ws1FW/src/final_work/src/install/aruco/include/aruco
[35.448s] -- Installing: /home/omid/data/colcon_ws1FW/src/final_work/src/install/aruco/include/aruco/markermap.h
[35.449s] -- Installing: /home/omid/data/colcon_ws1FW/src/final_work/src/install/aruco/include/aruco/picoflann.h
[35.449s] -- Installing: /home/omid/data/colcon_ws1FW/src/final_work/src/install/aruco/include/aruco/aruco_cvversioning.h
[35.450s] -- Installing: /home/omid/data/colcon_ws1FW/src/final_work/src/install/aruco/include/aruco/fractaldetector.h
[35.450s] -- Installing: /home/omid/data/colcon_ws1FW/src/final_work/src/install/aruco/include/aruco/levmarq.h
[35.451s] -- Installing: /home/omid/data/colcon_ws1FW/src/final_work/src/install/aruco/include/aruco/ippe.h
[35.451s] -- Installing: /home/omid/data/colcon_ws1FW/src/final_work/src/install/aruco/include/aruco/dictionary.h
[35.451s] -- Installing: /home/omid/data/colcon_ws1FW/src/final_work/src/install/aruco/include/aruco/cameraparameters.h
[35.452s] -- Installing: /home/omid/data/colcon_ws1FW/src/final_work/src/install/aruco/include/aruco/markerdetector_impl.h
[35.452s] -- Installing: /home/omid/data/colcon_ws1FW/src/final_work/src/install/aruco/include/aruco/markerdetector.h
[35.453s] -- Installing: /home/omid/data/colcon_ws1FW/src/final_work/src/install/aruco/include/aruco/cvdrawingutils.h
[35.453s] -- Installing: /home/omid/data/colcon_ws1FW/src/final_work/src/install/aruco/include/aruco/fractallabelers
[35.454s] -- Installing: /home/omid/data/colcon_ws1FW/src/final_work/src/install/aruco/include/aruco/fractallabelers/fractalmarker.h
[35.454s] -- Installing: /home/omid/data/colcon_ws1FW/src/final_work/src/install/aruco/include/aruco/fractallabelers/fractalmarkerset.h
[35.454s] -- Installing: /home/omid/data/colcon_ws1FW/src/final_work/src/install/aruco/include/aruco/fractallabelers/fractalposetracker.h
[35.455s] -- Installing: /home/omid/data/colcon_ws1FW/src/final_work/src/install/aruco/include/aruco/fractallabelers/fractallabeler.h
[35.455s] -- Installing: /home/omid/data/colcon_ws1FW/src/final_work/src/install/aruco/include/aruco/timers.h
[35.456s] -- Installing: /home/omid/data/colcon_ws1FW/src/final_work/src/install/aruco/include/aruco/aruco.h
[35.456s] -- Installing: /home/omid/data/colcon_ws1FW/src/final_work/src/install/aruco/include/aruco/markerlabeler.h
[35.457s] -- Installing: /home/omid/data/colcon_ws1FW/src/final_work/src/install/aruco/include/aruco/marker.h
[35.457s] -- Installing: /home/omid/data/colcon_ws1FW/src/final_work/src/install/aruco/include/aruco/aruco_export.h
[35.457s] -- Installing: /home/omid/data/colcon_ws1FW/src/final_work/src/install/aruco/include/aruco/dictionary_based.h
[35.458s] -- Installing: /home/omid/data/colcon_ws1FW/src/final_work/src/install/aruco/include/aruco/debug.h
[35.458s] -- Installing: /home/omid/data/colcon_ws1FW/src/final_work/src/install/aruco/include/aruco/posetracker.h
[35.458s] -- Installing: /home/omid/data/colcon_ws1FW/src/final_work/src/install/aruco/share/aruco/environment/library_path.sh
[35.459s] -- Installing: /home/omid/data/colcon_ws1FW/src/final_work/src/install/aruco/share/aruco/environment/library_path.dsv
[35.459s] -- Installing: /home/omid/data/colcon_ws1FW/src/final_work/src/install/aruco/share/ament_index/resource_index/package_run_dependencies/aruco
[35.460s] -- Installing: /home/omid/data/colcon_ws1FW/src/final_work/src/install/aruco/share/ament_index/resource_index/parent_prefix_path/aruco
[35.460s] -- Installing: /home/omid/data/colcon_ws1FW/src/final_work/src/install/aruco/share/aruco/environment/ament_prefix_path.sh
[35.461s] -- Installing: /home/omid/data/colcon_ws1FW/src/final_work/src/install/aruco/share/aruco/environment/ament_prefix_path.dsv
[35.461s] -- Installing: /home/omid/data/colcon_ws1FW/src/final_work/src/install/aruco/share/aruco/environment/path.sh
[35.461s] -- Installing: /home/omid/data/colcon_ws1FW/src/final_work/src/install/aruco/share/aruco/environment/path.dsv
[35.462s] -- Installing: /home/omid/data/colcon_ws1FW/src/final_work/src/install/aruco/share/aruco/local_setup.bash
[35.462s] -- Installing: /home/omid/data/colcon_ws1FW/src/final_work/src/install/aruco/share/aruco/local_setup.sh
[35.462s] -- Installing: /home/omid/data/colcon_ws1FW/src/final_work/src/install/aruco/share/aruco/local_setup.zsh
[35.463s] -- Installing: /home/omid/data/colcon_ws1FW/src/final_work/src/install/aruco/share/aruco/local_setup.dsv
[35.463s] -- Installing: /home/omid/data/colcon_ws1FW/src/final_work/src/install/aruco/share/aruco/package.dsv
[35.464s] -- Installing: /home/omid/data/colcon_ws1FW/src/final_work/src/install/aruco/share/ament_index/resource_index/packages/aruco
[35.464s] -- Installing: /home/omid/data/colcon_ws1FW/src/final_work/src/install/aruco/share/aruco/cmake/ament_cmake_export_include_directories-extras.cmake
[35.465s] -- Installing: /home/omid/data/colcon_ws1FW/src/final_work/src/install/aruco/share/aruco/cmake/ament_cmake_export_libraries-extras.cmake
[35.465s] -- Installing: /home/omid/data/colcon_ws1FW/src/final_work/src/install/aruco/share/aruco/cmake/arucoConfig.cmake
[35.465s] -- Installing: /home/omid/data/colcon_ws1FW/src/final_work/src/install/aruco/share/aruco/cmake/arucoConfig-version.cmake
[35.466s] -- Installing: /home/omid/data/colcon_ws1FW/src/final_work/src/install/aruco/share/aruco/package.xml
[35.470s] Invoked command in '/home/omid/data/colcon_ws1FW/src/final_work/src/build/aruco' returned '0': CMAKE_PREFIX_PATH=${CMAKE_PREFIX_PATH}:/opt/ros/jazzy DEBUGINFOD_URLS=https://debuginfod.ubuntu.com /usr/bin/cmake --install /home/omid/data/colcon_ws1FW/src/final_work/src/build/aruco
