[0.031s] Invoking command in '/home/omid/data/colcon_ws1FW/src/final_work/src/build/aruco_ros': AMENT_PREFIX_PATH=/home/omid/data/colcon_ws1FW/src/final_work/src/install/aruco_msgs:/home/omid/data/colcon_ws1FW/src/final_work/src/install/aruco:${AMENT_PREFIX_PATH} CMAKE_PREFIX_PATH=/home/omid/data/colcon_ws1FW/src/final_work/src/install/aruco_msgs:/home/omid/data/colcon_ws1FW/src/final_work/src/install/aruco:/opt/ros/jazzy/opt/gz_sim_vendor:/opt/ros/jazzy/opt/gz_sensors_vendor:/opt/ros/jazzy/opt/gz_physics_vendor:/opt/ros/jazzy/opt/sdformat_vendor:/opt/ros/jazzy/opt/gz_gui_vendor:/opt/ros/jazzy/opt/gz_transport_vendor:/opt/ros/jazzy/opt/gz_rendering_vendor:/opt/ros/jazzy/opt/gz_plugin_vendor:/opt/ros/jazzy/opt/gz_fuel_tools_vendor:/opt/ros/jazzy/opt/gz_msgs_vendor:/opt/ros/jazzy/opt/gz_common_vendor:/opt/ros/jazzy/opt/gz_math_vendor:/opt/ros/jazzy/opt/gz_utils_vendor:/opt/ros/jazzy/opt/gz_tools_vendor:/opt/ros/jazzy/opt/gz_ogre_next_vendor:/opt/ros/jazzy/opt/gz_dartsim_vendor:/opt/ros/jazzy/opt/gz_cmake_vendor:/opt/ros/jazzy DEBUGINFOD_URLS=https://debuginfod.ubuntu.com LD_LIBRARY_PATH=/home/omid/data/colcon_ws1FW/src/final_work/src/install/aruco_msgs/lib:/home/omid/data/colcon_ws1FW/src/final_work/src/install/aruco/lib:${LD_LIBRARY_PATH} PYTHONPATH=/home/omid/data/colcon_ws1FW/src/final_work/src/install/aruco_msgs/lib/python3.12/site-packages:${PYTHONPATH} /usr/bin/cmake /home/omid/data/colcon_ws1FW/src/final_work/src/aruco_ros/aruco_ros -DCMAKE_INSTALL_PREFIX=/home/omid/data/colcon_ws1FW/src/final_work/src/install/aruco_ros
[0.181s] -- The C compiler identification is GNU 13.3.0
[0.305s] -- The CXX compiler identification is GNU 13.3.0
[0.344s] -- Detecting C compiler ABI info
[0.624s] -- Detecting C compiler ABI info - done
[0.658s] -- Check for working C compiler: /usr/bin/cc - skipped
[0.659s] -- Detecting C compile features
[0.661s] -- Detecting C compile features - done
[0.689s] -- Detecting CXX compiler ABI info
[1.008s] -- Detecting CXX compiler ABI info - done
[1.045s] -- Check for working CXX compiler: /usr/bin/c++ - skipped
[1.046s] -- Detecting CXX compile features
[1.048s] -- Detecting CXX compile features - done
[1.062s] -- Found ament_cmake: 2.5.4 (/opt/ros/jazzy/share/ament_cmake/cmake)
[1.577s] -- Found Python3: /usr/bin/python3 (found version "3.12.3") found components: Interpreter 
[2.042s] -- Found OpenCV: /usr (found version "4.6.0") 
[2.053s] -- Found cv_bridge: 4.1.0 (/opt/ros/jazzy/share/cv_bridge/cmake)
[2.277s] -- Found rosidl_generator_c: 4.6.6 (/opt/ros/jazzy/share/rosidl_generator_c/cmake)
[2.350s] -- Found rosidl_generator_cpp: 4.6.6 (/opt/ros/jazzy/share/rosidl_generator_cpp/cmake)
[2.432s] -- Using all available rosidl_typesupport_c: rosidl_typesupport_fastrtps_c;rosidl_typesupport_introspection_c
[2.486s] -- Using all available rosidl_typesupport_cpp: rosidl_typesupport_fastrtps_cpp;rosidl_typesupport_introspection_cpp
[3.055s] -- Found rmw_implementation_cmake: 7.3.2 (/opt/ros/jazzy/share/rmw_implementation_cmake/cmake)
[3.071s] -- Found rmw_fastrtps_cpp: 8.4.3 (/opt/ros/jazzy/share/rmw_fastrtps_cpp/cmake)
[3.375s] -- Found OpenSSL: /usr/lib/x86_64-linux-gnu/libcrypto.so (found version "3.0.13")  
[3.431s] -- Found FastRTPS: /opt/ros/jazzy/include (Required is at least version "2.13") 
[3.488s] -- Using RMW implementation 'rmw_fastrtps_cpp' as default
[3.753s] -- Found image_transport: 5.1.7 (/opt/ros/jazzy/share/image_transport/cmake)
[3.851s] -- Found rclpy: 7.1.6 (/opt/ros/jazzy/share/rclpy/cmake)
[3.860s] -- Found tf2: 0.36.16 (/opt/ros/jazzy/share/tf2/cmake)
[3.877s] -- Found tf2_ros: 0.36.16 (/opt/ros/jazzy/share/tf2_ros/cmake)
[4.320s] -- Found tf2_geometry_msgs: 0.36.16 (/opt/ros/jazzy/share/tf2_geometry_msgs/cmake)
[4.398s] -- Found eigen3_cmake_module: 0.3.0 (/opt/ros/jazzy/share/eigen3_cmake_module/cmake)
[4.404s] -- Found Eigen3: TRUE (found version "3.4.0") 
[4.404s] -- Ensuring Eigen3 include directory is part of orocos-kdl CMake target
[4.413s] -- Found aruco: 5.0.5 (/home/omid/data/colcon_ws1FW/src/final_work/src/install/aruco/share/aruco/cmake)
[4.421s] -- Found aruco_msgs: 5.0.5 (/home/omid/data/colcon_ws1FW/src/final_work/src/install/aruco_msgs/share/aruco_msgs/cmake)
[4.517s] -- Found visualization_msgs: 5.3.6 (/opt/ros/jazzy/share/visualization_msgs/cmake)
[4.723s] -- Found ament_lint_auto: 0.17.3 (/opt/ros/jazzy/share/ament_lint_auto/cmake)
[5.217s] -- Added test 'cppcheck' to perform static code analysis on C / C++ code
[5.222s] -- Configured cppcheck include dirs: /home/omid/data/colcon_ws1FW/src/final_work/src/aruco_ros/aruco_ros/include
[5.222s] -- Configured cppcheck exclude dirs and/or files: 
[5.230s] -- Added test 'cpplint' to check C / C++ code against the Google style
[5.231s] -- Configured cpplint exclude dirs and/or files: 
[5.235s] -- Added test 'flake8' to check Python code syntax and style conventions
[5.239s] -- Configured 'flake8' exclude dirs and/or files: 
[5.240s] -- Added test 'lint_cmake' to check CMake code style
[5.244s] -- Added test 'pep257' to check Python code against some of the docstring style conventions in PEP 257
[5.257s] -- Added test 'uncrustify' to check C / C++ code style
[5.257s] -- Configured uncrustify additional arguments: 
[5.261s] -- Added test 'xmllint' to check XML markup files
[5.267s] -- Configuring done (5.2s)
[5.527s] -- Generating done (0.2s)
[5.583s] -- Build files have been written to: /home/omid/data/colcon_ws1FW/src/final_work/src/build/aruco_ros
[5.628s] Invoked command in '/home/omid/data/colcon_ws1FW/src/final_work/src/build/aruco_ros' returned '0': AMENT_PREFIX_PATH=/home/omid/data/colcon_ws1FW/src/final_work/src/install/aruco_msgs:/home/omid/data/colcon_ws1FW/src/final_work/src/install/aruco:${AMENT_PREFIX_PATH} CMAKE_PREFIX_PATH=/home/omid/data/colcon_ws1FW/src/final_work/src/install/aruco_msgs:/home/omid/data/colcon_ws1FW/src/final_work/src/install/aruco:/opt/ros/jazzy/opt/gz_sim_vendor:/opt/ros/jazzy/opt/gz_sensors_vendor:/opt/ros/jazzy/opt/gz_physics_vendor:/opt/ros/jazzy/opt/sdformat_vendor:/opt/ros/jazzy/opt/gz_gui_vendor:/opt/ros/jazzy/opt/gz_transport_vendor:/opt/ros/jazzy/opt/gz_rendering_vendor:/opt/ros/jazzy/opt/gz_plugin_vendor:/opt/ros/jazzy/opt/gz_fuel_tools_vendor:/opt/ros/jazzy/opt/gz_msgs_vendor:/opt/ros/jazzy/opt/gz_common_vendor:/opt/ros/jazzy/opt/gz_math_vendor:/opt/ros/jazzy/opt/gz_utils_vendor:/opt/ros/jazzy/opt/gz_tools_vendor:/opt/ros/jazzy/opt/gz_ogre_next_vendor:/opt/ros/jazzy/opt/gz_dartsim_vendor:/opt/ros/jazzy/opt/gz_cmake_vendor:/opt/ros/jazzy DEBUGINFOD_URLS=https://debuginfod.ubuntu.com LD_LIBRARY_PATH=/home/omid/data/colcon_ws1FW/src/final_work/src/install/aruco_msgs/lib:/home/omid/data/colcon_ws1FW/src/final_work/src/install/aruco/lib:${LD_LIBRARY_PATH} PYTHONPATH=/home/omid/data/colcon_ws1FW/src/final_work/src/install/aruco_msgs/lib/python3.12/site-packages:${PYTHONPATH} /usr/bin/cmake /home/omid/data/colcon_ws1FW/src/final_work/src/aruco_ros/aruco_ros -DCMAKE_INSTALL_PREFIX=/home/omid/data/colcon_ws1FW/src/final_work/src/install/aruco_ros
[5.632s] Invoking command in '/home/omid/data/colcon_ws1FW/src/final_work/src/build/aruco_ros': AMENT_PREFIX_PATH=/home/omid/data/colcon_ws1FW/src/final_work/src/install/aruco_msgs:/home/omid/data/colcon_ws1FW/src/final_work/src/install/aruco:${AMENT_PREFIX_PATH} CMAKE_PREFIX_PATH=/home/omid/data/colcon_ws1FW/src/final_work/src/install/aruco_msgs:/home/omid/data/colcon_ws1FW/src/final_work/src/install/aruco:/opt/ros/jazzy/opt/gz_sim_vendor:/opt/ros/jazzy/opt/gz_sensors_vendor:/opt/ros/jazzy/opt/gz_physics_vendor:/opt/ros/jazzy/opt/sdformat_vendor:/opt/ros/jazzy/opt/gz_gui_vendor:/opt/ros/jazzy/opt/gz_transport_vendor:/opt/ros/jazzy/opt/gz_rendering_vendor:/opt/ros/jazzy/opt/gz_plugin_vendor:/opt/ros/jazzy/opt/gz_fuel_tools_vendor:/opt/ros/jazzy/opt/gz_msgs_vendor:/opt/ros/jazzy/opt/gz_common_vendor:/opt/ros/jazzy/opt/gz_math_vendor:/opt/ros/jazzy/opt/gz_utils_vendor:/opt/ros/jazzy/opt/gz_tools_vendor:/opt/ros/jazzy/opt/gz_ogre_next_vendor:/opt/ros/jazzy/opt/gz_dartsim_vendor:/opt/ros/jazzy/opt/gz_cmake_vendor:/opt/ros/jazzy DEBUGINFOD_URLS=https://debuginfod.ubuntu.com LD_LIBRARY_PATH=/home/omid/data/colcon_ws1FW/src/final_work/src/install/aruco_msgs/lib:/home/omid/data/colcon_ws1FW/src/final_work/src/install/aruco/lib:${LD_LIBRARY_PATH} PYTHONPATH=/home/omid/data/colcon_ws1FW/src/final_work/src/install/aruco_msgs/lib/python3.12/site-packages:${PYTHONPATH} /usr/bin/cmake --build /home/omid/data/colcon_ws1FW/src/final_work/src/build/aruco_ros -- -j8 -l8
[7.319s] [  9%] [32mBuilding CXX object CMakeFiles/aruco_ros_utils.dir/src/aruco_ros_utils.cpp.o[0m
[15.149s] [ 18%] [32m[1mLinking CXX shared library libaruco_ros_utils.so[0m
[16.096s] [ 18%] Built target aruco_ros_utils
[16.144s] [ 27%] [32mBuilding CXX object CMakeFiles/marker_publisher.dir/src/marker_publish.cpp.o[0m
[58.048s] [ 36%] [32mBuilding CXX object CMakeFiles/marker_publisher.dir/src/aruco_ros_utils.cpp.o[0m
[67.244s] [ 45%] [32m[1mLinking CXX executable marker_publisher[0m
[70.082s] [ 45%] Built target marker_publisher
[70.160s] [ 54%] [32mBuilding CXX object CMakeFiles/single.dir/src/simple_single.cpp.o[0m
[70.164s] [ 63%] [32mBuilding CXX object CMakeFiles/single.dir/src/aruco_ros_utils.cpp.o[0m
[70.172s] [ 72%] [32mBuilding CXX object CMakeFiles/double.dir/src/simple_double.cpp.o[0m
[70.178s] [ 81%] [32mBuilding CXX object CMakeFiles/double.dir/src/aruco_ros_utils.cpp.o[0m
[105.016s] [ 90%] [32m[1mLinking CXX executable double[0m
[107.618s] [ 90%] Built target double
[115.939s] [100%] [32m[1mLinking CXX executable single[0m
[118.654s] [100%] Built target single
[118.678s] Invoked command in '/home/omid/data/colcon_ws1FW/src/final_work/src/build/aruco_ros' returned '0': AMENT_PREFIX_PATH=/home/omid/data/colcon_ws1FW/src/final_work/src/install/aruco_msgs:/home/omid/data/colcon_ws1FW/src/final_work/src/install/aruco:${AMENT_PREFIX_PATH} CMAKE_PREFIX_PATH=/home/omid/data/colcon_ws1FW/src/final_work/src/install/aruco_msgs:/home/omid/data/colcon_ws1FW/src/final_work/src/install/aruco:/opt/ros/jazzy/opt/gz_sim_vendor:/opt/ros/jazzy/opt/gz_sensors_vendor:/opt/ros/jazzy/opt/gz_physics_vendor:/opt/ros/jazzy/opt/sdformat_vendor:/opt/ros/jazzy/opt/gz_gui_vendor:/opt/ros/jazzy/opt/gz_transport_vendor:/opt/ros/jazzy/opt/gz_rendering_vendor:/opt/ros/jazzy/opt/gz_plugin_vendor:/opt/ros/jazzy/opt/gz_fuel_tools_vendor:/opt/ros/jazzy/opt/gz_msgs_vendor:/opt/ros/jazzy/opt/gz_common_vendor:/opt/ros/jazzy/opt/gz_math_vendor:/opt/ros/jazzy/opt/gz_utils_vendor:/opt/ros/jazzy/opt/gz_tools_vendor:/opt/ros/jazzy/opt/gz_ogre_next_vendor:/opt/ros/jazzy/opt/gz_dartsim_vendor:/opt/ros/jazzy/opt/gz_cmake_vendor:/opt/ros/jazzy DEBUGINFOD_URLS=https://debuginfod.ubuntu.com LD_LIBRARY_PATH=/home/omid/data/colcon_ws1FW/src/final_work/src/install/aruco_msgs/lib:/home/omid/data/colcon_ws1FW/src/final_work/src/install/aruco/lib:${LD_LIBRARY_PATH} PYTHONPATH=/home/omid/data/colcon_ws1FW/src/final_work/src/install/aruco_msgs/lib/python3.12/site-packages:${PYTHONPATH} /usr/bin/cmake --build /home/omid/data/colcon_ws1FW/src/final_work/src/build/aruco_ros -- -j8 -l8
[118.681s] Invoking command in '/home/omid/data/colcon_ws1FW/src/final_work/src/build/aruco_ros': AMENT_PREFIX_PATH=/home/omid/data/colcon_ws1FW/src/final_work/src/install/aruco_msgs:/home/omid/data/colcon_ws1FW/src/final_work/src/install/aruco:${AMENT_PREFIX_PATH} CMAKE_PREFIX_PATH=/home/omid/data/colcon_ws1FW/src/final_work/src/install/aruco_msgs:/home/omid/data/colcon_ws1FW/src/final_work/src/install/aruco:/opt/ros/jazzy/opt/gz_sim_vendor:/opt/ros/jazzy/opt/gz_sensors_vendor:/opt/ros/jazzy/opt/gz_physics_vendor:/opt/ros/jazzy/opt/sdformat_vendor:/opt/ros/jazzy/opt/gz_gui_vendor:/opt/ros/jazzy/opt/gz_transport_vendor:/opt/ros/jazzy/opt/gz_rendering_vendor:/opt/ros/jazzy/opt/gz_plugin_vendor:/opt/ros/jazzy/opt/gz_fuel_tools_vendor:/opt/ros/jazzy/opt/gz_msgs_vendor:/opt/ros/jazzy/opt/gz_common_vendor:/opt/ros/jazzy/opt/gz_math_vendor:/opt/ros/jazzy/opt/gz_utils_vendor:/opt/ros/jazzy/opt/gz_tools_vendor:/opt/ros/jazzy/opt/gz_ogre_next_vendor:/opt/ros/jazzy/opt/gz_dartsim_vendor:/opt/ros/jazzy/opt/gz_cmake_vendor:/opt/ros/jazzy DEBUGINFOD_URLS=https://debuginfod.ubuntu.com LD_LIBRARY_PATH=/home/omid/data/colcon_ws1FW/src/final_work/src/install/aruco_msgs/lib:/home/omid/data/colcon_ws1FW/src/final_work/src/install/aruco/lib:${LD_LIBRARY_PATH} PYTHONPATH=/home/omid/data/colcon_ws1FW/src/final_work/src/install/aruco_msgs/lib/python3.12/site-packages:${PYTHONPATH} /usr/bin/cmake --install /home/omid/data/colcon_ws1FW/src/final_work/src/build/aruco_ros
[118.697s] -- Install configuration: ""
[118.698s] -- Installing: /home/omid/data/colcon_ws1FW/src/final_work/src/install/aruco_ros/lib/libaruco_ros_utils.so
[118.700s] -- Set non-toolchain portion of runtime path of "/home/omid/data/colcon_ws1FW/src/final_work/src/install/aruco_ros/lib/libaruco_ros_utils.so" to ""
[118.700s] -- Installing: /home/omid/data/colcon_ws1FW/src/final_work/src/install/aruco_ros/lib/aruco_ros/marker_publisher
[118.711s] -- Set non-toolchain portion of runtime path of "/home/omid/data/colcon_ws1FW/src/final_work/src/install/aruco_ros/lib/aruco_ros/marker_publisher" to ""
[118.711s] -- Installing: /home/omid/data/colcon_ws1FW/src/final_work/src/install/aruco_ros/lib/aruco_ros/single
[118.724s] -- Set non-toolchain portion of runtime path of "/home/omid/data/colcon_ws1FW/src/final_work/src/install/aruco_ros/lib/aruco_ros/single" to ""
[118.724s] -- Installing: /home/omid/data/colcon_ws1FW/src/final_work/src/install/aruco_ros/lib/aruco_ros/double
[118.733s] -- Set non-toolchain portion of runtime path of "/home/omid/data/colcon_ws1FW/src/final_work/src/install/aruco_ros/lib/aruco_ros/double" to ""
[118.733s] -- Installing: /home/omid/data/colcon_ws1FW/src/final_work/src/install/aruco_ros/include
[118.734s] -- Installing: /home/omid/data/colcon_ws1FW/src/final_work/src/install/aruco_ros/include/aruco_ros
[118.734s] -- Installing: /home/omid/data/colcon_ws1FW/src/final_work/src/install/aruco_ros/share/aruco_ros/etc
[118.734s] -- Installing: /home/omid/data/colcon_ws1FW/src/final_work/src/install/aruco_ros/share/aruco_ros/etc/reem_gazebo_floating_marker.png
[118.735s] -- Installing: /home/omid/data/colcon_ws1FW/src/final_work/src/install/aruco_ros/share/aruco_ros/etc/marker582_5cm_margin_2cm.jpg
[118.735s] -- Installing: /home/omid/data/colcon_ws1FW/src/final_work/src/install/aruco_ros/share/aruco_ros/etc/marker26_5cm_margin_1cm.jpg
[118.735s] -- Installing: /home/omid/data/colcon_ws1FW/src/final_work/src/install/aruco_ros/share/aruco_ros/etc/marker_in_hand.jpg
[118.736s] -- Installing: /home/omid/data/colcon_ws1FW/src/final_work/src/install/aruco_ros/share/aruco_ros/etc/marker_in_object.jpg
[118.736s] -- Installing: /home/omid/data/colcon_ws1FW/src/final_work/src/install/aruco_ros/share/aruco_ros/etc/marker26_5cm_margin_2cm.jpg
[118.737s] -- Installing: /home/omid/data/colcon_ws1FW/src/final_work/src/install/aruco_ros/share/aruco_ros/etc/new_coordinates.png
[118.737s] -- Installing: /home/omid/data/colcon_ws1FW/src/final_work/src/install/aruco_ros/share/aruco_ros/etc/reem_gazebo_floating_marker_world.png
[118.737s] -- Installing: /home/omid/data/colcon_ws1FW/src/final_work/src/install/aruco_ros/share/aruco_ros/etc/marker26_5cm.jpg
[118.738s] -- Installing: /home/omid/data/colcon_ws1FW/src/final_work/src/install/aruco_ros/share/aruco_ros/etc/marker582_5cm.jpg
[118.738s] -- Installing: /home/omid/data/colcon_ws1FW/src/final_work/src/install/aruco_ros/share/aruco_ros/launch
[118.738s] -- Installing: /home/omid/data/colcon_ws1FW/src/final_work/src/install/aruco_ros/share/aruco_ros/launch/single.launch.py
[118.739s] -- Installing: /home/omid/data/colcon_ws1FW/src/final_work/src/install/aruco_ros/share/aruco_ros/launch/double.launch.py
[118.739s] -- Installing: /home/omid/data/colcon_ws1FW/src/final_work/src/install/aruco_ros/share/aruco_ros/launch/marker_publisher.launch.py
[118.739s] -- Installing: /home/omid/data/colcon_ws1FW/src/final_work/src/install/aruco_ros/share/ament_index/resource_index/package_run_dependencies/aruco_ros
[118.740s] -- Installing: /home/omid/data/colcon_ws1FW/src/final_work/src/install/aruco_ros/share/ament_index/resource_index/parent_prefix_path/aruco_ros
[118.740s] -- Installing: /home/omid/data/colcon_ws1FW/src/final_work/src/install/aruco_ros/share/aruco_ros/environment/ament_prefix_path.sh
[118.740s] -- Installing: /home/omid/data/colcon_ws1FW/src/final_work/src/install/aruco_ros/share/aruco_ros/environment/ament_prefix_path.dsv
[118.741s] -- Installing: /home/omid/data/colcon_ws1FW/src/final_work/src/install/aruco_ros/share/aruco_ros/environment/path.sh
[118.741s] -- Installing: /home/omid/data/colcon_ws1FW/src/final_work/src/install/aruco_ros/share/aruco_ros/environment/path.dsv
[118.742s] -- Installing: /home/omid/data/colcon_ws1FW/src/final_work/src/install/aruco_ros/share/aruco_ros/local_setup.bash
[118.742s] -- Installing: /home/omid/data/colcon_ws1FW/src/final_work/src/install/aruco_ros/share/aruco_ros/local_setup.sh
[118.742s] -- Installing: /home/omid/data/colcon_ws1FW/src/final_work/src/install/aruco_ros/share/aruco_ros/local_setup.zsh
[118.742s] -- Installing: /home/omid/data/colcon_ws1FW/src/final_work/src/install/aruco_ros/share/aruco_ros/local_setup.dsv
[118.743s] -- Installing: /home/omid/data/colcon_ws1FW/src/final_work/src/install/aruco_ros/share/aruco_ros/package.dsv
[118.743s] -- Installing: /home/omid/data/colcon_ws1FW/src/final_work/src/install/aruco_ros/share/ament_index/resource_index/packages/aruco_ros
[118.743s] -- Installing: /home/omid/data/colcon_ws1FW/src/final_work/src/install/aruco_ros/share/aruco_ros/cmake/aruco_rosConfig.cmake
[118.743s] -- Installing: /home/omid/data/colcon_ws1FW/src/final_work/src/install/aruco_ros/share/aruco_ros/cmake/aruco_rosConfig-version.cmake
[118.744s] -- Installing: /home/omid/data/colcon_ws1FW/src/final_work/src/install/aruco_ros/share/aruco_ros/package.xml
[118.746s] Invoked command in '/home/omid/data/colcon_ws1FW/src/final_work/src/build/aruco_ros' returned '0': AMENT_PREFIX_PATH=/home/omid/data/colcon_ws1FW/src/final_work/src/install/aruco_msgs:/home/omid/data/colcon_ws1FW/src/final_work/src/install/aruco:${AMENT_PREFIX_PATH} CMAKE_PREFIX_PATH=/home/omid/data/colcon_ws1FW/src/final_work/src/install/aruco_msgs:/home/omid/data/colcon_ws1FW/src/final_work/src/install/aruco:/opt/ros/jazzy/opt/gz_sim_vendor:/opt/ros/jazzy/opt/gz_sensors_vendor:/opt/ros/jazzy/opt/gz_physics_vendor:/opt/ros/jazzy/opt/sdformat_vendor:/opt/ros/jazzy/opt/gz_gui_vendor:/opt/ros/jazzy/opt/gz_transport_vendor:/opt/ros/jazzy/opt/gz_rendering_vendor:/opt/ros/jazzy/opt/gz_plugin_vendor:/opt/ros/jazzy/opt/gz_fuel_tools_vendor:/opt/ros/jazzy/opt/gz_msgs_vendor:/opt/ros/jazzy/opt/gz_common_vendor:/opt/ros/jazzy/opt/gz_math_vendor:/opt/ros/jazzy/opt/gz_utils_vendor:/opt/ros/jazzy/opt/gz_tools_vendor:/opt/ros/jazzy/opt/gz_ogre_next_vendor:/opt/ros/jazzy/opt/gz_dartsim_vendor:/opt/ros/jazzy/opt/gz_cmake_vendor:/opt/ros/jazzy DEBUGINFOD_URLS=https://debuginfod.ubuntu.com LD_LIBRARY_PATH=/home/omid/data/colcon_ws1FW/src/final_work/src/install/aruco_msgs/lib:/home/omid/data/colcon_ws1FW/src/final_work/src/install/aruco/lib:${LD_LIBRARY_PATH} PYTHONPATH=/home/omid/data/colcon_ws1FW/src/final_work/src/install/aruco_msgs/lib/python3.12/site-packages:${PYTHONPATH} /usr/bin/cmake --install /home/omid/data/colcon_ws1FW/src/final_work/src/build/aruco_ros
