/home/omid/data/colcon_ws1FW/src/final_work/src/install/robotiq_85_driver/lib/python3.12/site-packages/robotiq_85_driver/single_robotiq_85_action_server.py
/home/omid/data/colcon_ws1FW/src/final_work/src/install/robotiq_85_driver/lib/python3.12/site-packages/robotiq_85_driver/robotiq_85_driver.py
/home/omid/data/colcon_ws1FW/src/final_work/src/install/robotiq_85_driver/lib/python3.12/site-packages/robotiq_85_driver/robotiq_85_test.py
/home/omid/data/colcon_ws1FW/src/final_work/src/install/robotiq_85_driver/lib/python3.12/site-packages/robotiq_85_driver/__init__.py
/home/omid/data/colcon_ws1FW/src/final_work/src/install/robotiq_85_driver/lib/python3.12/site-packages/robotiq_85_driver/robotiq_85_test_close.py
/home/omid/data/colcon_ws1FW/src/final_work/src/install/robotiq_85_driver/lib/python3.12/site-packages/robotiq_85_driver/driver/modbus_crc.py
/home/omid/data/colcon_ws1FW/src/final_work/src/install/robotiq_85_driver/lib/python3.12/site-packages/robotiq_85_driver/driver/gripper_io.py
/home/omid/data/colcon_ws1FW/src/final_work/src/install/robotiq_85_driver/lib/python3.12/site-packages/robotiq_85_driver/driver/__init__.py
/home/omid/data/colcon_ws1FW/src/final_work/src/install/robotiq_85_driver/lib/python3.12/site-packages/robotiq_85_driver/driver/robotiq_85_gripper.py
/home/omid/data/colcon_ws1FW/src/final_work/src/install/robotiq_85_driver/lib/python3.12/site-packages/robotiq_85_driver/__pycache__/single_robotiq_85_action_server.cpython-312.pyc
/home/omid/data/colcon_ws1FW/src/final_work/src/install/robotiq_85_driver/lib/python3.12/site-packages/robotiq_85_driver/__pycache__/robotiq_85_driver.cpython-312.pyc
/home/omid/data/colcon_ws1FW/src/final_work/src/install/robotiq_85_driver/lib/python3.12/site-packages/robotiq_85_driver/__pycache__/robotiq_85_test.cpython-312.pyc
/home/omid/data/colcon_ws1FW/src/final_work/src/install/robotiq_85_driver/lib/python3.12/site-packages/robotiq_85_driver/__pycache__/__init__.cpython-312.pyc
/home/omid/data/colcon_ws1FW/src/final_work/src/install/robotiq_85_driver/lib/python3.12/site-packages/robotiq_85_driver/__pycache__/robotiq_85_test_close.cpython-312.pyc
/home/omid/data/colcon_ws1FW/src/final_work/src/install/robotiq_85_driver/lib/python3.12/site-packages/robotiq_85_driver/driver/__pycache__/modbus_crc.cpython-312.pyc
/home/omid/data/colcon_ws1FW/src/final_work/src/install/robotiq_85_driver/lib/python3.12/site-packages/robotiq_85_driver/driver/__pycache__/gripper_io.cpython-312.pyc
/home/omid/data/colcon_ws1FW/src/final_work/src/install/robotiq_85_driver/lib/python3.12/site-packages/robotiq_85_driver/driver/__pycache__/__init__.cpython-312.pyc
/home/omid/data/colcon_ws1FW/src/final_work/src/install/robotiq_85_driver/lib/python3.12/site-packages/robotiq_85_driver/driver/__pycache__/robotiq_85_gripper.cpython-312.pyc
/home/omid/data/colcon_ws1FW/src/final_work/src/install/robotiq_85_driver/share/ament_index/resource_index/packages/robotiq_85_driver
/home/omid/data/colcon_ws1FW/src/final_work/src/install/robotiq_85_driver/share/robotiq_85_driver/package.xml
/home/omid/data/colcon_ws1FW/src/final_work/src/install/robotiq_85_driver/share/robotiq_85_driver/launch/gripper_driver.launch.py
/home/omid/data/colcon_ws1FW/src/final_work/src/install/robotiq_85_driver/lib/python3.12/site-packages/robotiq_85_driver-1.0.0-py3.12.egg-info/entry_points.txt
/home/omid/data/colcon_ws1FW/src/final_work/src/install/robotiq_85_driver/lib/python3.12/site-packages/robotiq_85_driver-1.0.0-py3.12.egg-info/SOURCES.txt
/home/omid/data/colcon_ws1FW/src/final_work/src/install/robotiq_85_driver/lib/python3.12/site-packages/robotiq_85_driver-1.0.0-py3.12.egg-info/PKG-INFO
/home/omid/data/colcon_ws1FW/src/final_work/src/install/robotiq_85_driver/lib/python3.12/site-packages/robotiq_85_driver-1.0.0-py3.12.egg-info/requires.txt
/home/omid/data/colcon_ws1FW/src/final_work/src/install/robotiq_85_driver/lib/python3.12/site-packages/robotiq_85_driver-1.0.0-py3.12.egg-info/top_level.txt
/home/omid/data/colcon_ws1FW/src/final_work/src/install/robotiq_85_driver/lib/python3.12/site-packages/robotiq_85_driver-1.0.0-py3.12.egg-info/zip-safe
/home/omid/data/colcon_ws1FW/src/final_work/src/install/robotiq_85_driver/lib/python3.12/site-packages/robotiq_85_driver-1.0.0-py3.12.egg-info/dependency_links.txt
/home/omid/data/colcon_ws1FW/src/final_work/src/install/robotiq_85_driver/lib/robotiq_85_driver/robotiq_85_driver
/home/omid/data/colcon_ws1FW/src/final_work/src/install/robotiq_85_driver/lib/robotiq_85_driver/robotiq_85_test
/home/omid/data/colcon_ws1FW/src/final_work/src/install/robotiq_85_driver/lib/robotiq_85_driver/robotiq_85_test_close
/home/omid/data/colcon_ws1FW/src/final_work/src/install/robotiq_85_driver/lib/robotiq_85_driver/single_robotiq_85_action_server
