-- The C compiler identification is GNU 13.3.0
-- The CXX compiler identification is GNU 13.3.0
-- Detecting C compiler ABI info
-- Detecting C compiler ABI info - done
-- Check for working C compiler: /usr/bin/cc - skipped
-- Detecting C compile features
-- Detecting C compile features - done
-- Detecting CXX compiler ABI info
-- Detecting CXX compiler ABI info - done
-- Check for working CXX compiler: /usr/bin/c++ - skipped
-- Detecting CXX compile features
-- Detecting CXX compile features - done
-- Found ament_cmake: 2.5.4 (/opt/ros/jazzy/share/ament_cmake/cmake)
-- Found Python3: /usr/bin/python3 (found version "3.12.3") found components: Interpreter 
-- Found rosidl_default_generators: 1.6.0 (/opt/ros/jazzy/share/rosidl_default_generators/cmake)
-- Using all available rosidl_typesupport_c: rosidl_typesupport_fastrtps_c;rosidl_typesupport_introspection_c
-- Using all available rosidl_typesupport_cpp: rosidl_typesupport_fastrtps_cpp;rosidl_typesupport_introspection_cpp
-- Found rosidl_adapter: 4.6.6 (/opt/ros/jazzy/share/rosidl_adapter/cmake)
-- Found rclcpp: 28.1.13 (/opt/ros/jazzy/share/rclcpp/cmake)
-- Found rmw_implementation_cmake: 7.3.2 (/opt/ros/jazzy/share/rmw_implementation_cmake/cmake)
-- Found rmw_fastrtps_cpp: 8.4.3 (/opt/ros/jazzy/share/rmw_fastrtps_cpp/cmake)
-- Found OpenSSL: /usr/lib/x86_64-linux-gnu/libcrypto.so (found version "3.0.13")  
-- Found FastRTPS: /opt/ros/jazzy/include (Required is at least version "2.13") 
-- Using RMW implementation 'rmw_fastrtps_cpp' as default
-- Found tf2: 0.36.16 (/opt/ros/jazzy/share/tf2/cmake)
-- Found tf2_ros: 0.36.16 (/opt/ros/jazzy/share/tf2_ros/cmake)
-- Found tf2_geometry_msgs: 0.36.16 (/opt/ros/jazzy/share/tf2_geometry_msgs/cmake)
-- Found eigen3_cmake_module: 0.3.0 (/opt/ros/jazzy/share/eigen3_cmake_module/cmake)
-- Found Eigen3: TRUE (found version "3.4.0") 
-- Ensuring Eigen3 include directory is part of orocos-kdl CMake target
-- Found aruco_msgs: 5.0.5 (/home/omid/data/colcon_ws1FW/src/final_work/src/install/aruco_msgs/share/aruco_msgs/cmake)
-- Found ament_cmake_ros: 0.12.0 (/opt/ros/jazzy/share/ament_cmake_ros/cmake)
-- Using all available rosidl_typesupport_c: rosidl_typesupport_fastrtps_c;rosidl_typesupport_introspection_c
-- Using all available rosidl_typesupport_cpp: rosidl_typesupport_fastrtps_cpp;rosidl_typesupport_introspection_cpp
-- Found python_cmake_module: 0.11.1 (/opt/ros/jazzy/share/python_cmake_module/cmake)
-- Found PythonExtra: /usr/bin/python3  
-- Found Python3: /usr/bin/python3 (found version "3.12.3") found components: Interpreter Development NumPy Development.Module Development.Embed 
-- Found ament_lint_auto: 0.17.3 (/opt/ros/jazzy/share/ament_lint_auto/cmake)
-- Added test 'cppcheck' to perform static code analysis on C / C++ code
-- Configured cppcheck include dirs: 
-- Configured cppcheck exclude dirs and/or files: 
-- Added test 'flake8' to check Python code syntax and style conventions
-- Configured 'flake8' exclude dirs and/or files: 
-- Added test 'lint_cmake' to check CMake code style
-- Added test 'pep257' to check Python code against some of the docstring style conventions in PEP 257
-- Added test 'uncrustify' to check C / C++ code style
-- Configured uncrustify additional arguments: 
-- Added test 'xmllint' to check XML markup files
-- Configuring done (12.6s)
-- Generating done (0.1s)
-- Build files have been written to: /home/omid/data/colcon_ws1FW/src/final_work/src/build/aruco_broadcaster
[  2%] [34m[1mGenerating type hashes for ROS interfaces[0m
[  2%] Built target aruco_broadcaster__rosidl_generator_type_description
[  2%] Built target ament_cmake_python_copy_aruco_broadcaster
[  5%] [34m[1mGenerating C code for ROS interfaces[0m
[  8%] [32mBuilding C object CMakeFiles/aruco_broadcaster__rosidl_generator_c.dir/rosidl_generator_c/aruco_broadcaster/srv/detail/get_marker_tf__description.c.o[0m
[ 11%] [32mBuilding C object CMakeFiles/aruco_broadcaster__rosidl_generator_c.dir/rosidl_generator_c/aruco_broadcaster/srv/detail/get_marker_tf__type_support.c.o[0m
[ 13%] [32mBuilding C object CMakeFiles/aruco_broadcaster__rosidl_generator_c.dir/rosidl_generator_c/aruco_broadcaster/srv/detail/get_marker_tf__functions.c.o[0m
[ 16%] [32m[1mLinking C shared library libaruco_broadcaster__rosidl_generator_c.so[0m
[ 16%] Built target aruco_broadcaster__rosidl_generator_c
running egg_info
creating aruco_broadcaster.egg-info
writing aruco_broadcaster.egg-info/PKG-INFO
writing dependency_links to aruco_broadcaster.egg-info/dependency_links.txt
writing top-level names to aruco_broadcaster.egg-info/top_level.txt
writing manifest file 'aruco_broadcaster.egg-info/SOURCES.txt'
reading manifest file 'aruco_broadcaster.egg-info/SOURCES.txt'
writing manifest file 'aruco_broadcaster.egg-info/SOURCES.txt'
[ 16%] Built target ament_cmake_python_build_aruco_broadcaster_egg
[ 19%] [34m[1mGenerating C type support dispatch for ROS interfaces[0m
[ 22%] [32mBuilding CXX object CMakeFiles/aruco_broadcaster__rosidl_typesupport_c.dir/rosidl_typesupport_c/aruco_broadcaster/srv/get_marker_tf__type_support.cpp.o[0m
[ 25%] [32m[1mLinking CXX shared library libaruco_broadcaster__rosidl_typesupport_c.so[0m
[ 25%] Built target aruco_broadcaster__rosidl_typesupport_c
[ 27%] [34m[1mGenerating C introspection for ROS interfaces[0m
[ 30%] [32mBuilding C object CMakeFiles/aruco_broadcaster__rosidl_typesupport_introspection_c.dir/rosidl_typesupport_introspection_c/aruco_broadcaster/srv/detail/get_marker_tf__type_support.c.o[0m
[ 33%] [32m[1mLinking C shared library libaruco_broadcaster__rosidl_typesupport_introspection_c.so[0m
[ 33%] Built target aruco_broadcaster__rosidl_typesupport_introspection_c
[ 36%] [34m[1mGenerating C type support for eProsima Fast-RTPS[0m
[ 38%] [32mBuilding CXX object CMakeFiles/aruco_broadcaster__rosidl_typesupport_fastrtps_c.dir/rosidl_typesupport_fastrtps_c/aruco_broadcaster/srv/detail/get_marker_tf__type_support_c.cpp.o[0m
[ 41%] [32m[1mLinking CXX shared library libaruco_broadcaster__rosidl_typesupport_fastrtps_c.so[0m
[ 41%] Built target aruco_broadcaster__rosidl_typesupport_fastrtps_c
[ 44%] [34m[1mGenerating C++ code for ROS interfaces[0m
[ 44%] Built target aruco_broadcaster__cpp
[ 47%] [34m[1mGenerating C++ type support dispatch for ROS interfaces[0m
[ 50%] [32mBuilding CXX object CMakeFiles/aruco_broadcaster__rosidl_typesupport_cpp.dir/rosidl_typesupport_cpp/aruco_broadcaster/srv/get_marker_tf__type_support.cpp.o[0m
[ 52%] [32m[1mLinking CXX shared library libaruco_broadcaster__rosidl_typesupport_cpp.so[0m
[ 52%] Built target aruco_broadcaster__rosidl_typesupport_cpp
[ 55%] [34m[1mGenerating C++ introspection for ROS interfaces[0m
[ 58%] [32mBuilding CXX object CMakeFiles/aruco_broadcaster__rosidl_typesupport_introspection_cpp.dir/rosidl_typesupport_introspection_cpp/aruco_broadcaster/srv/detail/get_marker_tf__type_support.cpp.o[0m
[ 61%] [32m[1mLinking CXX shared library libaruco_broadcaster__rosidl_typesupport_introspection_cpp.so[0m
[ 61%] Built target aruco_broadcaster__rosidl_typesupport_introspection_cpp
[ 63%] [32mBuilding CXX object CMakeFiles/aruco_broadcaster_node.dir/src/aruco_broadcaster.cpp.o[0m
[ 66%] [32m[1mLinking CXX executable aruco_broadcaster_node[0m
[ 66%] Built target aruco_broadcaster_node
[ 69%] [34m[1mGenerating C++ type support for eProsima Fast-RTPS[0m
[ 72%] [32mBuilding CXX object CMakeFiles/aruco_broadcaster__rosidl_typesupport_fastrtps_cpp.dir/rosidl_typesupport_fastrtps_cpp/aruco_broadcaster/srv/detail/dds_fastrtps/get_marker_tf__type_support.cpp.o[0m
[ 75%] [32m[1mLinking CXX shared library libaruco_broadcaster__rosidl_typesupport_fastrtps_cpp.so[0m
[ 75%] Built target aruco_broadcaster__rosidl_typesupport_fastrtps_cpp
[ 75%] Built target aruco_broadcaster
[ 77%] [34m[1mGenerating Python code for ROS interfaces[0m
[ 77%] Built target aruco_broadcaster__py
[ 80%] [32mBuilding C object CMakeFiles/aruco_broadcaster__rosidl_generator_py.dir/rosidl_generator_py/aruco_broadcaster/srv/_get_marker_tf_s.c.o[0m
[ 83%] [32m[1mLinking C shared library libaruco_broadcaster__rosidl_generator_py.so[0m
[ 83%] Built target aruco_broadcaster__rosidl_generator_py
[ 86%] [32mBuilding C object CMakeFiles/aruco_broadcaster_s__rosidl_typesupport_fastrtps_c.dir/rosidl_generator_py/aruco_broadcaster/_aruco_broadcaster_s.ep.rosidl_typesupport_fastrtps_c.c.o[0m
[ 88%] [32mBuilding C object CMakeFiles/aruco_broadcaster_s__rosidl_typesupport_introspection_c.dir/rosidl_generator_py/aruco_broadcaster/_aruco_broadcaster_s.ep.rosidl_typesupport_introspection_c.c.o[0m
[ 91%] [32m[1mLinking C shared module rosidl_generator_py/aruco_broadcaster/aruco_broadcaster_s__rosidl_typesupport_fastrtps_c.so[0m
[ 91%] Built target aruco_broadcaster_s__rosidl_typesupport_fastrtps_c
[ 94%] [32m[1mLinking C shared module rosidl_generator_py/aruco_broadcaster/aruco_broadcaster_s__rosidl_typesupport_introspection_c.so[0m
[ 94%] Built target aruco_broadcaster_s__rosidl_typesupport_introspection_c
[ 97%] [32mBuilding C object CMakeFiles/aruco_broadcaster_s__rosidl_typesupport_c.dir/rosidl_generator_py/aruco_broadcaster/_aruco_broadcaster_s.ep.rosidl_typesupport_c.c.o[0m
[100%] [32m[1mLinking C shared module rosidl_generator_py/aruco_broadcaster/aruco_broadcaster_s__rosidl_typesupport_c.so[0m
[100%] Built target aruco_broadcaster_s__rosidl_typesupport_c
-- Install configuration: ""
-- Installing: /home/omid/data/colcon_ws1FW/src/final_work/src/install/aruco_broadcaster/share/ament_index/resource_index/rosidl_interfaces/aruco_broadcaster
-- Installing: /home/omid/data/colcon_ws1FW/src/final_work/src/install/aruco_broadcaster/share/aruco_broadcaster/srv/GetMarkerTf.json
-- Installing: /home/omid/data/colcon_ws1FW/src/final_work/src/install/aruco_broadcaster/include/aruco_broadcaster/aruco_broadcaster
-- Installing: /home/omid/data/colcon_ws1FW/src/final_work/src/install/aruco_broadcaster/include/aruco_broadcaster/aruco_broadcaster/srv
-- Installing: /home/omid/data/colcon_ws1FW/src/final_work/src/install/aruco_broadcaster/include/aruco_broadcaster/aruco_broadcaster/srv/get_marker_tf.h
-- Installing: /home/omid/data/colcon_ws1FW/src/final_work/src/install/aruco_broadcaster/include/aruco_broadcaster/aruco_broadcaster/srv/detail
-- Installing: /home/omid/data/colcon_ws1FW/src/final_work/src/install/aruco_broadcaster/include/aruco_broadcaster/aruco_broadcaster/srv/detail/get_marker_tf__type_support.h
-- Installing: /home/omid/data/colcon_ws1FW/src/final_work/src/install/aruco_broadcaster/include/aruco_broadcaster/aruco_broadcaster/srv/detail/get_marker_tf__functions.h
-- Installing: /home/omid/data/colcon_ws1FW/src/final_work/src/install/aruco_broadcaster/include/aruco_broadcaster/aruco_broadcaster/srv/detail/get_marker_tf__description.c
-- Installing: /home/omid/data/colcon_ws1FW/src/final_work/src/install/aruco_broadcaster/include/aruco_broadcaster/aruco_broadcaster/srv/detail/get_marker_tf__functions.c
-- Installing: /home/omid/data/colcon_ws1FW/src/final_work/src/install/aruco_broadcaster/include/aruco_broadcaster/aruco_broadcaster/srv/detail/get_marker_tf__type_support.c
-- Installing: /home/omid/data/colcon_ws1FW/src/final_work/src/install/aruco_broadcaster/include/aruco_broadcaster/aruco_broadcaster/srv/detail/get_marker_tf__struct.h
-- Installing: /home/omid/data/colcon_ws1FW/src/final_work/src/install/aruco_broadcaster/include/aruco_broadcaster/aruco_broadcaster/msg
-- Installing: /home/omid/data/colcon_ws1FW/src/final_work/src/install/aruco_broadcaster/include/aruco_broadcaster/aruco_broadcaster/msg/rosidl_generator_c__visibility_control.h
-- Installing: /home/omid/data/colcon_ws1FW/src/final_work/src/install/aruco_broadcaster/share/aruco_broadcaster/environment/library_path.sh
-- Installing: /home/omid/data/colcon_ws1FW/src/final_work/src/install/aruco_broadcaster/share/aruco_broadcaster/environment/library_path.dsv
-- Installing: /home/omid/data/colcon_ws1FW/src/final_work/src/install/aruco_broadcaster/lib/libaruco_broadcaster__rosidl_generator_c.so
-- Set non-toolchain portion of runtime path of "/home/omid/data/colcon_ws1FW/src/final_work/src/install/aruco_broadcaster/lib/libaruco_broadcaster__rosidl_generator_c.so" to ""
-- Up-to-date: /home/omid/data/colcon_ws1FW/src/final_work/src/install/aruco_broadcaster/include/aruco_broadcaster/aruco_broadcaster
-- Up-to-date: /home/omid/data/colcon_ws1FW/src/final_work/src/install/aruco_broadcaster/include/aruco_broadcaster/aruco_broadcaster/srv
-- Up-to-date: /home/omid/data/colcon_ws1FW/src/final_work/src/install/aruco_broadcaster/include/aruco_broadcaster/aruco_broadcaster/srv/detail
-- Installing: /home/omid/data/colcon_ws1FW/src/final_work/src/install/aruco_broadcaster/include/aruco_broadcaster/aruco_broadcaster/srv/detail/get_marker_tf__rosidl_typesupport_fastrtps_c.h
-- Up-to-date: /home/omid/data/colcon_ws1FW/src/final_work/src/install/aruco_broadcaster/include/aruco_broadcaster/aruco_broadcaster/msg
-- Installing: /home/omid/data/colcon_ws1FW/src/final_work/src/install/aruco_broadcaster/include/aruco_broadcaster/aruco_broadcaster/msg/rosidl_typesupport_fastrtps_c__visibility_control.h
-- Installing: /home/omid/data/colcon_ws1FW/src/final_work/src/install/aruco_broadcaster/lib/libaruco_broadcaster__rosidl_typesupport_fastrtps_c.so
-- Set non-toolchain portion of runtime path of "/home/omid/data/colcon_ws1FW/src/final_work/src/install/aruco_broadcaster/lib/libaruco_broadcaster__rosidl_typesupport_fastrtps_c.so" to ""
-- Up-to-date: /home/omid/data/colcon_ws1FW/src/final_work/src/install/aruco_broadcaster/include/aruco_broadcaster/aruco_broadcaster
-- Up-to-date: /home/omid/data/colcon_ws1FW/src/final_work/src/install/aruco_broadcaster/include/aruco_broadcaster/aruco_broadcaster/srv
-- Up-to-date: /home/omid/data/colcon_ws1FW/src/final_work/src/install/aruco_broadcaster/include/aruco_broadcaster/aruco_broadcaster/srv/detail
-- Installing: /home/omid/data/colcon_ws1FW/src/final_work/src/install/aruco_broadcaster/include/aruco_broadcaster/aruco_broadcaster/srv/detail/get_marker_tf__rosidl_typesupport_introspection_c.h
-- Installing: /home/omid/data/colcon_ws1FW/src/final_work/src/install/aruco_broadcaster/include/aruco_broadcaster/aruco_broadcaster/srv/detail/get_marker_tf__type_support.c
-- Up-to-date: /home/omid/data/colcon_ws1FW/src/final_work/src/install/aruco_broadcaster/include/aruco_broadcaster/aruco_broadcaster/msg
-- Installing: /home/omid/data/colcon_ws1FW/src/final_work/src/install/aruco_broadcaster/include/aruco_broadcaster/aruco_broadcaster/msg/rosidl_typesupport_introspection_c__visibility_control.h
-- Installing: /home/omid/data/colcon_ws1FW/src/final_work/src/install/aruco_broadcaster/lib/libaruco_broadcaster__rosidl_typesupport_introspection_c.so
-- Set non-toolchain portion of runtime path of "/home/omid/data/colcon_ws1FW/src/final_work/src/install/aruco_broadcaster/lib/libaruco_broadcaster__rosidl_typesupport_introspection_c.so" to ""
-- Installing: /home/omid/data/colcon_ws1FW/src/final_work/src/install/aruco_broadcaster/lib/libaruco_broadcaster__rosidl_typesupport_c.so
-- Set non-toolchain portion of runtime path of "/home/omid/data/colcon_ws1FW/src/final_work/src/install/aruco_broadcaster/lib/libaruco_broadcaster__rosidl_typesupport_c.so" to ""
-- Up-to-date: /home/omid/data/colcon_ws1FW/src/final_work/src/install/aruco_broadcaster/include/aruco_broadcaster/aruco_broadcaster
-- Up-to-date: /home/omid/data/colcon_ws1FW/src/final_work/src/install/aruco_broadcaster/include/aruco_broadcaster/aruco_broadcaster/srv
-- Installing: /home/omid/data/colcon_ws1FW/src/final_work/src/install/aruco_broadcaster/include/aruco_broadcaster/aruco_broadcaster/srv/get_marker_tf.hpp
-- Up-to-date: /home/omid/data/colcon_ws1FW/src/final_work/src/install/aruco_broadcaster/include/aruco_broadcaster/aruco_broadcaster/srv/detail
-- Installing: /home/omid/data/colcon_ws1FW/src/final_work/src/install/aruco_broadcaster/include/aruco_broadcaster/aruco_broadcaster/srv/detail/get_marker_tf__type_support.hpp
-- Installing: /home/omid/data/colcon_ws1FW/src/final_work/src/install/aruco_broadcaster/include/aruco_broadcaster/aruco_broadcaster/srv/detail/get_marker_tf__struct.hpp
-- Installing: /home/omid/data/colcon_ws1FW/src/final_work/src/install/aruco_broadcaster/include/aruco_broadcaster/aruco_broadcaster/srv/detail/get_marker_tf__builder.hpp
-- Installing: /home/omid/data/colcon_ws1FW/src/final_work/src/install/aruco_broadcaster/include/aruco_broadcaster/aruco_broadcaster/srv/detail/get_marker_tf__traits.hpp
-- Up-to-date: /home/omid/data/colcon_ws1FW/src/final_work/src/install/aruco_broadcaster/include/aruco_broadcaster/aruco_broadcaster/msg
-- Installing: /home/omid/data/colcon_ws1FW/src/final_work/src/install/aruco_broadcaster/include/aruco_broadcaster/aruco_broadcaster/msg/rosidl_generator_cpp__visibility_control.hpp
-- Up-to-date: /home/omid/data/colcon_ws1FW/src/final_work/src/install/aruco_broadcaster/include/aruco_broadcaster/aruco_broadcaster
-- Up-to-date: /home/omid/data/colcon_ws1FW/src/final_work/src/install/aruco_broadcaster/include/aruco_broadcaster/aruco_broadcaster/srv
-- Up-to-date: /home/omid/data/colcon_ws1FW/src/final_work/src/install/aruco_broadcaster/include/aruco_broadcaster/aruco_broadcaster/srv/detail
-- Installing: /home/omid/data/colcon_ws1FW/src/final_work/src/install/aruco_broadcaster/include/aruco_broadcaster/aruco_broadcaster/srv/detail/dds_fastrtps
-- Installing: /home/omid/data/colcon_ws1FW/src/final_work/src/install/aruco_broadcaster/include/aruco_broadcaster/aruco_broadcaster/srv/detail/get_marker_tf__rosidl_typesupport_fastrtps_cpp.hpp
-- Up-to-date: /home/omid/data/colcon_ws1FW/src/final_work/src/install/aruco_broadcaster/include/aruco_broadcaster/aruco_broadcaster/msg
-- Installing: /home/omid/data/colcon_ws1FW/src/final_work/src/install/aruco_broadcaster/include/aruco_broadcaster/aruco_broadcaster/msg/rosidl_typesupport_fastrtps_cpp__visibility_control.h
-- Installing: /home/omid/data/colcon_ws1FW/src/final_work/src/install/aruco_broadcaster/lib/libaruco_broadcaster__rosidl_typesupport_fastrtps_cpp.so
-- Set non-toolchain portion of runtime path of "/home/omid/data/colcon_ws1FW/src/final_work/src/install/aruco_broadcaster/lib/libaruco_broadcaster__rosidl_typesupport_fastrtps_cpp.so" to ""
-- Up-to-date: /home/omid/data/colcon_ws1FW/src/final_work/src/install/aruco_broadcaster/include/aruco_broadcaster/aruco_broadcaster
-- Up-to-date: /home/omid/data/colcon_ws1FW/src/final_work/src/install/aruco_broadcaster/include/aruco_broadcaster/aruco_broadcaster/srv
-- Up-to-date: /home/omid/data/colcon_ws1FW/src/final_work/src/install/aruco_broadcaster/include/aruco_broadcaster/aruco_broadcaster/srv/detail
-- Installing: /home/omid/data/colcon_ws1FW/src/final_work/src/install/aruco_broadcaster/include/aruco_broadcaster/aruco_broadcaster/srv/detail/get_marker_tf__type_support.cpp
-- Installing: /home/omid/data/colcon_ws1FW/src/final_work/src/install/aruco_broadcaster/include/aruco_broadcaster/aruco_broadcaster/srv/detail/get_marker_tf__rosidl_typesupport_introspection_cpp.hpp
-- Installing: /home/omid/data/colcon_ws1FW/src/final_work/src/install/aruco_broadcaster/lib/libaruco_broadcaster__rosidl_typesupport_introspection_cpp.so
-- Set non-toolchain portion of runtime path of "/home/omid/data/colcon_ws1FW/src/final_work/src/install/aruco_broadcaster/lib/libaruco_broadcaster__rosidl_typesupport_introspection_cpp.so" to ""
-- Installing: /home/omid/data/colcon_ws1FW/src/final_work/src/install/aruco_broadcaster/lib/libaruco_broadcaster__rosidl_typesupport_cpp.so
-- Set non-toolchain portion of runtime path of "/home/omid/data/colcon_ws1FW/src/final_work/src/install/aruco_broadcaster/lib/libaruco_broadcaster__rosidl_typesupport_cpp.so" to ""
-- Installing: /home/omid/data/colcon_ws1FW/src/final_work/src/install/aruco_broadcaster/share/aruco_broadcaster/environment/pythonpath.sh
-- Installing: /home/omid/data/colcon_ws1FW/src/final_work/src/install/aruco_broadcaster/share/aruco_broadcaster/environment/pythonpath.dsv
-- Installing: /home/omid/data/colcon_ws1FW/src/final_work/src/install/aruco_broadcaster/lib/python3.12/site-packages/aruco_broadcaster-0.0.0-py3.12.egg-info
-- Installing: /home/omid/data/colcon_ws1FW/src/final_work/src/install/aruco_broadcaster/lib/python3.12/site-packages/aruco_broadcaster-0.0.0-py3.12.egg-info/SOURCES.txt
-- Installing: /home/omid/data/colcon_ws1FW/src/final_work/src/install/aruco_broadcaster/lib/python3.12/site-packages/aruco_broadcaster-0.0.0-py3.12.egg-info/PKG-INFO
-- Installing: /home/omid/data/colcon_ws1FW/src/final_work/src/install/aruco_broadcaster/lib/python3.12/site-packages/aruco_broadcaster-0.0.0-py3.12.egg-info/top_level.txt
-- Installing: /home/omid/data/colcon_ws1FW/src/final_work/src/install/aruco_broadcaster/lib/python3.12/site-packages/aruco_broadcaster-0.0.0-py3.12.egg-info/dependency_links.txt
-- Installing: /home/omid/data/colcon_ws1FW/src/final_work/src/install/aruco_broadcaster/lib/python3.12/site-packages/aruco_broadcaster
-- Installing: /home/omid/data/colcon_ws1FW/src/final_work/src/install/aruco_broadcaster/lib/python3.12/site-packages/aruco_broadcaster/srv
-- Installing: /home/omid/data/colcon_ws1FW/src/final_work/src/install/aruco_broadcaster/lib/python3.12/site-packages/aruco_broadcaster/srv/_get_marker_tf_s.c
-- Installing: /home/omid/data/colcon_ws1FW/src/final_work/src/install/aruco_broadcaster/lib/python3.12/site-packages/aruco_broadcaster/srv/_get_marker_tf.py
-- Installing: /home/omid/data/colcon_ws1FW/src/final_work/src/install/aruco_broadcaster/lib/python3.12/site-packages/aruco_broadcaster/srv/__init__.py
-- Installing: /home/omid/data/colcon_ws1FW/src/final_work/src/install/aruco_broadcaster/lib/python3.12/site-packages/aruco_broadcaster/_aruco_broadcaster_s.ep.rosidl_typesupport_introspection_c.c
-- Installing: /home/omid/data/colcon_ws1FW/src/final_work/src/install/aruco_broadcaster/lib/python3.12/site-packages/aruco_broadcaster/aruco_broadcaster_s__rosidl_typesupport_fastrtps_c.so
-- Installing: /home/omid/data/colcon_ws1FW/src/final_work/src/install/aruco_broadcaster/lib/python3.12/site-packages/aruco_broadcaster/aruco_broadcaster_s__rosidl_typesupport_introspection_c.so
-- Installing: /home/omid/data/colcon_ws1FW/src/final_work/src/install/aruco_broadcaster/lib/python3.12/site-packages/aruco_broadcaster/_aruco_broadcaster_s.ep.rosidl_typesupport_c.c
-- Installing: /home/omid/data/colcon_ws1FW/src/final_work/src/install/aruco_broadcaster/lib/python3.12/site-packages/aruco_broadcaster/aruco_broadcaster_s__rosidl_typesupport_c.so
-- Installing: /home/omid/data/colcon_ws1FW/src/final_work/src/install/aruco_broadcaster/lib/python3.12/site-packages/aruco_broadcaster/__init__.py
-- Installing: /home/omid/data/colcon_ws1FW/src/final_work/src/install/aruco_broadcaster/lib/python3.12/site-packages/aruco_broadcaster/_aruco_broadcaster_s.ep.rosidl_typesupport_fastrtps_c.c
Listing '/home/omid/data/colcon_ws1FW/src/final_work/src/install/aruco_broadcaster/lib/python3.12/site-packages/aruco_broadcaster'...
Compiling '/home/omid/data/colcon_ws1FW/src/final_work/src/install/aruco_broadcaster/lib/python3.12/site-packages/aruco_broadcaster/__init__.py'...
Listing '/home/omid/data/colcon_ws1FW/src/final_work/src/install/aruco_broadcaster/lib/python3.12/site-packages/aruco_broadcaster/srv'...
Compiling '/home/omid/data/colcon_ws1FW/src/final_work/src/install/aruco_broadcaster/lib/python3.12/site-packages/aruco_broadcaster/srv/__init__.py'...
Compiling '/home/omid/data/colcon_ws1FW/src/final_work/src/install/aruco_broadcaster/lib/python3.12/site-packages/aruco_broadcaster/srv/_get_marker_tf.py'...
-- Installing: /home/omid/data/colcon_ws1FW/src/final_work/src/install/aruco_broadcaster/lib/python3.12/site-packages/aruco_broadcaster/aruco_broadcaster_s__rosidl_typesupport_fastrtps_c.so
-- Set non-toolchain portion of runtime path of "/home/omid/data/colcon_ws1FW/src/final_work/src/install/aruco_broadcaster/lib/python3.12/site-packages/aruco_broadcaster/aruco_broadcaster_s__rosidl_typesupport_fastrtps_c.so" to ""
-- Installing: /home/omid/data/colcon_ws1FW/src/final_work/src/install/aruco_broadcaster/lib/python3.12/site-packages/aruco_broadcaster/aruco_broadcaster_s__rosidl_typesupport_introspection_c.so
-- Set non-toolchain portion of runtime path of "/home/omid/data/colcon_ws1FW/src/final_work/src/install/aruco_broadcaster/lib/python3.12/site-packages/aruco_broadcaster/aruco_broadcaster_s__rosidl_typesupport_introspection_c.so" to ""
-- Installing: /home/omid/data/colcon_ws1FW/src/final_work/src/install/aruco_broadcaster/lib/python3.12/site-packages/aruco_broadcaster/aruco_broadcaster_s__rosidl_typesupport_c.so
-- Set non-toolchain portion of runtime path of "/home/omid/data/colcon_ws1FW/src/final_work/src/install/aruco_broadcaster/lib/python3.12/site-packages/aruco_broadcaster/aruco_broadcaster_s__rosidl_typesupport_c.so" to ""
-- Installing: /home/omid/data/colcon_ws1FW/src/final_work/src/install/aruco_broadcaster/lib/libaruco_broadcaster__rosidl_generator_py.so
-- Set non-toolchain portion of runtime path of "/home/omid/data/colcon_ws1FW/src/final_work/src/install/aruco_broadcaster/lib/libaruco_broadcaster__rosidl_generator_py.so" to ""
-- Installing: /home/omid/data/colcon_ws1FW/src/final_work/src/install/aruco_broadcaster/share/aruco_broadcaster/srv/GetMarkerTf.idl
-- Installing: /home/omid/data/colcon_ws1FW/src/final_work/src/install/aruco_broadcaster/share/aruco_broadcaster/srv/GetMarkerTf.srv
-- Installing: /home/omid/data/colcon_ws1FW/src/final_work/src/install/aruco_broadcaster/lib/aruco_broadcaster/aruco_broadcaster_node
-- Set non-toolchain portion of runtime path of "/home/omid/data/colcon_ws1FW/src/final_work/src/install/aruco_broadcaster/lib/aruco_broadcaster/aruco_broadcaster_node" to ""
-- Installing: /home/omid/data/colcon_ws1FW/src/final_work/src/install/aruco_broadcaster/share/aruco_broadcaster/launch
-- Installing: /home/omid/data/colcon_ws1FW/src/final_work/src/install/aruco_broadcaster/share/aruco_broadcaster/launch/aruco_pl2.launch.py
-- Installing: /home/omid/data/colcon_ws1FW/src/final_work/src/install/aruco_broadcaster/share/aruco_broadcaster/launch/aruco_broadcaster.launch.py
-- Installing: /home/omid/data/colcon_ws1FW/src/final_work/src/install/aruco_broadcaster/share/aruco_broadcaster/config
-- Installing: /home/omid/data/colcon_ws1FW/src/final_work/src/install/aruco_broadcaster/share/aruco_broadcaster/config/pl2esaii.yaml
-- Installing: /home/omid/data/colcon_ws1FW/src/final_work/src/install/aruco_broadcaster/share/aruco_broadcaster/config/tablesetup-ioc-aruco.yaml
-- Installing: /home/omid/data/colcon_ws1FW/src/final_work/src/install/aruco_broadcaster/share/aruco_broadcaster/config/tablesetup-pl2esaii_sim.yaml
-- Installing: /home/omid/data/colcon_ws1FW/src/final_work/src/install/aruco_broadcaster/share/aruco_broadcaster/config/aruco_mapping.rviz
-- Installing: /home/omid/data/colcon_ws1FW/src/final_work/src/install/aruco_broadcaster/share/aruco_broadcaster/config/tablesetup-ioc-calib.yaml
-- Installing: /home/omid/data/colcon_ws1FW/src/final_work/src/install/aruco_broadcaster/share/aruco_broadcaster/config/tablesetup-pl2esaii.yaml
-- Installing: /home/omid/data/colcon_ws1FW/src/final_work/src/install/aruco_broadcaster/share/ament_index/resource_index/package_run_dependencies/aruco_broadcaster
-- Installing: /home/omid/data/colcon_ws1FW/src/final_work/src/install/aruco_broadcaster/share/ament_index/resource_index/parent_prefix_path/aruco_broadcaster
-- Installing: /home/omid/data/colcon_ws1FW/src/final_work/src/install/aruco_broadcaster/share/aruco_broadcaster/environment/ament_prefix_path.sh
-- Installing: /home/omid/data/colcon_ws1FW/src/final_work/src/install/aruco_broadcaster/share/aruco_broadcaster/environment/ament_prefix_path.dsv
-- Installing: /home/omid/data/colcon_ws1FW/src/final_work/src/install/aruco_broadcaster/share/aruco_broadcaster/environment/path.sh
-- Installing: /home/omid/data/colcon_ws1FW/src/final_work/src/install/aruco_broadcaster/share/aruco_broadcaster/environment/path.dsv
-- Installing: /home/omid/data/colcon_ws1FW/src/final_work/src/install/aruco_broadcaster/share/aruco_broadcaster/local_setup.bash
-- Installing: /home/omid/data/colcon_ws1FW/src/final_work/src/install/aruco_broadcaster/share/aruco_broadcaster/local_setup.sh
-- Installing: /home/omid/data/colcon_ws1FW/src/final_work/src/install/aruco_broadcaster/share/aruco_broadcaster/local_setup.zsh
-- Installing: /home/omid/data/colcon_ws1FW/src/final_work/src/install/aruco_broadcaster/share/aruco_broadcaster/local_setup.dsv
-- Installing: /home/omid/data/colcon_ws1FW/src/final_work/src/install/aruco_broadcaster/share/aruco_broadcaster/package.dsv
-- Installing: /home/omid/data/colcon_ws1FW/src/final_work/src/install/aruco_broadcaster/share/ament_index/resource_index/packages/aruco_broadcaster
-- Installing: /home/omid/data/colcon_ws1FW/src/final_work/src/install/aruco_broadcaster/share/aruco_broadcaster/cmake/export_aruco_broadcaster__rosidl_generator_cExport.cmake
-- Installing: /home/omid/data/colcon_ws1FW/src/final_work/src/install/aruco_broadcaster/share/aruco_broadcaster/cmake/export_aruco_broadcaster__rosidl_generator_cExport-noconfig.cmake
-- Installing: /home/omid/data/colcon_ws1FW/src/final_work/src/install/aruco_broadcaster/share/aruco_broadcaster/cmake/export_aruco_broadcaster__rosidl_typesupport_fastrtps_cExport.cmake
-- Installing: /home/omid/data/colcon_ws1FW/src/final_work/src/install/aruco_broadcaster/share/aruco_broadcaster/cmake/export_aruco_broadcaster__rosidl_typesupport_fastrtps_cExport-noconfig.cmake
-- Installing: /home/omid/data/colcon_ws1FW/src/final_work/src/install/aruco_broadcaster/share/aruco_broadcaster/cmake/aruco_broadcaster__rosidl_typesupport_introspection_cExport.cmake
-- Installing: /home/omid/data/colcon_ws1FW/src/final_work/src/install/aruco_broadcaster/share/aruco_broadcaster/cmake/aruco_broadcaster__rosidl_typesupport_introspection_cExport-noconfig.cmake
-- Installing: /home/omid/data/colcon_ws1FW/src/final_work/src/install/aruco_broadcaster/share/aruco_broadcaster/cmake/aruco_broadcaster__rosidl_typesupport_cExport.cmake
-- Installing: /home/omid/data/colcon_ws1FW/src/final_work/src/install/aruco_broadcaster/share/aruco_broadcaster/cmake/aruco_broadcaster__rosidl_typesupport_cExport-noconfig.cmake
-- Installing: /home/omid/data/colcon_ws1FW/src/final_work/src/install/aruco_broadcaster/share/aruco_broadcaster/cmake/export_aruco_broadcaster__rosidl_generator_cppExport.cmake
-- Installing: /home/omid/data/colcon_ws1FW/src/final_work/src/install/aruco_broadcaster/share/aruco_broadcaster/cmake/export_aruco_broadcaster__rosidl_typesupport_fastrtps_cppExport.cmake
-- Installing: /home/omid/data/colcon_ws1FW/src/final_work/src/install/aruco_broadcaster/share/aruco_broadcaster/cmake/export_aruco_broadcaster__rosidl_typesupport_fastrtps_cppExport-noconfig.cmake
-- Installing: /home/omid/data/colcon_ws1FW/src/final_work/src/install/aruco_broadcaster/share/aruco_broadcaster/cmake/aruco_broadcaster__rosidl_typesupport_introspection_cppExport.cmake
-- Installing: /home/omid/data/colcon_ws1FW/src/final_work/src/install/aruco_broadcaster/share/aruco_broadcaster/cmake/aruco_broadcaster__rosidl_typesupport_introspection_cppExport-noconfig.cmake
-- Installing: /home/omid/data/colcon_ws1FW/src/final_work/src/install/aruco_broadcaster/share/aruco_broadcaster/cmake/aruco_broadcaster__rosidl_typesupport_cppExport.cmake
-- Installing: /home/omid/data/colcon_ws1FW/src/final_work/src/install/aruco_broadcaster/share/aruco_broadcaster/cmake/aruco_broadcaster__rosidl_typesupport_cppExport-noconfig.cmake
-- Installing: /home/omid/data/colcon_ws1FW/src/final_work/src/install/aruco_broadcaster/share/aruco_broadcaster/cmake/export_aruco_broadcaster__rosidl_generator_pyExport.cmake
-- Installing: /home/omid/data/colcon_ws1FW/src/final_work/src/install/aruco_broadcaster/share/aruco_broadcaster/cmake/export_aruco_broadcaster__rosidl_generator_pyExport-noconfig.cmake
-- Installing: /home/omid/data/colcon_ws1FW/src/final_work/src/install/aruco_broadcaster/share/aruco_broadcaster/cmake/rosidl_cmake-extras.cmake
-- Installing: /home/omid/data/colcon_ws1FW/src/final_work/src/install/aruco_broadcaster/share/aruco_broadcaster/cmake/ament_cmake_export_dependencies-extras.cmake
-- Installing: /home/omid/data/colcon_ws1FW/src/final_work/src/install/aruco_broadcaster/share/aruco_broadcaster/cmake/ament_cmake_export_include_directories-extras.cmake
-- Installing: /home/omid/data/colcon_ws1FW/src/final_work/src/install/aruco_broadcaster/share/aruco_broadcaster/cmake/ament_cmake_export_libraries-extras.cmake
-- Installing: /home/omid/data/colcon_ws1FW/src/final_work/src/install/aruco_broadcaster/share/aruco_broadcaster/cmake/ament_cmake_export_targets-extras.cmake
-- Installing: /home/omid/data/colcon_ws1FW/src/final_work/src/install/aruco_broadcaster/share/aruco_broadcaster/cmake/rosidl_cmake_export_typesupport_targets-extras.cmake
-- Installing: /home/omid/data/colcon_ws1FW/src/final_work/src/install/aruco_broadcaster/share/aruco_broadcaster/cmake/rosidl_cmake_export_typesupport_libraries-extras.cmake
-- Installing: /home/omid/data/colcon_ws1FW/src/final_work/src/install/aruco_broadcaster/share/aruco_broadcaster/cmake/aruco_broadcasterConfig.cmake
-- Installing: /home/omid/data/colcon_ws1FW/src/final_work/src/install/aruco_broadcaster/share/aruco_broadcaster/cmake/aruco_broadcasterConfig-version.cmake
-- Installing: /home/omid/data/colcon_ws1FW/src/final_work/src/install/aruco_broadcaster/share/aruco_broadcaster/package.xml
