[0.108s] Invoking command in '/home/omid/data/colcon_ws1FW/src/final_work/src/build/aruco_broadcaster': AMENT_PREFIX_PATH=/home/omid/data/colcon_ws1FW/src/final_work/src/install/aruco_msgs:${AMENT_PREFIX_PATH} CMAKE_PREFIX_PATH=/home/omid/data/colcon_ws1FW/src/final_work/src/install/aruco_msgs:/opt/ros/jazzy/opt/gz_sim_vendor:/opt/ros/jazzy/opt/gz_sensors_vendor:/opt/ros/jazzy/opt/gz_physics_vendor:/opt/ros/jazzy/opt/sdformat_vendor:/opt/ros/jazzy/opt/gz_gui_vendor:/opt/ros/jazzy/opt/gz_transport_vendor:/opt/ros/jazzy/opt/gz_rendering_vendor:/opt/ros/jazzy/opt/gz_plugin_vendor:/opt/ros/jazzy/opt/gz_fuel_tools_vendor:/opt/ros/jazzy/opt/gz_msgs_vendor:/opt/ros/jazzy/opt/gz_common_vendor:/opt/ros/jazzy/opt/gz_math_vendor:/opt/ros/jazzy/opt/gz_utils_vendor:/opt/ros/jazzy/opt/gz_tools_vendor:/opt/ros/jazzy/opt/gz_ogre_next_vendor:/opt/ros/jazzy/opt/gz_dartsim_vendor:/opt/ros/jazzy/opt/gz_cmake_vendor:/opt/ros/jazzy DEBUGINFOD_URLS=https://debuginfod.ubuntu.com LD_LIBRARY_PATH=/home/omid/data/colcon_ws1FW/src/final_work/src/install/aruco_msgs/lib:${LD_LIBRARY_PATH} PYTHONPATH=/home/omid/data/colcon_ws1FW/src/final_work/src/install/aruco_msgs/lib/python3.12/site-packages:${PYTHONPATH} /usr/bin/cmake /home/omid/data/colcon_ws1FW/src/final_work/src/aruco_broadcaster -DCMAKE_INSTALL_PREFIX=/home/omid/data/colcon_ws1FW/src/final_work/src/install/aruco_broadcaster
[0.294s] -- The C compiler identification is GNU 13.3.0
[0.474s] -- The CXX compiler identification is GNU 13.3.0
[0.527s] -- Detecting C compiler ABI info
[0.792s] -- Detecting C compiler ABI info - done
[0.829s] -- Check for working C compiler: /usr/bin/cc - skipped
[0.830s] -- Detecting C compile features
[0.833s] -- Detecting C compile features - done
[0.862s] -- Detecting CXX compiler ABI info
[1.168s] -- Detecting CXX compiler ABI info - done
[1.206s] -- Check for working CXX compiler: /usr/bin/c++ - skipped
[1.209s] -- Detecting CXX compile features
[1.209s] -- Detecting CXX compile features - done
[1.223s] -- Found ament_cmake: 2.5.4 (/opt/ros/jazzy/share/ament_cmake/cmake)
[1.684s] -- Found Python3: /usr/bin/python3 (found version "3.12.3") found components: Interpreter 
[2.110s] -- Found rosidl_default_generators: 1.6.0 (/opt/ros/jazzy/share/rosidl_default_generators/cmake)
[2.141s] -- Using all available rosidl_typesupport_c: rosidl_typesupport_fastrtps_c;rosidl_typesupport_introspection_c
[2.327s] -- Using all available rosidl_typesupport_cpp: rosidl_typesupport_fastrtps_cpp;rosidl_typesupport_introspection_cpp
[2.495s] -- Found rosidl_adapter: 4.6.6 (/opt/ros/jazzy/share/rosidl_adapter/cmake)
[2.512s] -- Found rclcpp: 28.1.13 (/opt/ros/jazzy/share/rclcpp/cmake)
[2.863s] -- Found rmw_implementation_cmake: 7.3.2 (/opt/ros/jazzy/share/rmw_implementation_cmake/cmake)
[2.880s] -- Found rmw_fastrtps_cpp: 8.4.3 (/opt/ros/jazzy/share/rmw_fastrtps_cpp/cmake)
[3.177s] -- Found OpenSSL: /usr/lib/x86_64-linux-gnu/libcrypto.so (found version "3.0.13")  
[3.235s] -- Found FastRTPS: /opt/ros/jazzy/include (Required is at least version "2.13") 
[3.289s] -- Using RMW implementation 'rmw_fastrtps_cpp' as default
[3.570s] -- Found tf2: 0.36.16 (/opt/ros/jazzy/share/tf2/cmake)
[3.681s] -- Found tf2_ros: 0.36.16 (/opt/ros/jazzy/share/tf2_ros/cmake)
[4.118s] -- Found tf2_geometry_msgs: 0.36.16 (/opt/ros/jazzy/share/tf2_geometry_msgs/cmake)
[4.169s] -- Found eigen3_cmake_module: 0.3.0 (/opt/ros/jazzy/share/eigen3_cmake_module/cmake)
[4.173s] -- Found Eigen3: TRUE (found version "3.4.0") 
[4.174s] -- Ensuring Eigen3 include directory is part of orocos-kdl CMake target
[4.179s] -- Found aruco_msgs: 5.0.5 (/home/omid/data/colcon_ws1FW/src/final_work/src/install/aruco_msgs/share/aruco_msgs/cmake)
[6.586s] -- Found ament_cmake_ros: 0.12.0 (/opt/ros/jazzy/share/ament_cmake_ros/cmake)
[8.434s] -- Using all available rosidl_typesupport_c: rosidl_typesupport_fastrtps_c;rosidl_typesupport_introspection_c
[10.667s] -- Using all available rosidl_typesupport_cpp: rosidl_typesupport_fastrtps_cpp;rosidl_typesupport_introspection_cpp
[10.682s] -- Found python_cmake_module: 0.11.1 (/opt/ros/jazzy/share/python_cmake_module/cmake)
[11.149s] -- Found PythonExtra: /usr/bin/python3  
[12.413s] -- Found Python3: /usr/bin/python3 (found version "3.12.3") found components: Interpreter Development NumPy Development.Module Development.Embed 
[12.610s] -- Found ament_lint_auto: 0.17.3 (/opt/ros/jazzy/share/ament_lint_auto/cmake)
[12.707s] -- Added test 'cppcheck' to perform static code analysis on C / C++ code
[12.709s] -- Configured cppcheck include dirs: 
[12.709s] -- Configured cppcheck exclude dirs and/or files: 
[12.711s] -- Added test 'flake8' to check Python code syntax and style conventions
[12.711s] -- Configured 'flake8' exclude dirs and/or files: 
[12.713s] -- Added test 'lint_cmake' to check CMake code style
[12.715s] -- Added test 'pep257' to check Python code against some of the docstring style conventions in PEP 257
[12.718s] -- Added test 'uncrustify' to check C / C++ code style
[12.718s] -- Configured uncrustify additional arguments: 
[12.720s] -- Added test 'xmllint' to check XML markup files
[12.727s] -- Configuring done (12.6s)
[12.898s] -- Generating done (0.1s)
[12.956s] -- Build files have been written to: /home/omid/data/colcon_ws1FW/src/final_work/src/build/aruco_broadcaster
[12.997s] Invoked command in '/home/omid/data/colcon_ws1FW/src/final_work/src/build/aruco_broadcaster' returned '0': AMENT_PREFIX_PATH=/home/omid/data/colcon_ws1FW/src/final_work/src/install/aruco_msgs:${AMENT_PREFIX_PATH} CMAKE_PREFIX_PATH=/home/omid/data/colcon_ws1FW/src/final_work/src/install/aruco_msgs:/opt/ros/jazzy/opt/gz_sim_vendor:/opt/ros/jazzy/opt/gz_sensors_vendor:/opt/ros/jazzy/opt/gz_physics_vendor:/opt/ros/jazzy/opt/sdformat_vendor:/opt/ros/jazzy/opt/gz_gui_vendor:/opt/ros/jazzy/opt/gz_transport_vendor:/opt/ros/jazzy/opt/gz_rendering_vendor:/opt/ros/jazzy/opt/gz_plugin_vendor:/opt/ros/jazzy/opt/gz_fuel_tools_vendor:/opt/ros/jazzy/opt/gz_msgs_vendor:/opt/ros/jazzy/opt/gz_common_vendor:/opt/ros/jazzy/opt/gz_math_vendor:/opt/ros/jazzy/opt/gz_utils_vendor:/opt/ros/jazzy/opt/gz_tools_vendor:/opt/ros/jazzy/opt/gz_ogre_next_vendor:/opt/ros/jazzy/opt/gz_dartsim_vendor:/opt/ros/jazzy/opt/gz_cmake_vendor:/opt/ros/jazzy DEBUGINFOD_URLS=https://debuginfod.ubuntu.com LD_LIBRARY_PATH=/home/omid/data/colcon_ws1FW/src/final_work/src/install/aruco_msgs/lib:${LD_LIBRARY_PATH} PYTHONPATH=/home/omid/data/colcon_ws1FW/src/final_work/src/install/aruco_msgs/lib/python3.12/site-packages:${PYTHONPATH} /usr/bin/cmake /home/omid/data/colcon_ws1FW/src/final_work/src/aruco_broadcaster -DCMAKE_INSTALL_PREFIX=/home/omid/data/colcon_ws1FW/src/final_work/src/install/aruco_broadcaster
[13.001s] Invoking command in '/home/omid/data/colcon_ws1FW/src/final_work/src/build/aruco_broadcaster': AMENT_PREFIX_PATH=/home/omid/data/colcon_ws1FW/src/final_work/src/install/aruco_msgs:${AMENT_PREFIX_PATH} CMAKE_PREFIX_PATH=/home/omid/data/colcon_ws1FW/src/final_work/src/install/aruco_msgs:/opt/ros/jazzy/opt/gz_sim_vendor:/opt/ros/jazzy/opt/gz_sensors_vendor:/opt/ros/jazzy/opt/gz_physics_vendor:/opt/ros/jazzy/opt/sdformat_vendor:/opt/ros/jazzy/opt/gz_gui_vendor:/opt/ros/jazzy/opt/gz_transport_vendor:/opt/ros/jazzy/opt/gz_rendering_vendor:/opt/ros/jazzy/opt/gz_plugin_vendor:/opt/ros/jazzy/opt/gz_fuel_tools_vendor:/opt/ros/jazzy/opt/gz_msgs_vendor:/opt/ros/jazzy/opt/gz_common_vendor:/opt/ros/jazzy/opt/gz_math_vendor:/opt/ros/jazzy/opt/gz_utils_vendor:/opt/ros/jazzy/opt/gz_tools_vendor:/opt/ros/jazzy/opt/gz_ogre_next_vendor:/opt/ros/jazzy/opt/gz_dartsim_vendor:/opt/ros/jazzy/opt/gz_cmake_vendor:/opt/ros/jazzy DEBUGINFOD_URLS=https://debuginfod.ubuntu.com LD_LIBRARY_PATH=/home/omid/data/colcon_ws1FW/src/final_work/src/install/aruco_msgs/lib:${LD_LIBRARY_PATH} PYTHONPATH=/home/omid/data/colcon_ws1FW/src/final_work/src/install/aruco_msgs/lib/python3.12/site-packages:${PYTHONPATH} /usr/bin/cmake --build /home/omid/data/colcon_ws1FW/src/final_work/src/build/aruco_broadcaster -- -j8 -l8
[13.170s] [  2%] [34m[1mGenerating type hashes for ROS interfaces[0m
[13.915s] [  2%] Built target aruco_broadcaster__rosidl_generator_type_description
[14.001s] [  2%] Built target ament_cmake_python_copy_aruco_broadcaster
[14.024s] [  5%] [34m[1mGenerating C code for ROS interfaces[0m
[15.076s] [  8%] [32mBuilding C object CMakeFiles/aruco_broadcaster__rosidl_generator_c.dir/rosidl_generator_c/aruco_broadcaster/srv/detail/get_marker_tf__description.c.o[0m
[15.258s] [ 11%] [32mBuilding C object CMakeFiles/aruco_broadcaster__rosidl_generator_c.dir/rosidl_generator_c/aruco_broadcaster/srv/detail/get_marker_tf__type_support.c.o[0m
[15.391s] [ 13%] [32mBuilding C object CMakeFiles/aruco_broadcaster__rosidl_generator_c.dir/rosidl_generator_c/aruco_broadcaster/srv/detail/get_marker_tf__functions.c.o[0m
[15.660s] [ 16%] [32m[1mLinking C shared library libaruco_broadcaster__rosidl_generator_c.so[0m
[15.763s] [ 16%] Built target aruco_broadcaster__rosidl_generator_c
[16.363s] running egg_info
[16.366s] creating aruco_broadcaster.egg-info
[16.437s] writing aruco_broadcaster.egg-info/PKG-INFO
[16.437s] writing dependency_links to aruco_broadcaster.egg-info/dependency_links.txt
[16.438s] writing top-level names to aruco_broadcaster.egg-info/top_level.txt
[16.438s] writing manifest file 'aruco_broadcaster.egg-info/SOURCES.txt'
[16.624s] reading manifest file 'aruco_broadcaster.egg-info/SOURCES.txt'
[16.625s] writing manifest file 'aruco_broadcaster.egg-info/SOURCES.txt'
[16.708s] [ 16%] Built target ament_cmake_python_build_aruco_broadcaster_egg
[16.740s] [ 19%] [34m[1mGenerating C type support dispatch for ROS interfaces[0m
[17.446s] [ 22%] [32mBuilding CXX object CMakeFiles/aruco_broadcaster__rosidl_typesupport_c.dir/rosidl_typesupport_c/aruco_broadcaster/srv/get_marker_tf__type_support.cpp.o[0m
[17.547s] [ 25%] [32m[1mLinking CXX shared library libaruco_broadcaster__rosidl_typesupport_c.so[0m
[17.635s] [ 25%] Built target aruco_broadcaster__rosidl_typesupport_c
[17.658s] [ 27%] [34m[1mGenerating C introspection for ROS interfaces[0m
[18.490s] [ 30%] [32mBuilding C object CMakeFiles/aruco_broadcaster__rosidl_typesupport_introspection_c.dir/rosidl_typesupport_introspection_c/aruco_broadcaster/srv/detail/get_marker_tf__type_support.c.o[0m
[18.665s] [ 33%] [32m[1mLinking C shared library libaruco_broadcaster__rosidl_typesupport_introspection_c.so[0m
[18.764s] [ 33%] Built target aruco_broadcaster__rosidl_typesupport_introspection_c
[18.794s] [ 36%] [34m[1mGenerating C type support for eProsima Fast-RTPS[0m
[19.742s] [ 38%] [32mBuilding CXX object CMakeFiles/aruco_broadcaster__rosidl_typesupport_fastrtps_c.dir/rosidl_typesupport_fastrtps_c/aruco_broadcaster/srv/detail/get_marker_tf__type_support_c.cpp.o[0m
[21.424s] [ 41%] [32m[1mLinking CXX shared library libaruco_broadcaster__rosidl_typesupport_fastrtps_c.so[0m
[21.669s] [ 41%] Built target aruco_broadcaster__rosidl_typesupport_fastrtps_c
[21.740s] [ 44%] [34m[1mGenerating C++ code for ROS interfaces[0m
[22.963s] [ 44%] Built target aruco_broadcaster__cpp
[22.998s] [ 47%] [34m[1mGenerating C++ type support dispatch for ROS interfaces[0m
[23.897s] [ 50%] [32mBuilding CXX object CMakeFiles/aruco_broadcaster__rosidl_typesupport_cpp.dir/rosidl_typesupport_cpp/aruco_broadcaster/srv/get_marker_tf__type_support.cpp.o[0m
[25.347s] [ 52%] [32m[1mLinking CXX shared library libaruco_broadcaster__rosidl_typesupport_cpp.so[0m
[25.592s] [ 52%] Built target aruco_broadcaster__rosidl_typesupport_cpp
[25.631s] [ 55%] [34m[1mGenerating C++ introspection for ROS interfaces[0m
[26.517s] [ 58%] [32mBuilding CXX object CMakeFiles/aruco_broadcaster__rosidl_typesupport_introspection_cpp.dir/rosidl_typesupport_introspection_cpp/aruco_broadcaster/srv/detail/get_marker_tf__type_support.cpp.o[0m
[28.057s] [ 61%] [32m[1mLinking CXX shared library libaruco_broadcaster__rosidl_typesupport_introspection_cpp.so[0m
[28.309s] [ 61%] Built target aruco_broadcaster__rosidl_typesupport_introspection_cpp
[28.378s] [ 63%] [32mBuilding CXX object CMakeFiles/aruco_broadcaster_node.dir/src/aruco_broadcaster.cpp.o[0m
[65.576s] [ 66%] [32m[1mLinking CXX executable aruco_broadcaster_node[0m
[66.919s] [ 66%] Built target aruco_broadcaster_node
[66.954s] [ 69%] [34m[1mGenerating C++ type support for eProsima Fast-RTPS[0m
[68.108s] [ 72%] [32mBuilding CXX object CMakeFiles/aruco_broadcaster__rosidl_typesupport_fastrtps_cpp.dir/rosidl_typesupport_fastrtps_cpp/aruco_broadcaster/srv/detail/dds_fastrtps/get_marker_tf__type_support.cpp.o[0m
[70.461s] [ 75%] [32m[1mLinking CXX shared library libaruco_broadcaster__rosidl_typesupport_fastrtps_cpp.so[0m
[70.719s] [ 75%] Built target aruco_broadcaster__rosidl_typesupport_fastrtps_cpp
[70.791s] [ 75%] Built target aruco_broadcaster
[70.861s] [ 77%] [34m[1mGenerating Python code for ROS interfaces[0m
[72.386s] [ 77%] Built target aruco_broadcaster__py
[72.479s] [ 80%] [32mBuilding C object CMakeFiles/aruco_broadcaster__rosidl_generator_py.dir/rosidl_generator_py/aruco_broadcaster/srv/_get_marker_tf_s.c.o[0m
[73.105s] [ 83%] [32m[1mLinking C shared library libaruco_broadcaster__rosidl_generator_py.so[0m
[73.420s] [ 83%] Built target aruco_broadcaster__rosidl_generator_py
[73.561s] [ 86%] [32mBuilding C object CMakeFiles/aruco_broadcaster_s__rosidl_typesupport_fastrtps_c.dir/rosidl_generator_py/aruco_broadcaster/_aruco_broadcaster_s.ep.rosidl_typesupport_fastrtps_c.c.o[0m
[73.570s] [ 88%] [32mBuilding C object CMakeFiles/aruco_broadcaster_s__rosidl_typesupport_introspection_c.dir/rosidl_generator_py/aruco_broadcaster/_aruco_broadcaster_s.ep.rosidl_typesupport_introspection_c.c.o[0m
[74.258s] [ 91%] [32m[1mLinking C shared module rosidl_generator_py/aruco_broadcaster/aruco_broadcaster_s__rosidl_typesupport_fastrtps_c.so[0m
[74.395s] [ 91%] Built target aruco_broadcaster_s__rosidl_typesupport_fastrtps_c
[74.487s] [ 94%] [32m[1mLinking C shared module rosidl_generator_py/aruco_broadcaster/aruco_broadcaster_s__rosidl_typesupport_introspection_c.so[0m
[74.646s] [ 94%] Built target aruco_broadcaster_s__rosidl_typesupport_introspection_c
[74.725s] [ 97%] [32mBuilding C object CMakeFiles/aruco_broadcaster_s__rosidl_typesupport_c.dir/rosidl_generator_py/aruco_broadcaster/_aruco_broadcaster_s.ep.rosidl_typesupport_c.c.o[0m
[75.204s] [100%] [32m[1mLinking C shared module rosidl_generator_py/aruco_broadcaster/aruco_broadcaster_s__rosidl_typesupport_c.so[0m
[75.314s] [100%] Built target aruco_broadcaster_s__rosidl_typesupport_c
[75.355s] Invoked command in '/home/omid/data/colcon_ws1FW/src/final_work/src/build/aruco_broadcaster' returned '0': AMENT_PREFIX_PATH=/home/omid/data/colcon_ws1FW/src/final_work/src/install/aruco_msgs:${AMENT_PREFIX_PATH} CMAKE_PREFIX_PATH=/home/omid/data/colcon_ws1FW/src/final_work/src/install/aruco_msgs:/opt/ros/jazzy/opt/gz_sim_vendor:/opt/ros/jazzy/opt/gz_sensors_vendor:/opt/ros/jazzy/opt/gz_physics_vendor:/opt/ros/jazzy/opt/sdformat_vendor:/opt/ros/jazzy/opt/gz_gui_vendor:/opt/ros/jazzy/opt/gz_transport_vendor:/opt/ros/jazzy/opt/gz_rendering_vendor:/opt/ros/jazzy/opt/gz_plugin_vendor:/opt/ros/jazzy/opt/gz_fuel_tools_vendor:/opt/ros/jazzy/opt/gz_msgs_vendor:/opt/ros/jazzy/opt/gz_common_vendor:/opt/ros/jazzy/opt/gz_math_vendor:/opt/ros/jazzy/opt/gz_utils_vendor:/opt/ros/jazzy/opt/gz_tools_vendor:/opt/ros/jazzy/opt/gz_ogre_next_vendor:/opt/ros/jazzy/opt/gz_dartsim_vendor:/opt/ros/jazzy/opt/gz_cmake_vendor:/opt/ros/jazzy DEBUGINFOD_URLS=https://debuginfod.ubuntu.com LD_LIBRARY_PATH=/home/omid/data/colcon_ws1FW/src/final_work/src/install/aruco_msgs/lib:${LD_LIBRARY_PATH} PYTHONPATH=/home/omid/data/colcon_ws1FW/src/final_work/src/install/aruco_msgs/lib/python3.12/site-packages:${PYTHONPATH} /usr/bin/cmake --build /home/omid/data/colcon_ws1FW/src/final_work/src/build/aruco_broadcaster -- -j8 -l8
[75.357s] Invoking command in '/home/omid/data/colcon_ws1FW/src/final_work/src/build/aruco_broadcaster': AMENT_PREFIX_PATH=/home/omid/data/colcon_ws1FW/src/final_work/src/install/aruco_msgs:${AMENT_PREFIX_PATH} CMAKE_PREFIX_PATH=/home/omid/data/colcon_ws1FW/src/final_work/src/install/aruco_msgs:/opt/ros/jazzy/opt/gz_sim_vendor:/opt/ros/jazzy/opt/gz_sensors_vendor:/opt/ros/jazzy/opt/gz_physics_vendor:/opt/ros/jazzy/opt/sdformat_vendor:/opt/ros/jazzy/opt/gz_gui_vendor:/opt/ros/jazzy/opt/gz_transport_vendor:/opt/ros/jazzy/opt/gz_rendering_vendor:/opt/ros/jazzy/opt/gz_plugin_vendor:/opt/ros/jazzy/opt/gz_fuel_tools_vendor:/opt/ros/jazzy/opt/gz_msgs_vendor:/opt/ros/jazzy/opt/gz_common_vendor:/opt/ros/jazzy/opt/gz_math_vendor:/opt/ros/jazzy/opt/gz_utils_vendor:/opt/ros/jazzy/opt/gz_tools_vendor:/opt/ros/jazzy/opt/gz_ogre_next_vendor:/opt/ros/jazzy/opt/gz_dartsim_vendor:/opt/ros/jazzy/opt/gz_cmake_vendor:/opt/ros/jazzy DEBUGINFOD_URLS=https://debuginfod.ubuntu.com LD_LIBRARY_PATH=/home/omid/data/colcon_ws1FW/src/final_work/src/install/aruco_msgs/lib:${LD_LIBRARY_PATH} PYTHONPATH=/home/omid/data/colcon_ws1FW/src/final_work/src/install/aruco_msgs/lib/python3.12/site-packages:${PYTHONPATH} /usr/bin/cmake --install /home/omid/data/colcon_ws1FW/src/final_work/src/build/aruco_broadcaster
[75.395s] -- Install configuration: ""
[75.397s] -- Installing: /home/omid/data/colcon_ws1FW/src/final_work/src/install/aruco_broadcaster/share/ament_index/resource_index/rosidl_interfaces/aruco_broadcaster
[75.398s] -- Installing: /home/omid/data/colcon_ws1FW/src/final_work/src/install/aruco_broadcaster/share/aruco_broadcaster/srv/GetMarkerTf.json
[75.398s] -- Installing: /home/omid/data/colcon_ws1FW/src/final_work/src/install/aruco_broadcaster/include/aruco_broadcaster/aruco_broadcaster
[75.399s] -- Installing: /home/omid/data/colcon_ws1FW/src/final_work/src/install/aruco_broadcaster/include/aruco_broadcaster/aruco_broadcaster/srv
[75.399s] -- Installing: /home/omid/data/colcon_ws1FW/src/final_work/src/install/aruco_broadcaster/include/aruco_broadcaster/aruco_broadcaster/srv/get_marker_tf.h
[75.400s] -- Installing: /home/omid/data/colcon_ws1FW/src/final_work/src/install/aruco_broadcaster/include/aruco_broadcaster/aruco_broadcaster/srv/detail
[75.402s] -- Installing: /home/omid/data/colcon_ws1FW/src/final_work/src/install/aruco_broadcaster/include/aruco_broadcaster/aruco_broadcaster/srv/detail/get_marker_tf__type_support.h
[75.403s] -- Installing: /home/omid/data/colcon_ws1FW/src/final_work/src/install/aruco_broadcaster/include/aruco_broadcaster/aruco_broadcaster/srv/detail/get_marker_tf__functions.h
[75.405s] -- Installing: /home/omid/data/colcon_ws1FW/src/final_work/src/install/aruco_broadcaster/include/aruco_broadcaster/aruco_broadcaster/srv/detail/get_marker_tf__description.c
[75.405s] -- Installing: /home/omid/data/colcon_ws1FW/src/final_work/src/install/aruco_broadcaster/include/aruco_broadcaster/aruco_broadcaster/srv/detail/get_marker_tf__functions.c
[75.406s] -- Installing: /home/omid/data/colcon_ws1FW/src/final_work/src/install/aruco_broadcaster/include/aruco_broadcaster/aruco_broadcaster/srv/detail/get_marker_tf__type_support.c
[75.409s] -- Installing: /home/omid/data/colcon_ws1FW/src/final_work/src/install/aruco_broadcaster/include/aruco_broadcaster/aruco_broadcaster/srv/detail/get_marker_tf__struct.h
[75.409s] -- Installing: /home/omid/data/colcon_ws1FW/src/final_work/src/install/aruco_broadcaster/include/aruco_broadcaster/aruco_broadcaster/msg
[75.410s] -- Installing: /home/omid/data/colcon_ws1FW/src/final_work/src/install/aruco_broadcaster/include/aruco_broadcaster/aruco_broadcaster/msg/rosidl_generator_c__visibility_control.h
[75.410s] -- Installing: /home/omid/data/colcon_ws1FW/src/final_work/src/install/aruco_broadcaster/share/aruco_broadcaster/environment/library_path.sh
[75.411s] -- Installing: /home/omid/data/colcon_ws1FW/src/final_work/src/install/aruco_broadcaster/share/aruco_broadcaster/environment/library_path.dsv
[75.411s] -- Installing: /home/omid/data/colcon_ws1FW/src/final_work/src/install/aruco_broadcaster/lib/libaruco_broadcaster__rosidl_generator_c.so
[75.415s] -- Set non-toolchain portion of runtime path of "/home/omid/data/colcon_ws1FW/src/final_work/src/install/aruco_broadcaster/lib/libaruco_broadcaster__rosidl_generator_c.so" to ""
[75.415s] -- Up-to-date: /home/omid/data/colcon_ws1FW/src/final_work/src/install/aruco_broadcaster/include/aruco_broadcaster/aruco_broadcaster
[75.415s] -- Up-to-date: /home/omid/data/colcon_ws1FW/src/final_work/src/install/aruco_broadcaster/include/aruco_broadcaster/aruco_broadcaster/srv
[75.416s] -- Up-to-date: /home/omid/data/colcon_ws1FW/src/final_work/src/install/aruco_broadcaster/include/aruco_broadcaster/aruco_broadcaster/srv/detail
[75.416s] -- Installing: /home/omid/data/colcon_ws1FW/src/final_work/src/install/aruco_broadcaster/include/aruco_broadcaster/aruco_broadcaster/srv/detail/get_marker_tf__rosidl_typesupport_fastrtps_c.h
[75.417s] -- Up-to-date: /home/omid/data/colcon_ws1FW/src/final_work/src/install/aruco_broadcaster/include/aruco_broadcaster/aruco_broadcaster/msg
[75.417s] -- Installing: /home/omid/data/colcon_ws1FW/src/final_work/src/install/aruco_broadcaster/include/aruco_broadcaster/aruco_broadcaster/msg/rosidl_typesupport_fastrtps_c__visibility_control.h
[75.418s] -- Installing: /home/omid/data/colcon_ws1FW/src/final_work/src/install/aruco_broadcaster/lib/libaruco_broadcaster__rosidl_typesupport_fastrtps_c.so
[75.422s] -- Set non-toolchain portion of runtime path of "/home/omid/data/colcon_ws1FW/src/final_work/src/install/aruco_broadcaster/lib/libaruco_broadcaster__rosidl_typesupport_fastrtps_c.so" to ""
[75.423s] -- Up-to-date: /home/omid/data/colcon_ws1FW/src/final_work/src/install/aruco_broadcaster/include/aruco_broadcaster/aruco_broadcaster
[75.423s] -- Up-to-date: /home/omid/data/colcon_ws1FW/src/final_work/src/install/aruco_broadcaster/include/aruco_broadcaster/aruco_broadcaster/srv
[75.424s] -- Up-to-date: /home/omid/data/colcon_ws1FW/src/final_work/src/install/aruco_broadcaster/include/aruco_broadcaster/aruco_broadcaster/srv/detail
[75.424s] -- Installing: /home/omid/data/colcon_ws1FW/src/final_work/src/install/aruco_broadcaster/include/aruco_broadcaster/aruco_broadcaster/srv/detail/get_marker_tf__rosidl_typesupport_introspection_c.h
[75.424s] -- Installing: /home/omid/data/colcon_ws1FW/src/final_work/src/install/aruco_broadcaster/include/aruco_broadcaster/aruco_broadcaster/srv/detail/get_marker_tf__type_support.c
[75.425s] -- Up-to-date: /home/omid/data/colcon_ws1FW/src/final_work/src/install/aruco_broadcaster/include/aruco_broadcaster/aruco_broadcaster/msg
[75.425s] -- Installing: /home/omid/data/colcon_ws1FW/src/final_work/src/install/aruco_broadcaster/include/aruco_broadcaster/aruco_broadcaster/msg/rosidl_typesupport_introspection_c__visibility_control.h
[75.426s] -- Installing: /home/omid/data/colcon_ws1FW/src/final_work/src/install/aruco_broadcaster/lib/libaruco_broadcaster__rosidl_typesupport_introspection_c.so
[75.429s] -- Set non-toolchain portion of runtime path of "/home/omid/data/colcon_ws1FW/src/final_work/src/install/aruco_broadcaster/lib/libaruco_broadcaster__rosidl_typesupport_introspection_c.so" to ""
[75.429s] -- Installing: /home/omid/data/colcon_ws1FW/src/final_work/src/install/aruco_broadcaster/lib/libaruco_broadcaster__rosidl_typesupport_c.so
[75.430s] -- Set non-toolchain portion of runtime path of "/home/omid/data/colcon_ws1FW/src/final_work/src/install/aruco_broadcaster/lib/libaruco_broadcaster__rosidl_typesupport_c.so" to ""
[75.430s] -- Up-to-date: /home/omid/data/colcon_ws1FW/src/final_work/src/install/aruco_broadcaster/include/aruco_broadcaster/aruco_broadcaster
[75.431s] -- Up-to-date: /home/omid/data/colcon_ws1FW/src/final_work/src/install/aruco_broadcaster/include/aruco_broadcaster/aruco_broadcaster/srv
[75.431s] -- Installing: /home/omid/data/colcon_ws1FW/src/final_work/src/install/aruco_broadcaster/include/aruco_broadcaster/aruco_broadcaster/srv/get_marker_tf.hpp
[75.432s] -- Up-to-date: /home/omid/data/colcon_ws1FW/src/final_work/src/install/aruco_broadcaster/include/aruco_broadcaster/aruco_broadcaster/srv/detail
[75.436s] -- Installing: /home/omid/data/colcon_ws1FW/src/final_work/src/install/aruco_broadcaster/include/aruco_broadcaster/aruco_broadcaster/srv/detail/get_marker_tf__type_support.hpp
[75.437s] -- Installing: /home/omid/data/colcon_ws1FW/src/final_work/src/install/aruco_broadcaster/include/aruco_broadcaster/aruco_broadcaster/srv/detail/get_marker_tf__struct.hpp
[75.437s] -- Installing: /home/omid/data/colcon_ws1FW/src/final_work/src/install/aruco_broadcaster/include/aruco_broadcaster/aruco_broadcaster/srv/detail/get_marker_tf__builder.hpp
[75.437s] -- Installing: /home/omid/data/colcon_ws1FW/src/final_work/src/install/aruco_broadcaster/include/aruco_broadcaster/aruco_broadcaster/srv/detail/get_marker_tf__traits.hpp
[75.438s] -- Up-to-date: /home/omid/data/colcon_ws1FW/src/final_work/src/install/aruco_broadcaster/include/aruco_broadcaster/aruco_broadcaster/msg
[75.438s] -- Installing: /home/omid/data/colcon_ws1FW/src/final_work/src/install/aruco_broadcaster/include/aruco_broadcaster/aruco_broadcaster/msg/rosidl_generator_cpp__visibility_control.hpp
[75.439s] -- Up-to-date: /home/omid/data/colcon_ws1FW/src/final_work/src/install/aruco_broadcaster/include/aruco_broadcaster/aruco_broadcaster
[75.439s] -- Up-to-date: /home/omid/data/colcon_ws1FW/src/final_work/src/install/aruco_broadcaster/include/aruco_broadcaster/aruco_broadcaster/srv
[75.439s] -- Up-to-date: /home/omid/data/colcon_ws1FW/src/final_work/src/install/aruco_broadcaster/include/aruco_broadcaster/aruco_broadcaster/srv/detail
[75.443s] -- Installing: /home/omid/data/colcon_ws1FW/src/final_work/src/install/aruco_broadcaster/include/aruco_broadcaster/aruco_broadcaster/srv/detail/dds_fastrtps
[75.443s] -- Installing: /home/omid/data/colcon_ws1FW/src/final_work/src/install/aruco_broadcaster/include/aruco_broadcaster/aruco_broadcaster/srv/detail/get_marker_tf__rosidl_typesupport_fastrtps_cpp.hpp
[75.444s] -- Up-to-date: /home/omid/data/colcon_ws1FW/src/final_work/src/install/aruco_broadcaster/include/aruco_broadcaster/aruco_broadcaster/msg
[75.444s] -- Installing: /home/omid/data/colcon_ws1FW/src/final_work/src/install/aruco_broadcaster/include/aruco_broadcaster/aruco_broadcaster/msg/rosidl_typesupport_fastrtps_cpp__visibility_control.h
[75.444s] -- Installing: /home/omid/data/colcon_ws1FW/src/final_work/src/install/aruco_broadcaster/lib/libaruco_broadcaster__rosidl_typesupport_fastrtps_cpp.so
[75.445s] -- Set non-toolchain portion of runtime path of "/home/omid/data/colcon_ws1FW/src/final_work/src/install/aruco_broadcaster/lib/libaruco_broadcaster__rosidl_typesupport_fastrtps_cpp.so" to ""
[75.445s] -- Up-to-date: /home/omid/data/colcon_ws1FW/src/final_work/src/install/aruco_broadcaster/include/aruco_broadcaster/aruco_broadcaster
[75.445s] -- Up-to-date: /home/omid/data/colcon_ws1FW/src/final_work/src/install/aruco_broadcaster/include/aruco_broadcaster/aruco_broadcaster/srv
[75.446s] -- Up-to-date: /home/omid/data/colcon_ws1FW/src/final_work/src/install/aruco_broadcaster/include/aruco_broadcaster/aruco_broadcaster/srv/detail
[75.446s] -- Installing: /home/omid/data/colcon_ws1FW/src/final_work/src/install/aruco_broadcaster/include/aruco_broadcaster/aruco_broadcaster/srv/detail/get_marker_tf__type_support.cpp
[75.446s] -- Installing: /home/omid/data/colcon_ws1FW/src/final_work/src/install/aruco_broadcaster/include/aruco_broadcaster/aruco_broadcaster/srv/detail/get_marker_tf__rosidl_typesupport_introspection_cpp.hpp
[75.447s] -- Installing: /home/omid/data/colcon_ws1FW/src/final_work/src/install/aruco_broadcaster/lib/libaruco_broadcaster__rosidl_typesupport_introspection_cpp.so
[75.447s] -- Set non-toolchain portion of runtime path of "/home/omid/data/colcon_ws1FW/src/final_work/src/install/aruco_broadcaster/lib/libaruco_broadcaster__rosidl_typesupport_introspection_cpp.so" to ""
[75.447s] -- Installing: /home/omid/data/colcon_ws1FW/src/final_work/src/install/aruco_broadcaster/lib/libaruco_broadcaster__rosidl_typesupport_cpp.so
[75.452s] -- Set non-toolchain portion of runtime path of "/home/omid/data/colcon_ws1FW/src/final_work/src/install/aruco_broadcaster/lib/libaruco_broadcaster__rosidl_typesupport_cpp.so" to ""
[75.453s] -- Installing: /home/omid/data/colcon_ws1FW/src/final_work/src/install/aruco_broadcaster/share/aruco_broadcaster/environment/pythonpath.sh
[75.453s] -- Installing: /home/omid/data/colcon_ws1FW/src/final_work/src/install/aruco_broadcaster/share/aruco_broadcaster/environment/pythonpath.dsv
[75.453s] -- Installing: /home/omid/data/colcon_ws1FW/src/final_work/src/install/aruco_broadcaster/lib/python3.12/site-packages/aruco_broadcaster-0.0.0-py3.12.egg-info
[75.454s] -- Installing: /home/omid/data/colcon_ws1FW/src/final_work/src/install/aruco_broadcaster/lib/python3.12/site-packages/aruco_broadcaster-0.0.0-py3.12.egg-info/SOURCES.txt
[75.454s] -- Installing: /home/omid/data/colcon_ws1FW/src/final_work/src/install/aruco_broadcaster/lib/python3.12/site-packages/aruco_broadcaster-0.0.0-py3.12.egg-info/PKG-INFO
[75.454s] -- Installing: /home/omid/data/colcon_ws1FW/src/final_work/src/install/aruco_broadcaster/lib/python3.12/site-packages/aruco_broadcaster-0.0.0-py3.12.egg-info/top_level.txt
[75.455s] -- Installing: /home/omid/data/colcon_ws1FW/src/final_work/src/install/aruco_broadcaster/lib/python3.12/site-packages/aruco_broadcaster-0.0.0-py3.12.egg-info/dependency_links.txt
[75.455s] -- Installing: /home/omid/data/colcon_ws1FW/src/final_work/src/install/aruco_broadcaster/lib/python3.12/site-packages/aruco_broadcaster
[75.460s] -- Installing: /home/omid/data/colcon_ws1FW/src/final_work/src/install/aruco_broadcaster/lib/python3.12/site-packages/aruco_broadcaster/srv
[75.460s] -- Installing: /home/omid/data/colcon_ws1FW/src/final_work/src/install/aruco_broadcaster/lib/python3.12/site-packages/aruco_broadcaster/srv/_get_marker_tf_s.c
[75.460s] -- Installing: /home/omid/data/colcon_ws1FW/src/final_work/src/install/aruco_broadcaster/lib/python3.12/site-packages/aruco_broadcaster/srv/_get_marker_tf.py
[75.461s] -- Installing: /home/omid/data/colcon_ws1FW/src/final_work/src/install/aruco_broadcaster/lib/python3.12/site-packages/aruco_broadcaster/srv/__init__.py
[75.461s] -- Installing: /home/omid/data/colcon_ws1FW/src/final_work/src/install/aruco_broadcaster/lib/python3.12/site-packages/aruco_broadcaster/_aruco_broadcaster_s.ep.rosidl_typesupport_introspection_c.c
[75.461s] -- Installing: /home/omid/data/colcon_ws1FW/src/final_work/src/install/aruco_broadcaster/lib/python3.12/site-packages/aruco_broadcaster/aruco_broadcaster_s__rosidl_typesupport_fastrtps_c.so
[75.462s] -- Installing: /home/omid/data/colcon_ws1FW/src/final_work/src/install/aruco_broadcaster/lib/python3.12/site-packages/aruco_broadcaster/aruco_broadcaster_s__rosidl_typesupport_introspection_c.so
[75.462s] -- Installing: /home/omid/data/colcon_ws1FW/src/final_work/src/install/aruco_broadcaster/lib/python3.12/site-packages/aruco_broadcaster/_aruco_broadcaster_s.ep.rosidl_typesupport_c.c
[75.462s] -- Installing: /home/omid/data/colcon_ws1FW/src/final_work/src/install/aruco_broadcaster/lib/python3.12/site-packages/aruco_broadcaster/aruco_broadcaster_s__rosidl_typesupport_c.so
[75.466s] -- Installing: /home/omid/data/colcon_ws1FW/src/final_work/src/install/aruco_broadcaster/lib/python3.12/site-packages/aruco_broadcaster/__init__.py
[75.466s] -- Installing: /home/omid/data/colcon_ws1FW/src/final_work/src/install/aruco_broadcaster/lib/python3.12/site-packages/aruco_broadcaster/_aruco_broadcaster_s.ep.rosidl_typesupport_fastrtps_c.c
[75.618s] Listing '/home/omid/data/colcon_ws1FW/src/final_work/src/install/aruco_broadcaster/lib/python3.12/site-packages/aruco_broadcaster'...
[75.619s] Compiling '/home/omid/data/colcon_ws1FW/src/final_work/src/install/aruco_broadcaster/lib/python3.12/site-packages/aruco_broadcaster/__init__.py'...
[75.619s] Listing '/home/omid/data/colcon_ws1FW/src/final_work/src/install/aruco_broadcaster/lib/python3.12/site-packages/aruco_broadcaster/srv'...
[75.619s] Compiling '/home/omid/data/colcon_ws1FW/src/final_work/src/install/aruco_broadcaster/lib/python3.12/site-packages/aruco_broadcaster/srv/__init__.py'...
[75.620s] Compiling '/home/omid/data/colcon_ws1FW/src/final_work/src/install/aruco_broadcaster/lib/python3.12/site-packages/aruco_broadcaster/srv/_get_marker_tf.py'...
[75.639s] -- Installing: /home/omid/data/colcon_ws1FW/src/final_work/src/install/aruco_broadcaster/lib/python3.12/site-packages/aruco_broadcaster/aruco_broadcaster_s__rosidl_typesupport_fastrtps_c.so
[75.641s] -- Set non-toolchain portion of runtime path of "/home/omid/data/colcon_ws1FW/src/final_work/src/install/aruco_broadcaster/lib/python3.12/site-packages/aruco_broadcaster/aruco_broadcaster_s__rosidl_typesupport_fastrtps_c.so" to ""
[75.643s] -- Installing: /home/omid/data/colcon_ws1FW/src/final_work/src/install/aruco_broadcaster/lib/python3.12/site-packages/aruco_broadcaster/aruco_broadcaster_s__rosidl_typesupport_introspection_c.so
[75.645s] -- Set non-toolchain portion of runtime path of "/home/omid/data/colcon_ws1FW/src/final_work/src/install/aruco_broadcaster/lib/python3.12/site-packages/aruco_broadcaster/aruco_broadcaster_s__rosidl_typesupport_introspection_c.so" to ""
[75.646s] -- Installing: /home/omid/data/colcon_ws1FW/src/final_work/src/install/aruco_broadcaster/lib/python3.12/site-packages/aruco_broadcaster/aruco_broadcaster_s__rosidl_typesupport_c.so
[75.648s] -- Set non-toolchain portion of runtime path of "/home/omid/data/colcon_ws1FW/src/final_work/src/install/aruco_broadcaster/lib/python3.12/site-packages/aruco_broadcaster/aruco_broadcaster_s__rosidl_typesupport_c.so" to ""
[75.650s] -- Installing: /home/omid/data/colcon_ws1FW/src/final_work/src/install/aruco_broadcaster/lib/libaruco_broadcaster__rosidl_generator_py.so
[75.652s] -- Set non-toolchain portion of runtime path of "/home/omid/data/colcon_ws1FW/src/final_work/src/install/aruco_broadcaster/lib/libaruco_broadcaster__rosidl_generator_py.so" to ""
[75.653s] -- Installing: /home/omid/data/colcon_ws1FW/src/final_work/src/install/aruco_broadcaster/share/aruco_broadcaster/srv/GetMarkerTf.idl
[75.655s] -- Installing: /home/omid/data/colcon_ws1FW/src/final_work/src/install/aruco_broadcaster/share/aruco_broadcaster/srv/GetMarkerTf.srv
[75.655s] -- Installing: /home/omid/data/colcon_ws1FW/src/final_work/src/install/aruco_broadcaster/lib/aruco_broadcaster/aruco_broadcaster_node
[75.691s] -- Set non-toolchain portion of runtime path of "/home/omid/data/colcon_ws1FW/src/final_work/src/install/aruco_broadcaster/lib/aruco_broadcaster/aruco_broadcaster_node" to ""
[75.692s] -- Installing: /home/omid/data/colcon_ws1FW/src/final_work/src/install/aruco_broadcaster/share/aruco_broadcaster/launch
[75.692s] -- Installing: /home/omid/data/colcon_ws1FW/src/final_work/src/install/aruco_broadcaster/share/aruco_broadcaster/launch/aruco_pl2.launch.py
[75.692s] -- Installing: /home/omid/data/colcon_ws1FW/src/final_work/src/install/aruco_broadcaster/share/aruco_broadcaster/launch/aruco_broadcaster.launch.py
[75.694s] -- Installing: /home/omid/data/colcon_ws1FW/src/final_work/src/install/aruco_broadcaster/share/aruco_broadcaster/config
[75.694s] -- Installing: /home/omid/data/colcon_ws1FW/src/final_work/src/install/aruco_broadcaster/share/aruco_broadcaster/config/pl2esaii.yaml
[75.696s] -- Installing: /home/omid/data/colcon_ws1FW/src/final_work/src/install/aruco_broadcaster/share/aruco_broadcaster/config/tablesetup-ioc-aruco.yaml
[75.696s] -- Installing: /home/omid/data/colcon_ws1FW/src/final_work/src/install/aruco_broadcaster/share/aruco_broadcaster/config/tablesetup-pl2esaii_sim.yaml
[75.698s] -- Installing: /home/omid/data/colcon_ws1FW/src/final_work/src/install/aruco_broadcaster/share/aruco_broadcaster/config/aruco_mapping.rviz
[75.699s] -- Installing: /home/omid/data/colcon_ws1FW/src/final_work/src/install/aruco_broadcaster/share/aruco_broadcaster/config/tablesetup-ioc-calib.yaml
[75.700s] -- Installing: /home/omid/data/colcon_ws1FW/src/final_work/src/install/aruco_broadcaster/share/aruco_broadcaster/config/tablesetup-pl2esaii.yaml
[75.702s] -- Installing: /home/omid/data/colcon_ws1FW/src/final_work/src/install/aruco_broadcaster/share/ament_index/resource_index/package_run_dependencies/aruco_broadcaster
[75.703s] -- Installing: /home/omid/data/colcon_ws1FW/src/final_work/src/install/aruco_broadcaster/share/ament_index/resource_index/parent_prefix_path/aruco_broadcaster
[75.704s] -- Installing: /home/omid/data/colcon_ws1FW/src/final_work/src/install/aruco_broadcaster/share/aruco_broadcaster/environment/ament_prefix_path.sh
[75.705s] -- Installing: /home/omid/data/colcon_ws1FW/src/final_work/src/install/aruco_broadcaster/share/aruco_broadcaster/environment/ament_prefix_path.dsv
[75.707s] -- Installing: /home/omid/data/colcon_ws1FW/src/final_work/src/install/aruco_broadcaster/share/aruco_broadcaster/environment/path.sh
[75.708s] -- Installing: /home/omid/data/colcon_ws1FW/src/final_work/src/install/aruco_broadcaster/share/aruco_broadcaster/environment/path.dsv
[75.710s] -- Installing: /home/omid/data/colcon_ws1FW/src/final_work/src/install/aruco_broadcaster/share/aruco_broadcaster/local_setup.bash
[75.711s] -- Installing: /home/omid/data/colcon_ws1FW/src/final_work/src/install/aruco_broadcaster/share/aruco_broadcaster/local_setup.sh
[75.712s] -- Installing: /home/omid/data/colcon_ws1FW/src/final_work/src/install/aruco_broadcaster/share/aruco_broadcaster/local_setup.zsh
[75.714s] -- Installing: /home/omid/data/colcon_ws1FW/src/final_work/src/install/aruco_broadcaster/share/aruco_broadcaster/local_setup.dsv
[75.715s] -- Installing: /home/omid/data/colcon_ws1FW/src/final_work/src/install/aruco_broadcaster/share/aruco_broadcaster/package.dsv
[75.717s] -- Installing: /home/omid/data/colcon_ws1FW/src/final_work/src/install/aruco_broadcaster/share/ament_index/resource_index/packages/aruco_broadcaster
[75.718s] -- Installing: /home/omid/data/colcon_ws1FW/src/final_work/src/install/aruco_broadcaster/share/aruco_broadcaster/cmake/export_aruco_broadcaster__rosidl_generator_cExport.cmake
[75.720s] -- Installing: /home/omid/data/colcon_ws1FW/src/final_work/src/install/aruco_broadcaster/share/aruco_broadcaster/cmake/export_aruco_broadcaster__rosidl_generator_cExport-noconfig.cmake
[75.721s] -- Installing: /home/omid/data/colcon_ws1FW/src/final_work/src/install/aruco_broadcaster/share/aruco_broadcaster/cmake/export_aruco_broadcaster__rosidl_typesupport_fastrtps_cExport.cmake
[75.723s] -- Installing: /home/omid/data/colcon_ws1FW/src/final_work/src/install/aruco_broadcaster/share/aruco_broadcaster/cmake/export_aruco_broadcaster__rosidl_typesupport_fastrtps_cExport-noconfig.cmake
[75.724s] -- Installing: /home/omid/data/colcon_ws1FW/src/final_work/src/install/aruco_broadcaster/share/aruco_broadcaster/cmake/aruco_broadcaster__rosidl_typesupport_introspection_cExport.cmake
[75.725s] -- Installing: /home/omid/data/colcon_ws1FW/src/final_work/src/install/aruco_broadcaster/share/aruco_broadcaster/cmake/aruco_broadcaster__rosidl_typesupport_introspection_cExport-noconfig.cmake
[75.727s] -- Installing: /home/omid/data/colcon_ws1FW/src/final_work/src/install/aruco_broadcaster/share/aruco_broadcaster/cmake/aruco_broadcaster__rosidl_typesupport_cExport.cmake
[75.729s] -- Installing: /home/omid/data/colcon_ws1FW/src/final_work/src/install/aruco_broadcaster/share/aruco_broadcaster/cmake/aruco_broadcaster__rosidl_typesupport_cExport-noconfig.cmake
[75.730s] -- Installing: /home/omid/data/colcon_ws1FW/src/final_work/src/install/aruco_broadcaster/share/aruco_broadcaster/cmake/export_aruco_broadcaster__rosidl_generator_cppExport.cmake
[75.731s] -- Installing: /home/omid/data/colcon_ws1FW/src/final_work/src/install/aruco_broadcaster/share/aruco_broadcaster/cmake/export_aruco_broadcaster__rosidl_typesupport_fastrtps_cppExport.cmake
[75.732s] -- Installing: /home/omid/data/colcon_ws1FW/src/final_work/src/install/aruco_broadcaster/share/aruco_broadcaster/cmake/export_aruco_broadcaster__rosidl_typesupport_fastrtps_cppExport-noconfig.cmake
[75.734s] -- Installing: /home/omid/data/colcon_ws1FW/src/final_work/src/install/aruco_broadcaster/share/aruco_broadcaster/cmake/aruco_broadcaster__rosidl_typesupport_introspection_cppExport.cmake
[75.735s] -- Installing: /home/omid/data/colcon_ws1FW/src/final_work/src/install/aruco_broadcaster/share/aruco_broadcaster/cmake/aruco_broadcaster__rosidl_typesupport_introspection_cppExport-noconfig.cmake
[75.737s] -- Installing: /home/omid/data/colcon_ws1FW/src/final_work/src/install/aruco_broadcaster/share/aruco_broadcaster/cmake/aruco_broadcaster__rosidl_typesupport_cppExport.cmake
[75.738s] -- Installing: /home/omid/data/colcon_ws1FW/src/final_work/src/install/aruco_broadcaster/share/aruco_broadcaster/cmake/aruco_broadcaster__rosidl_typesupport_cppExport-noconfig.cmake
[75.740s] -- Installing: /home/omid/data/colcon_ws1FW/src/final_work/src/install/aruco_broadcaster/share/aruco_broadcaster/cmake/export_aruco_broadcaster__rosidl_generator_pyExport.cmake
[75.742s] -- Installing: /home/omid/data/colcon_ws1FW/src/final_work/src/install/aruco_broadcaster/share/aruco_broadcaster/cmake/export_aruco_broadcaster__rosidl_generator_pyExport-noconfig.cmake
[75.743s] -- Installing: /home/omid/data/colcon_ws1FW/src/final_work/src/install/aruco_broadcaster/share/aruco_broadcaster/cmake/rosidl_cmake-extras.cmake
[75.743s] -- Installing: /home/omid/data/colcon_ws1FW/src/final_work/src/install/aruco_broadcaster/share/aruco_broadcaster/cmake/ament_cmake_export_dependencies-extras.cmake
[75.745s] -- Installing: /home/omid/data/colcon_ws1FW/src/final_work/src/install/aruco_broadcaster/share/aruco_broadcaster/cmake/ament_cmake_export_include_directories-extras.cmake
[75.747s] -- Installing: /home/omid/data/colcon_ws1FW/src/final_work/src/install/aruco_broadcaster/share/aruco_broadcaster/cmake/ament_cmake_export_libraries-extras.cmake
[75.748s] -- Installing: /home/omid/data/colcon_ws1FW/src/final_work/src/install/aruco_broadcaster/share/aruco_broadcaster/cmake/ament_cmake_export_targets-extras.cmake
[75.749s] -- Installing: /home/omid/data/colcon_ws1FW/src/final_work/src/install/aruco_broadcaster/share/aruco_broadcaster/cmake/rosidl_cmake_export_typesupport_targets-extras.cmake
[75.750s] -- Installing: /home/omid/data/colcon_ws1FW/src/final_work/src/install/aruco_broadcaster/share/aruco_broadcaster/cmake/rosidl_cmake_export_typesupport_libraries-extras.cmake
[75.752s] -- Installing: /home/omid/data/colcon_ws1FW/src/final_work/src/install/aruco_broadcaster/share/aruco_broadcaster/cmake/aruco_broadcasterConfig.cmake
[75.754s] -- Installing: /home/omid/data/colcon_ws1FW/src/final_work/src/install/aruco_broadcaster/share/aruco_broadcaster/cmake/aruco_broadcasterConfig-version.cmake
[75.755s] -- Installing: /home/omid/data/colcon_ws1FW/src/final_work/src/install/aruco_broadcaster/share/aruco_broadcaster/package.xml
[75.764s] Invoked command in '/home/omid/data/colcon_ws1FW/src/final_work/src/build/aruco_broadcaster' returned '0': AMENT_PREFIX_PATH=/home/omid/data/colcon_ws1FW/src/final_work/src/install/aruco_msgs:${AMENT_PREFIX_PATH} CMAKE_PREFIX_PATH=/home/omid/data/colcon_ws1FW/src/final_work/src/install/aruco_msgs:/opt/ros/jazzy/opt/gz_sim_vendor:/opt/ros/jazzy/opt/gz_sensors_vendor:/opt/ros/jazzy/opt/gz_physics_vendor:/opt/ros/jazzy/opt/sdformat_vendor:/opt/ros/jazzy/opt/gz_gui_vendor:/opt/ros/jazzy/opt/gz_transport_vendor:/opt/ros/jazzy/opt/gz_rendering_vendor:/opt/ros/jazzy/opt/gz_plugin_vendor:/opt/ros/jazzy/opt/gz_fuel_tools_vendor:/opt/ros/jazzy/opt/gz_msgs_vendor:/opt/ros/jazzy/opt/gz_common_vendor:/opt/ros/jazzy/opt/gz_math_vendor:/opt/ros/jazzy/opt/gz_utils_vendor:/opt/ros/jazzy/opt/gz_tools_vendor:/opt/ros/jazzy/opt/gz_ogre_next_vendor:/opt/ros/jazzy/opt/gz_dartsim_vendor:/opt/ros/jazzy/opt/gz_cmake_vendor:/opt/ros/jazzy DEBUGINFOD_URLS=https://debuginfod.ubuntu.com LD_LIBRARY_PATH=/home/omid/data/colcon_ws1FW/src/final_work/src/install/aruco_msgs/lib:${LD_LIBRARY_PATH} PYTHONPATH=/home/omid/data/colcon_ws1FW/src/final_work/src/install/aruco_msgs/lib/python3.12/site-packages:${PYTHONPATH} /usr/bin/cmake --install /home/omid/data/colcon_ws1FW/src/final_work/src/build/aruco_broadcaster
