[0.042s] Invoking command in '/home/omid/data/colcon_ws1FW/src/final_work/src/build/robotiq_85_gz': CMAKE_PREFIX_PATH=${CMAKE_PREFIX_PATH}:/opt/ros/jazzy DEBUGINFOD_URLS=https://debuginfod.ubuntu.com /usr/bin/cmake /home/omid/data/colcon_ws1FW/src/final_work/src/robotiq_85_gripper/robotiq_85_gz -DCMAKE_INSTALL_PREFIX=/home/omid/data/colcon_ws1FW/src/final_work/src/install/robotiq_85_gz
[0.286s] -- The C compiler identification is GNU 13.3.0
[0.497s] -- The CXX compiler identification is GNU 13.3.0
[0.550s] -- Detecting C compiler ABI info
[0.796s] -- Detecting C compiler ABI info - done
[0.831s] -- Check for working C compiler: /usr/bin/cc - skipped
[0.831s] -- Detecting C compile features
[0.833s] -- Detecting C compile features - done
[0.863s] -- Detecting CXX compiler ABI info
[1.138s] -- Detecting CXX compiler ABI info - done
[1.177s] -- Check for working CXX compiler: /usr/bin/c++ - skipped
[1.178s] -- Detecting CXX compile features
[1.179s] -- Detecting CXX compile features - done
[1.193s] -- Found ament_cmake: 2.5.4 (/opt/ros/jazzy/share/ament_cmake/cmake)
[1.695s] -- Found Python3: /usr/bin/python3 (found version "3.12.3") found components: Interpreter 
[2.109s] -- Found ament_lint_auto: 0.17.3 (/opt/ros/jazzy/share/ament_lint_auto/cmake)
[2.518s] -- Added test 'flake8' to check Python code syntax and style conventions
[2.519s] -- Configured 'flake8' exclude dirs and/or files: 
[2.519s] -- Added test 'lint_cmake' to check CMake code style
[2.522s] -- Added test 'pep257' to check Python code against some of the docstring style conventions in PEP 257
[2.527s] -- Added test 'xmllint' to check XML markup files
[2.534s] -- Configuring done (2.5s)
[2.544s] -- Generating done (0.0s)
[2.550s] -- Build files have been written to: /home/omid/data/colcon_ws1FW/src/final_work/src/build/robotiq_85_gz
[2.663s] Invoked command in '/home/omid/data/colcon_ws1FW/src/final_work/src/build/robotiq_85_gz' returned '0': CMAKE_PREFIX_PATH=${CMAKE_PREFIX_PATH}:/opt/ros/jazzy DEBUGINFOD_URLS=https://debuginfod.ubuntu.com /usr/bin/cmake /home/omid/data/colcon_ws1FW/src/final_work/src/robotiq_85_gripper/robotiq_85_gz -DCMAKE_INSTALL_PREFIX=/home/omid/data/colcon_ws1FW/src/final_work/src/install/robotiq_85_gz
[2.664s] Invoking command in '/home/omid/data/colcon_ws1FW/src/final_work/src/build/robotiq_85_gz': CMAKE_PREFIX_PATH=${CMAKE_PREFIX_PATH}:/opt/ros/jazzy DEBUGINFOD_URLS=https://debuginfod.ubuntu.com /usr/bin/cmake --build /home/omid/data/colcon_ws1FW/src/final_work/src/build/robotiq_85_gz -- -j8 -l8
[2.860s] Invoked command in '/home/omid/data/colcon_ws1FW/src/final_work/src/build/robotiq_85_gz' returned '0': CMAKE_PREFIX_PATH=${CMAKE_PREFIX_PATH}:/opt/ros/jazzy DEBUGINFOD_URLS=https://debuginfod.ubuntu.com /usr/bin/cmake --build /home/omid/data/colcon_ws1FW/src/final_work/src/build/robotiq_85_gz -- -j8 -l8
[2.861s] Invoking command in '/home/omid/data/colcon_ws1FW/src/final_work/src/build/robotiq_85_gz': CMAKE_PREFIX_PATH=${CMAKE_PREFIX_PATH}:/opt/ros/jazzy DEBUGINFOD_URLS=https://debuginfod.ubuntu.com /usr/bin/cmake --install /home/omid/data/colcon_ws1FW/src/final_work/src/build/robotiq_85_gz
[2.909s] -- Install configuration: ""
[2.910s] -- Installing: /home/omid/data/colcon_ws1FW/src/final_work/src/install/robotiq_85_gz/share/robotiq_85_gz/launch
[2.911s] -- Installing: /home/omid/data/colcon_ws1FW/src/final_work/src/install/robotiq_85_gz/share/robotiq_85_gz/launch/robotiq_85_sim_control_gz.launch.py
[2.912s] -- Installing: /home/omid/data/colcon_ws1FW/src/final_work/src/install/robotiq_85_gz/share/robotiq_85_gz/config
[2.912s] -- Installing: /home/omid/data/colcon_ws1FW/src/final_work/src/install/robotiq_85_gz/share/robotiq_85_gz/config/robotiq_controllers.yaml
[2.912s] -- Installing: /home/omid/data/colcon_ws1FW/src/final_work/src/install/robotiq_85_gz/share/robotiq_85_gz/urdf
[2.912s] -- Installing: /home/omid/data/colcon_ws1FW/src/final_work/src/install/robotiq_85_gz/share/robotiq_85_gz/urdf/robotiq_85_gripper_gz.urdf.xacro
[2.915s] -- Installing: /home/omid/data/colcon_ws1FW/src/final_work/src/install/robotiq_85_gz/share/robotiq_85_gz/urdf/robotiq_85_gripper_gz.ros2_control.xacro
[2.916s] -- Installing: /home/omid/data/colcon_ws1FW/src/final_work/src/install/robotiq_85_gz/share/ament_index/resource_index/package_run_dependencies/robotiq_85_gz
[2.916s] -- Installing: /home/omid/data/colcon_ws1FW/src/final_work/src/install/robotiq_85_gz/share/ament_index/resource_index/parent_prefix_path/robotiq_85_gz
[2.916s] -- Installing: /home/omid/data/colcon_ws1FW/src/final_work/src/install/robotiq_85_gz/share/robotiq_85_gz/environment/ament_prefix_path.sh
[2.917s] -- Installing: /home/omid/data/colcon_ws1FW/src/final_work/src/install/robotiq_85_gz/share/robotiq_85_gz/environment/ament_prefix_path.dsv
[2.919s] -- Installing: /home/omid/data/colcon_ws1FW/src/final_work/src/install/robotiq_85_gz/share/robotiq_85_gz/environment/path.sh
[2.919s] -- Installing: /home/omid/data/colcon_ws1FW/src/final_work/src/install/robotiq_85_gz/share/robotiq_85_gz/environment/path.dsv
[2.919s] -- Installing: /home/omid/data/colcon_ws1FW/src/final_work/src/install/robotiq_85_gz/share/robotiq_85_gz/local_setup.bash
[2.921s] -- Installing: /home/omid/data/colcon_ws1FW/src/final_work/src/install/robotiq_85_gz/share/robotiq_85_gz/local_setup.sh
[2.928s] -- Installing: /home/omid/data/colcon_ws1FW/src/final_work/src/install/robotiq_85_gz/share/robotiq_85_gz/local_setup.zsh
[2.928s] -- Installing: /home/omid/data/colcon_ws1FW/src/final_work/src/install/robotiq_85_gz/share/robotiq_85_gz/local_setup.dsv
[2.930s] -- Installing: /home/omid/data/colcon_ws1FW/src/final_work/src/install/robotiq_85_gz/share/robotiq_85_gz/package.dsv
[2.930s] -- Installing: /home/omid/data/colcon_ws1FW/src/final_work/src/install/robotiq_85_gz/share/ament_index/resource_index/packages/robotiq_85_gz
[2.931s] -- Installing: /home/omid/data/colcon_ws1FW/src/final_work/src/install/robotiq_85_gz/share/robotiq_85_gz/cmake/robotiq_85_gzConfig.cmake
[2.931s] -- Installing: /home/omid/data/colcon_ws1FW/src/final_work/src/install/robotiq_85_gz/share/robotiq_85_gz/cmake/robotiq_85_gzConfig-version.cmake
[2.931s] -- Installing: /home/omid/data/colcon_ws1FW/src/final_work/src/install/robotiq_85_gz/share/robotiq_85_gz/package.xml
[2.940s] Invoked command in '/home/omid/data/colcon_ws1FW/src/final_work/src/build/robotiq_85_gz' returned '0': CMAKE_PREFIX_PATH=${CMAKE_PREFIX_PATH}:/opt/ros/jazzy DEBUGINFOD_URLS=https://debuginfod.ubuntu.com /usr/bin/cmake --install /home/omid/data/colcon_ws1FW/src/final_work/src/build/robotiq_85_gz
