[01m[K/home/omid/data/colcon_ws1FW/src/final_work/src/action_module/src/executor.cpp:[m[K In constructor ‘[01m[Kaction_module::Executor::[01;32m[KExecutor[m[K()[m[K’:
[01m[K/home/omid/data/colcon_ws1FW/src/final_work/src/action_module/src/executor.cpp:87:71:[m[K [01;35m[Kwarning: [m[K‘[01m[Ktypename rclcpp::Client<ServiceT>::SharedPtr rclcpp::Node::[01;32m[Kcreate_client[m[K(const std::string&, const rmw_qos_profile_t&, rclcpp::CallbackGroup::SharedPtr) [35m[K[with ServiceT = chesslab_setup2_interfaces::srv::GetPieceLocation; typename rclcpp::Client<ServiceT>::SharedPtr = std::shared_ptr<rclcpp::Client<chesslab_setup2_interfaces::srv::GetPieceLocation> >; std::string = std::__cxx11::basic_string<char>; rmw_qos_profile_t = rmw_qos_profile_s; rclcpp::CallbackGroup::SharedPtr = std::shared_ptr<rclcpp::CallbackGroup>][m[K[m[K’ is deprecated: use rclcpp::QoS instead of rmw_qos_profile_t [[01;35m[K]8;;https://gcc.gnu.org/onlinedocs/gcc/Warning-Options.html#index-Wdeprecated-declarations-Wdeprecated-declarations]8;;[m[K]
   87 |  [01;35m[Kcreate_client<chesslab_setup2_interfaces::srv::GetPieceLocation>([m[K
      |  [01;35m[K~~~~~~~~~~~~~~~~~~~~~~~~~~~~~~~~~~~~~~~~~~~~~~~~~~~~~~~~~~~~~~~~^[m[K

   88 | [01;35m[K   "/sensing_module/get_piece_location",[m[K
      |    [01;35m[K~~~~~~~~~~~~~~~~~~~~~~~~~~~~~~~~~~~~~[m[K                          

   89 | [01;35m[K   rmw_qos_profile_services_default,[m[K
      |    [01;35m[K~~~~~~~~~~~~~~~~~~~~~~~~~~~~~~~~~[m[K                              

   90 | [01;35m[K   client_group_)[m[K;
      |    [01;35m[K~~~~~~~~~~~~~~[m[K                                                 

In file included from [01m[K/opt/ros/jazzy/include/rclcpp/rclcpp/node.hpp:1663[m[K,
                 from [01m[K/opt/ros/jazzy/include/rclcpp/rclcpp/executors/single_threaded_executor.hpp:28[m[K,
                 from [01m[K/opt/ros/jazzy/include/rclcpp/rclcpp/executors.hpp:22[m[K,
                 from [01m[K/opt/ros/jazzy/include/rclcpp/rclcpp/rclcpp.hpp:172[m[K,
                 from [01m[K/home/omid/data/colcon_ws1FW/src/final_work/src/action_module/src/executor.cpp:1[m[K:
[01m[K/opt/ros/jazzy/include/rclcpp/rclcpp/node_impl.hpp:159:1:[m[K [01;36m[Knote: [m[Kdeclared here
  159 | [01;36m[KNode[m[K::create_client(
      | [01;36m[K^~~~[m[K
[01m[K/home/omid/data/colcon_ws1FW/src/final_work/src/action_module/src/executor.cpp:95:70:[m[K [01;35m[Kwarning: [m[K‘[01m[Ktypename rclcpp::Service<ServiceT>::SharedPtr rclcpp::Node::[01;32m[Kcreate_service[m[K(const std::string&, CallbackT&&, const rmw_qos_profile_t&, rclcpp::CallbackGroup::SharedPtr) [35m[K[with ServiceT = action_module::srv::MovePiece; CallbackT = std::_Bind<void (action_module::Executor::*(action_module::Executor*, std::_Placeholder<1>, std::_Placeholder<2>))(std::shared_ptr<action_module::srv::MovePiece_Request_<std::allocator<void> > >, std::shared_ptr<action_module::srv::MovePiece_Response_<std::allocator<void> > >)>; typename rclcpp::Service<ServiceT>::SharedPtr = std::shared_ptr<rclcpp::Service<action_module::srv::MovePiece> >; std::string = std::__cxx11::basic_string<char>; rmw_qos_profile_t = rmw_qos_profile_s; rclcpp::CallbackGroup::SharedPtr = std::shared_ptr<rclcpp::CallbackGroup>][m[K[m[K’ is deprecated: use rclcpp::QoS instead of rmw_qos_profile_t [[01;35m[K]8;;https://gcc.gnu.org/onlinedocs/gcc/Warning-Options.html#index-Wdeprecated-declarations-Wdeprecated-declarations]8;;[m[K]
   95 | ve_piece_service_ = [01;35m[Kcreate_service<action_module::srv::MovePiece>([m[K
      |                     [01;35m[K~~~~~~~~~~~~~~~~~~~~~~~~~~~~~~~~~~~~~~~~~~~~~^[m[K

   96 | [01;35m[K"move_piece",[m[K
      | [01;35m[K~~~~~~~~~~~~~[m[K                                                     

   97 | [01;35m[Kstd::bind(&Executor::handle_move_piece, this,[m[K
      | [01;35m[K~~~~~~~~~~~~~~~~~~~~~~~~~~~~~~~~~~~~~~~~~~~~~[m[K                     

   98 | [01;35m[K          std::placeholders::_1, std::placeholders::_2),[m[K
      |           [01;35m[K~~~~~~~~~~~~~~~~~~~~~~~~~~~~~~~~~~~~~~~~~~~~~~[m[K          

   99 | [01;35m[Krmw_qos_profile_services_default,[m[K
      | [01;35m[K~~~~~~~~~~~~~~~~~~~~~~~~~~~~~~~~~[m[K                                 

  100 | [01;35m[Kservice_group_)[m[K;
      | [01;35m[K~~~~~~~~~~~~~~~[m[K                                                   

[01m[K/opt/ros/jazzy/include/rclcpp/rclcpp/node_impl.hpp:192:1:[m[K [01;36m[Knote: [m[Kdeclared here
  192 | [01;36m[KNode[m[K::create_service(
      | [01;36m[K^~~~[m[K
