-- The C compiler identification is GNU 13.3.0
-- The CXX compiler identification is GNU 13.3.0
-- Detecting C compiler ABI info
-- Detecting C compiler ABI info - done
-- Check for working C compiler: /usr/bin/cc - skipped
-- Detecting C compile features
-- Detecting C compile features - done
-- Detecting CXX compiler ABI info
-- Detecting CXX compiler ABI info - done
-- Check for working CXX compiler: /usr/bin/c++ - skipped
-- Detecting CXX compile features
-- Detecting CXX compile features - done
-- Found ament_cmake: 2.5.4 (/opt/ros/jazzy/share/ament_cmake/cmake)
-- Found Python3: /usr/bin/python3 (found version "3.12.3") found components: Interpreter 
-- Found rclcpp: 28.1.13 (/opt/ros/jazzy/share/rclcpp/cmake)
-- Found rosidl_generator_c: 4.6.6 (/opt/ros/jazzy/share/rosidl_generator_c/cmake)
-- Found rosidl_generator_cpp: 4.6.6 (/opt/ros/jazzy/share/rosidl_generator_cpp/cmake)
-- Using all available rosidl_typesupport_c: rosidl_typesupport_fastrtps_c;rosidl_typesupport_introspection_c
-- Using all available rosidl_typesupport_cpp: rosidl_typesupport_fastrtps_cpp;rosidl_typesupport_introspection_cpp
-- Found rmw_implementation_cmake: 7.3.2 (/opt/ros/jazzy/share/rmw_implementation_cmake/cmake)
-- Found rmw_fastrtps_cpp: 8.4.3 (/opt/ros/jazzy/share/rmw_fastrtps_cpp/cmake)
-- Found OpenSSL: /usr/lib/x86_64-linux-gnu/libcrypto.so (found version "3.0.13")  
-- Found FastRTPS: /opt/ros/jazzy/include (Required is at least version "2.13") 
-- Using RMW implementation 'rmw_fastrtps_cpp' as default
-- Found tf2: 0.36.16 (/opt/ros/jazzy/share/tf2/cmake)
-- Found tf2_ros: 0.36.16 (/opt/ros/jazzy/share/tf2_ros/cmake)
-- Found tf2_geometry_msgs: 0.36.16 (/opt/ros/jazzy/share/tf2_geometry_msgs/cmake)
-- Found eigen3_cmake_module: 0.3.0 (/opt/ros/jazzy/share/eigen3_cmake_module/cmake)
-- Found Eigen3: TRUE (found version "3.4.0") 
-- Ensuring Eigen3 include directory is part of orocos-kdl CMake target
-- Found sensor_msgs: 5.3.6 (/opt/ros/jazzy/share/sensor_msgs/cmake)
-- Found trajectory_msgs: 5.3.6 (/opt/ros/jazzy/share/trajectory_msgs/cmake)
-- Found kinenikros2: 0.0.1 (/home/omid/data/colcon_ws1FW/src/final_work/src/install/kinenikros2/share/kinenikros2/cmake)
-- Found planning_module: 0.1.0 (/home/omid/data/colcon_ws1FW/src/final_work/src/install/planning_module/share/planning_module/cmake)
-- Found robotiq_85_gripper_server: 0.0.0 (/home/omid/data/colcon_ws1FW/src/final_work/src/install/robotiq_85_gripper_server/share/robotiq_85_gripper_server/cmake)
-- Found chesslab_setup2_interfaces: 0.0.0 (/home/omid/data/colcon_ws1FW/src/final_work/src/install/chesslab_setup2_interfaces/share/chesslab_setup2_interfaces/cmake)
-- Found rosidl_default_generators: 1.6.0 (/opt/ros/jazzy/share/rosidl_default_generators/cmake)
-- Found rosidl_adapter: 4.6.6 (/opt/ros/jazzy/share/rosidl_adapter/cmake)
-- Found ament_cmake_ros: 0.12.0 (/opt/ros/jazzy/share/ament_cmake_ros/cmake)
-- Using all available rosidl_typesupport_c: rosidl_typesupport_fastrtps_c;rosidl_typesupport_introspection_c
-- Using all available rosidl_typesupport_cpp: rosidl_typesupport_fastrtps_cpp;rosidl_typesupport_introspection_cpp
-- Found python_cmake_module: 0.11.1 (/opt/ros/jazzy/share/python_cmake_module/cmake)
-- Found PythonExtra: /usr/bin/python3  
-- Found Python3: /usr/bin/python3 (found version "3.12.3") found components: Interpreter Development NumPy Development.Module Development.Embed 
-- Configuring done (11.9s)
-- Generating done (0.1s)
-- Build files have been written to: /home/omid/data/colcon_ws1FW/src/final_work/src/build/action_module
[  2%] [34m[1mGenerating type hashes for ROS interfaces[0m
[  2%] Built target action_module__rosidl_generator_type_description
[  5%] [32mBuilding CXX object CMakeFiles/action_module_core.dir/src/ik_mover.cpp.o[0m
[  7%] [32mBuilding CXX object CMakeFiles/action_module_core.dir/src/tf_grasp_builder.cpp.o[0m
[ 10%] [32m[1mLinking CXX shared library libaction_module_core.so[0m
[ 10%] Built target action_module_core
[ 12%] [34m[1mGenerating C code for ROS interfaces[0m
[ 15%] [34m[1mGenerating C++ code for ROS interfaces[0m
[ 15%] Built target ament_cmake_python_copy_action_module
running egg_info
creating action_module.egg-info
writing action_module.egg-info/PKG-INFO
writing dependency_links to action_module.egg-info/dependency_links.txt
writing top-level names to action_module.egg-info/top_level.txt
writing manifest file 'action_module.egg-info/SOURCES.txt'
[ 15%] Built target action_module__cpp
[ 20%] [32mBuilding C object CMakeFiles/action_module__rosidl_generator_c.dir/rosidl_generator_c/action_module/srv/detail/move_piece__description.c.o[0m
[ 20%] [32mBuilding C object CMakeFiles/action_module__rosidl_generator_c.dir/rosidl_generator_c/action_module/srv/detail/move_piece__functions.c.o[0m
[ 23%] [32mBuilding C object CMakeFiles/action_module__rosidl_generator_c.dir/rosidl_generator_c/action_module/srv/detail/move_piece__type_support.c.o[0m
reading manifest file 'action_module.egg-info/SOURCES.txt'
writing manifest file 'action_module.egg-info/SOURCES.txt'
[ 23%] Built target ament_cmake_python_build_action_module_egg
[ 25%] [32m[1mLinking C shared library libaction_module__rosidl_generator_c.so[0m
[ 25%] Built target action_module__rosidl_generator_c
[ 28%] [34m[1mGenerating C type support for eProsima Fast-RTPS[0m
[ 30%] [34m[1mGenerating C++ type support for eProsima Fast-RTPS[0m
[ 33%] [34m[1mGenerating C++ type support dispatch for ROS interfaces[0m
[ 38%] [34m[1mGenerating C type support dispatch for ROS interfaces[0m
[ 38%] [34m[1mGenerating C introspection for ROS interfaces[0m
[ 41%] [34m[1mGenerating C++ introspection for ROS interfaces[0m
[ 46%] [32mBuilding CXX object CMakeFiles/action_module__rosidl_typesupport_introspection_cpp.dir/rosidl_typesupport_introspection_cpp/action_module/srv/detail/move_piece__type_support.cpp.o[0m
[ 46%] [32mBuilding C object CMakeFiles/action_module__rosidl_typesupport_introspection_c.dir/rosidl_typesupport_introspection_c/action_module/srv/detail/move_piece__type_support.c.o[0m
[ 48%] [32m[1mLinking C shared library libaction_module__rosidl_typesupport_introspection_c.so[0m
[ 48%] Built target action_module__rosidl_typesupport_introspection_c
[ 51%] [32mBuilding CXX object CMakeFiles/action_module__rosidl_typesupport_c.dir/rosidl_typesupport_c/action_module/srv/move_piece__type_support.cpp.o[0m
[ 53%] [32mBuilding CXX object CMakeFiles/action_module__rosidl_typesupport_cpp.dir/rosidl_typesupport_cpp/action_module/srv/move_piece__type_support.cpp.o[0m
[ 56%] [32m[1mLinking CXX shared library libaction_module__rosidl_typesupport_c.so[0m
[ 58%] [32mBuilding CXX object CMakeFiles/action_module__rosidl_typesupport_fastrtps_cpp.dir/rosidl_typesupport_fastrtps_cpp/action_module/srv/detail/dds_fastrtps/move_piece__type_support.cpp.o[0m
[ 61%] [32mBuilding CXX object CMakeFiles/action_module__rosidl_typesupport_fastrtps_c.dir/rosidl_typesupport_fastrtps_c/action_module/srv/detail/move_piece__type_support_c.cpp.o[0m
[ 61%] Built target action_module__rosidl_typesupport_c
[ 64%] [32m[1mLinking CXX shared library libaction_module__rosidl_typesupport_introspection_cpp.so[0m
[ 64%] Built target action_module__rosidl_typesupport_introspection_cpp
[ 66%] [32m[1mLinking CXX shared library libaction_module__rosidl_typesupport_cpp.so[0m
[ 66%] Built target action_module__rosidl_typesupport_cpp
[ 69%] [32mBuilding CXX object CMakeFiles/executor.dir/src/executor.cpp.o[0m
[ 71%] [32m[1mLinking CXX shared library libaction_module__rosidl_typesupport_fastrtps_c.so[0m
[ 71%] Built target action_module__rosidl_typesupport_fastrtps_c
[ 74%] [32m[1mLinking CXX shared library libaction_module__rosidl_typesupport_fastrtps_cpp.so[0m
[ 74%] Built target action_module__rosidl_typesupport_fastrtps_cpp
[ 74%] Built target action_module
[ 76%] [34m[1mGenerating Python code for ROS interfaces[0m
[ 76%] Built target action_module__py
[ 79%] [32mBuilding C object CMakeFiles/action_module__rosidl_generator_py.dir/rosidl_generator_py/action_module/srv/_move_piece_s.c.o[0m
[ 82%] [32m[1mLinking C shared library libaction_module__rosidl_generator_py.so[0m
[ 82%] Built target action_module__rosidl_generator_py
[ 89%] [32mBuilding C object CMakeFiles/action_module_s__rosidl_typesupport_c.dir/rosidl_generator_py/action_module/_action_module_s.ep.rosidl_typesupport_c.c.o[0m
[ 89%] [32mBuilding C object CMakeFiles/action_module_s__rosidl_typesupport_fastrtps_c.dir/rosidl_generator_py/action_module/_action_module_s.ep.rosidl_typesupport_fastrtps_c.c.o[0m
[ 89%] [32mBuilding C object CMakeFiles/action_module_s__rosidl_typesupport_introspection_c.dir/rosidl_generator_py/action_module/_action_module_s.ep.rosidl_typesupport_introspection_c.c.o[0m
[ 92%] [32m[1mLinking C shared module rosidl_generator_py/action_module/action_module_s__rosidl_typesupport_fastrtps_c.so[0m
[ 94%] [32m[1mLinking C shared module rosidl_generator_py/action_module/action_module_s__rosidl_typesupport_introspection_c.so[0m
[ 97%] [32m[1mLinking C shared module rosidl_generator_py/action_module/action_module_s__rosidl_typesupport_c.so[0m
[ 97%] Built target action_module_s__rosidl_typesupport_fastrtps_c
[ 97%] Built target action_module_s__rosidl_typesupport_introspection_c
[ 97%] Built target action_module_s__rosidl_typesupport_c
[01m[K/home/omid/data/colcon_ws1FW/src/final_work/src/action_module/src/executor.cpp:[m[K In constructor ‘[01m[Kaction_module::Executor::[01;32m[KExecutor[m[K()[m[K’:
[01m[K/home/omid/data/colcon_ws1FW/src/final_work/src/action_module/src/executor.cpp:87:71:[m[K [01;35m[Kwarning: [m[K‘[01m[Ktypename rclcpp::Client<ServiceT>::SharedPtr rclcpp::Node::[01;32m[Kcreate_client[m[K(const std::string&, const rmw_qos_profile_t&, rclcpp::CallbackGroup::SharedPtr) [35m[K[with ServiceT = chesslab_setup2_interfaces::srv::GetPieceLocation; typename rclcpp::Client<ServiceT>::SharedPtr = std::shared_ptr<rclcpp::Client<chesslab_setup2_interfaces::srv::GetPieceLocation> >; std::string = std::__cxx11::basic_string<char>; rmw_qos_profile_t = rmw_qos_profile_s; rclcpp::CallbackGroup::SharedPtr = std::shared_ptr<rclcpp::CallbackGroup>][m[K[m[K’ is deprecated: use rclcpp::QoS instead of rmw_qos_profile_t [[01;35m[K]8;;https://gcc.gnu.org/onlinedocs/gcc/Warning-Options.html#index-Wdeprecated-declarations-Wdeprecated-declarations]8;;[m[K]
   87 |  [01;35m[Kcreate_client<chesslab_setup2_interfaces::srv::GetPieceLocation>([m[K
      |  [01;35m[K~~~~~~~~~~~~~~~~~~~~~~~~~~~~~~~~~~~~~~~~~~~~~~~~~~~~~~~~~~~~~~~~^[m[K

   88 | [01;35m[K   "/sensing_module/get_piece_location",[m[K
      |    [01;35m[K~~~~~~~~~~~~~~~~~~~~~~~~~~~~~~~~~~~~~[m[K                          

   89 | [01;35m[K   rmw_qos_profile_services_default,[m[K
      |    [01;35m[K~~~~~~~~~~~~~~~~~~~~~~~~~~~~~~~~~[m[K                              

   90 | [01;35m[K   client_group_)[m[K;
      |    [01;35m[K~~~~~~~~~~~~~~[m[K                                                 

In file included from [01m[K/opt/ros/jazzy/include/rclcpp/rclcpp/node.hpp:1663[m[K,
                 from [01m[K/opt/ros/jazzy/include/rclcpp/rclcpp/executors/single_threaded_executor.hpp:28[m[K,
                 from [01m[K/opt/ros/jazzy/include/rclcpp/rclcpp/executors.hpp:22[m[K,
                 from [01m[K/opt/ros/jazzy/include/rclcpp/rclcpp/rclcpp.hpp:172[m[K,
                 from [01m[K/home/omid/data/colcon_ws1FW/src/final_work/src/action_module/src/executor.cpp:1[m[K:
[01m[K/opt/ros/jazzy/include/rclcpp/rclcpp/node_impl.hpp:159:1:[m[K [01;36m[Knote: [m[Kdeclared here
  159 | [01;36m[KNode[m[K::create_client(
      | [01;36m[K^~~~[m[K
[01m[K/home/omid/data/colcon_ws1FW/src/final_work/src/action_module/src/executor.cpp:95:70:[m[K [01;35m[Kwarning: [m[K‘[01m[Ktypename rclcpp::Service<ServiceT>::SharedPtr rclcpp::Node::[01;32m[Kcreate_service[m[K(const std::string&, CallbackT&&, const rmw_qos_profile_t&, rclcpp::CallbackGroup::SharedPtr) [35m[K[with ServiceT = action_module::srv::MovePiece; CallbackT = std::_Bind<void (action_module::Executor::*(action_module::Executor*, std::_Placeholder<1>, std::_Placeholder<2>))(std::shared_ptr<action_module::srv::MovePiece_Request_<std::allocator<void> > >, std::shared_ptr<action_module::srv::MovePiece_Response_<std::allocator<void> > >)>; typename rclcpp::Service<ServiceT>::SharedPtr = std::shared_ptr<rclcpp::Service<action_module::srv::MovePiece> >; std::string = std::__cxx11::basic_string<char>; rmw_qos_profile_t = rmw_qos_profile_s; rclcpp::CallbackGroup::SharedPtr = std::shared_ptr<rclcpp::CallbackGroup>][m[K[m[K’ is deprecated: use rclcpp::QoS instead of rmw_qos_profile_t [[01;35m[K]8;;https://gcc.gnu.org/onlinedocs/gcc/Warning-Options.html#index-Wdeprecated-declarations-Wdeprecated-declarations]8;;[m[K]
   95 | ve_piece_service_ = [01;35m[Kcreate_service<action_module::srv::MovePiece>([m[K
      |                     [01;35m[K~~~~~~~~~~~~~~~~~~~~~~~~~~~~~~~~~~~~~~~~~~~~~^[m[K

   96 | [01;35m[K"move_piece",[m[K
      | [01;35m[K~~~~~~~~~~~~~[m[K                                                     

   97 | [01;35m[Kstd::bind(&Executor::handle_move_piece, this,[m[K
      | [01;35m[K~~~~~~~~~~~~~~~~~~~~~~~~~~~~~~~~~~~~~~~~~~~~~[m[K                     

   98 | [01;35m[K          std::placeholders::_1, std::placeholders::_2),[m[K
      |           [01;35m[K~~~~~~~~~~~~~~~~~~~~~~~~~~~~~~~~~~~~~~~~~~~~~~[m[K          

   99 | [01;35m[Krmw_qos_profile_services_default,[m[K
      | [01;35m[K~~~~~~~~~~~~~~~~~~~~~~~~~~~~~~~~~[m[K                                 

  100 | [01;35m[Kservice_group_)[m[K;
      | [01;35m[K~~~~~~~~~~~~~~~[m[K                                                   

[01m[K/opt/ros/jazzy/include/rclcpp/rclcpp/node_impl.hpp:192:1:[m[K [01;36m[Knote: [m[Kdeclared here
  192 | [01;36m[KNode[m[K::create_service(
      | [01;36m[K^~~~[m[K
[100%] [32m[1mLinking CXX executable executor[0m
[100%] Built target executor
-- Install configuration: ""
-- Installing: /home/omid/data/colcon_ws1FW/src/final_work/src/install/action_module/share/ament_index/resource_index/rosidl_interfaces/action_module
-- Installing: /home/omid/data/colcon_ws1FW/src/final_work/src/install/action_module/share/action_module/srv/MovePiece.json
-- Installing: /home/omid/data/colcon_ws1FW/src/final_work/src/install/action_module/include/action_module/action_module
-- Installing: /home/omid/data/colcon_ws1FW/src/final_work/src/install/action_module/include/action_module/action_module/srv
-- Installing: /home/omid/data/colcon_ws1FW/src/final_work/src/install/action_module/include/action_module/action_module/srv/move_piece.h
-- Installing: /home/omid/data/colcon_ws1FW/src/final_work/src/install/action_module/include/action_module/action_module/srv/detail
-- Installing: /home/omid/data/colcon_ws1FW/src/final_work/src/install/action_module/include/action_module/action_module/srv/detail/move_piece__type_support.c
-- Installing: /home/omid/data/colcon_ws1FW/src/final_work/src/install/action_module/include/action_module/action_module/srv/detail/move_piece__description.c
-- Installing: /home/omid/data/colcon_ws1FW/src/final_work/src/install/action_module/include/action_module/action_module/srv/detail/move_piece__type_support.h
-- Installing: /home/omid/data/colcon_ws1FW/src/final_work/src/install/action_module/include/action_module/action_module/srv/detail/move_piece__functions.c
-- Installing: /home/omid/data/colcon_ws1FW/src/final_work/src/install/action_module/include/action_module/action_module/srv/detail/move_piece__functions.h
-- Installing: /home/omid/data/colcon_ws1FW/src/final_work/src/install/action_module/include/action_module/action_module/srv/detail/move_piece__struct.h
-- Installing: /home/omid/data/colcon_ws1FW/src/final_work/src/install/action_module/include/action_module/action_module/msg
-- Installing: /home/omid/data/colcon_ws1FW/src/final_work/src/install/action_module/include/action_module/action_module/msg/rosidl_generator_c__visibility_control.h
-- Installing: /home/omid/data/colcon_ws1FW/src/final_work/src/install/action_module/share/action_module/environment/library_path.sh
-- Installing: /home/omid/data/colcon_ws1FW/src/final_work/src/install/action_module/share/action_module/environment/library_path.dsv
-- Installing: /home/omid/data/colcon_ws1FW/src/final_work/src/install/action_module/lib/libaction_module__rosidl_generator_c.so
-- Set non-toolchain portion of runtime path of "/home/omid/data/colcon_ws1FW/src/final_work/src/install/action_module/lib/libaction_module__rosidl_generator_c.so" to ""
-- Up-to-date: /home/omid/data/colcon_ws1FW/src/final_work/src/install/action_module/include/action_module/action_module
-- Up-to-date: /home/omid/data/colcon_ws1FW/src/final_work/src/install/action_module/include/action_module/action_module/srv
-- Up-to-date: /home/omid/data/colcon_ws1FW/src/final_work/src/install/action_module/include/action_module/action_module/srv/detail
-- Installing: /home/omid/data/colcon_ws1FW/src/final_work/src/install/action_module/include/action_module/action_module/srv/detail/move_piece__rosidl_typesupport_fastrtps_c.h
-- Up-to-date: /home/omid/data/colcon_ws1FW/src/final_work/src/install/action_module/include/action_module/action_module/msg
-- Installing: /home/omid/data/colcon_ws1FW/src/final_work/src/install/action_module/include/action_module/action_module/msg/rosidl_typesupport_fastrtps_c__visibility_control.h
-- Installing: /home/omid/data/colcon_ws1FW/src/final_work/src/install/action_module/lib/libaction_module__rosidl_typesupport_fastrtps_c.so
-- Set non-toolchain portion of runtime path of "/home/omid/data/colcon_ws1FW/src/final_work/src/install/action_module/lib/libaction_module__rosidl_typesupport_fastrtps_c.so" to ""
-- Up-to-date: /home/omid/data/colcon_ws1FW/src/final_work/src/install/action_module/include/action_module/action_module
-- Up-to-date: /home/omid/data/colcon_ws1FW/src/final_work/src/install/action_module/include/action_module/action_module/srv
-- Installing: /home/omid/data/colcon_ws1FW/src/final_work/src/install/action_module/include/action_module/action_module/srv/move_piece.hpp
-- Up-to-date: /home/omid/data/colcon_ws1FW/src/final_work/src/install/action_module/include/action_module/action_module/srv/detail
-- Installing: /home/omid/data/colcon_ws1FW/src/final_work/src/install/action_module/include/action_module/action_module/srv/detail/move_piece__traits.hpp
-- Installing: /home/omid/data/colcon_ws1FW/src/final_work/src/install/action_module/include/action_module/action_module/srv/detail/move_piece__struct.hpp
-- Installing: /home/omid/data/colcon_ws1FW/src/final_work/src/install/action_module/include/action_module/action_module/srv/detail/move_piece__type_support.hpp
-- Installing: /home/omid/data/colcon_ws1FW/src/final_work/src/install/action_module/include/action_module/action_module/srv/detail/move_piece__builder.hpp
-- Up-to-date: /home/omid/data/colcon_ws1FW/src/final_work/src/install/action_module/include/action_module/action_module/msg
-- Installing: /home/omid/data/colcon_ws1FW/src/final_work/src/install/action_module/include/action_module/action_module/msg/rosidl_generator_cpp__visibility_control.hpp
-- Up-to-date: /home/omid/data/colcon_ws1FW/src/final_work/src/install/action_module/include/action_module/action_module
-- Up-to-date: /home/omid/data/colcon_ws1FW/src/final_work/src/install/action_module/include/action_module/action_module/srv
-- Up-to-date: /home/omid/data/colcon_ws1FW/src/final_work/src/install/action_module/include/action_module/action_module/srv/detail
-- Installing: /home/omid/data/colcon_ws1FW/src/final_work/src/install/action_module/include/action_module/action_module/srv/detail/move_piece__rosidl_typesupport_fastrtps_cpp.hpp
-- Installing: /home/omid/data/colcon_ws1FW/src/final_work/src/install/action_module/include/action_module/action_module/srv/detail/dds_fastrtps
-- Up-to-date: /home/omid/data/colcon_ws1FW/src/final_work/src/install/action_module/include/action_module/action_module/msg
-- Installing: /home/omid/data/colcon_ws1FW/src/final_work/src/install/action_module/include/action_module/action_module/msg/rosidl_typesupport_fastrtps_cpp__visibility_control.h
-- Installing: /home/omid/data/colcon_ws1FW/src/final_work/src/install/action_module/lib/libaction_module__rosidl_typesupport_fastrtps_cpp.so
-- Set non-toolchain portion of runtime path of "/home/omid/data/colcon_ws1FW/src/final_work/src/install/action_module/lib/libaction_module__rosidl_typesupport_fastrtps_cpp.so" to ""
-- Up-to-date: /home/omid/data/colcon_ws1FW/src/final_work/src/install/action_module/include/action_module/action_module
-- Up-to-date: /home/omid/data/colcon_ws1FW/src/final_work/src/install/action_module/include/action_module/action_module/srv
-- Up-to-date: /home/omid/data/colcon_ws1FW/src/final_work/src/install/action_module/include/action_module/action_module/srv/detail
-- Installing: /home/omid/data/colcon_ws1FW/src/final_work/src/install/action_module/include/action_module/action_module/srv/detail/move_piece__rosidl_typesupport_introspection_c.h
-- Installing: /home/omid/data/colcon_ws1FW/src/final_work/src/install/action_module/include/action_module/action_module/srv/detail/move_piece__type_support.c
-- Up-to-date: /home/omid/data/colcon_ws1FW/src/final_work/src/install/action_module/include/action_module/action_module/msg
-- Installing: /home/omid/data/colcon_ws1FW/src/final_work/src/install/action_module/include/action_module/action_module/msg/rosidl_typesupport_introspection_c__visibility_control.h
-- Installing: /home/omid/data/colcon_ws1FW/src/final_work/src/install/action_module/lib/libaction_module__rosidl_typesupport_introspection_c.so
-- Set non-toolchain portion of runtime path of "/home/omid/data/colcon_ws1FW/src/final_work/src/install/action_module/lib/libaction_module__rosidl_typesupport_introspection_c.so" to ""
-- Installing: /home/omid/data/colcon_ws1FW/src/final_work/src/install/action_module/lib/libaction_module__rosidl_typesupport_c.so
-- Set non-toolchain portion of runtime path of "/home/omid/data/colcon_ws1FW/src/final_work/src/install/action_module/lib/libaction_module__rosidl_typesupport_c.so" to ""
-- Up-to-date: /home/omid/data/colcon_ws1FW/src/final_work/src/install/action_module/include/action_module/action_module
-- Up-to-date: /home/omid/data/colcon_ws1FW/src/final_work/src/install/action_module/include/action_module/action_module/srv
-- Up-to-date: /home/omid/data/colcon_ws1FW/src/final_work/src/install/action_module/include/action_module/action_module/srv/detail
-- Installing: /home/omid/data/colcon_ws1FW/src/final_work/src/install/action_module/include/action_module/action_module/srv/detail/move_piece__type_support.cpp
-- Installing: /home/omid/data/colcon_ws1FW/src/final_work/src/install/action_module/include/action_module/action_module/srv/detail/move_piece__rosidl_typesupport_introspection_cpp.hpp
-- Installing: /home/omid/data/colcon_ws1FW/src/final_work/src/install/action_module/lib/libaction_module__rosidl_typesupport_introspection_cpp.so
-- Set non-toolchain portion of runtime path of "/home/omid/data/colcon_ws1FW/src/final_work/src/install/action_module/lib/libaction_module__rosidl_typesupport_introspection_cpp.so" to ""
-- Installing: /home/omid/data/colcon_ws1FW/src/final_work/src/install/action_module/lib/libaction_module__rosidl_typesupport_cpp.so
-- Set non-toolchain portion of runtime path of "/home/omid/data/colcon_ws1FW/src/final_work/src/install/action_module/lib/libaction_module__rosidl_typesupport_cpp.so" to ""
-- Installing: /home/omid/data/colcon_ws1FW/src/final_work/src/install/action_module/share/action_module/environment/pythonpath.sh
-- Installing: /home/omid/data/colcon_ws1FW/src/final_work/src/install/action_module/share/action_module/environment/pythonpath.dsv
-- Installing: /home/omid/data/colcon_ws1FW/src/final_work/src/install/action_module/lib/python3.12/site-packages/action_module-0.1.0-py3.12.egg-info
-- Installing: /home/omid/data/colcon_ws1FW/src/final_work/src/install/action_module/lib/python3.12/site-packages/action_module-0.1.0-py3.12.egg-info/SOURCES.txt
-- Installing: /home/omid/data/colcon_ws1FW/src/final_work/src/install/action_module/lib/python3.12/site-packages/action_module-0.1.0-py3.12.egg-info/PKG-INFO
-- Installing: /home/omid/data/colcon_ws1FW/src/final_work/src/install/action_module/lib/python3.12/site-packages/action_module-0.1.0-py3.12.egg-info/top_level.txt
-- Installing: /home/omid/data/colcon_ws1FW/src/final_work/src/install/action_module/lib/python3.12/site-packages/action_module-0.1.0-py3.12.egg-info/dependency_links.txt
-- Installing: /home/omid/data/colcon_ws1FW/src/final_work/src/install/action_module/lib/python3.12/site-packages/action_module
-- Installing: /home/omid/data/colcon_ws1FW/src/final_work/src/install/action_module/lib/python3.12/site-packages/action_module/action_module_s__rosidl_typesupport_fastrtps_c.so
-- Installing: /home/omid/data/colcon_ws1FW/src/final_work/src/install/action_module/lib/python3.12/site-packages/action_module/srv
-- Installing: /home/omid/data/colcon_ws1FW/src/final_work/src/install/action_module/lib/python3.12/site-packages/action_module/srv/_move_piece.py
-- Installing: /home/omid/data/colcon_ws1FW/src/final_work/src/install/action_module/lib/python3.12/site-packages/action_module/srv/__init__.py
-- Installing: /home/omid/data/colcon_ws1FW/src/final_work/src/install/action_module/lib/python3.12/site-packages/action_module/srv/_move_piece_s.c
-- Installing: /home/omid/data/colcon_ws1FW/src/final_work/src/install/action_module/lib/python3.12/site-packages/action_module/action_module_s__rosidl_typesupport_c.so
-- Installing: /home/omid/data/colcon_ws1FW/src/final_work/src/install/action_module/lib/python3.12/site-packages/action_module/_action_module_s.ep.rosidl_typesupport_c.c
-- Installing: /home/omid/data/colcon_ws1FW/src/final_work/src/install/action_module/lib/python3.12/site-packages/action_module/_action_module_s.ep.rosidl_typesupport_fastrtps_c.c
-- Installing: /home/omid/data/colcon_ws1FW/src/final_work/src/install/action_module/lib/python3.12/site-packages/action_module/__init__.py
-- Installing: /home/omid/data/colcon_ws1FW/src/final_work/src/install/action_module/lib/python3.12/site-packages/action_module/action_module_s__rosidl_typesupport_introspection_c.so
-- Installing: /home/omid/data/colcon_ws1FW/src/final_work/src/install/action_module/lib/python3.12/site-packages/action_module/_action_module_s.ep.rosidl_typesupport_introspection_c.c
Listing '/home/omid/data/colcon_ws1FW/src/final_work/src/install/action_module/lib/python3.12/site-packages/action_module'...
Compiling '/home/omid/data/colcon_ws1FW/src/final_work/src/install/action_module/lib/python3.12/site-packages/action_module/__init__.py'...
Listing '/home/omid/data/colcon_ws1FW/src/final_work/src/install/action_module/lib/python3.12/site-packages/action_module/srv'...
Compiling '/home/omid/data/colcon_ws1FW/src/final_work/src/install/action_module/lib/python3.12/site-packages/action_module/srv/__init__.py'...
Compiling '/home/omid/data/colcon_ws1FW/src/final_work/src/install/action_module/lib/python3.12/site-packages/action_module/srv/_move_piece.py'...
-- Installing: /home/omid/data/colcon_ws1FW/src/final_work/src/install/action_module/lib/python3.12/site-packages/action_module/action_module_s__rosidl_typesupport_fastrtps_c.so
-- Set non-toolchain portion of runtime path of "/home/omid/data/colcon_ws1FW/src/final_work/src/install/action_module/lib/python3.12/site-packages/action_module/action_module_s__rosidl_typesupport_fastrtps_c.so" to ""
-- Installing: /home/omid/data/colcon_ws1FW/src/final_work/src/install/action_module/lib/python3.12/site-packages/action_module/action_module_s__rosidl_typesupport_introspection_c.so
-- Set non-toolchain portion of runtime path of "/home/omid/data/colcon_ws1FW/src/final_work/src/install/action_module/lib/python3.12/site-packages/action_module/action_module_s__rosidl_typesupport_introspection_c.so" to ""
-- Installing: /home/omid/data/colcon_ws1FW/src/final_work/src/install/action_module/lib/python3.12/site-packages/action_module/action_module_s__rosidl_typesupport_c.so
-- Set non-toolchain portion of runtime path of "/home/omid/data/colcon_ws1FW/src/final_work/src/install/action_module/lib/python3.12/site-packages/action_module/action_module_s__rosidl_typesupport_c.so" to ""
-- Installing: /home/omid/data/colcon_ws1FW/src/final_work/src/install/action_module/lib/libaction_module__rosidl_generator_py.so
-- Set non-toolchain portion of runtime path of "/home/omid/data/colcon_ws1FW/src/final_work/src/install/action_module/lib/libaction_module__rosidl_generator_py.so" to ""
-- Installing: /home/omid/data/colcon_ws1FW/src/final_work/src/install/action_module/share/action_module/srv/MovePiece.idl
-- Installing: /home/omid/data/colcon_ws1FW/src/final_work/src/install/action_module/share/action_module/srv/MovePiece.srv
-- Installing: /home/omid/data/colcon_ws1FW/src/final_work/src/install/action_module/lib/action_module/executor
-- Set non-toolchain portion of runtime path of "/home/omid/data/colcon_ws1FW/src/final_work/src/install/action_module/lib/action_module/executor" to ""
-- Installing: /home/omid/data/colcon_ws1FW/src/final_work/src/install/action_module/lib/libaction_module_core.so
-- Set non-toolchain portion of runtime path of "/home/omid/data/colcon_ws1FW/src/final_work/src/install/action_module/lib/libaction_module_core.so" to ""
-- Up-to-date: /home/omid/data/colcon_ws1FW/src/final_work/src/install/action_module/include
-- Up-to-date: /home/omid/data/colcon_ws1FW/src/final_work/src/install/action_module/include/action_module
-- Installing: /home/omid/data/colcon_ws1FW/src/final_work/src/install/action_module/include/action_module/executor.hpp
-- Installing: /home/omid/data/colcon_ws1FW/src/final_work/src/install/action_module/include/action_module/ik_mover.hpp
-- Installing: /home/omid/data/colcon_ws1FW/src/final_work/src/install/action_module/include/action_module/tf_grasp_builder.hpp
-- Up-to-date: /home/omid/data/colcon_ws1FW/src/final_work/src/install/action_module/share/action_module
-- Installing: /home/omid/data/colcon_ws1FW/src/final_work/src/install/action_module/share/action_module/action.launch.py
-- Up-to-date: /home/omid/data/colcon_ws1FW/src/final_work/src/install/action_module/share/action_module
-- Installing: /home/omid/data/colcon_ws1FW/src/final_work/src/install/action_module/share/action_module/MovePiece.srv
-- Installing: /home/omid/data/colcon_ws1FW/src/final_work/src/install/action_module/share/ament_index/resource_index/package_run_dependencies/action_module
-- Installing: /home/omid/data/colcon_ws1FW/src/final_work/src/install/action_module/share/ament_index/resource_index/parent_prefix_path/action_module
-- Installing: /home/omid/data/colcon_ws1FW/src/final_work/src/install/action_module/share/action_module/environment/ament_prefix_path.sh
-- Installing: /home/omid/data/colcon_ws1FW/src/final_work/src/install/action_module/share/action_module/environment/ament_prefix_path.dsv
-- Installing: /home/omid/data/colcon_ws1FW/src/final_work/src/install/action_module/share/action_module/environment/path.sh
-- Installing: /home/omid/data/colcon_ws1FW/src/final_work/src/install/action_module/share/action_module/environment/path.dsv
-- Installing: /home/omid/data/colcon_ws1FW/src/final_work/src/install/action_module/share/action_module/local_setup.bash
-- Installing: /home/omid/data/colcon_ws1FW/src/final_work/src/install/action_module/share/action_module/local_setup.sh
-- Installing: /home/omid/data/colcon_ws1FW/src/final_work/src/install/action_module/share/action_module/local_setup.zsh
-- Installing: /home/omid/data/colcon_ws1FW/src/final_work/src/install/action_module/share/action_module/local_setup.dsv
-- Installing: /home/omid/data/colcon_ws1FW/src/final_work/src/install/action_module/share/action_module/package.dsv
-- Installing: /home/omid/data/colcon_ws1FW/src/final_work/src/install/action_module/share/ament_index/resource_index/packages/action_module
-- Installing: /home/omid/data/colcon_ws1FW/src/final_work/src/install/action_module/share/action_module/cmake/export_action_module__rosidl_generator_cExport.cmake
-- Installing: /home/omid/data/colcon_ws1FW/src/final_work/src/install/action_module/share/action_module/cmake/export_action_module__rosidl_generator_cExport-noconfig.cmake
-- Installing: /home/omid/data/colcon_ws1FW/src/final_work/src/install/action_module/share/action_module/cmake/export_action_module__rosidl_typesupport_fastrtps_cExport.cmake
-- Installing: /home/omid/data/colcon_ws1FW/src/final_work/src/install/action_module/share/action_module/cmake/export_action_module__rosidl_typesupport_fastrtps_cExport-noconfig.cmake
-- Installing: /home/omid/data/colcon_ws1FW/src/final_work/src/install/action_module/share/action_module/cmake/export_action_module__rosidl_generator_cppExport.cmake
-- Installing: /home/omid/data/colcon_ws1FW/src/final_work/src/install/action_module/share/action_module/cmake/export_action_module__rosidl_typesupport_fastrtps_cppExport.cmake
-- Installing: /home/omid/data/colcon_ws1FW/src/final_work/src/install/action_module/share/action_module/cmake/export_action_module__rosidl_typesupport_fastrtps_cppExport-noconfig.cmake
-- Installing: /home/omid/data/colcon_ws1FW/src/final_work/src/install/action_module/share/action_module/cmake/action_module__rosidl_typesupport_introspection_cExport.cmake
-- Installing: /home/omid/data/colcon_ws1FW/src/final_work/src/install/action_module/share/action_module/cmake/action_module__rosidl_typesupport_introspection_cExport-noconfig.cmake
-- Installing: /home/omid/data/colcon_ws1FW/src/final_work/src/install/action_module/share/action_module/cmake/action_module__rosidl_typesupport_cExport.cmake
-- Installing: /home/omid/data/colcon_ws1FW/src/final_work/src/install/action_module/share/action_module/cmake/action_module__rosidl_typesupport_cExport-noconfig.cmake
-- Installing: /home/omid/data/colcon_ws1FW/src/final_work/src/install/action_module/share/action_module/cmake/action_module__rosidl_typesupport_introspection_cppExport.cmake
-- Installing: /home/omid/data/colcon_ws1FW/src/final_work/src/install/action_module/share/action_module/cmake/action_module__rosidl_typesupport_introspection_cppExport-noconfig.cmake
-- Installing: /home/omid/data/colcon_ws1FW/src/final_work/src/install/action_module/share/action_module/cmake/action_module__rosidl_typesupport_cppExport.cmake
-- Installing: /home/omid/data/colcon_ws1FW/src/final_work/src/install/action_module/share/action_module/cmake/action_module__rosidl_typesupport_cppExport-noconfig.cmake
-- Installing: /home/omid/data/colcon_ws1FW/src/final_work/src/install/action_module/share/action_module/cmake/export_action_module__rosidl_generator_pyExport.cmake
-- Installing: /home/omid/data/colcon_ws1FW/src/final_work/src/install/action_module/share/action_module/cmake/export_action_module__rosidl_generator_pyExport-noconfig.cmake
-- Installing: /home/omid/data/colcon_ws1FW/src/final_work/src/install/action_module/share/action_module/cmake/rosidl_cmake-extras.cmake
-- Installing: /home/omid/data/colcon_ws1FW/src/final_work/src/install/action_module/share/action_module/cmake/ament_cmake_export_dependencies-extras.cmake
-- Installing: /home/omid/data/colcon_ws1FW/src/final_work/src/install/action_module/share/action_module/cmake/ament_cmake_export_include_directories-extras.cmake
-- Installing: /home/omid/data/colcon_ws1FW/src/final_work/src/install/action_module/share/action_module/cmake/ament_cmake_export_libraries-extras.cmake
-- Installing: /home/omid/data/colcon_ws1FW/src/final_work/src/install/action_module/share/action_module/cmake/ament_cmake_export_targets-extras.cmake
-- Installing: /home/omid/data/colcon_ws1FW/src/final_work/src/install/action_module/share/action_module/cmake/rosidl_cmake_export_typesupport_targets-extras.cmake
-- Installing: /home/omid/data/colcon_ws1FW/src/final_work/src/install/action_module/share/action_module/cmake/rosidl_cmake_export_typesupport_libraries-extras.cmake
-- Installing: /home/omid/data/colcon_ws1FW/src/final_work/src/install/action_module/share/action_module/cmake/action_moduleConfig.cmake
-- Installing: /home/omid/data/colcon_ws1FW/src/final_work/src/install/action_module/share/action_module/cmake/action_moduleConfig-version.cmake
-- Installing: /home/omid/data/colcon_ws1FW/src/final_work/src/install/action_module/share/action_module/package.xml
