-- The C compiler identification is GNU 13.3.0
-- The CXX compiler identification is GNU 13.3.0
-- Detecting C compiler ABI info
-- Detecting C compiler ABI info - done
-- Check for working C compiler: /usr/bin/cc - skipped
-- Detecting C compile features
-- Detecting C compile features - done
-- Detecting CXX compiler ABI info
-- Detecting CXX compiler ABI info - done
-- Check for working CXX compiler: /usr/bin/c++ - skipped
-- Detecting CXX compile features
-- Detecting CXX compile features - done
-- Found ament_cmake: 2.5.4 (/opt/ros/jazzy/share/ament_cmake/cmake)
-- Found Python3: /usr/bin/python3 (found version "3.12.3") found components: Interpreter 
-- Found rclcpp: 28.1.13 (/opt/ros/jazzy/share/rclcpp/cmake)
-- Found rosidl_generator_c: 4.6.6 (/opt/ros/jazzy/share/rosidl_generator_c/cmake)
-- Found rosidl_generator_cpp: 4.6.6 (/opt/ros/jazzy/share/rosidl_generator_cpp/cmake)
-- Using all available rosidl_typesupport_c: rosidl_typesupport_fastrtps_c;rosidl_typesupport_introspection_c
-- Using all available rosidl_typesupport_cpp: rosidl_typesupport_fastrtps_cpp;rosidl_typesupport_introspection_cpp
-- Found rmw_implementation_cmake: 7.3.2 (/opt/ros/jazzy/share/rmw_implementation_cmake/cmake)
-- Found rmw_fastrtps_cpp: 8.4.3 (/opt/ros/jazzy/share/rmw_fastrtps_cpp/cmake)
-- Found OpenSSL: /usr/lib/x86_64-linux-gnu/libcrypto.so (found version "3.0.13")  
-- Found FastRTPS: /opt/ros/jazzy/include (Required is at least version "2.13") 
-- Using RMW implementation 'rmw_fastrtps_cpp' as default
-- Found geometry_msgs: 5.3.6 (/opt/ros/jazzy/share/geometry_msgs/cmake)
-- Found sensor_msgs: 5.3.6 (/opt/ros/jazzy/share/sensor_msgs/cmake)
-- Found std_srvs: 5.3.6 (/opt/ros/jazzy/share/std_srvs/cmake)
-- Found tf2: 0.36.16 (/opt/ros/jazzy/share/tf2/cmake)
-- Found tf2_ros: 0.36.16 (/opt/ros/jazzy/share/tf2_ros/cmake)
-- Found tf2_geometry_msgs: 0.36.16 (/opt/ros/jazzy/share/tf2_geometry_msgs/cmake)
-- Found eigen3_cmake_module: 0.3.0 (/opt/ros/jazzy/share/eigen3_cmake_module/cmake)
-- Found Eigen3: TRUE (found version "3.4.0") 
-- Ensuring Eigen3 include directory is part of orocos-kdl CMake target
-- Found kinenikros2: 0.0.1 (/home/omid/data/colcon_ws1FW/src/final_work/src/install/kinenikros2/share/kinenikros2/cmake)
-- Configuring done (4.9s)
-- Generating done (0.1s)
-- Build files have been written to: /home/omid/data/colcon_ws1FW/src/final_work/src/build/planning_module
[ 12%] [32mBuilding CXX object CMakeFiles/planning_core.dir/src/board_geometry.cpp.o[0m
[ 25%] [32mBuilding CXX object CMakeFiles/planning_core.dir/src/pick_place_planner.cpp.o[0m
[ 37%] [32mBuilding CXX object CMakeFiles/planning_core.dir/src/motion_planning.cpp.o[0m
[ 50%] [32m[1mLinking CXX shared library libplanning_core.so[0m
[ 50%] Built target planning_core
[ 62%] [32mBuilding CXX object CMakeFiles/pick_service_node.dir/src/pick_service_node.cpp.o[0m
[ 75%] [32mBuilding CXX object CMakeFiles/place_service_node.dir/src/place_service_node.cpp.o[0m
[ 87%] [32m[1mLinking CXX executable place_service_node[0m
[100%] [32m[1mLinking CXX executable pick_service_node[0m
[100%] Built target place_service_node
[100%] Built target pick_service_node
-- Install configuration: ""
-- Installing: /home/omid/data/colcon_ws1FW/src/final_work/src/install/planning_module/lib/libplanning_core.so
-- Set non-toolchain portion of runtime path of "/home/omid/data/colcon_ws1FW/src/final_work/src/install/planning_module/lib/libplanning_core.so" to ""
-- Installing: /home/omid/data/colcon_ws1FW/src/final_work/src/install/planning_module/include
-- Installing: /home/omid/data/colcon_ws1FW/src/final_work/src/install/planning_module/include/planning_module
-- Installing: /home/omid/data/colcon_ws1FW/src/final_work/src/install/planning_module/include/planning_module/board_geometry.hpp
-- Installing: /home/omid/data/colcon_ws1FW/src/final_work/src/install/planning_module/include/planning_module/pick_place_planner.hpp
-- Installing: /home/omid/data/colcon_ws1FW/src/final_work/src/install/planning_module/include/planning_module/motion_planning.hpp
-- Installing: /home/omid/data/colcon_ws1FW/src/final_work/src/install/planning_module/share/planning_module/environment/library_path.sh
-- Installing: /home/omid/data/colcon_ws1FW/src/final_work/src/install/planning_module/share/planning_module/environment/library_path.dsv
-- Installing: /home/omid/data/colcon_ws1FW/src/final_work/src/install/planning_module/lib/planning_module/pick_service_node
-- Set non-toolchain portion of runtime path of "/home/omid/data/colcon_ws1FW/src/final_work/src/install/planning_module/lib/planning_module/pick_service_node" to ""
-- Installing: /home/omid/data/colcon_ws1FW/src/final_work/src/install/planning_module/lib/planning_module/place_service_node
-- Set non-toolchain portion of runtime path of "/home/omid/data/colcon_ws1FW/src/final_work/src/install/planning_module/lib/planning_module/place_service_node" to ""
-- Installing: /home/omid/data/colcon_ws1FW/src/final_work/src/install/planning_module/share/planning_module/launch
-- Installing: /home/omid/data/colcon_ws1FW/src/final_work/src/install/planning_module/share/planning_module/launch/planning.launch.py
-- Installing: /home/omid/data/colcon_ws1FW/src/final_work/src/install/planning_module/share/ament_index/resource_index/package_run_dependencies/planning_module
-- Installing: /home/omid/data/colcon_ws1FW/src/final_work/src/install/planning_module/share/ament_index/resource_index/parent_prefix_path/planning_module
-- Installing: /home/omid/data/colcon_ws1FW/src/final_work/src/install/planning_module/share/planning_module/environment/ament_prefix_path.sh
-- Installing: /home/omid/data/colcon_ws1FW/src/final_work/src/install/planning_module/share/planning_module/environment/ament_prefix_path.dsv
-- Installing: /home/omid/data/colcon_ws1FW/src/final_work/src/install/planning_module/share/planning_module/environment/path.sh
-- Installing: /home/omid/data/colcon_ws1FW/src/final_work/src/install/planning_module/share/planning_module/environment/path.dsv
-- Installing: /home/omid/data/colcon_ws1FW/src/final_work/src/install/planning_module/share/planning_module/local_setup.bash
-- Installing: /home/omid/data/colcon_ws1FW/src/final_work/src/install/planning_module/share/planning_module/local_setup.sh
-- Installing: /home/omid/data/colcon_ws1FW/src/final_work/src/install/planning_module/share/planning_module/local_setup.zsh
-- Installing: /home/omid/data/colcon_ws1FW/src/final_work/src/install/planning_module/share/planning_module/local_setup.dsv
-- Installing: /home/omid/data/colcon_ws1FW/src/final_work/src/install/planning_module/share/planning_module/package.dsv
-- Installing: /home/omid/data/colcon_ws1FW/src/final_work/src/install/planning_module/share/ament_index/resource_index/packages/planning_module
-- Installing: /home/omid/data/colcon_ws1FW/src/final_work/src/install/planning_module/share/planning_module/cmake/export_planning_coreExport.cmake
-- Installing: /home/omid/data/colcon_ws1FW/src/final_work/src/install/planning_module/share/planning_module/cmake/export_planning_coreExport-noconfig.cmake
-- Installing: /home/omid/data/colcon_ws1FW/src/final_work/src/install/planning_module/share/planning_module/cmake/ament_cmake_export_include_directories-extras.cmake
-- Installing: /home/omid/data/colcon_ws1FW/src/final_work/src/install/planning_module/share/planning_module/cmake/ament_cmake_export_targets-extras.cmake
-- Installing: /home/omid/data/colcon_ws1FW/src/final_work/src/install/planning_module/share/planning_module/cmake/ament_cmake_export_dependencies-extras.cmake
-- Installing: /home/omid/data/colcon_ws1FW/src/final_work/src/install/planning_module/share/planning_module/cmake/planning_moduleConfig.cmake
-- Installing: /home/omid/data/colcon_ws1FW/src/final_work/src/install/planning_module/share/planning_module/cmake/planning_moduleConfig-version.cmake
-- Installing: /home/omid/data/colcon_ws1FW/src/final_work/src/install/planning_module/share/planning_module/package.xml
