-- The C compiler identification is GNU 13.3.0
-- The CXX compiler identification is GNU 13.3.0
-- Detecting C compiler ABI info
-- Detecting C compiler ABI info - done
-- Check for working C compiler: /usr/bin/cc - skipped
-- Detecting C compile features
-- Detecting C compile features - done
-- Detecting CXX compiler ABI info
-- Detecting CXX compiler ABI info - done
-- Check for working CXX compiler: /usr/bin/c++ - skipped
-- Detecting CXX compile features
-- Detecting CXX compile features - done
-- Found ament_cmake: 2.5.4 (/opt/ros/jazzy/share/ament_cmake/cmake)
-- Found Python3: /usr/bin/python3 (found version "3.12.3") found components: Interpreter 
-- Found rclcpp: 28.1.13 (/opt/ros/jazzy/share/rclcpp/cmake)
-- Found rosidl_generator_c: 4.6.6 (/opt/ros/jazzy/share/rosidl_generator_c/cmake)
-- Found rosidl_generator_cpp: 4.6.6 (/opt/ros/jazzy/share/rosidl_generator_cpp/cmake)
-- Using all available rosidl_typesupport_c: rosidl_typesupport_fastrtps_c;rosidl_typesupport_introspection_c
-- Using all available rosidl_typesupport_cpp: rosidl_typesupport_fastrtps_cpp;rosidl_typesupport_introspection_cpp
-- Found rmw_implementation_cmake: 7.3.2 (/opt/ros/jazzy/share/rmw_implementation_cmake/cmake)
-- Found rmw_fastrtps_cpp: 8.4.3 (/opt/ros/jazzy/share/rmw_fastrtps_cpp/cmake)
-- Found OpenSSL: /usr/lib/x86_64-linux-gnu/libcrypto.so (found version "3.0.13")  
-- Found FastRTPS: /opt/ros/jazzy/include (Required is at least version "2.13") 
-- Using RMW implementation 'rmw_fastrtps_cpp' as default
-- Found std_msgs: 5.3.6 (/opt/ros/jazzy/share/std_msgs/cmake)
-- Found geometry_msgs: 5.3.6 (/opt/ros/jazzy/share/geometry_msgs/cmake)
-- Found visualization_msgs: 5.3.6 (/opt/ros/jazzy/share/visualization_msgs/cmake)
-- Found tf2: 0.36.16 (/opt/ros/jazzy/share/tf2/cmake)
-- Found tf2_ros: 0.36.16 (/opt/ros/jazzy/share/tf2_ros/cmake)
-- Found tf2_geometry_msgs: 0.36.16 (/opt/ros/jazzy/share/tf2_geometry_msgs/cmake)
-- Found eigen3_cmake_module: 0.3.0 (/opt/ros/jazzy/share/eigen3_cmake_module/cmake)
-- Found Eigen3: TRUE (found version "3.4.0") 
-- Ensuring Eigen3 include directory is part of orocos-kdl CMake target
-- Found chesslab_setup2_interfaces: 0.0.0 (/home/omid/data/colcon_ws1FW/src/final_work/src/install/chesslab_setup2_interfaces/share/chesslab_setup2_interfaces/cmake)
-- Found ament_lint_auto: 0.17.3 (/opt/ros/jazzy/share/ament_lint_auto/cmake)
-- Added test 'cppcheck' to perform static code analysis on C / C++ code
-- Configured cppcheck include dirs: 
-- Configured cppcheck exclude dirs and/or files: 
-- Added test 'flake8' to check Python code syntax and style conventions
-- Configured 'flake8' exclude dirs and/or files: 
-- Added test 'lint_cmake' to check CMake code style
-- Added test 'pep257' to check Python code against some of the docstring style conventions in PEP 257
-- Added test 'uncrustify' to check C / C++ code style
-- Configured uncrustify additional arguments: 
-- Added test 'xmllint' to check XML markup files
-- Configuring done (5.1s)
-- Generating done (0.0s)
-- Build files have been written to: /home/omid/data/colcon_ws1FW/src/final_work/src/build/sensing_module
[ 50%] [32mBuilding CXX object CMakeFiles/sensing_node.dir/src/sensing_node_combined.cpp.o[0m
[100%] [32m[1mLinking CXX executable sensing_node[0m
[100%] Built target sensing_node
-- Install configuration: ""
-- Installing: /home/omid/data/colcon_ws1FW/src/final_work/src/install/sensing_module/lib/sensing_module/sensing_node
-- Set non-toolchain portion of runtime path of "/home/omid/data/colcon_ws1FW/src/final_work/src/install/sensing_module/lib/sensing_module/sensing_node" to ""
-- Installing: /home/omid/data/colcon_ws1FW/src/final_work/src/install/sensing_module/share/sensing_module//launch
-- Installing: /home/omid/data/colcon_ws1FW/src/final_work/src/install/sensing_module/share/sensing_module//launch/sensing_module.launch.py
-- Installing: /home/omid/data/colcon_ws1FW/src/final_work/src/install/sensing_module/share/sensing_module//config
-- Installing: /home/omid/data/colcon_ws1FW/src/final_work/src/install/sensing_module/share/sensing_module//config/sensing_params.yaml
-- Installing: /home/omid/data/colcon_ws1FW/src/final_work/src/install/sensing_module/share/ament_index/resource_index/package_run_dependencies/sensing_module
-- Installing: /home/omid/data/colcon_ws1FW/src/final_work/src/install/sensing_module/share/ament_index/resource_index/parent_prefix_path/sensing_module
-- Installing: /home/omid/data/colcon_ws1FW/src/final_work/src/install/sensing_module/share/sensing_module/environment/ament_prefix_path.sh
-- Installing: /home/omid/data/colcon_ws1FW/src/final_work/src/install/sensing_module/share/sensing_module/environment/ament_prefix_path.dsv
-- Installing: /home/omid/data/colcon_ws1FW/src/final_work/src/install/sensing_module/share/sensing_module/environment/path.sh
-- Installing: /home/omid/data/colcon_ws1FW/src/final_work/src/install/sensing_module/share/sensing_module/environment/path.dsv
-- Installing: /home/omid/data/colcon_ws1FW/src/final_work/src/install/sensing_module/share/sensing_module/local_setup.bash
-- Installing: /home/omid/data/colcon_ws1FW/src/final_work/src/install/sensing_module/share/sensing_module/local_setup.sh
-- Installing: /home/omid/data/colcon_ws1FW/src/final_work/src/install/sensing_module/share/sensing_module/local_setup.zsh
-- Installing: /home/omid/data/colcon_ws1FW/src/final_work/src/install/sensing_module/share/sensing_module/local_setup.dsv
-- Installing: /home/omid/data/colcon_ws1FW/src/final_work/src/install/sensing_module/share/sensing_module/package.dsv
-- Installing: /home/omid/data/colcon_ws1FW/src/final_work/src/install/sensing_module/share/ament_index/resource_index/packages/sensing_module
-- Installing: /home/omid/data/colcon_ws1FW/src/final_work/src/install/sensing_module/share/sensing_module/cmake/ament_cmake_export_dependencies-extras.cmake
-- Installing: /home/omid/data/colcon_ws1FW/src/final_work/src/install/sensing_module/share/sensing_module/cmake/sensing_moduleConfig.cmake
-- Installing: /home/omid/data/colcon_ws1FW/src/final_work/src/install/sensing_module/share/sensing_module/cmake/sensing_moduleConfig-version.cmake
-- Installing: /home/omid/data/colcon_ws1FW/src/final_work/src/install/sensing_module/share/sensing_module/package.xml
