[0.033s] Invoking command in '/home/omid/data/colcon_ws1FW/src/final_work/src/build/sensing_module': AMENT_PREFIX_PATH=/home/omid/data/colcon_ws1FW/src/final_work/src/install/chesslab_setup2_interfaces:${AMENT_PREFIX_PATH} CMAKE_PREFIX_PATH=/home/omid/data/colcon_ws1FW/src/final_work/src/install/chesslab_setup2_interfaces:/opt/ros/jazzy/opt/gz_sim_vendor:/opt/ros/jazzy/opt/gz_sensors_vendor:/opt/ros/jazzy/opt/gz_physics_vendor:/opt/ros/jazzy/opt/sdformat_vendor:/opt/ros/jazzy/opt/gz_gui_vendor:/opt/ros/jazzy/opt/gz_transport_vendor:/opt/ros/jazzy/opt/gz_rendering_vendor:/opt/ros/jazzy/opt/gz_plugin_vendor:/opt/ros/jazzy/opt/gz_fuel_tools_vendor:/opt/ros/jazzy/opt/gz_msgs_vendor:/opt/ros/jazzy/opt/gz_common_vendor:/opt/ros/jazzy/opt/gz_math_vendor:/opt/ros/jazzy/opt/gz_utils_vendor:/opt/ros/jazzy/opt/gz_tools_vendor:/opt/ros/jazzy/opt/gz_ogre_next_vendor:/opt/ros/jazzy/opt/gz_dartsim_vendor:/opt/ros/jazzy/opt/gz_cmake_vendor:/opt/ros/jazzy DEBUGINFOD_URLS=https://debuginfod.ubuntu.com LD_LIBRARY_PATH=/home/omid/data/colcon_ws1FW/src/final_work/src/install/chesslab_setup2_interfaces/lib:${LD_LIBRARY_PATH} PYTHONPATH=/home/omid/data/colcon_ws1FW/src/final_work/src/install/chesslab_setup2_interfaces/lib/python3.12/site-packages:${PYTHONPATH} /usr/bin/cmake /home/omid/data/colcon_ws1FW/src/final_work/src/sensing_module -DCMAKE_INSTALL_PREFIX=/home/omid/data/colcon_ws1FW/src/final_work/src/install/sensing_module
[0.184s] -- The C compiler identification is GNU 13.3.0
[0.350s] -- The CXX compiler identification is GNU 13.3.0
[0.403s] -- Detecting C compiler ABI info
[0.652s] -- Detecting C compiler ABI info - done
[0.689s] -- Check for working C compiler: /usr/bin/cc - skipped
[0.689s] -- Detecting C compile features
[0.691s] -- Detecting C compile features - done
[0.718s] -- Detecting CXX compiler ABI info
[0.991s] -- Detecting CXX compiler ABI info - done
[1.023s] -- Check for working CXX compiler: /usr/bin/c++ - skipped
[1.024s] -- Detecting CXX compile features
[1.025s] -- Detecting CXX compile features - done
[1.035s] -- Found ament_cmake: 2.5.4 (/opt/ros/jazzy/share/ament_cmake/cmake)
[1.504s] -- Found Python3: /usr/bin/python3 (found version "3.12.3") found components: Interpreter 
[1.956s] -- Found rclcpp: 28.1.13 (/opt/ros/jazzy/share/rclcpp/cmake)
[2.155s] -- Found rosidl_generator_c: 4.6.6 (/opt/ros/jazzy/share/rosidl_generator_c/cmake)
[2.225s] -- Found rosidl_generator_cpp: 4.6.6 (/opt/ros/jazzy/share/rosidl_generator_cpp/cmake)
[2.304s] -- Using all available rosidl_typesupport_c: rosidl_typesupport_fastrtps_c;rosidl_typesupport_introspection_c
[2.392s] -- Using all available rosidl_typesupport_cpp: rosidl_typesupport_fastrtps_cpp;rosidl_typesupport_introspection_cpp
[2.747s] -- Found rmw_implementation_cmake: 7.3.2 (/opt/ros/jazzy/share/rmw_implementation_cmake/cmake)
[2.763s] -- Found rmw_fastrtps_cpp: 8.4.3 (/opt/ros/jazzy/share/rmw_fastrtps_cpp/cmake)
[3.048s] -- Found OpenSSL: /usr/lib/x86_64-linux-gnu/libcrypto.so (found version "3.0.13")  
[3.118s] -- Found FastRTPS: /opt/ros/jazzy/include (Required is at least version "2.13") 
[3.200s] -- Using RMW implementation 'rmw_fastrtps_cpp' as default
[3.527s] -- Found std_msgs: 5.3.6 (/opt/ros/jazzy/share/std_msgs/cmake)
[3.591s] -- Found geometry_msgs: 5.3.6 (/opt/ros/jazzy/share/geometry_msgs/cmake)
[3.660s] -- Found visualization_msgs: 5.3.6 (/opt/ros/jazzy/share/visualization_msgs/cmake)
[3.895s] -- Found tf2: 0.36.16 (/opt/ros/jazzy/share/tf2/cmake)
[3.921s] -- Found tf2_ros: 0.36.16 (/opt/ros/jazzy/share/tf2_ros/cmake)
[4.469s] -- Found tf2_geometry_msgs: 0.36.16 (/opt/ros/jazzy/share/tf2_geometry_msgs/cmake)
[4.542s] -- Found eigen3_cmake_module: 0.3.0 (/opt/ros/jazzy/share/eigen3_cmake_module/cmake)
[4.547s] -- Found Eigen3: TRUE (found version "3.4.0") 
[4.547s] -- Ensuring Eigen3 include directory is part of orocos-kdl CMake target
[4.555s] -- Found chesslab_setup2_interfaces: 0.0.0 (/home/omid/data/colcon_ws1FW/src/final_work/src/install/chesslab_setup2_interfaces/share/chesslab_setup2_interfaces/cmake)
[4.680s] -- Found ament_lint_auto: 0.17.3 (/opt/ros/jazzy/share/ament_lint_auto/cmake)
[5.100s] -- Added test 'cppcheck' to perform static code analysis on C / C++ code
[5.100s] -- Configured cppcheck include dirs: 
[5.101s] -- Configured cppcheck exclude dirs and/or files: 
[5.104s] -- Added test 'flake8' to check Python code syntax and style conventions
[5.104s] -- Configured 'flake8' exclude dirs and/or files: 
[5.107s] -- Added test 'lint_cmake' to check CMake code style
[5.111s] -- Added test 'pep257' to check Python code against some of the docstring style conventions in PEP 257
[5.116s] -- Added test 'uncrustify' to check C / C++ code style
[5.116s] -- Configured uncrustify additional arguments: 
[5.119s] -- Added test 'xmllint' to check XML markup files
[5.127s] -- Configuring done (5.1s)
[5.183s] -- Generating done (0.0s)
[5.199s] -- Build files have been written to: /home/omid/data/colcon_ws1FW/src/final_work/src/build/sensing_module
[5.230s] Invoked command in '/home/omid/data/colcon_ws1FW/src/final_work/src/build/sensing_module' returned '0': AMENT_PREFIX_PATH=/home/omid/data/colcon_ws1FW/src/final_work/src/install/chesslab_setup2_interfaces:${AMENT_PREFIX_PATH} CMAKE_PREFIX_PATH=/home/omid/data/colcon_ws1FW/src/final_work/src/install/chesslab_setup2_interfaces:/opt/ros/jazzy/opt/gz_sim_vendor:/opt/ros/jazzy/opt/gz_sensors_vendor:/opt/ros/jazzy/opt/gz_physics_vendor:/opt/ros/jazzy/opt/sdformat_vendor:/opt/ros/jazzy/opt/gz_gui_vendor:/opt/ros/jazzy/opt/gz_transport_vendor:/opt/ros/jazzy/opt/gz_rendering_vendor:/opt/ros/jazzy/opt/gz_plugin_vendor:/opt/ros/jazzy/opt/gz_fuel_tools_vendor:/opt/ros/jazzy/opt/gz_msgs_vendor:/opt/ros/jazzy/opt/gz_common_vendor:/opt/ros/jazzy/opt/gz_math_vendor:/opt/ros/jazzy/opt/gz_utils_vendor:/opt/ros/jazzy/opt/gz_tools_vendor:/opt/ros/jazzy/opt/gz_ogre_next_vendor:/opt/ros/jazzy/opt/gz_dartsim_vendor:/opt/ros/jazzy/opt/gz_cmake_vendor:/opt/ros/jazzy DEBUGINFOD_URLS=https://debuginfod.ubuntu.com LD_LIBRARY_PATH=/home/omid/data/colcon_ws1FW/src/final_work/src/install/chesslab_setup2_interfaces/lib:${LD_LIBRARY_PATH} PYTHONPATH=/home/omid/data/colcon_ws1FW/src/final_work/src/install/chesslab_setup2_interfaces/lib/python3.12/site-packages:${PYTHONPATH} /usr/bin/cmake /home/omid/data/colcon_ws1FW/src/final_work/src/sensing_module -DCMAKE_INSTALL_PREFIX=/home/omid/data/colcon_ws1FW/src/final_work/src/install/sensing_module
[5.234s] Invoking command in '/home/omid/data/colcon_ws1FW/src/final_work/src/build/sensing_module': AMENT_PREFIX_PATH=/home/omid/data/colcon_ws1FW/src/final_work/src/install/chesslab_setup2_interfaces:${AMENT_PREFIX_PATH} CMAKE_PREFIX_PATH=/home/omid/data/colcon_ws1FW/src/final_work/src/install/chesslab_setup2_interfaces:/opt/ros/jazzy/opt/gz_sim_vendor:/opt/ros/jazzy/opt/gz_sensors_vendor:/opt/ros/jazzy/opt/gz_physics_vendor:/opt/ros/jazzy/opt/sdformat_vendor:/opt/ros/jazzy/opt/gz_gui_vendor:/opt/ros/jazzy/opt/gz_transport_vendor:/opt/ros/jazzy/opt/gz_rendering_vendor:/opt/ros/jazzy/opt/gz_plugin_vendor:/opt/ros/jazzy/opt/gz_fuel_tools_vendor:/opt/ros/jazzy/opt/gz_msgs_vendor:/opt/ros/jazzy/opt/gz_common_vendor:/opt/ros/jazzy/opt/gz_math_vendor:/opt/ros/jazzy/opt/gz_utils_vendor:/opt/ros/jazzy/opt/gz_tools_vendor:/opt/ros/jazzy/opt/gz_ogre_next_vendor:/opt/ros/jazzy/opt/gz_dartsim_vendor:/opt/ros/jazzy/opt/gz_cmake_vendor:/opt/ros/jazzy DEBUGINFOD_URLS=https://debuginfod.ubuntu.com LD_LIBRARY_PATH=/home/omid/data/colcon_ws1FW/src/final_work/src/install/chesslab_setup2_interfaces/lib:${LD_LIBRARY_PATH} PYTHONPATH=/home/omid/data/colcon_ws1FW/src/final_work/src/install/chesslab_setup2_interfaces/lib/python3.12/site-packages:${PYTHONPATH} /usr/bin/cmake --build /home/omid/data/colcon_ws1FW/src/final_work/src/build/sensing_module -- -j8 -l8
[5.366s] [ 50%] [32mBuilding CXX object CMakeFiles/sensing_node.dir/src/sensing_node_combined.cpp.o[0m
[26.751s] [100%] [32m[1mLinking CXX executable sensing_node[0m
[27.474s] [100%] Built target sensing_node
[27.499s] Invoked command in '/home/omid/data/colcon_ws1FW/src/final_work/src/build/sensing_module' returned '0': AMENT_PREFIX_PATH=/home/omid/data/colcon_ws1FW/src/final_work/src/install/chesslab_setup2_interfaces:${AMENT_PREFIX_PATH} CMAKE_PREFIX_PATH=/home/omid/data/colcon_ws1FW/src/final_work/src/install/chesslab_setup2_interfaces:/opt/ros/jazzy/opt/gz_sim_vendor:/opt/ros/jazzy/opt/gz_sensors_vendor:/opt/ros/jazzy/opt/gz_physics_vendor:/opt/ros/jazzy/opt/sdformat_vendor:/opt/ros/jazzy/opt/gz_gui_vendor:/opt/ros/jazzy/opt/gz_transport_vendor:/opt/ros/jazzy/opt/gz_rendering_vendor:/opt/ros/jazzy/opt/gz_plugin_vendor:/opt/ros/jazzy/opt/gz_fuel_tools_vendor:/opt/ros/jazzy/opt/gz_msgs_vendor:/opt/ros/jazzy/opt/gz_common_vendor:/opt/ros/jazzy/opt/gz_math_vendor:/opt/ros/jazzy/opt/gz_utils_vendor:/opt/ros/jazzy/opt/gz_tools_vendor:/opt/ros/jazzy/opt/gz_ogre_next_vendor:/opt/ros/jazzy/opt/gz_dartsim_vendor:/opt/ros/jazzy/opt/gz_cmake_vendor:/opt/ros/jazzy DEBUGINFOD_URLS=https://debuginfod.ubuntu.com LD_LIBRARY_PATH=/home/omid/data/colcon_ws1FW/src/final_work/src/install/chesslab_setup2_interfaces/lib:${LD_LIBRARY_PATH} PYTHONPATH=/home/omid/data/colcon_ws1FW/src/final_work/src/install/chesslab_setup2_interfaces/lib/python3.12/site-packages:${PYTHONPATH} /usr/bin/cmake --build /home/omid/data/colcon_ws1FW/src/final_work/src/build/sensing_module -- -j8 -l8
[27.502s] Invoking command in '/home/omid/data/colcon_ws1FW/src/final_work/src/build/sensing_module': AMENT_PREFIX_PATH=/home/omid/data/colcon_ws1FW/src/final_work/src/install/chesslab_setup2_interfaces:${AMENT_PREFIX_PATH} CMAKE_PREFIX_PATH=/home/omid/data/colcon_ws1FW/src/final_work/src/install/chesslab_setup2_interfaces:/opt/ros/jazzy/opt/gz_sim_vendor:/opt/ros/jazzy/opt/gz_sensors_vendor:/opt/ros/jazzy/opt/gz_physics_vendor:/opt/ros/jazzy/opt/sdformat_vendor:/opt/ros/jazzy/opt/gz_gui_vendor:/opt/ros/jazzy/opt/gz_transport_vendor:/opt/ros/jazzy/opt/gz_rendering_vendor:/opt/ros/jazzy/opt/gz_plugin_vendor:/opt/ros/jazzy/opt/gz_fuel_tools_vendor:/opt/ros/jazzy/opt/gz_msgs_vendor:/opt/ros/jazzy/opt/gz_common_vendor:/opt/ros/jazzy/opt/gz_math_vendor:/opt/ros/jazzy/opt/gz_utils_vendor:/opt/ros/jazzy/opt/gz_tools_vendor:/opt/ros/jazzy/opt/gz_ogre_next_vendor:/opt/ros/jazzy/opt/gz_dartsim_vendor:/opt/ros/jazzy/opt/gz_cmake_vendor:/opt/ros/jazzy DEBUGINFOD_URLS=https://debuginfod.ubuntu.com LD_LIBRARY_PATH=/home/omid/data/colcon_ws1FW/src/final_work/src/install/chesslab_setup2_interfaces/lib:${LD_LIBRARY_PATH} PYTHONPATH=/home/omid/data/colcon_ws1FW/src/final_work/src/install/chesslab_setup2_interfaces/lib/python3.12/site-packages:${PYTHONPATH} /usr/bin/cmake --install /home/omid/data/colcon_ws1FW/src/final_work/src/build/sensing_module
[27.519s] -- Install configuration: ""
[27.520s] -- Installing: /home/omid/data/colcon_ws1FW/src/final_work/src/install/sensing_module/lib/sensing_module/sensing_node
[27.526s] -- Set non-toolchain portion of runtime path of "/home/omid/data/colcon_ws1FW/src/final_work/src/install/sensing_module/lib/sensing_module/sensing_node" to ""
[27.526s] -- Installing: /home/omid/data/colcon_ws1FW/src/final_work/src/install/sensing_module/share/sensing_module//launch
[27.527s] -- Installing: /home/omid/data/colcon_ws1FW/src/final_work/src/install/sensing_module/share/sensing_module//launch/sensing_module.launch.py
[27.527s] -- Installing: /home/omid/data/colcon_ws1FW/src/final_work/src/install/sensing_module/share/sensing_module//config
[27.527s] -- Installing: /home/omid/data/colcon_ws1FW/src/final_work/src/install/sensing_module/share/sensing_module//config/sensing_params.yaml
[27.528s] -- Installing: /home/omid/data/colcon_ws1FW/src/final_work/src/install/sensing_module/share/ament_index/resource_index/package_run_dependencies/sensing_module
[27.528s] -- Installing: /home/omid/data/colcon_ws1FW/src/final_work/src/install/sensing_module/share/ament_index/resource_index/parent_prefix_path/sensing_module
[27.529s] -- Installing: /home/omid/data/colcon_ws1FW/src/final_work/src/install/sensing_module/share/sensing_module/environment/ament_prefix_path.sh
[27.529s] -- Installing: /home/omid/data/colcon_ws1FW/src/final_work/src/install/sensing_module/share/sensing_module/environment/ament_prefix_path.dsv
[27.529s] -- Installing: /home/omid/data/colcon_ws1FW/src/final_work/src/install/sensing_module/share/sensing_module/environment/path.sh
[27.530s] -- Installing: /home/omid/data/colcon_ws1FW/src/final_work/src/install/sensing_module/share/sensing_module/environment/path.dsv
[27.530s] -- Installing: /home/omid/data/colcon_ws1FW/src/final_work/src/install/sensing_module/share/sensing_module/local_setup.bash
[27.531s] -- Installing: /home/omid/data/colcon_ws1FW/src/final_work/src/install/sensing_module/share/sensing_module/local_setup.sh
[27.531s] -- Installing: /home/omid/data/colcon_ws1FW/src/final_work/src/install/sensing_module/share/sensing_module/local_setup.zsh
[27.531s] -- Installing: /home/omid/data/colcon_ws1FW/src/final_work/src/install/sensing_module/share/sensing_module/local_setup.dsv
[27.532s] -- Installing: /home/omid/data/colcon_ws1FW/src/final_work/src/install/sensing_module/share/sensing_module/package.dsv
[27.532s] -- Installing: /home/omid/data/colcon_ws1FW/src/final_work/src/install/sensing_module/share/ament_index/resource_index/packages/sensing_module
[27.533s] -- Installing: /home/omid/data/colcon_ws1FW/src/final_work/src/install/sensing_module/share/sensing_module/cmake/ament_cmake_export_dependencies-extras.cmake
[27.533s] -- Installing: /home/omid/data/colcon_ws1FW/src/final_work/src/install/sensing_module/share/sensing_module/cmake/sensing_moduleConfig.cmake
[27.533s] -- Installing: /home/omid/data/colcon_ws1FW/src/final_work/src/install/sensing_module/share/sensing_module/cmake/sensing_moduleConfig-version.cmake
[27.534s] -- Installing: /home/omid/data/colcon_ws1FW/src/final_work/src/install/sensing_module/share/sensing_module/package.xml
[27.538s] Invoked command in '/home/omid/data/colcon_ws1FW/src/final_work/src/build/sensing_module' returned '0': AMENT_PREFIX_PATH=/home/omid/data/colcon_ws1FW/src/final_work/src/install/chesslab_setup2_interfaces:${AMENT_PREFIX_PATH} CMAKE_PREFIX_PATH=/home/omid/data/colcon_ws1FW/src/final_work/src/install/chesslab_setup2_interfaces:/opt/ros/jazzy/opt/gz_sim_vendor:/opt/ros/jazzy/opt/gz_sensors_vendor:/opt/ros/jazzy/opt/gz_physics_vendor:/opt/ros/jazzy/opt/sdformat_vendor:/opt/ros/jazzy/opt/gz_gui_vendor:/opt/ros/jazzy/opt/gz_transport_vendor:/opt/ros/jazzy/opt/gz_rendering_vendor:/opt/ros/jazzy/opt/gz_plugin_vendor:/opt/ros/jazzy/opt/gz_fuel_tools_vendor:/opt/ros/jazzy/opt/gz_msgs_vendor:/opt/ros/jazzy/opt/gz_common_vendor:/opt/ros/jazzy/opt/gz_math_vendor:/opt/ros/jazzy/opt/gz_utils_vendor:/opt/ros/jazzy/opt/gz_tools_vendor:/opt/ros/jazzy/opt/gz_ogre_next_vendor:/opt/ros/jazzy/opt/gz_dartsim_vendor:/opt/ros/jazzy/opt/gz_cmake_vendor:/opt/ros/jazzy DEBUGINFOD_URLS=https://debuginfod.ubuntu.com LD_LIBRARY_PATH=/home/omid/data/colcon_ws1FW/src/final_work/src/install/chesslab_setup2_interfaces/lib:${LD_LIBRARY_PATH} PYTHONPATH=/home/omid/data/colcon_ws1FW/src/final_work/src/install/chesslab_setup2_interfaces/lib/python3.12/site-packages:${PYTHONPATH} /usr/bin/cmake --install /home/omid/data/colcon_ws1FW/src/final_work/src/build/sensing_module
