[0.049s] Invoking command in '/home/omid/data/colcon_ws1FW/src/final_work/src/build/aruco_msgs': CMAKE_PREFIX_PATH=${CMAKE_PREFIX_PATH}:/opt/ros/jazzy DEBUGINFOD_URLS=https://debuginfod.ubuntu.com /usr/bin/cmake /home/omid/data/colcon_ws1FW/src/final_work/src/aruco_ros/aruco_msgs -DCMAKE_INSTALL_PREFIX=/home/omid/data/colcon_ws1FW/src/final_work/src/install/aruco_msgs
[0.302s] -- The C compiler identification is GNU 13.3.0
[0.511s] -- The CXX compiler identification is GNU 13.3.0
[0.560s] -- Detecting C compiler ABI info
[0.813s] -- Detecting C compiler ABI info - done
[0.852s] -- Check for working C compiler: /usr/bin/cc - skipped
[0.853s] -- Detecting C compile features
[0.853s] -- Detecting C compile features - done
[0.881s] -- Detecting CXX compiler ABI info
[1.144s] -- Detecting CXX compiler ABI info - done
[1.183s] -- Check for working CXX compiler: /usr/bin/c++ - skipped
[1.184s] -- Detecting CXX compile features
[1.186s] -- Detecting CXX compile features - done
[1.206s] -- Found ament_cmake: 2.5.4 (/opt/ros/jazzy/share/ament_cmake/cmake)
[1.704s] -- Found Python3: /usr/bin/python3 (found version "3.12.3") found components: Interpreter 
[2.122s] -- Found std_msgs: 5.3.6 (/opt/ros/jazzy/share/std_msgs/cmake)
[2.304s] -- Found rosidl_generator_c: 4.6.6 (/opt/ros/jazzy/share/rosidl_generator_c/cmake)
[2.374s] -- Found rosidl_generator_cpp: 4.6.6 (/opt/ros/jazzy/share/rosidl_generator_cpp/cmake)
[2.453s] -- Using all available rosidl_typesupport_c: rosidl_typesupport_fastrtps_c;rosidl_typesupport_introspection_c
[2.537s] -- Using all available rosidl_typesupport_cpp: rosidl_typesupport_fastrtps_cpp;rosidl_typesupport_introspection_cpp
[2.728s] -- Found geometry_msgs: 5.3.6 (/opt/ros/jazzy/share/geometry_msgs/cmake)
[2.864s] -- Found rosidl_default_generators: 1.6.0 (/opt/ros/jazzy/share/rosidl_default_generators/cmake)
[2.936s] -- Found rosidl_adapter: 4.6.6 (/opt/ros/jazzy/share/rosidl_adapter/cmake)
[6.680s] -- Found ament_cmake_ros: 0.12.0 (/opt/ros/jazzy/share/ament_cmake_ros/cmake)
[12.117s] -- Using all available rosidl_typesupport_c: rosidl_typesupport_fastrtps_c;rosidl_typesupport_introspection_c
[14.435s] -- Using all available rosidl_typesupport_cpp: rosidl_typesupport_fastrtps_cpp;rosidl_typesupport_introspection_cpp
[14.445s] -- Found python_cmake_module: 0.11.1 (/opt/ros/jazzy/share/python_cmake_module/cmake)
[14.975s] -- Found PythonExtra: /usr/bin/python3  
[16.403s] -- Found Python3: /usr/bin/python3 (found version "3.12.3") found components: Interpreter Development NumPy Development.Module Development.Embed 
[16.632s] -- Found ament_lint_auto: 0.17.3 (/opt/ros/jazzy/share/ament_lint_auto/cmake)
[16.766s] -- Added test 'copyright' to check source files copyright and LICENSE
[16.772s] -- Added test 'lint_cmake' to check CMake code style
[16.776s] -- Added test 'xmllint' to check XML markup files
[16.786s] -- Configuring done (16.7s)
[16.906s] -- Generating done (0.1s)
[16.953s] -- Build files have been written to: /home/omid/data/colcon_ws1FW/src/final_work/src/build/aruco_msgs
[16.980s] Invoked command in '/home/omid/data/colcon_ws1FW/src/final_work/src/build/aruco_msgs' returned '0': CMAKE_PREFIX_PATH=${CMAKE_PREFIX_PATH}:/opt/ros/jazzy DEBUGINFOD_URLS=https://debuginfod.ubuntu.com /usr/bin/cmake /home/omid/data/colcon_ws1FW/src/final_work/src/aruco_ros/aruco_msgs -DCMAKE_INSTALL_PREFIX=/home/omid/data/colcon_ws1FW/src/final_work/src/install/aruco_msgs
[16.984s] Invoking command in '/home/omid/data/colcon_ws1FW/src/final_work/src/build/aruco_msgs': CMAKE_PREFIX_PATH=${CMAKE_PREFIX_PATH}:/opt/ros/jazzy DEBUGINFOD_URLS=https://debuginfod.ubuntu.com /usr/bin/cmake --build /home/omid/data/colcon_ws1FW/src/final_work/src/build/aruco_msgs -- -j8 -l8
[17.153s] [  2%] [34m[1mGenerating type hashes for ROS interfaces[0m
[17.192s] [  2%] Built target ament_cmake_python_copy_aruco_msgs
[18.028s] [  2%] Built target aruco_msgs__rosidl_generator_type_description
[18.062s] running egg_info
[18.065s] creating aruco_msgs.egg-info
[18.101s] [  4%] [34m[1mGenerating C code for ROS interfaces[0m
[18.162s] writing aruco_msgs.egg-info/PKG-INFO
[18.163s] writing dependency_links to aruco_msgs.egg-info/dependency_links.txt
[18.166s] writing top-level names to aruco_msgs.egg-info/top_level.txt
[18.166s] writing manifest file 'aruco_msgs.egg-info/SOURCES.txt'
[18.168s] [  6%] [34m[1mGenerating C++ code for ROS interfaces[0m
[18.423s] reading manifest file 'aruco_msgs.egg-info/SOURCES.txt'
[18.425s] writing manifest file 'aruco_msgs.egg-info/SOURCES.txt'
[18.552s] [  6%] Built target ament_cmake_python_build_aruco_msgs_egg
[19.440s] [  6%] Built target aruco_msgs__cpp
[19.975s] [  9%] [32mBuilding C object CMakeFiles/aruco_msgs__rosidl_generator_c.dir/rosidl_generator_c/aruco_msgs/msg/detail/marker__description.c.o[0m
[19.998s] [ 11%] [32mBuilding C object CMakeFiles/aruco_msgs__rosidl_generator_c.dir/rosidl_generator_c/aruco_msgs/msg/detail/marker_array__description.c.o[0m
[19.998s] [ 13%] [32mBuilding C object CMakeFiles/aruco_msgs__rosidl_generator_c.dir/rosidl_generator_c/aruco_msgs/msg/detail/marker__type_support.c.o[0m
[20.006s] [ 15%] [32mBuilding C object CMakeFiles/aruco_msgs__rosidl_generator_c.dir/rosidl_generator_c/aruco_msgs/msg/detail/marker_array__functions.c.o[0m
[20.007s] [ 18%] [32mBuilding C object CMakeFiles/aruco_msgs__rosidl_generator_c.dir/rosidl_generator_c/aruco_msgs/msg/detail/marker__functions.c.o[0m
[20.015s] [ 20%] [32mBuilding C object CMakeFiles/aruco_msgs__rosidl_generator_c.dir/rosidl_generator_c/aruco_msgs/msg/detail/marker_array__type_support.c.o[0m
[20.421s] [ 22%] [32m[1mLinking C shared library libaruco_msgs__rosidl_generator_c.so[0m
[20.678s] [ 22%] Built target aruco_msgs__rosidl_generator_c
[20.766s] [ 25%] [34m[1mGenerating C++ type support dispatch for ROS interfaces[0m
[20.771s] [ 27%] [34m[1mGenerating C++ introspection for ROS interfaces[0m
[20.777s] [ 29%] [34m[1mGenerating C introspection for ROS interfaces[0m
[20.789s] [ 31%] [34m[1mGenerating C type support dispatch for ROS interfaces[0m
[20.803s] [ 34%] [34m[1mGenerating C type support for eProsima Fast-RTPS[0m
[20.808s] [ 36%] [34m[1mGenerating C++ type support for eProsima Fast-RTPS[0m
[22.826s] [ 38%] [32mBuilding CXX object CMakeFiles/aruco_msgs__rosidl_typesupport_fastrtps_cpp.dir/rosidl_typesupport_fastrtps_cpp/aruco_msgs/msg/detail/dds_fastrtps/marker_array__type_support.cpp.o[0m
[22.892s] [ 40%] [32mBuilding CXX object CMakeFiles/aruco_msgs__rosidl_typesupport_fastrtps_cpp.dir/rosidl_typesupport_fastrtps_cpp/aruco_msgs/msg/detail/dds_fastrtps/marker__type_support.cpp.o[0m
[23.369s] [ 43%] [32mBuilding CXX object CMakeFiles/aruco_msgs__rosidl_typesupport_cpp.dir/rosidl_typesupport_cpp/aruco_msgs/msg/marker_array__type_support.cpp.o[0m
[23.418s] [ 45%] [32mBuilding CXX object CMakeFiles/aruco_msgs__rosidl_typesupport_cpp.dir/rosidl_typesupport_cpp/aruco_msgs/msg/marker__type_support.cpp.o[0m
[23.850s] [ 47%] [32mBuilding CXX object CMakeFiles/aruco_msgs__rosidl_typesupport_c.dir/rosidl_typesupport_c/aruco_msgs/msg/marker__type_support.cpp.o[0m
[23.871s] [ 50%] [32mBuilding C object CMakeFiles/aruco_msgs__rosidl_typesupport_introspection_c.dir/rosidl_typesupport_introspection_c/aruco_msgs/msg/detail/marker__type_support.c.o[0m
[24.303s] [ 52%] [32mBuilding CXX object CMakeFiles/aruco_msgs__rosidl_typesupport_introspection_cpp.dir/rosidl_typesupport_introspection_cpp/aruco_msgs/msg/detail/marker__type_support.cpp.o[0m
[24.523s] [ 54%] [32mBuilding C object CMakeFiles/aruco_msgs__rosidl_typesupport_introspection_c.dir/rosidl_typesupport_introspection_c/aruco_msgs/msg/detail/marker_array__type_support.c.o[0m
[24.599s] [ 56%] [32mBuilding CXX object CMakeFiles/aruco_msgs__rosidl_typesupport_c.dir/rosidl_typesupport_c/aruco_msgs/msg/marker_array__type_support.cpp.o[0m
[24.770s] [ 59%] [32mBuilding CXX object CMakeFiles/aruco_msgs__rosidl_typesupport_introspection_cpp.dir/rosidl_typesupport_introspection_cpp/aruco_msgs/msg/detail/marker_array__type_support.cpp.o[0m
[24.934s] [ 61%] [32mBuilding CXX object CMakeFiles/aruco_msgs__rosidl_typesupport_fastrtps_c.dir/rosidl_typesupport_fastrtps_c/aruco_msgs/msg/detail/marker__type_support_c.cpp.o[0m
[25.083s] [ 63%] [32m[1mLinking CXX shared library libaruco_msgs__rosidl_typesupport_c.so[0m
[25.178s] [ 65%] [32m[1mLinking C shared library libaruco_msgs__rosidl_typesupport_introspection_c.so[0m
[25.579s] [ 65%] Built target aruco_msgs__rosidl_typesupport_introspection_c
[25.666s] [ 68%] [32mBuilding CXX object CMakeFiles/aruco_msgs__rosidl_typesupport_fastrtps_c.dir/rosidl_typesupport_fastrtps_c/aruco_msgs/msg/detail/marker_array__type_support_c.cpp.o[0m
[25.669s] [ 68%] Built target aruco_msgs__rosidl_typesupport_c
[26.918s] [ 70%] [32m[1mLinking CXX shared library libaruco_msgs__rosidl_typesupport_cpp.so[0m
[27.285s] [ 70%] Built target aruco_msgs__rosidl_typesupport_cpp
[27.443s] [ 72%] [32m[1mLinking CXX shared library libaruco_msgs__rosidl_typesupport_fastrtps_cpp.so[0m
[27.979s] [ 72%] Built target aruco_msgs__rosidl_typesupport_fastrtps_cpp
[28.475s] [ 75%] [32m[1mLinking CXX shared library libaruco_msgs__rosidl_typesupport_introspection_cpp.so[0m
[28.839s] [ 75%] Built target aruco_msgs__rosidl_typesupport_introspection_cpp
[28.972s] [ 77%] [32m[1mLinking CXX shared library libaruco_msgs__rosidl_typesupport_fastrtps_c.so[0m
[29.228s] [ 77%] Built target aruco_msgs__rosidl_typesupport_fastrtps_c
[29.333s] [ 77%] Built target aruco_msgs
[29.480s] [ 79%] [34m[1mGenerating Python code for ROS interfaces[0m
[31.847s] [ 79%] Built target aruco_msgs__py
[32.016s] [ 81%] [32mBuilding C object CMakeFiles/aruco_msgs__rosidl_generator_py.dir/rosidl_generator_py/aruco_msgs/msg/_marker_array_s.c.o[0m
[32.019s] [ 84%] [32mBuilding C object CMakeFiles/aruco_msgs__rosidl_generator_py.dir/rosidl_generator_py/aruco_msgs/msg/_marker_s.c.o[0m
[32.927s] [ 86%] [32m[1mLinking C shared library libaruco_msgs__rosidl_generator_py.so[0m
[33.238s] [ 86%] Built target aruco_msgs__rosidl_generator_py
[33.348s] [ 88%] [32mBuilding C object CMakeFiles/aruco_msgs_s__rosidl_typesupport_fastrtps_c.dir/rosidl_generator_py/aruco_msgs/_aruco_msgs_s.ep.rosidl_typesupport_fastrtps_c.c.o[0m
[33.387s] [ 90%] [32mBuilding C object CMakeFiles/aruco_msgs_s__rosidl_typesupport_introspection_c.dir/rosidl_generator_py/aruco_msgs/_aruco_msgs_s.ep.rosidl_typesupport_introspection_c.c.o[0m
[33.490s] [ 93%] [32mBuilding C object CMakeFiles/aruco_msgs_s__rosidl_typesupport_c.dir/rosidl_generator_py/aruco_msgs/_aruco_msgs_s.ep.rosidl_typesupport_c.c.o[0m
[34.020s] [ 95%] [32m[1mLinking C shared module rosidl_generator_py/aruco_msgs/aruco_msgs_s__rosidl_typesupport_introspection_c.so[0m
[34.050s] [ 97%] [32m[1mLinking C shared module rosidl_generator_py/aruco_msgs/aruco_msgs_s__rosidl_typesupport_c.so[0m
[34.061s] [100%] [32m[1mLinking C shared module rosidl_generator_py/aruco_msgs/aruco_msgs_s__rosidl_typesupport_fastrtps_c.so[0m
[34.181s] [100%] Built target aruco_msgs_s__rosidl_typesupport_c
[34.182s] [100%] Built target aruco_msgs_s__rosidl_typesupport_introspection_c
[34.209s] [100%] Built target aruco_msgs_s__rosidl_typesupport_fastrtps_c
[34.235s] Invoked command in '/home/omid/data/colcon_ws1FW/src/final_work/src/build/aruco_msgs' returned '0': CMAKE_PREFIX_PATH=${CMAKE_PREFIX_PATH}:/opt/ros/jazzy DEBUGINFOD_URLS=https://debuginfod.ubuntu.com /usr/bin/cmake --build /home/omid/data/colcon_ws1FW/src/final_work/src/build/aruco_msgs -- -j8 -l8
[34.241s] Invoking command in '/home/omid/data/colcon_ws1FW/src/final_work/src/build/aruco_msgs': CMAKE_PREFIX_PATH=${CMAKE_PREFIX_PATH}:/opt/ros/jazzy DEBUGINFOD_URLS=https://debuginfod.ubuntu.com /usr/bin/cmake --install /home/omid/data/colcon_ws1FW/src/final_work/src/build/aruco_msgs
[34.263s] -- Install configuration: ""
[34.264s] -- Installing: /home/omid/data/colcon_ws1FW/src/final_work/src/install/aruco_msgs/share/ament_index/resource_index/rosidl_interfaces/aruco_msgs
[34.264s] -- Installing: /home/omid/data/colcon_ws1FW/src/final_work/src/install/aruco_msgs/share/aruco_msgs/msg/Marker.json
[34.265s] -- Installing: /home/omid/data/colcon_ws1FW/src/final_work/src/install/aruco_msgs/share/aruco_msgs/msg/MarkerArray.json
[34.265s] -- Installing: /home/omid/data/colcon_ws1FW/src/final_work/src/install/aruco_msgs/include/aruco_msgs/aruco_msgs
[34.265s] -- Installing: /home/omid/data/colcon_ws1FW/src/final_work/src/install/aruco_msgs/include/aruco_msgs/aruco_msgs/msg
[34.266s] -- Installing: /home/omid/data/colcon_ws1FW/src/final_work/src/install/aruco_msgs/include/aruco_msgs/aruco_msgs/msg/detail
[34.266s] -- Installing: /home/omid/data/colcon_ws1FW/src/final_work/src/install/aruco_msgs/include/aruco_msgs/aruco_msgs/msg/detail/marker__functions.c
[34.267s] -- Installing: /home/omid/data/colcon_ws1FW/src/final_work/src/install/aruco_msgs/include/aruco_msgs/aruco_msgs/msg/detail/marker_array__functions.c
[34.267s] -- Installing: /home/omid/data/colcon_ws1FW/src/final_work/src/install/aruco_msgs/include/aruco_msgs/aruco_msgs/msg/detail/marker__type_support.c
[34.267s] -- Installing: /home/omid/data/colcon_ws1FW/src/final_work/src/install/aruco_msgs/include/aruco_msgs/aruco_msgs/msg/detail/marker_array__struct.h
[34.268s] -- Installing: /home/omid/data/colcon_ws1FW/src/final_work/src/install/aruco_msgs/include/aruco_msgs/aruco_msgs/msg/detail/marker__struct.h
[34.268s] -- Installing: /home/omid/data/colcon_ws1FW/src/final_work/src/install/aruco_msgs/include/aruco_msgs/aruco_msgs/msg/detail/marker_array__type_support.c
[34.269s] -- Installing: /home/omid/data/colcon_ws1FW/src/final_work/src/install/aruco_msgs/include/aruco_msgs/aruco_msgs/msg/detail/marker__description.c
[34.269s] -- Installing: /home/omid/data/colcon_ws1FW/src/final_work/src/install/aruco_msgs/include/aruco_msgs/aruco_msgs/msg/detail/marker__type_support.h
[34.269s] -- Installing: /home/omid/data/colcon_ws1FW/src/final_work/src/install/aruco_msgs/include/aruco_msgs/aruco_msgs/msg/detail/marker_array__type_support.h
[34.270s] -- Installing: /home/omid/data/colcon_ws1FW/src/final_work/src/install/aruco_msgs/include/aruco_msgs/aruco_msgs/msg/detail/marker_array__description.c
[34.270s] -- Installing: /home/omid/data/colcon_ws1FW/src/final_work/src/install/aruco_msgs/include/aruco_msgs/aruco_msgs/msg/detail/marker__functions.h
[34.270s] -- Installing: /home/omid/data/colcon_ws1FW/src/final_work/src/install/aruco_msgs/include/aruco_msgs/aruco_msgs/msg/detail/marker_array__functions.h
[34.271s] -- Installing: /home/omid/data/colcon_ws1FW/src/final_work/src/install/aruco_msgs/include/aruco_msgs/aruco_msgs/msg/marker_array.h
[34.271s] -- Installing: /home/omid/data/colcon_ws1FW/src/final_work/src/install/aruco_msgs/include/aruco_msgs/aruco_msgs/msg/marker.h
[34.272s] -- Installing: /home/omid/data/colcon_ws1FW/src/final_work/src/install/aruco_msgs/include/aruco_msgs/aruco_msgs/msg/rosidl_generator_c__visibility_control.h
[34.272s] -- Installing: /home/omid/data/colcon_ws1FW/src/final_work/src/install/aruco_msgs/share/aruco_msgs/environment/library_path.sh
[34.272s] -- Installing: /home/omid/data/colcon_ws1FW/src/final_work/src/install/aruco_msgs/share/aruco_msgs/environment/library_path.dsv
[34.273s] -- Installing: /home/omid/data/colcon_ws1FW/src/final_work/src/install/aruco_msgs/lib/libaruco_msgs__rosidl_generator_c.so
[34.275s] -- Set non-toolchain portion of runtime path of "/home/omid/data/colcon_ws1FW/src/final_work/src/install/aruco_msgs/lib/libaruco_msgs__rosidl_generator_c.so" to ""
[34.275s] -- Up-to-date: /home/omid/data/colcon_ws1FW/src/final_work/src/install/aruco_msgs/include/aruco_msgs/aruco_msgs
[34.275s] -- Up-to-date: /home/omid/data/colcon_ws1FW/src/final_work/src/install/aruco_msgs/include/aruco_msgs/aruco_msgs/msg
[34.276s] -- Up-to-date: /home/omid/data/colcon_ws1FW/src/final_work/src/install/aruco_msgs/include/aruco_msgs/aruco_msgs/msg/detail
[34.276s] -- Installing: /home/omid/data/colcon_ws1FW/src/final_work/src/install/aruco_msgs/include/aruco_msgs/aruco_msgs/msg/detail/marker_array__rosidl_typesupport_fastrtps_c.h
[34.276s] -- Installing: /home/omid/data/colcon_ws1FW/src/final_work/src/install/aruco_msgs/include/aruco_msgs/aruco_msgs/msg/detail/marker__rosidl_typesupport_fastrtps_c.h
[34.277s] -- Installing: /home/omid/data/colcon_ws1FW/src/final_work/src/install/aruco_msgs/include/aruco_msgs/aruco_msgs/msg/rosidl_typesupport_fastrtps_c__visibility_control.h
[34.277s] -- Installing: /home/omid/data/colcon_ws1FW/src/final_work/src/install/aruco_msgs/lib/libaruco_msgs__rosidl_typesupport_fastrtps_c.so
[34.278s] -- Set non-toolchain portion of runtime path of "/home/omid/data/colcon_ws1FW/src/final_work/src/install/aruco_msgs/lib/libaruco_msgs__rosidl_typesupport_fastrtps_c.so" to ""
[34.278s] -- Up-to-date: /home/omid/data/colcon_ws1FW/src/final_work/src/install/aruco_msgs/include/aruco_msgs/aruco_msgs
[34.279s] -- Up-to-date: /home/omid/data/colcon_ws1FW/src/final_work/src/install/aruco_msgs/include/aruco_msgs/aruco_msgs/msg
[34.280s] -- Installing: /home/omid/data/colcon_ws1FW/src/final_work/src/install/aruco_msgs/include/aruco_msgs/aruco_msgs/msg/marker.hpp
[34.280s] -- Up-to-date: /home/omid/data/colcon_ws1FW/src/final_work/src/install/aruco_msgs/include/aruco_msgs/aruco_msgs/msg/detail
[34.281s] -- Installing: /home/omid/data/colcon_ws1FW/src/final_work/src/install/aruco_msgs/include/aruco_msgs/aruco_msgs/msg/detail/marker_array__builder.hpp
[34.282s] -- Installing: /home/omid/data/colcon_ws1FW/src/final_work/src/install/aruco_msgs/include/aruco_msgs/aruco_msgs/msg/detail/marker_array__struct.hpp
[34.285s] -- Installing: /home/omid/data/colcon_ws1FW/src/final_work/src/install/aruco_msgs/include/aruco_msgs/aruco_msgs/msg/detail/marker__traits.hpp
[34.285s] -- Installing: /home/omid/data/colcon_ws1FW/src/final_work/src/install/aruco_msgs/include/aruco_msgs/aruco_msgs/msg/detail/marker__builder.hpp
[34.285s] -- Installing: /home/omid/data/colcon_ws1FW/src/final_work/src/install/aruco_msgs/include/aruco_msgs/aruco_msgs/msg/detail/marker__struct.hpp
[34.286s] -- Installing: /home/omid/data/colcon_ws1FW/src/final_work/src/install/aruco_msgs/include/aruco_msgs/aruco_msgs/msg/detail/marker_array__traits.hpp
[34.286s] -- Installing: /home/omid/data/colcon_ws1FW/src/final_work/src/install/aruco_msgs/include/aruco_msgs/aruco_msgs/msg/detail/marker_array__type_support.hpp
[34.290s] -- Installing: /home/omid/data/colcon_ws1FW/src/final_work/src/install/aruco_msgs/include/aruco_msgs/aruco_msgs/msg/detail/marker__type_support.hpp
[34.291s] -- Installing: /home/omid/data/colcon_ws1FW/src/final_work/src/install/aruco_msgs/include/aruco_msgs/aruco_msgs/msg/rosidl_generator_cpp__visibility_control.hpp
[34.292s] -- Installing: /home/omid/data/colcon_ws1FW/src/final_work/src/install/aruco_msgs/include/aruco_msgs/aruco_msgs/msg/marker_array.hpp
[34.292s] -- Up-to-date: /home/omid/data/colcon_ws1FW/src/final_work/src/install/aruco_msgs/include/aruco_msgs/aruco_msgs
[34.293s] -- Up-to-date: /home/omid/data/colcon_ws1FW/src/final_work/src/install/aruco_msgs/include/aruco_msgs/aruco_msgs/msg
[34.293s] -- Installing: /home/omid/data/colcon_ws1FW/src/final_work/src/install/aruco_msgs/include/aruco_msgs/aruco_msgs/msg/rosidl_typesupport_fastrtps_cpp__visibility_control.h
[34.294s] -- Up-to-date: /home/omid/data/colcon_ws1FW/src/final_work/src/install/aruco_msgs/include/aruco_msgs/aruco_msgs/msg/detail
[34.294s] -- Installing: /home/omid/data/colcon_ws1FW/src/final_work/src/install/aruco_msgs/include/aruco_msgs/aruco_msgs/msg/detail/dds_fastrtps
[34.295s] -- Installing: /home/omid/data/colcon_ws1FW/src/final_work/src/install/aruco_msgs/include/aruco_msgs/aruco_msgs/msg/detail/marker_array__rosidl_typesupport_fastrtps_cpp.hpp
[34.295s] -- Installing: /home/omid/data/colcon_ws1FW/src/final_work/src/install/aruco_msgs/include/aruco_msgs/aruco_msgs/msg/detail/marker__rosidl_typesupport_fastrtps_cpp.hpp
[34.295s] -- Installing: /home/omid/data/colcon_ws1FW/src/final_work/src/install/aruco_msgs/lib/libaruco_msgs__rosidl_typesupport_fastrtps_cpp.so
[34.295s] -- Set non-toolchain portion of runtime path of "/home/omid/data/colcon_ws1FW/src/final_work/src/install/aruco_msgs/lib/libaruco_msgs__rosidl_typesupport_fastrtps_cpp.so" to ""
[34.296s] -- Up-to-date: /home/omid/data/colcon_ws1FW/src/final_work/src/install/aruco_msgs/include/aruco_msgs/aruco_msgs
[34.296s] -- Up-to-date: /home/omid/data/colcon_ws1FW/src/final_work/src/install/aruco_msgs/include/aruco_msgs/aruco_msgs/msg
[34.297s] -- Installing: /home/omid/data/colcon_ws1FW/src/final_work/src/install/aruco_msgs/include/aruco_msgs/aruco_msgs/msg/rosidl_typesupport_introspection_c__visibility_control.h
[34.297s] -- Up-to-date: /home/omid/data/colcon_ws1FW/src/final_work/src/install/aruco_msgs/include/aruco_msgs/aruco_msgs/msg/detail
[34.299s] -- Installing: /home/omid/data/colcon_ws1FW/src/final_work/src/install/aruco_msgs/include/aruco_msgs/aruco_msgs/msg/detail/marker__type_support.c
[34.299s] -- Installing: /home/omid/data/colcon_ws1FW/src/final_work/src/install/aruco_msgs/include/aruco_msgs/aruco_msgs/msg/detail/marker_array__type_support.c
[34.300s] -- Installing: /home/omid/data/colcon_ws1FW/src/final_work/src/install/aruco_msgs/include/aruco_msgs/aruco_msgs/msg/detail/marker__rosidl_typesupport_introspection_c.h
[34.300s] -- Installing: /home/omid/data/colcon_ws1FW/src/final_work/src/install/aruco_msgs/include/aruco_msgs/aruco_msgs/msg/detail/marker_array__rosidl_typesupport_introspection_c.h
[34.301s] -- Installing: /home/omid/data/colcon_ws1FW/src/final_work/src/install/aruco_msgs/lib/libaruco_msgs__rosidl_typesupport_introspection_c.so
[34.301s] -- Set non-toolchain portion of runtime path of "/home/omid/data/colcon_ws1FW/src/final_work/src/install/aruco_msgs/lib/libaruco_msgs__rosidl_typesupport_introspection_c.so" to ""
[34.301s] -- Installing: /home/omid/data/colcon_ws1FW/src/final_work/src/install/aruco_msgs/lib/libaruco_msgs__rosidl_typesupport_c.so
[34.310s] -- Set non-toolchain portion of runtime path of "/home/omid/data/colcon_ws1FW/src/final_work/src/install/aruco_msgs/lib/libaruco_msgs__rosidl_typesupport_c.so" to ""
[34.310s] -- Up-to-date: /home/omid/data/colcon_ws1FW/src/final_work/src/install/aruco_msgs/include/aruco_msgs/aruco_msgs
[34.311s] -- Up-to-date: /home/omid/data/colcon_ws1FW/src/final_work/src/install/aruco_msgs/include/aruco_msgs/aruco_msgs/msg
[34.311s] -- Up-to-date: /home/omid/data/colcon_ws1FW/src/final_work/src/install/aruco_msgs/include/aruco_msgs/aruco_msgs/msg/detail
[34.312s] -- Installing: /home/omid/data/colcon_ws1FW/src/final_work/src/install/aruco_msgs/include/aruco_msgs/aruco_msgs/msg/detail/marker__rosidl_typesupport_introspection_cpp.hpp
[34.313s] -- Installing: /home/omid/data/colcon_ws1FW/src/final_work/src/install/aruco_msgs/include/aruco_msgs/aruco_msgs/msg/detail/marker__type_support.cpp
[34.313s] -- Installing: /home/omid/data/colcon_ws1FW/src/final_work/src/install/aruco_msgs/include/aruco_msgs/aruco_msgs/msg/detail/marker_array__rosidl_typesupport_introspection_cpp.hpp
[34.314s] -- Installing: /home/omid/data/colcon_ws1FW/src/final_work/src/install/aruco_msgs/include/aruco_msgs/aruco_msgs/msg/detail/marker_array__type_support.cpp
[34.315s] -- Installing: /home/omid/data/colcon_ws1FW/src/final_work/src/install/aruco_msgs/lib/libaruco_msgs__rosidl_typesupport_introspection_cpp.so
[34.317s] -- Set non-toolchain portion of runtime path of "/home/omid/data/colcon_ws1FW/src/final_work/src/install/aruco_msgs/lib/libaruco_msgs__rosidl_typesupport_introspection_cpp.so" to ""
[34.317s] -- Installing: /home/omid/data/colcon_ws1FW/src/final_work/src/install/aruco_msgs/lib/libaruco_msgs__rosidl_typesupport_cpp.so
[34.318s] -- Set non-toolchain portion of runtime path of "/home/omid/data/colcon_ws1FW/src/final_work/src/install/aruco_msgs/lib/libaruco_msgs__rosidl_typesupport_cpp.so" to ""
[34.318s] -- Installing: /home/omid/data/colcon_ws1FW/src/final_work/src/install/aruco_msgs/share/aruco_msgs/environment/pythonpath.sh
[34.320s] -- Installing: /home/omid/data/colcon_ws1FW/src/final_work/src/install/aruco_msgs/share/aruco_msgs/environment/pythonpath.dsv
[34.321s] -- Installing: /home/omid/data/colcon_ws1FW/src/final_work/src/install/aruco_msgs/lib/python3.12/site-packages/aruco_msgs-5.0.5-py3.12.egg-info
[34.321s] -- Installing: /home/omid/data/colcon_ws1FW/src/final_work/src/install/aruco_msgs/lib/python3.12/site-packages/aruco_msgs-5.0.5-py3.12.egg-info/SOURCES.txt
[34.322s] -- Installing: /home/omid/data/colcon_ws1FW/src/final_work/src/install/aruco_msgs/lib/python3.12/site-packages/aruco_msgs-5.0.5-py3.12.egg-info/PKG-INFO
[34.323s] -- Installing: /home/omid/data/colcon_ws1FW/src/final_work/src/install/aruco_msgs/lib/python3.12/site-packages/aruco_msgs-5.0.5-py3.12.egg-info/top_level.txt
[34.323s] -- Installing: /home/omid/data/colcon_ws1FW/src/final_work/src/install/aruco_msgs/lib/python3.12/site-packages/aruco_msgs-5.0.5-py3.12.egg-info/dependency_links.txt
[34.324s] -- Installing: /home/omid/data/colcon_ws1FW/src/final_work/src/install/aruco_msgs/lib/python3.12/site-packages/aruco_msgs
[34.324s] -- Installing: /home/omid/data/colcon_ws1FW/src/final_work/src/install/aruco_msgs/lib/python3.12/site-packages/aruco_msgs/aruco_msgs_s__rosidl_typesupport_introspection_c.so
[34.325s] -- Installing: /home/omid/data/colcon_ws1FW/src/final_work/src/install/aruco_msgs/lib/python3.12/site-packages/aruco_msgs/aruco_msgs_s__rosidl_typesupport_c.so
[34.326s] -- Installing: /home/omid/data/colcon_ws1FW/src/final_work/src/install/aruco_msgs/lib/python3.12/site-packages/aruco_msgs/msg
[34.326s] -- Installing: /home/omid/data/colcon_ws1FW/src/final_work/src/install/aruco_msgs/lib/python3.12/site-packages/aruco_msgs/msg/_marker_array.py
[34.326s] -- Installing: /home/omid/data/colcon_ws1FW/src/final_work/src/install/aruco_msgs/lib/python3.12/site-packages/aruco_msgs/msg/_marker_array_s.c
[34.328s] -- Installing: /home/omid/data/colcon_ws1FW/src/final_work/src/install/aruco_msgs/lib/python3.12/site-packages/aruco_msgs/msg/_marker_s.c
[34.330s] -- Installing: /home/omid/data/colcon_ws1FW/src/final_work/src/install/aruco_msgs/lib/python3.12/site-packages/aruco_msgs/msg/_marker.py
[34.330s] -- Installing: /home/omid/data/colcon_ws1FW/src/final_work/src/install/aruco_msgs/lib/python3.12/site-packages/aruco_msgs/msg/__init__.py
[34.330s] -- Installing: /home/omid/data/colcon_ws1FW/src/final_work/src/install/aruco_msgs/lib/python3.12/site-packages/aruco_msgs/_aruco_msgs_s.ep.rosidl_typesupport_introspection_c.c
[34.330s] -- Installing: /home/omid/data/colcon_ws1FW/src/final_work/src/install/aruco_msgs/lib/python3.12/site-packages/aruco_msgs/_aruco_msgs_s.ep.rosidl_typesupport_fastrtps_c.c
[34.331s] -- Installing: /home/omid/data/colcon_ws1FW/src/final_work/src/install/aruco_msgs/lib/python3.12/site-packages/aruco_msgs/_aruco_msgs_s.ep.rosidl_typesupport_c.c
[34.331s] -- Installing: /home/omid/data/colcon_ws1FW/src/final_work/src/install/aruco_msgs/lib/python3.12/site-packages/aruco_msgs/__init__.py
[34.331s] -- Installing: /home/omid/data/colcon_ws1FW/src/final_work/src/install/aruco_msgs/lib/python3.12/site-packages/aruco_msgs/aruco_msgs_s__rosidl_typesupport_fastrtps_c.so
[34.411s] Listing '/home/omid/data/colcon_ws1FW/src/final_work/src/install/aruco_msgs/lib/python3.12/site-packages/aruco_msgs'...
[34.411s] Compiling '/home/omid/data/colcon_ws1FW/src/final_work/src/install/aruco_msgs/lib/python3.12/site-packages/aruco_msgs/__init__.py'...
[34.411s] Listing '/home/omid/data/colcon_ws1FW/src/final_work/src/install/aruco_msgs/lib/python3.12/site-packages/aruco_msgs/msg'...
[34.412s] Compiling '/home/omid/data/colcon_ws1FW/src/final_work/src/install/aruco_msgs/lib/python3.12/site-packages/aruco_msgs/msg/__init__.py'...
[34.412s] Compiling '/home/omid/data/colcon_ws1FW/src/final_work/src/install/aruco_msgs/lib/python3.12/site-packages/aruco_msgs/msg/_marker.py'...
[34.412s] Compiling '/home/omid/data/colcon_ws1FW/src/final_work/src/install/aruco_msgs/lib/python3.12/site-packages/aruco_msgs/msg/_marker_array.py'...
[34.429s] -- Installing: /home/omid/data/colcon_ws1FW/src/final_work/src/install/aruco_msgs/lib/python3.12/site-packages/aruco_msgs/aruco_msgs_s__rosidl_typesupport_fastrtps_c.so
[34.430s] -- Set non-toolchain portion of runtime path of "/home/omid/data/colcon_ws1FW/src/final_work/src/install/aruco_msgs/lib/python3.12/site-packages/aruco_msgs/aruco_msgs_s__rosidl_typesupport_fastrtps_c.so" to ""
[34.431s] -- Installing: /home/omid/data/colcon_ws1FW/src/final_work/src/install/aruco_msgs/lib/python3.12/site-packages/aruco_msgs/aruco_msgs_s__rosidl_typesupport_introspection_c.so
[34.431s] -- Set non-toolchain portion of runtime path of "/home/omid/data/colcon_ws1FW/src/final_work/src/install/aruco_msgs/lib/python3.12/site-packages/aruco_msgs/aruco_msgs_s__rosidl_typesupport_introspection_c.so" to ""
[34.432s] -- Installing: /home/omid/data/colcon_ws1FW/src/final_work/src/install/aruco_msgs/lib/python3.12/site-packages/aruco_msgs/aruco_msgs_s__rosidl_typesupport_c.so
[34.433s] -- Set non-toolchain portion of runtime path of "/home/omid/data/colcon_ws1FW/src/final_work/src/install/aruco_msgs/lib/python3.12/site-packages/aruco_msgs/aruco_msgs_s__rosidl_typesupport_c.so" to ""
[34.433s] -- Installing: /home/omid/data/colcon_ws1FW/src/final_work/src/install/aruco_msgs/lib/libaruco_msgs__rosidl_generator_py.so
[34.434s] -- Set non-toolchain portion of runtime path of "/home/omid/data/colcon_ws1FW/src/final_work/src/install/aruco_msgs/lib/libaruco_msgs__rosidl_generator_py.so" to ""
[34.434s] -- Installing: /home/omid/data/colcon_ws1FW/src/final_work/src/install/aruco_msgs/share/aruco_msgs/msg/Marker.idl
[34.435s] -- Installing: /home/omid/data/colcon_ws1FW/src/final_work/src/install/aruco_msgs/share/aruco_msgs/msg/MarkerArray.idl
[34.435s] -- Installing: /home/omid/data/colcon_ws1FW/src/final_work/src/install/aruco_msgs/share/aruco_msgs/msg/Marker.msg
[34.435s] -- Installing: /home/omid/data/colcon_ws1FW/src/final_work/src/install/aruco_msgs/share/aruco_msgs/msg/MarkerArray.msg
[34.438s] -- Installing: /home/omid/data/colcon_ws1FW/src/final_work/src/install/aruco_msgs/share/ament_index/resource_index/package_run_dependencies/aruco_msgs
[34.439s] -- Installing: /home/omid/data/colcon_ws1FW/src/final_work/src/install/aruco_msgs/share/ament_index/resource_index/parent_prefix_path/aruco_msgs
[34.439s] -- Installing: /home/omid/data/colcon_ws1FW/src/final_work/src/install/aruco_msgs/share/aruco_msgs/environment/ament_prefix_path.sh
[34.439s] -- Installing: /home/omid/data/colcon_ws1FW/src/final_work/src/install/aruco_msgs/share/aruco_msgs/environment/ament_prefix_path.dsv
[34.440s] -- Installing: /home/omid/data/colcon_ws1FW/src/final_work/src/install/aruco_msgs/share/aruco_msgs/environment/path.sh
[34.440s] -- Installing: /home/omid/data/colcon_ws1FW/src/final_work/src/install/aruco_msgs/share/aruco_msgs/environment/path.dsv
[34.442s] -- Installing: /home/omid/data/colcon_ws1FW/src/final_work/src/install/aruco_msgs/share/aruco_msgs/local_setup.bash
[34.447s] -- Installing: /home/omid/data/colcon_ws1FW/src/final_work/src/install/aruco_msgs/share/aruco_msgs/local_setup.sh
[34.447s] -- Installing: /home/omid/data/colcon_ws1FW/src/final_work/src/install/aruco_msgs/share/aruco_msgs/local_setup.zsh
[34.447s] -- Installing: /home/omid/data/colcon_ws1FW/src/final_work/src/install/aruco_msgs/share/aruco_msgs/local_setup.dsv
[34.448s] -- Installing: /home/omid/data/colcon_ws1FW/src/final_work/src/install/aruco_msgs/share/aruco_msgs/package.dsv
[34.448s] -- Installing: /home/omid/data/colcon_ws1FW/src/final_work/src/install/aruco_msgs/share/ament_index/resource_index/packages/aruco_msgs
[34.449s] -- Installing: /home/omid/data/colcon_ws1FW/src/final_work/src/install/aruco_msgs/share/aruco_msgs/cmake/export_aruco_msgs__rosidl_generator_cExport.cmake
[34.449s] -- Installing: /home/omid/data/colcon_ws1FW/src/final_work/src/install/aruco_msgs/share/aruco_msgs/cmake/export_aruco_msgs__rosidl_generator_cExport-noconfig.cmake
[34.450s] -- Installing: /home/omid/data/colcon_ws1FW/src/final_work/src/install/aruco_msgs/share/aruco_msgs/cmake/export_aruco_msgs__rosidl_typesupport_fastrtps_cExport.cmake
[34.450s] -- Installing: /home/omid/data/colcon_ws1FW/src/final_work/src/install/aruco_msgs/share/aruco_msgs/cmake/export_aruco_msgs__rosidl_typesupport_fastrtps_cExport-noconfig.cmake
[34.450s] -- Installing: /home/omid/data/colcon_ws1FW/src/final_work/src/install/aruco_msgs/share/aruco_msgs/cmake/export_aruco_msgs__rosidl_generator_cppExport.cmake
[34.451s] -- Installing: /home/omid/data/colcon_ws1FW/src/final_work/src/install/aruco_msgs/share/aruco_msgs/cmake/export_aruco_msgs__rosidl_typesupport_fastrtps_cppExport.cmake
[34.451s] -- Installing: /home/omid/data/colcon_ws1FW/src/final_work/src/install/aruco_msgs/share/aruco_msgs/cmake/export_aruco_msgs__rosidl_typesupport_fastrtps_cppExport-noconfig.cmake
[34.452s] -- Installing: /home/omid/data/colcon_ws1FW/src/final_work/src/install/aruco_msgs/share/aruco_msgs/cmake/aruco_msgs__rosidl_typesupport_introspection_cExport.cmake
[34.452s] -- Installing: /home/omid/data/colcon_ws1FW/src/final_work/src/install/aruco_msgs/share/aruco_msgs/cmake/aruco_msgs__rosidl_typesupport_introspection_cExport-noconfig.cmake
[34.453s] -- Installing: /home/omid/data/colcon_ws1FW/src/final_work/src/install/aruco_msgs/share/aruco_msgs/cmake/aruco_msgs__rosidl_typesupport_cExport.cmake
[34.453s] -- Installing: /home/omid/data/colcon_ws1FW/src/final_work/src/install/aruco_msgs/share/aruco_msgs/cmake/aruco_msgs__rosidl_typesupport_cExport-noconfig.cmake
[34.453s] -- Installing: /home/omid/data/colcon_ws1FW/src/final_work/src/install/aruco_msgs/share/aruco_msgs/cmake/aruco_msgs__rosidl_typesupport_introspection_cppExport.cmake
[34.454s] -- Installing: /home/omid/data/colcon_ws1FW/src/final_work/src/install/aruco_msgs/share/aruco_msgs/cmake/aruco_msgs__rosidl_typesupport_introspection_cppExport-noconfig.cmake
[34.454s] -- Installing: /home/omid/data/colcon_ws1FW/src/final_work/src/install/aruco_msgs/share/aruco_msgs/cmake/aruco_msgs__rosidl_typesupport_cppExport.cmake
[34.454s] -- Installing: /home/omid/data/colcon_ws1FW/src/final_work/src/install/aruco_msgs/share/aruco_msgs/cmake/aruco_msgs__rosidl_typesupport_cppExport-noconfig.cmake
[34.455s] -- Installing: /home/omid/data/colcon_ws1FW/src/final_work/src/install/aruco_msgs/share/aruco_msgs/cmake/export_aruco_msgs__rosidl_generator_pyExport.cmake
[34.455s] -- Installing: /home/omid/data/colcon_ws1FW/src/final_work/src/install/aruco_msgs/share/aruco_msgs/cmake/export_aruco_msgs__rosidl_generator_pyExport-noconfig.cmake
[34.456s] -- Installing: /home/omid/data/colcon_ws1FW/src/final_work/src/install/aruco_msgs/share/aruco_msgs/cmake/rosidl_cmake-extras.cmake
[34.456s] -- Installing: /home/omid/data/colcon_ws1FW/src/final_work/src/install/aruco_msgs/share/aruco_msgs/cmake/ament_cmake_export_dependencies-extras.cmake
[34.458s] -- Installing: /home/omid/data/colcon_ws1FW/src/final_work/src/install/aruco_msgs/share/aruco_msgs/cmake/ament_cmake_export_include_directories-extras.cmake
[34.458s] -- Installing: /home/omid/data/colcon_ws1FW/src/final_work/src/install/aruco_msgs/share/aruco_msgs/cmake/ament_cmake_export_libraries-extras.cmake
[34.459s] -- Installing: /home/omid/data/colcon_ws1FW/src/final_work/src/install/aruco_msgs/share/aruco_msgs/cmake/ament_cmake_export_targets-extras.cmake
[34.459s] -- Installing: /home/omid/data/colcon_ws1FW/src/final_work/src/install/aruco_msgs/share/aruco_msgs/cmake/rosidl_cmake_export_typesupport_targets-extras.cmake
[34.459s] -- Installing: /home/omid/data/colcon_ws1FW/src/final_work/src/install/aruco_msgs/share/aruco_msgs/cmake/rosidl_cmake_export_typesupport_libraries-extras.cmake
[34.460s] -- Installing: /home/omid/data/colcon_ws1FW/src/final_work/src/install/aruco_msgs/share/aruco_msgs/cmake/aruco_msgsConfig.cmake
[34.460s] -- Installing: /home/omid/data/colcon_ws1FW/src/final_work/src/install/aruco_msgs/share/aruco_msgs/cmake/aruco_msgsConfig-version.cmake
[34.461s] -- Installing: /home/omid/data/colcon_ws1FW/src/final_work/src/install/aruco_msgs/share/aruco_msgs/package.xml
[34.463s] Invoked command in '/home/omid/data/colcon_ws1FW/src/final_work/src/build/aruco_msgs' returned '0': CMAKE_PREFIX_PATH=${CMAKE_PREFIX_PATH}:/opt/ros/jazzy DEBUGINFOD_URLS=https://debuginfod.ubuntu.com /usr/bin/cmake --install /home/omid/data/colcon_ws1FW/src/final_work/src/build/aruco_msgs
