-- The C compiler identification is GNU 13.3.0
-- The CXX compiler identification is GNU 13.3.0
-- Detecting C compiler ABI info
-- Detecting C compiler ABI info - done
-- Check for working C compiler: /usr/bin/cc - skipped
-- Detecting C compile features
-- Detecting C compile features - done
-- Detecting CXX compiler ABI info
-- Detecting CXX compiler ABI info - done
-- Check for working CXX compiler: /usr/bin/c++ - skipped
-- Detecting CXX compile features
-- Detecting CXX compile features - done
-- Found ament_cmake: 2.5.4 (/opt/ros/jazzy/share/ament_cmake/cmake)
-- Found Python3: /usr/bin/python3 (found version "3.12.3") found components: Interpreter 
-- Found builtin_interfaces: 2.0.3 (/opt/ros/jazzy/share/builtin_interfaces/cmake)
-- Found rosidl_generator_c: 4.6.6 (/opt/ros/jazzy/share/rosidl_generator_c/cmake)
-- Found rosidl_generator_cpp: 4.6.6 (/opt/ros/jazzy/share/rosidl_generator_cpp/cmake)
-- Using all available rosidl_typesupport_c: rosidl_typesupport_fastrtps_c;rosidl_typesupport_introspection_c
-- Using all available rosidl_typesupport_cpp: rosidl_typesupport_fastrtps_cpp;rosidl_typesupport_introspection_cpp
-- Found rosidl_default_generators: 1.6.0 (/opt/ros/jazzy/share/rosidl_default_generators/cmake)
-- Found rosidl_adapter: 4.6.6 (/opt/ros/jazzy/share/rosidl_adapter/cmake)
-- Found std_msgs: 5.3.6 (/opt/ros/jazzy/share/std_msgs/cmake)
-- Found ament_cmake_ros: 0.12.0 (/opt/ros/jazzy/share/ament_cmake_ros/cmake)
-- Using all available rosidl_typesupport_c: rosidl_typesupport_fastrtps_c;rosidl_typesupport_introspection_c
-- Using all available rosidl_typesupport_cpp: rosidl_typesupport_fastrtps_cpp;rosidl_typesupport_introspection_cpp
-- Found python_cmake_module: 0.11.1 (/opt/ros/jazzy/share/python_cmake_module/cmake)
-- Found PythonExtra: /usr/bin/python3  
-- Found Python3: /usr/bin/python3 (found version "3.12.3") found components: Interpreter Development NumPy Development.Module Development.Embed 
-- Configuring done (16.4s)
-- Generating done (0.1s)
-- Build files have been written to: /home/omid/data/colcon_ws1FW/src/final_work/src/build/robotiq_85_msgs
[  2%] [34m[1mGenerating type hashes for ROS interfaces[0m
[  2%] Built target ament_cmake_python_copy_robotiq_85_msgs
running egg_info
creating robotiq_85_msgs.egg-info
[  2%] Built target robotiq_85_msgs__rosidl_generator_type_description
writing robotiq_85_msgs.egg-info/PKG-INFO
writing dependency_links to robotiq_85_msgs.egg-info/dependency_links.txt
writing top-level names to robotiq_85_msgs.egg-info/top_level.txt
writing manifest file 'robotiq_85_msgs.egg-info/SOURCES.txt'
[  4%] [34m[1mGenerating C code for ROS interfaces[0m
[  6%] [34m[1mGenerating C++ code for ROS interfaces[0m
reading manifest file 'robotiq_85_msgs.egg-info/SOURCES.txt'
writing manifest file 'robotiq_85_msgs.egg-info/SOURCES.txt'
[  6%] Built target ament_cmake_python_build_robotiq_85_msgs_egg
[  6%] Built target robotiq_85_msgs__cpp
[  9%] [32mBuilding C object CMakeFiles/robotiq_85_msgs__rosidl_generator_c.dir/rosidl_generator_c/robotiq_85_msgs/msg/detail/gripper_stat__type_support.c.o[0m
[ 11%] [32mBuilding C object CMakeFiles/robotiq_85_msgs__rosidl_generator_c.dir/rosidl_generator_c/robotiq_85_msgs/msg/detail/gripper_cmd__functions.c.o[0m
[ 15%] [32mBuilding C object CMakeFiles/robotiq_85_msgs__rosidl_generator_c.dir/rosidl_generator_c/robotiq_85_msgs/msg/detail/gripper_cmd__type_support.c.o[0m
[ 15%] [32mBuilding C object CMakeFiles/robotiq_85_msgs__rosidl_generator_c.dir/rosidl_generator_c/robotiq_85_msgs/msg/detail/gripper_stat__functions.c.o[0m
[ 18%] [32mBuilding C object CMakeFiles/robotiq_85_msgs__rosidl_generator_c.dir/rosidl_generator_c/robotiq_85_msgs/msg/detail/gripper_stat__description.c.o[0m
[ 20%] [32mBuilding C object CMakeFiles/robotiq_85_msgs__rosidl_generator_c.dir/rosidl_generator_c/robotiq_85_msgs/msg/detail/gripper_cmd__description.c.o[0m
[ 22%] [32m[1mLinking C shared library librobotiq_85_msgs__rosidl_generator_c.so[0m
[ 22%] Built target robotiq_85_msgs__rosidl_generator_c
[ 25%] [34m[1mGenerating C++ type support dispatch for ROS interfaces[0m
[ 27%] [34m[1mGenerating C type support dispatch for ROS interfaces[0m
[ 31%] [34m[1mGenerating C introspection for ROS interfaces[0m
[ 31%] [34m[1mGenerating C++ introspection for ROS interfaces[0m
[ 34%] [34m[1mGenerating C type support for eProsima Fast-RTPS[0m
[ 36%] [34m[1mGenerating C++ type support for eProsima Fast-RTPS[0m
[ 38%] [32mBuilding CXX object CMakeFiles/robotiq_85_msgs__rosidl_typesupport_c.dir/rosidl_typesupport_c/robotiq_85_msgs/msg/gripper_stat__type_support.cpp.o[0m
[ 40%] [32mBuilding CXX object CMakeFiles/robotiq_85_msgs__rosidl_typesupport_c.dir/rosidl_typesupport_c/robotiq_85_msgs/msg/gripper_cmd__type_support.cpp.o[0m
[ 43%] [32mBuilding CXX object CMakeFiles/robotiq_85_msgs__rosidl_typesupport_cpp.dir/rosidl_typesupport_cpp/robotiq_85_msgs/msg/gripper_cmd__type_support.cpp.o[0m
[ 45%] [32mBuilding CXX object CMakeFiles/robotiq_85_msgs__rosidl_typesupport_cpp.dir/rosidl_typesupport_cpp/robotiq_85_msgs/msg/gripper_stat__type_support.cpp.o[0m
[ 47%] [32m[1mLinking CXX shared library librobotiq_85_msgs__rosidl_typesupport_c.so[0m
[ 50%] [32mBuilding C object CMakeFiles/robotiq_85_msgs__rosidl_typesupport_introspection_c.dir/rosidl_typesupport_introspection_c/robotiq_85_msgs/msg/detail/gripper_cmd__type_support.c.o[0m
[ 52%] [32mBuilding CXX object CMakeFiles/robotiq_85_msgs__rosidl_typesupport_fastrtps_c.dir/rosidl_typesupport_fastrtps_c/robotiq_85_msgs/msg/detail/gripper_cmd__type_support_c.cpp.o[0m
[ 54%] [32mBuilding C object CMakeFiles/robotiq_85_msgs__rosidl_typesupport_introspection_c.dir/rosidl_typesupport_introspection_c/robotiq_85_msgs/msg/detail/gripper_stat__type_support.c.o[0m
[ 54%] Built target robotiq_85_msgs__rosidl_typesupport_c
[ 56%] [32mBuilding CXX object CMakeFiles/robotiq_85_msgs__rosidl_typesupport_introspection_cpp.dir/rosidl_typesupport_introspection_cpp/robotiq_85_msgs/msg/detail/gripper_cmd__type_support.cpp.o[0m
[ 59%] [32mBuilding CXX object CMakeFiles/robotiq_85_msgs__rosidl_typesupport_introspection_cpp.dir/rosidl_typesupport_introspection_cpp/robotiq_85_msgs/msg/detail/gripper_stat__type_support.cpp.o[0m
[ 61%] [32mBuilding CXX object CMakeFiles/robotiq_85_msgs__rosidl_typesupport_fastrtps_c.dir/rosidl_typesupport_fastrtps_c/robotiq_85_msgs/msg/detail/gripper_stat__type_support_c.cpp.o[0m
[ 63%] [32m[1mLinking C shared library librobotiq_85_msgs__rosidl_typesupport_introspection_c.so[0m
[ 65%] [32mBuilding CXX object CMakeFiles/robotiq_85_msgs__rosidl_typesupport_fastrtps_cpp.dir/rosidl_typesupport_fastrtps_cpp/robotiq_85_msgs/msg/detail/dds_fastrtps/gripper_cmd__type_support.cpp.o[0m
[ 65%] Built target robotiq_85_msgs__rosidl_typesupport_introspection_c
[ 68%] [32mBuilding CXX object CMakeFiles/robotiq_85_msgs__rosidl_typesupport_fastrtps_cpp.dir/rosidl_typesupport_fastrtps_cpp/robotiq_85_msgs/msg/detail/dds_fastrtps/gripper_stat__type_support.cpp.o[0m
[ 70%] [32m[1mLinking CXX shared library librobotiq_85_msgs__rosidl_typesupport_cpp.so[0m
[ 70%] Built target robotiq_85_msgs__rosidl_typesupport_cpp
[ 72%] [32m[1mLinking CXX shared library librobotiq_85_msgs__rosidl_typesupport_introspection_cpp.so[0m
[ 72%] Built target robotiq_85_msgs__rosidl_typesupport_introspection_cpp
[ 75%] [32m[1mLinking CXX shared library librobotiq_85_msgs__rosidl_typesupport_fastrtps_cpp.so[0m
[ 75%] Built target robotiq_85_msgs__rosidl_typesupport_fastrtps_cpp
[ 77%] [32m[1mLinking CXX shared library librobotiq_85_msgs__rosidl_typesupport_fastrtps_c.so[0m
[ 77%] Built target robotiq_85_msgs__rosidl_typesupport_fastrtps_c
[ 77%] Built target robotiq_85_msgs
[ 79%] [34m[1mGenerating Python code for ROS interfaces[0m
[ 79%] Built target robotiq_85_msgs__py
[ 81%] [32mBuilding C object CMakeFiles/robotiq_85_msgs__rosidl_generator_py.dir/rosidl_generator_py/robotiq_85_msgs/msg/_gripper_cmd_s.c.o[0m
[ 84%] [32mBuilding C object CMakeFiles/robotiq_85_msgs__rosidl_generator_py.dir/rosidl_generator_py/robotiq_85_msgs/msg/_gripper_stat_s.c.o[0m
[ 86%] [32m[1mLinking C shared library librobotiq_85_msgs__rosidl_generator_py.so[0m
[ 86%] Built target robotiq_85_msgs__rosidl_generator_py
[ 88%] [32mBuilding C object CMakeFiles/robotiq_85_msgs_s__rosidl_typesupport_c.dir/rosidl_generator_py/robotiq_85_msgs/_robotiq_85_msgs_s.ep.rosidl_typesupport_c.c.o[0m
[ 90%] [32mBuilding C object CMakeFiles/robotiq_85_msgs_s__rosidl_typesupport_introspection_c.dir/rosidl_generator_py/robotiq_85_msgs/_robotiq_85_msgs_s.ep.rosidl_typesupport_introspection_c.c.o[0m
[ 93%] [32mBuilding C object CMakeFiles/robotiq_85_msgs_s__rosidl_typesupport_fastrtps_c.dir/rosidl_generator_py/robotiq_85_msgs/_robotiq_85_msgs_s.ep.rosidl_typesupport_fastrtps_c.c.o[0m
[ 95%] [32m[1mLinking C shared module rosidl_generator_py/robotiq_85_msgs/robotiq_85_msgs_s__rosidl_typesupport_introspection_c.so[0m
[ 97%] [32m[1mLinking C shared module rosidl_generator_py/robotiq_85_msgs/robotiq_85_msgs_s__rosidl_typesupport_c.so[0m
[ 97%] Built target robotiq_85_msgs_s__rosidl_typesupport_introspection_c
[100%] [32m[1mLinking C shared module rosidl_generator_py/robotiq_85_msgs/robotiq_85_msgs_s__rosidl_typesupport_fastrtps_c.so[0m
[100%] Built target robotiq_85_msgs_s__rosidl_typesupport_fastrtps_c
[100%] Built target robotiq_85_msgs_s__rosidl_typesupport_c
-- Install configuration: ""
-- Installing: /home/omid/data/colcon_ws1FW/src/final_work/src/install/robotiq_85_msgs/share/ament_index/resource_index/rosidl_interfaces/robotiq_85_msgs
-- Installing: /home/omid/data/colcon_ws1FW/src/final_work/src/install/robotiq_85_msgs/share/robotiq_85_msgs/msg/GripperCmd.json
-- Installing: /home/omid/data/colcon_ws1FW/src/final_work/src/install/robotiq_85_msgs/share/robotiq_85_msgs/msg/GripperStat.json
-- Installing: /home/omid/data/colcon_ws1FW/src/final_work/src/install/robotiq_85_msgs/include/robotiq_85_msgs/robotiq_85_msgs
-- Installing: /home/omid/data/colcon_ws1FW/src/final_work/src/install/robotiq_85_msgs/include/robotiq_85_msgs/robotiq_85_msgs/msg
-- Installing: /home/omid/data/colcon_ws1FW/src/final_work/src/install/robotiq_85_msgs/include/robotiq_85_msgs/robotiq_85_msgs/msg/gripper_cmd.h
-- Installing: /home/omid/data/colcon_ws1FW/src/final_work/src/install/robotiq_85_msgs/include/robotiq_85_msgs/robotiq_85_msgs/msg/detail
-- Installing: /home/omid/data/colcon_ws1FW/src/final_work/src/install/robotiq_85_msgs/include/robotiq_85_msgs/robotiq_85_msgs/msg/detail/gripper_cmd__type_support.c
-- Installing: /home/omid/data/colcon_ws1FW/src/final_work/src/install/robotiq_85_msgs/include/robotiq_85_msgs/robotiq_85_msgs/msg/detail/gripper_stat__type_support.c
-- Installing: /home/omid/data/colcon_ws1FW/src/final_work/src/install/robotiq_85_msgs/include/robotiq_85_msgs/robotiq_85_msgs/msg/detail/gripper_cmd__description.c
-- Installing: /home/omid/data/colcon_ws1FW/src/final_work/src/install/robotiq_85_msgs/include/robotiq_85_msgs/robotiq_85_msgs/msg/detail/gripper_cmd__functions.c
-- Installing: /home/omid/data/colcon_ws1FW/src/final_work/src/install/robotiq_85_msgs/include/robotiq_85_msgs/robotiq_85_msgs/msg/detail/gripper_cmd__struct.h
-- Installing: /home/omid/data/colcon_ws1FW/src/final_work/src/install/robotiq_85_msgs/include/robotiq_85_msgs/robotiq_85_msgs/msg/detail/gripper_cmd__functions.h
-- Installing: /home/omid/data/colcon_ws1FW/src/final_work/src/install/robotiq_85_msgs/include/robotiq_85_msgs/robotiq_85_msgs/msg/detail/gripper_stat__type_support.h
-- Installing: /home/omid/data/colcon_ws1FW/src/final_work/src/install/robotiq_85_msgs/include/robotiq_85_msgs/robotiq_85_msgs/msg/detail/gripper_stat__struct.h
-- Installing: /home/omid/data/colcon_ws1FW/src/final_work/src/install/robotiq_85_msgs/include/robotiq_85_msgs/robotiq_85_msgs/msg/detail/gripper_stat__functions.h
-- Installing: /home/omid/data/colcon_ws1FW/src/final_work/src/install/robotiq_85_msgs/include/robotiq_85_msgs/robotiq_85_msgs/msg/detail/gripper_cmd__type_support.h
-- Installing: /home/omid/data/colcon_ws1FW/src/final_work/src/install/robotiq_85_msgs/include/robotiq_85_msgs/robotiq_85_msgs/msg/detail/gripper_stat__functions.c
-- Installing: /home/omid/data/colcon_ws1FW/src/final_work/src/install/robotiq_85_msgs/include/robotiq_85_msgs/robotiq_85_msgs/msg/detail/gripper_stat__description.c
-- Installing: /home/omid/data/colcon_ws1FW/src/final_work/src/install/robotiq_85_msgs/include/robotiq_85_msgs/robotiq_85_msgs/msg/rosidl_generator_c__visibility_control.h
-- Installing: /home/omid/data/colcon_ws1FW/src/final_work/src/install/robotiq_85_msgs/include/robotiq_85_msgs/robotiq_85_msgs/msg/gripper_stat.h
-- Installing: /home/omid/data/colcon_ws1FW/src/final_work/src/install/robotiq_85_msgs/share/robotiq_85_msgs/environment/library_path.sh
-- Installing: /home/omid/data/colcon_ws1FW/src/final_work/src/install/robotiq_85_msgs/share/robotiq_85_msgs/environment/library_path.dsv
-- Installing: /home/omid/data/colcon_ws1FW/src/final_work/src/install/robotiq_85_msgs/lib/librobotiq_85_msgs__rosidl_generator_c.so
-- Set non-toolchain portion of runtime path of "/home/omid/data/colcon_ws1FW/src/final_work/src/install/robotiq_85_msgs/lib/librobotiq_85_msgs__rosidl_generator_c.so" to ""
-- Up-to-date: /home/omid/data/colcon_ws1FW/src/final_work/src/install/robotiq_85_msgs/include/robotiq_85_msgs/robotiq_85_msgs
-- Up-to-date: /home/omid/data/colcon_ws1FW/src/final_work/src/install/robotiq_85_msgs/include/robotiq_85_msgs/robotiq_85_msgs/msg
-- Up-to-date: /home/omid/data/colcon_ws1FW/src/final_work/src/install/robotiq_85_msgs/include/robotiq_85_msgs/robotiq_85_msgs/msg/detail
-- Installing: /home/omid/data/colcon_ws1FW/src/final_work/src/install/robotiq_85_msgs/include/robotiq_85_msgs/robotiq_85_msgs/msg/detail/gripper_stat__rosidl_typesupport_fastrtps_c.h
-- Installing: /home/omid/data/colcon_ws1FW/src/final_work/src/install/robotiq_85_msgs/include/robotiq_85_msgs/robotiq_85_msgs/msg/detail/gripper_cmd__rosidl_typesupport_fastrtps_c.h
-- Installing: /home/omid/data/colcon_ws1FW/src/final_work/src/install/robotiq_85_msgs/include/robotiq_85_msgs/robotiq_85_msgs/msg/rosidl_typesupport_fastrtps_c__visibility_control.h
-- Installing: /home/omid/data/colcon_ws1FW/src/final_work/src/install/robotiq_85_msgs/lib/librobotiq_85_msgs__rosidl_typesupport_fastrtps_c.so
-- Set non-toolchain portion of runtime path of "/home/omid/data/colcon_ws1FW/src/final_work/src/install/robotiq_85_msgs/lib/librobotiq_85_msgs__rosidl_typesupport_fastrtps_c.so" to ""
-- Up-to-date: /home/omid/data/colcon_ws1FW/src/final_work/src/install/robotiq_85_msgs/include/robotiq_85_msgs/robotiq_85_msgs
-- Up-to-date: /home/omid/data/colcon_ws1FW/src/final_work/src/install/robotiq_85_msgs/include/robotiq_85_msgs/robotiq_85_msgs/msg
-- Installing: /home/omid/data/colcon_ws1FW/src/final_work/src/install/robotiq_85_msgs/include/robotiq_85_msgs/robotiq_85_msgs/msg/gripper_cmd.hpp
-- Up-to-date: /home/omid/data/colcon_ws1FW/src/final_work/src/install/robotiq_85_msgs/include/robotiq_85_msgs/robotiq_85_msgs/msg/detail
-- Installing: /home/omid/data/colcon_ws1FW/src/final_work/src/install/robotiq_85_msgs/include/robotiq_85_msgs/robotiq_85_msgs/msg/detail/gripper_cmd__struct.hpp
-- Installing: /home/omid/data/colcon_ws1FW/src/final_work/src/install/robotiq_85_msgs/include/robotiq_85_msgs/robotiq_85_msgs/msg/detail/gripper_cmd__builder.hpp
-- Installing: /home/omid/data/colcon_ws1FW/src/final_work/src/install/robotiq_85_msgs/include/robotiq_85_msgs/robotiq_85_msgs/msg/detail/gripper_stat__type_support.hpp
-- Installing: /home/omid/data/colcon_ws1FW/src/final_work/src/install/robotiq_85_msgs/include/robotiq_85_msgs/robotiq_85_msgs/msg/detail/gripper_stat__builder.hpp
-- Installing: /home/omid/data/colcon_ws1FW/src/final_work/src/install/robotiq_85_msgs/include/robotiq_85_msgs/robotiq_85_msgs/msg/detail/gripper_cmd__type_support.hpp
-- Installing: /home/omid/data/colcon_ws1FW/src/final_work/src/install/robotiq_85_msgs/include/robotiq_85_msgs/robotiq_85_msgs/msg/detail/gripper_cmd__traits.hpp
-- Installing: /home/omid/data/colcon_ws1FW/src/final_work/src/install/robotiq_85_msgs/include/robotiq_85_msgs/robotiq_85_msgs/msg/detail/gripper_stat__traits.hpp
-- Installing: /home/omid/data/colcon_ws1FW/src/final_work/src/install/robotiq_85_msgs/include/robotiq_85_msgs/robotiq_85_msgs/msg/detail/gripper_stat__struct.hpp
-- Installing: /home/omid/data/colcon_ws1FW/src/final_work/src/install/robotiq_85_msgs/include/robotiq_85_msgs/robotiq_85_msgs/msg/rosidl_generator_cpp__visibility_control.hpp
-- Installing: /home/omid/data/colcon_ws1FW/src/final_work/src/install/robotiq_85_msgs/include/robotiq_85_msgs/robotiq_85_msgs/msg/gripper_stat.hpp
-- Up-to-date: /home/omid/data/colcon_ws1FW/src/final_work/src/install/robotiq_85_msgs/include/robotiq_85_msgs/robotiq_85_msgs
-- Up-to-date: /home/omid/data/colcon_ws1FW/src/final_work/src/install/robotiq_85_msgs/include/robotiq_85_msgs/robotiq_85_msgs/msg
-- Installing: /home/omid/data/colcon_ws1FW/src/final_work/src/install/robotiq_85_msgs/include/robotiq_85_msgs/robotiq_85_msgs/msg/rosidl_typesupport_fastrtps_cpp__visibility_control.h
-- Up-to-date: /home/omid/data/colcon_ws1FW/src/final_work/src/install/robotiq_85_msgs/include/robotiq_85_msgs/robotiq_85_msgs/msg/detail
-- Installing: /home/omid/data/colcon_ws1FW/src/final_work/src/install/robotiq_85_msgs/include/robotiq_85_msgs/robotiq_85_msgs/msg/detail/dds_fastrtps
-- Installing: /home/omid/data/colcon_ws1FW/src/final_work/src/install/robotiq_85_msgs/include/robotiq_85_msgs/robotiq_85_msgs/msg/detail/gripper_stat__rosidl_typesupport_fastrtps_cpp.hpp
-- Installing: /home/omid/data/colcon_ws1FW/src/final_work/src/install/robotiq_85_msgs/include/robotiq_85_msgs/robotiq_85_msgs/msg/detail/gripper_cmd__rosidl_typesupport_fastrtps_cpp.hpp
-- Installing: /home/omid/data/colcon_ws1FW/src/final_work/src/install/robotiq_85_msgs/lib/librobotiq_85_msgs__rosidl_typesupport_fastrtps_cpp.so
-- Set non-toolchain portion of runtime path of "/home/omid/data/colcon_ws1FW/src/final_work/src/install/robotiq_85_msgs/lib/librobotiq_85_msgs__rosidl_typesupport_fastrtps_cpp.so" to ""
-- Up-to-date: /home/omid/data/colcon_ws1FW/src/final_work/src/install/robotiq_85_msgs/include/robotiq_85_msgs/robotiq_85_msgs
-- Up-to-date: /home/omid/data/colcon_ws1FW/src/final_work/src/install/robotiq_85_msgs/include/robotiq_85_msgs/robotiq_85_msgs/msg
-- Installing: /home/omid/data/colcon_ws1FW/src/final_work/src/install/robotiq_85_msgs/include/robotiq_85_msgs/robotiq_85_msgs/msg/rosidl_typesupport_introspection_c__visibility_control.h
-- Up-to-date: /home/omid/data/colcon_ws1FW/src/final_work/src/install/robotiq_85_msgs/include/robotiq_85_msgs/robotiq_85_msgs/msg/detail
-- Installing: /home/omid/data/colcon_ws1FW/src/final_work/src/install/robotiq_85_msgs/include/robotiq_85_msgs/robotiq_85_msgs/msg/detail/gripper_cmd__rosidl_typesupport_introspection_c.h
-- Installing: /home/omid/data/colcon_ws1FW/src/final_work/src/install/robotiq_85_msgs/include/robotiq_85_msgs/robotiq_85_msgs/msg/detail/gripper_cmd__type_support.c
-- Installing: /home/omid/data/colcon_ws1FW/src/final_work/src/install/robotiq_85_msgs/include/robotiq_85_msgs/robotiq_85_msgs/msg/detail/gripper_stat__type_support.c
-- Installing: /home/omid/data/colcon_ws1FW/src/final_work/src/install/robotiq_85_msgs/include/robotiq_85_msgs/robotiq_85_msgs/msg/detail/gripper_stat__rosidl_typesupport_introspection_c.h
-- Installing: /home/omid/data/colcon_ws1FW/src/final_work/src/install/robotiq_85_msgs/lib/librobotiq_85_msgs__rosidl_typesupport_introspection_c.so
-- Set non-toolchain portion of runtime path of "/home/omid/data/colcon_ws1FW/src/final_work/src/install/robotiq_85_msgs/lib/librobotiq_85_msgs__rosidl_typesupport_introspection_c.so" to ""
-- Installing: /home/omid/data/colcon_ws1FW/src/final_work/src/install/robotiq_85_msgs/lib/librobotiq_85_msgs__rosidl_typesupport_c.so
-- Set non-toolchain portion of runtime path of "/home/omid/data/colcon_ws1FW/src/final_work/src/install/robotiq_85_msgs/lib/librobotiq_85_msgs__rosidl_typesupport_c.so" to ""
-- Up-to-date: /home/omid/data/colcon_ws1FW/src/final_work/src/install/robotiq_85_msgs/include/robotiq_85_msgs/robotiq_85_msgs
-- Up-to-date: /home/omid/data/colcon_ws1FW/src/final_work/src/install/robotiq_85_msgs/include/robotiq_85_msgs/robotiq_85_msgs/msg
-- Up-to-date: /home/omid/data/colcon_ws1FW/src/final_work/src/install/robotiq_85_msgs/include/robotiq_85_msgs/robotiq_85_msgs/msg/detail
-- Installing: /home/omid/data/colcon_ws1FW/src/final_work/src/install/robotiq_85_msgs/include/robotiq_85_msgs/robotiq_85_msgs/msg/detail/gripper_stat__rosidl_typesupport_introspection_cpp.hpp
-- Installing: /home/omid/data/colcon_ws1FW/src/final_work/src/install/robotiq_85_msgs/include/robotiq_85_msgs/robotiq_85_msgs/msg/detail/gripper_cmd__type_support.cpp
-- Installing: /home/omid/data/colcon_ws1FW/src/final_work/src/install/robotiq_85_msgs/include/robotiq_85_msgs/robotiq_85_msgs/msg/detail/gripper_stat__type_support.cpp
-- Installing: /home/omid/data/colcon_ws1FW/src/final_work/src/install/robotiq_85_msgs/include/robotiq_85_msgs/robotiq_85_msgs/msg/detail/gripper_cmd__rosidl_typesupport_introspection_cpp.hpp
-- Installing: /home/omid/data/colcon_ws1FW/src/final_work/src/install/robotiq_85_msgs/lib/librobotiq_85_msgs__rosidl_typesupport_introspection_cpp.so
-- Set non-toolchain portion of runtime path of "/home/omid/data/colcon_ws1FW/src/final_work/src/install/robotiq_85_msgs/lib/librobotiq_85_msgs__rosidl_typesupport_introspection_cpp.so" to ""
-- Installing: /home/omid/data/colcon_ws1FW/src/final_work/src/install/robotiq_85_msgs/lib/librobotiq_85_msgs__rosidl_typesupport_cpp.so
-- Set non-toolchain portion of runtime path of "/home/omid/data/colcon_ws1FW/src/final_work/src/install/robotiq_85_msgs/lib/librobotiq_85_msgs__rosidl_typesupport_cpp.so" to ""
-- Installing: /home/omid/data/colcon_ws1FW/src/final_work/src/install/robotiq_85_msgs/share/robotiq_85_msgs/environment/pythonpath.sh
-- Installing: /home/omid/data/colcon_ws1FW/src/final_work/src/install/robotiq_85_msgs/share/robotiq_85_msgs/environment/pythonpath.dsv
-- Installing: /home/omid/data/colcon_ws1FW/src/final_work/src/install/robotiq_85_msgs/lib/python3.12/site-packages/robotiq_85_msgs-1.0.1-py3.12.egg-info
-- Installing: /home/omid/data/colcon_ws1FW/src/final_work/src/install/robotiq_85_msgs/lib/python3.12/site-packages/robotiq_85_msgs-1.0.1-py3.12.egg-info/SOURCES.txt
-- Installing: /home/omid/data/colcon_ws1FW/src/final_work/src/install/robotiq_85_msgs/lib/python3.12/site-packages/robotiq_85_msgs-1.0.1-py3.12.egg-info/PKG-INFO
-- Installing: /home/omid/data/colcon_ws1FW/src/final_work/src/install/robotiq_85_msgs/lib/python3.12/site-packages/robotiq_85_msgs-1.0.1-py3.12.egg-info/top_level.txt
-- Installing: /home/omid/data/colcon_ws1FW/src/final_work/src/install/robotiq_85_msgs/lib/python3.12/site-packages/robotiq_85_msgs-1.0.1-py3.12.egg-info/dependency_links.txt
-- Installing: /home/omid/data/colcon_ws1FW/src/final_work/src/install/robotiq_85_msgs/lib/python3.12/site-packages/robotiq_85_msgs
-- Installing: /home/omid/data/colcon_ws1FW/src/final_work/src/install/robotiq_85_msgs/lib/python3.12/site-packages/robotiq_85_msgs/_robotiq_85_msgs_s.ep.rosidl_typesupport_introspection_c.c
-- Installing: /home/omid/data/colcon_ws1FW/src/final_work/src/install/robotiq_85_msgs/lib/python3.12/site-packages/robotiq_85_msgs/msg
-- Installing: /home/omid/data/colcon_ws1FW/src/final_work/src/install/robotiq_85_msgs/lib/python3.12/site-packages/robotiq_85_msgs/msg/_gripper_cmd.py
-- Installing: /home/omid/data/colcon_ws1FW/src/final_work/src/install/robotiq_85_msgs/lib/python3.12/site-packages/robotiq_85_msgs/msg/_gripper_cmd_s.c
-- Installing: /home/omid/data/colcon_ws1FW/src/final_work/src/install/robotiq_85_msgs/lib/python3.12/site-packages/robotiq_85_msgs/msg/_gripper_stat_s.c
-- Installing: /home/omid/data/colcon_ws1FW/src/final_work/src/install/robotiq_85_msgs/lib/python3.12/site-packages/robotiq_85_msgs/msg/__init__.py
-- Installing: /home/omid/data/colcon_ws1FW/src/final_work/src/install/robotiq_85_msgs/lib/python3.12/site-packages/robotiq_85_msgs/msg/_gripper_stat.py
-- Installing: /home/omid/data/colcon_ws1FW/src/final_work/src/install/robotiq_85_msgs/lib/python3.12/site-packages/robotiq_85_msgs/robotiq_85_msgs_s__rosidl_typesupport_fastrtps_c.so
-- Installing: /home/omid/data/colcon_ws1FW/src/final_work/src/install/robotiq_85_msgs/lib/python3.12/site-packages/robotiq_85_msgs/robotiq_85_msgs_s__rosidl_typesupport_introspection_c.so
-- Installing: /home/omid/data/colcon_ws1FW/src/final_work/src/install/robotiq_85_msgs/lib/python3.12/site-packages/robotiq_85_msgs/robotiq_85_msgs_s__rosidl_typesupport_c.so
-- Installing: /home/omid/data/colcon_ws1FW/src/final_work/src/install/robotiq_85_msgs/lib/python3.12/site-packages/robotiq_85_msgs/__init__.py
-- Installing: /home/omid/data/colcon_ws1FW/src/final_work/src/install/robotiq_85_msgs/lib/python3.12/site-packages/robotiq_85_msgs/_robotiq_85_msgs_s.ep.rosidl_typesupport_c.c
-- Installing: /home/omid/data/colcon_ws1FW/src/final_work/src/install/robotiq_85_msgs/lib/python3.12/site-packages/robotiq_85_msgs/_robotiq_85_msgs_s.ep.rosidl_typesupport_fastrtps_c.c
Listing '/home/omid/data/colcon_ws1FW/src/final_work/src/install/robotiq_85_msgs/lib/python3.12/site-packages/robotiq_85_msgs'...
Compiling '/home/omid/data/colcon_ws1FW/src/final_work/src/install/robotiq_85_msgs/lib/python3.12/site-packages/robotiq_85_msgs/__init__.py'...
Listing '/home/omid/data/colcon_ws1FW/src/final_work/src/install/robotiq_85_msgs/lib/python3.12/site-packages/robotiq_85_msgs/msg'...
Compiling '/home/omid/data/colcon_ws1FW/src/final_work/src/install/robotiq_85_msgs/lib/python3.12/site-packages/robotiq_85_msgs/msg/__init__.py'...
Compiling '/home/omid/data/colcon_ws1FW/src/final_work/src/install/robotiq_85_msgs/lib/python3.12/site-packages/robotiq_85_msgs/msg/_gripper_cmd.py'...
Compiling '/home/omid/data/colcon_ws1FW/src/final_work/src/install/robotiq_85_msgs/lib/python3.12/site-packages/robotiq_85_msgs/msg/_gripper_stat.py'...
-- Installing: /home/omid/data/colcon_ws1FW/src/final_work/src/install/robotiq_85_msgs/lib/python3.12/site-packages/robotiq_85_msgs/robotiq_85_msgs_s__rosidl_typesupport_fastrtps_c.so
-- Set non-toolchain portion of runtime path of "/home/omid/data/colcon_ws1FW/src/final_work/src/install/robotiq_85_msgs/lib/python3.12/site-packages/robotiq_85_msgs/robotiq_85_msgs_s__rosidl_typesupport_fastrtps_c.so" to ""
-- Installing: /home/omid/data/colcon_ws1FW/src/final_work/src/install/robotiq_85_msgs/lib/python3.12/site-packages/robotiq_85_msgs/robotiq_85_msgs_s__rosidl_typesupport_introspection_c.so
-- Set non-toolchain portion of runtime path of "/home/omid/data/colcon_ws1FW/src/final_work/src/install/robotiq_85_msgs/lib/python3.12/site-packages/robotiq_85_msgs/robotiq_85_msgs_s__rosidl_typesupport_introspection_c.so" to ""
-- Installing: /home/omid/data/colcon_ws1FW/src/final_work/src/install/robotiq_85_msgs/lib/python3.12/site-packages/robotiq_85_msgs/robotiq_85_msgs_s__rosidl_typesupport_c.so
-- Set non-toolchain portion of runtime path of "/home/omid/data/colcon_ws1FW/src/final_work/src/install/robotiq_85_msgs/lib/python3.12/site-packages/robotiq_85_msgs/robotiq_85_msgs_s__rosidl_typesupport_c.so" to ""
-- Installing: /home/omid/data/colcon_ws1FW/src/final_work/src/install/robotiq_85_msgs/lib/librobotiq_85_msgs__rosidl_generator_py.so
-- Set non-toolchain portion of runtime path of "/home/omid/data/colcon_ws1FW/src/final_work/src/install/robotiq_85_msgs/lib/librobotiq_85_msgs__rosidl_generator_py.so" to ""
-- Installing: /home/omid/data/colcon_ws1FW/src/final_work/src/install/robotiq_85_msgs/share/robotiq_85_msgs/msg/GripperCmd.idl
-- Installing: /home/omid/data/colcon_ws1FW/src/final_work/src/install/robotiq_85_msgs/share/robotiq_85_msgs/msg/GripperStat.idl
-- Installing: /home/omid/data/colcon_ws1FW/src/final_work/src/install/robotiq_85_msgs/share/robotiq_85_msgs/msg/GripperCmd.msg
-- Installing: /home/omid/data/colcon_ws1FW/src/final_work/src/install/robotiq_85_msgs/share/robotiq_85_msgs/msg/GripperStat.msg
-- Installing: /home/omid/data/colcon_ws1FW/src/final_work/src/install/robotiq_85_msgs/share/ament_index/resource_index/package_run_dependencies/robotiq_85_msgs
-- Installing: /home/omid/data/colcon_ws1FW/src/final_work/src/install/robotiq_85_msgs/share/ament_index/resource_index/parent_prefix_path/robotiq_85_msgs
-- Installing: /home/omid/data/colcon_ws1FW/src/final_work/src/install/robotiq_85_msgs/share/robotiq_85_msgs/environment/ament_prefix_path.sh
-- Installing: /home/omid/data/colcon_ws1FW/src/final_work/src/install/robotiq_85_msgs/share/robotiq_85_msgs/environment/ament_prefix_path.dsv
-- Installing: /home/omid/data/colcon_ws1FW/src/final_work/src/install/robotiq_85_msgs/share/robotiq_85_msgs/environment/path.sh
-- Installing: /home/omid/data/colcon_ws1FW/src/final_work/src/install/robotiq_85_msgs/share/robotiq_85_msgs/environment/path.dsv
-- Installing: /home/omid/data/colcon_ws1FW/src/final_work/src/install/robotiq_85_msgs/share/robotiq_85_msgs/local_setup.bash
-- Installing: /home/omid/data/colcon_ws1FW/src/final_work/src/install/robotiq_85_msgs/share/robotiq_85_msgs/local_setup.sh
-- Installing: /home/omid/data/colcon_ws1FW/src/final_work/src/install/robotiq_85_msgs/share/robotiq_85_msgs/local_setup.zsh
-- Installing: /home/omid/data/colcon_ws1FW/src/final_work/src/install/robotiq_85_msgs/share/robotiq_85_msgs/local_setup.dsv
-- Installing: /home/omid/data/colcon_ws1FW/src/final_work/src/install/robotiq_85_msgs/share/robotiq_85_msgs/package.dsv
-- Installing: /home/omid/data/colcon_ws1FW/src/final_work/src/install/robotiq_85_msgs/share/ament_index/resource_index/packages/robotiq_85_msgs
-- Installing: /home/omid/data/colcon_ws1FW/src/final_work/src/install/robotiq_85_msgs/share/robotiq_85_msgs/cmake/export_robotiq_85_msgs__rosidl_generator_cExport.cmake
-- Installing: /home/omid/data/colcon_ws1FW/src/final_work/src/install/robotiq_85_msgs/share/robotiq_85_msgs/cmake/export_robotiq_85_msgs__rosidl_generator_cExport-noconfig.cmake
-- Installing: /home/omid/data/colcon_ws1FW/src/final_work/src/install/robotiq_85_msgs/share/robotiq_85_msgs/cmake/export_robotiq_85_msgs__rosidl_typesupport_fastrtps_cExport.cmake
-- Installing: /home/omid/data/colcon_ws1FW/src/final_work/src/install/robotiq_85_msgs/share/robotiq_85_msgs/cmake/export_robotiq_85_msgs__rosidl_typesupport_fastrtps_cExport-noconfig.cmake
-- Installing: /home/omid/data/colcon_ws1FW/src/final_work/src/install/robotiq_85_msgs/share/robotiq_85_msgs/cmake/export_robotiq_85_msgs__rosidl_generator_cppExport.cmake
-- Installing: /home/omid/data/colcon_ws1FW/src/final_work/src/install/robotiq_85_msgs/share/robotiq_85_msgs/cmake/export_robotiq_85_msgs__rosidl_typesupport_fastrtps_cppExport.cmake
-- Installing: /home/omid/data/colcon_ws1FW/src/final_work/src/install/robotiq_85_msgs/share/robotiq_85_msgs/cmake/export_robotiq_85_msgs__rosidl_typesupport_fastrtps_cppExport-noconfig.cmake
-- Installing: /home/omid/data/colcon_ws1FW/src/final_work/src/install/robotiq_85_msgs/share/robotiq_85_msgs/cmake/robotiq_85_msgs__rosidl_typesupport_introspection_cExport.cmake
-- Installing: /home/omid/data/colcon_ws1FW/src/final_work/src/install/robotiq_85_msgs/share/robotiq_85_msgs/cmake/robotiq_85_msgs__rosidl_typesupport_introspection_cExport-noconfig.cmake
-- Installing: /home/omid/data/colcon_ws1FW/src/final_work/src/install/robotiq_85_msgs/share/robotiq_85_msgs/cmake/robotiq_85_msgs__rosidl_typesupport_cExport.cmake
-- Installing: /home/omid/data/colcon_ws1FW/src/final_work/src/install/robotiq_85_msgs/share/robotiq_85_msgs/cmake/robotiq_85_msgs__rosidl_typesupport_cExport-noconfig.cmake
-- Installing: /home/omid/data/colcon_ws1FW/src/final_work/src/install/robotiq_85_msgs/share/robotiq_85_msgs/cmake/robotiq_85_msgs__rosidl_typesupport_introspection_cppExport.cmake
-- Installing: /home/omid/data/colcon_ws1FW/src/final_work/src/install/robotiq_85_msgs/share/robotiq_85_msgs/cmake/robotiq_85_msgs__rosidl_typesupport_introspection_cppExport-noconfig.cmake
-- Installing: /home/omid/data/colcon_ws1FW/src/final_work/src/install/robotiq_85_msgs/share/robotiq_85_msgs/cmake/robotiq_85_msgs__rosidl_typesupport_cppExport.cmake
-- Installing: /home/omid/data/colcon_ws1FW/src/final_work/src/install/robotiq_85_msgs/share/robotiq_85_msgs/cmake/robotiq_85_msgs__rosidl_typesupport_cppExport-noconfig.cmake
-- Installing: /home/omid/data/colcon_ws1FW/src/final_work/src/install/robotiq_85_msgs/share/robotiq_85_msgs/cmake/export_robotiq_85_msgs__rosidl_generator_pyExport.cmake
-- Installing: /home/omid/data/colcon_ws1FW/src/final_work/src/install/robotiq_85_msgs/share/robotiq_85_msgs/cmake/export_robotiq_85_msgs__rosidl_generator_pyExport-noconfig.cmake
-- Installing: /home/omid/data/colcon_ws1FW/src/final_work/src/install/robotiq_85_msgs/share/robotiq_85_msgs/cmake/rosidl_cmake-extras.cmake
-- Installing: /home/omid/data/colcon_ws1FW/src/final_work/src/install/robotiq_85_msgs/share/robotiq_85_msgs/cmake/ament_cmake_export_dependencies-extras.cmake
-- Installing: /home/omid/data/colcon_ws1FW/src/final_work/src/install/robotiq_85_msgs/share/robotiq_85_msgs/cmake/ament_cmake_export_include_directories-extras.cmake
-- Installing: /home/omid/data/colcon_ws1FW/src/final_work/src/install/robotiq_85_msgs/share/robotiq_85_msgs/cmake/ament_cmake_export_libraries-extras.cmake
-- Installing: /home/omid/data/colcon_ws1FW/src/final_work/src/install/robotiq_85_msgs/share/robotiq_85_msgs/cmake/ament_cmake_export_targets-extras.cmake
-- Installing: /home/omid/data/colcon_ws1FW/src/final_work/src/install/robotiq_85_msgs/share/robotiq_85_msgs/cmake/rosidl_cmake_export_typesupport_targets-extras.cmake
-- Installing: /home/omid/data/colcon_ws1FW/src/final_work/src/install/robotiq_85_msgs/share/robotiq_85_msgs/cmake/rosidl_cmake_export_typesupport_libraries-extras.cmake
-- Installing: /home/omid/data/colcon_ws1FW/src/final_work/src/install/robotiq_85_msgs/share/robotiq_85_msgs/cmake/robotiq_85_msgsConfig.cmake
-- Installing: /home/omid/data/colcon_ws1FW/src/final_work/src/install/robotiq_85_msgs/share/robotiq_85_msgs/cmake/robotiq_85_msgsConfig-version.cmake
-- Installing: /home/omid/data/colcon_ws1FW/src/final_work/src/install/robotiq_85_msgs/share/robotiq_85_msgs/package.xml
