[0.062s] Invoking command in '/home/omid/data/colcon_ws1FW/src/final_work/src/build/robotiq_85_msgs': CMAKE_PREFIX_PATH=${CMAKE_PREFIX_PATH}:/opt/ros/jazzy DEBUGINFOD_URLS=https://debuginfod.ubuntu.com /usr/bin/cmake /home/omid/data/colcon_ws1FW/src/final_work/src/robotiq_85_gripper/robotiq_85_msgs -DCMAKE_INSTALL_PREFIX=/home/omid/data/colcon_ws1FW/src/final_work/src/install/robotiq_85_msgs
[0.332s] -- The C compiler identification is GNU 13.3.0
[0.540s] -- The CXX compiler identification is GNU 13.3.0
[0.594s] -- Detecting C compiler ABI info
[0.844s] -- Detecting C compiler ABI info - done
[0.881s] -- Check for working C compiler: /usr/bin/cc - skipped
[0.882s] -- Detecting C compile features
[0.883s] -- Detecting C compile features - done
[0.910s] -- Detecting CXX compiler ABI info
[1.196s] -- Detecting CXX compiler ABI info - done
[1.233s] -- Check for working CXX compiler: /usr/bin/c++ - skipped
[1.235s] -- Detecting CXX compile features
[1.235s] -- Detecting CXX compile features - done
[1.249s] -- Found ament_cmake: 2.5.4 (/opt/ros/jazzy/share/ament_cmake/cmake)
[1.714s] -- Found Python3: /usr/bin/python3 (found version "3.12.3") found components: Interpreter 
[2.084s] -- Found builtin_interfaces: 2.0.3 (/opt/ros/jazzy/share/builtin_interfaces/cmake)
[2.269s] -- Found rosidl_generator_c: 4.6.6 (/opt/ros/jazzy/share/rosidl_generator_c/cmake)
[2.344s] -- Found rosidl_generator_cpp: 4.6.6 (/opt/ros/jazzy/share/rosidl_generator_cpp/cmake)
[2.432s] -- Using all available rosidl_typesupport_c: rosidl_typesupport_fastrtps_c;rosidl_typesupport_introspection_c
[2.527s] -- Using all available rosidl_typesupport_cpp: rosidl_typesupport_fastrtps_cpp;rosidl_typesupport_introspection_cpp
[2.625s] -- Found rosidl_default_generators: 1.6.0 (/opt/ros/jazzy/share/rosidl_default_generators/cmake)
[2.730s] -- Found rosidl_adapter: 4.6.6 (/opt/ros/jazzy/share/rosidl_adapter/cmake)
[2.757s] -- Found std_msgs: 5.3.6 (/opt/ros/jazzy/share/std_msgs/cmake)
[6.603s] -- Found ament_cmake_ros: 0.12.0 (/opt/ros/jazzy/share/ament_cmake_ros/cmake)
[12.029s] -- Using all available rosidl_typesupport_c: rosidl_typesupport_fastrtps_c;rosidl_typesupport_introspection_c
[14.264s] -- Using all available rosidl_typesupport_cpp: rosidl_typesupport_fastrtps_cpp;rosidl_typesupport_introspection_cpp
[14.300s] -- Found python_cmake_module: 0.11.1 (/opt/ros/jazzy/share/python_cmake_module/cmake)
[14.960s] -- Found PythonExtra: /usr/bin/python3  
[16.357s] -- Found Python3: /usr/bin/python3 (found version "3.12.3") found components: Interpreter Development NumPy Development.Module Development.Embed 
[16.548s] -- Configuring done (16.4s)
[16.681s] -- Generating done (0.1s)
[16.725s] -- Build files have been written to: /home/omid/data/colcon_ws1FW/src/final_work/src/build/robotiq_85_msgs
[16.743s] Invoked command in '/home/omid/data/colcon_ws1FW/src/final_work/src/build/robotiq_85_msgs' returned '0': CMAKE_PREFIX_PATH=${CMAKE_PREFIX_PATH}:/opt/ros/jazzy DEBUGINFOD_URLS=https://debuginfod.ubuntu.com /usr/bin/cmake /home/omid/data/colcon_ws1FW/src/final_work/src/robotiq_85_gripper/robotiq_85_msgs -DCMAKE_INSTALL_PREFIX=/home/omid/data/colcon_ws1FW/src/final_work/src/install/robotiq_85_msgs
[16.746s] Invoking command in '/home/omid/data/colcon_ws1FW/src/final_work/src/build/robotiq_85_msgs': CMAKE_PREFIX_PATH=${CMAKE_PREFIX_PATH}:/opt/ros/jazzy DEBUGINFOD_URLS=https://debuginfod.ubuntu.com /usr/bin/cmake --build /home/omid/data/colcon_ws1FW/src/final_work/src/build/robotiq_85_msgs -- -j8 -l8
[16.892s] [  2%] [34m[1mGenerating type hashes for ROS interfaces[0m
[16.918s] [  2%] Built target ament_cmake_python_copy_robotiq_85_msgs
[17.753s] running egg_info
[17.756s] creating robotiq_85_msgs.egg-info
[17.815s] [  2%] Built target robotiq_85_msgs__rosidl_generator_type_description
[17.838s] writing robotiq_85_msgs.egg-info/PKG-INFO
[17.840s] writing dependency_links to robotiq_85_msgs.egg-info/dependency_links.txt
[17.841s] writing top-level names to robotiq_85_msgs.egg-info/top_level.txt
[17.842s] writing manifest file 'robotiq_85_msgs.egg-info/SOURCES.txt'
[17.872s] [  4%] [34m[1mGenerating C code for ROS interfaces[0m
[17.913s] [  6%] [34m[1mGenerating C++ code for ROS interfaces[0m
[18.105s] reading manifest file 'robotiq_85_msgs.egg-info/SOURCES.txt'
[18.107s] writing manifest file 'robotiq_85_msgs.egg-info/SOURCES.txt'
[18.197s] [  6%] Built target ament_cmake_python_build_robotiq_85_msgs_egg
[19.401s] [  6%] Built target robotiq_85_msgs__cpp
[19.686s] [  9%] [32mBuilding C object CMakeFiles/robotiq_85_msgs__rosidl_generator_c.dir/rosidl_generator_c/robotiq_85_msgs/msg/detail/gripper_stat__type_support.c.o[0m
[19.699s] [ 11%] [32mBuilding C object CMakeFiles/robotiq_85_msgs__rosidl_generator_c.dir/rosidl_generator_c/robotiq_85_msgs/msg/detail/gripper_cmd__functions.c.o[0m
[19.703s] [ 15%] [32mBuilding C object CMakeFiles/robotiq_85_msgs__rosidl_generator_c.dir/rosidl_generator_c/robotiq_85_msgs/msg/detail/gripper_cmd__type_support.c.o[0m
[19.704s] [ 15%] [32mBuilding C object CMakeFiles/robotiq_85_msgs__rosidl_generator_c.dir/rosidl_generator_c/robotiq_85_msgs/msg/detail/gripper_stat__functions.c.o[0m
[19.704s] [ 18%] [32mBuilding C object CMakeFiles/robotiq_85_msgs__rosidl_generator_c.dir/rosidl_generator_c/robotiq_85_msgs/msg/detail/gripper_stat__description.c.o[0m
[19.712s] [ 20%] [32mBuilding C object CMakeFiles/robotiq_85_msgs__rosidl_generator_c.dir/rosidl_generator_c/robotiq_85_msgs/msg/detail/gripper_cmd__description.c.o[0m
[20.078s] [ 22%] [32m[1mLinking C shared library librobotiq_85_msgs__rosidl_generator_c.so[0m
[20.245s] [ 22%] Built target robotiq_85_msgs__rosidl_generator_c
[20.303s] [ 25%] [34m[1mGenerating C++ type support dispatch for ROS interfaces[0m
[20.308s] [ 27%] [34m[1mGenerating C type support dispatch for ROS interfaces[0m
[20.324s] [ 31%] [34m[1mGenerating C introspection for ROS interfaces[0m
[20.325s] [ 31%] [34m[1mGenerating C++ introspection for ROS interfaces[0m
[20.340s] [ 34%] [34m[1mGenerating C type support for eProsima Fast-RTPS[0m
[20.346s] [ 36%] [34m[1mGenerating C++ type support for eProsima Fast-RTPS[0m
[22.385s] [ 38%] [32mBuilding CXX object CMakeFiles/robotiq_85_msgs__rosidl_typesupport_c.dir/rosidl_typesupport_c/robotiq_85_msgs/msg/gripper_stat__type_support.cpp.o[0m
[22.386s] [ 40%] [32mBuilding CXX object CMakeFiles/robotiq_85_msgs__rosidl_typesupport_c.dir/rosidl_typesupport_c/robotiq_85_msgs/msg/gripper_cmd__type_support.cpp.o[0m
[22.862s] [ 43%] [32mBuilding CXX object CMakeFiles/robotiq_85_msgs__rosidl_typesupport_cpp.dir/rosidl_typesupport_cpp/robotiq_85_msgs/msg/gripper_cmd__type_support.cpp.o[0m
[22.899s] [ 45%] [32mBuilding CXX object CMakeFiles/robotiq_85_msgs__rosidl_typesupport_cpp.dir/rosidl_typesupport_cpp/robotiq_85_msgs/msg/gripper_stat__type_support.cpp.o[0m
[22.924s] [ 47%] [32m[1mLinking CXX shared library librobotiq_85_msgs__rosidl_typesupport_c.so[0m
[22.985s] [ 50%] [32mBuilding C object CMakeFiles/robotiq_85_msgs__rosidl_typesupport_introspection_c.dir/rosidl_typesupport_introspection_c/robotiq_85_msgs/msg/detail/gripper_cmd__type_support.c.o[0m
[23.027s] [ 52%] [32mBuilding CXX object CMakeFiles/robotiq_85_msgs__rosidl_typesupport_fastrtps_c.dir/rosidl_typesupport_fastrtps_c/robotiq_85_msgs/msg/detail/gripper_cmd__type_support_c.cpp.o[0m
[23.132s] [ 54%] [32mBuilding C object CMakeFiles/robotiq_85_msgs__rosidl_typesupport_introspection_c.dir/rosidl_typesupport_introspection_c/robotiq_85_msgs/msg/detail/gripper_stat__type_support.c.o[0m
[23.157s] [ 54%] Built target robotiq_85_msgs__rosidl_typesupport_c
[23.198s] [ 56%] [32mBuilding CXX object CMakeFiles/robotiq_85_msgs__rosidl_typesupport_introspection_cpp.dir/rosidl_typesupport_introspection_cpp/robotiq_85_msgs/msg/detail/gripper_cmd__type_support.cpp.o[0m
[23.210s] [ 59%] [32mBuilding CXX object CMakeFiles/robotiq_85_msgs__rosidl_typesupport_introspection_cpp.dir/rosidl_typesupport_introspection_cpp/robotiq_85_msgs/msg/detail/gripper_stat__type_support.cpp.o[0m
[23.210s] [ 61%] [32mBuilding CXX object CMakeFiles/robotiq_85_msgs__rosidl_typesupport_fastrtps_c.dir/rosidl_typesupport_fastrtps_c/robotiq_85_msgs/msg/detail/gripper_stat__type_support_c.cpp.o[0m
[23.346s] [ 63%] [32m[1mLinking C shared library librobotiq_85_msgs__rosidl_typesupport_introspection_c.so[0m
[23.660s] [ 65%] [32mBuilding CXX object CMakeFiles/robotiq_85_msgs__rosidl_typesupport_fastrtps_cpp.dir/rosidl_typesupport_fastrtps_cpp/robotiq_85_msgs/msg/detail/dds_fastrtps/gripper_cmd__type_support.cpp.o[0m
[23.702s] [ 65%] Built target robotiq_85_msgs__rosidl_typesupport_introspection_c
[23.806s] [ 68%] [32mBuilding CXX object CMakeFiles/robotiq_85_msgs__rosidl_typesupport_fastrtps_cpp.dir/rosidl_typesupport_fastrtps_cpp/robotiq_85_msgs/msg/detail/dds_fastrtps/gripper_stat__type_support.cpp.o[0m
[27.486s] [ 70%] [32m[1mLinking CXX shared library librobotiq_85_msgs__rosidl_typesupport_cpp.so[0m
[27.763s] [ 70%] Built target robotiq_85_msgs__rosidl_typesupport_cpp
[27.970s] [ 72%] [32m[1mLinking CXX shared library librobotiq_85_msgs__rosidl_typesupport_introspection_cpp.so[0m
[28.307s] [ 72%] Built target robotiq_85_msgs__rosidl_typesupport_introspection_cpp
[28.943s] [ 75%] [32m[1mLinking CXX shared library librobotiq_85_msgs__rosidl_typesupport_fastrtps_cpp.so[0m
[29.271s] [ 75%] Built target robotiq_85_msgs__rosidl_typesupport_fastrtps_cpp
[29.512s] [ 77%] [32m[1mLinking CXX shared library librobotiq_85_msgs__rosidl_typesupport_fastrtps_c.so[0m
[29.855s] [ 77%] Built target robotiq_85_msgs__rosidl_typesupport_fastrtps_c
[30.004s] [ 77%] Built target robotiq_85_msgs
[30.136s] [ 79%] [34m[1mGenerating Python code for ROS interfaces[0m
[32.123s] [ 79%] Built target robotiq_85_msgs__py
[32.252s] [ 81%] [32mBuilding C object CMakeFiles/robotiq_85_msgs__rosidl_generator_py.dir/rosidl_generator_py/robotiq_85_msgs/msg/_gripper_cmd_s.c.o[0m
[32.252s] [ 84%] [32mBuilding C object CMakeFiles/robotiq_85_msgs__rosidl_generator_py.dir/rosidl_generator_py/robotiq_85_msgs/msg/_gripper_stat_s.c.o[0m
[32.828s] [ 86%] [32m[1mLinking C shared library librobotiq_85_msgs__rosidl_generator_py.so[0m
[33.168s] [ 86%] Built target robotiq_85_msgs__rosidl_generator_py
[33.309s] [ 88%] [32mBuilding C object CMakeFiles/robotiq_85_msgs_s__rosidl_typesupport_c.dir/rosidl_generator_py/robotiq_85_msgs/_robotiq_85_msgs_s.ep.rosidl_typesupport_c.c.o[0m
[33.349s] [ 90%] [32mBuilding C object CMakeFiles/robotiq_85_msgs_s__rosidl_typesupport_introspection_c.dir/rosidl_generator_py/robotiq_85_msgs/_robotiq_85_msgs_s.ep.rosidl_typesupport_introspection_c.c.o[0m
[33.401s] [ 93%] [32mBuilding C object CMakeFiles/robotiq_85_msgs_s__rosidl_typesupport_fastrtps_c.dir/rosidl_generator_py/robotiq_85_msgs/_robotiq_85_msgs_s.ep.rosidl_typesupport_fastrtps_c.c.o[0m
[33.875s] [ 95%] [32m[1mLinking C shared module rosidl_generator_py/robotiq_85_msgs/robotiq_85_msgs_s__rosidl_typesupport_introspection_c.so[0m
[34.056s] [ 97%] [32m[1mLinking C shared module rosidl_generator_py/robotiq_85_msgs/robotiq_85_msgs_s__rosidl_typesupport_c.so[0m
[34.060s] [ 97%] Built target robotiq_85_msgs_s__rosidl_typesupport_introspection_c
[34.078s] [100%] [32m[1mLinking C shared module rosidl_generator_py/robotiq_85_msgs/robotiq_85_msgs_s__rosidl_typesupport_fastrtps_c.so[0m
[34.214s] [100%] Built target robotiq_85_msgs_s__rosidl_typesupport_fastrtps_c
[34.241s] [100%] Built target robotiq_85_msgs_s__rosidl_typesupport_c
[34.277s] Invoked command in '/home/omid/data/colcon_ws1FW/src/final_work/src/build/robotiq_85_msgs' returned '0': CMAKE_PREFIX_PATH=${CMAKE_PREFIX_PATH}:/opt/ros/jazzy DEBUGINFOD_URLS=https://debuginfod.ubuntu.com /usr/bin/cmake --build /home/omid/data/colcon_ws1FW/src/final_work/src/build/robotiq_85_msgs -- -j8 -l8
[34.281s] Invoking command in '/home/omid/data/colcon_ws1FW/src/final_work/src/build/robotiq_85_msgs': CMAKE_PREFIX_PATH=${CMAKE_PREFIX_PATH}:/opt/ros/jazzy DEBUGINFOD_URLS=https://debuginfod.ubuntu.com /usr/bin/cmake --install /home/omid/data/colcon_ws1FW/src/final_work/src/build/robotiq_85_msgs
[34.312s] -- Install configuration: ""
[34.313s] -- Installing: /home/omid/data/colcon_ws1FW/src/final_work/src/install/robotiq_85_msgs/share/ament_index/resource_index/rosidl_interfaces/robotiq_85_msgs
[34.314s] -- Installing: /home/omid/data/colcon_ws1FW/src/final_work/src/install/robotiq_85_msgs/share/robotiq_85_msgs/msg/GripperCmd.json
[34.315s] -- Installing: /home/omid/data/colcon_ws1FW/src/final_work/src/install/robotiq_85_msgs/share/robotiq_85_msgs/msg/GripperStat.json
[34.318s] -- Installing: /home/omid/data/colcon_ws1FW/src/final_work/src/install/robotiq_85_msgs/include/robotiq_85_msgs/robotiq_85_msgs
[34.318s] -- Installing: /home/omid/data/colcon_ws1FW/src/final_work/src/install/robotiq_85_msgs/include/robotiq_85_msgs/robotiq_85_msgs/msg
[34.330s] -- Installing: /home/omid/data/colcon_ws1FW/src/final_work/src/install/robotiq_85_msgs/include/robotiq_85_msgs/robotiq_85_msgs/msg/gripper_cmd.h
[34.330s] -- Installing: /home/omid/data/colcon_ws1FW/src/final_work/src/install/robotiq_85_msgs/include/robotiq_85_msgs/robotiq_85_msgs/msg/detail
[34.330s] -- Installing: /home/omid/data/colcon_ws1FW/src/final_work/src/install/robotiq_85_msgs/include/robotiq_85_msgs/robotiq_85_msgs/msg/detail/gripper_cmd__type_support.c
[34.331s] -- Installing: /home/omid/data/colcon_ws1FW/src/final_work/src/install/robotiq_85_msgs/include/robotiq_85_msgs/robotiq_85_msgs/msg/detail/gripper_stat__type_support.c
[34.331s] -- Installing: /home/omid/data/colcon_ws1FW/src/final_work/src/install/robotiq_85_msgs/include/robotiq_85_msgs/robotiq_85_msgs/msg/detail/gripper_cmd__description.c
[34.331s] -- Installing: /home/omid/data/colcon_ws1FW/src/final_work/src/install/robotiq_85_msgs/include/robotiq_85_msgs/robotiq_85_msgs/msg/detail/gripper_cmd__functions.c
[34.331s] -- Installing: /home/omid/data/colcon_ws1FW/src/final_work/src/install/robotiq_85_msgs/include/robotiq_85_msgs/robotiq_85_msgs/msg/detail/gripper_cmd__struct.h
[34.332s] -- Installing: /home/omid/data/colcon_ws1FW/src/final_work/src/install/robotiq_85_msgs/include/robotiq_85_msgs/robotiq_85_msgs/msg/detail/gripper_cmd__functions.h
[34.332s] -- Installing: /home/omid/data/colcon_ws1FW/src/final_work/src/install/robotiq_85_msgs/include/robotiq_85_msgs/robotiq_85_msgs/msg/detail/gripper_stat__type_support.h
[34.333s] -- Installing: /home/omid/data/colcon_ws1FW/src/final_work/src/install/robotiq_85_msgs/include/robotiq_85_msgs/robotiq_85_msgs/msg/detail/gripper_stat__struct.h
[34.333s] -- Installing: /home/omid/data/colcon_ws1FW/src/final_work/src/install/robotiq_85_msgs/include/robotiq_85_msgs/robotiq_85_msgs/msg/detail/gripper_stat__functions.h
[34.333s] -- Installing: /home/omid/data/colcon_ws1FW/src/final_work/src/install/robotiq_85_msgs/include/robotiq_85_msgs/robotiq_85_msgs/msg/detail/gripper_cmd__type_support.h
[34.334s] -- Installing: /home/omid/data/colcon_ws1FW/src/final_work/src/install/robotiq_85_msgs/include/robotiq_85_msgs/robotiq_85_msgs/msg/detail/gripper_stat__functions.c
[34.334s] -- Installing: /home/omid/data/colcon_ws1FW/src/final_work/src/install/robotiq_85_msgs/include/robotiq_85_msgs/robotiq_85_msgs/msg/detail/gripper_stat__description.c
[34.334s] -- Installing: /home/omid/data/colcon_ws1FW/src/final_work/src/install/robotiq_85_msgs/include/robotiq_85_msgs/robotiq_85_msgs/msg/rosidl_generator_c__visibility_control.h
[34.334s] -- Installing: /home/omid/data/colcon_ws1FW/src/final_work/src/install/robotiq_85_msgs/include/robotiq_85_msgs/robotiq_85_msgs/msg/gripper_stat.h
[34.335s] -- Installing: /home/omid/data/colcon_ws1FW/src/final_work/src/install/robotiq_85_msgs/share/robotiq_85_msgs/environment/library_path.sh
[34.335s] -- Installing: /home/omid/data/colcon_ws1FW/src/final_work/src/install/robotiq_85_msgs/share/robotiq_85_msgs/environment/library_path.dsv
[34.335s] -- Installing: /home/omid/data/colcon_ws1FW/src/final_work/src/install/robotiq_85_msgs/lib/librobotiq_85_msgs__rosidl_generator_c.so
[34.336s] -- Set non-toolchain portion of runtime path of "/home/omid/data/colcon_ws1FW/src/final_work/src/install/robotiq_85_msgs/lib/librobotiq_85_msgs__rosidl_generator_c.so" to ""
[34.336s] -- Up-to-date: /home/omid/data/colcon_ws1FW/src/final_work/src/install/robotiq_85_msgs/include/robotiq_85_msgs/robotiq_85_msgs
[34.336s] -- Up-to-date: /home/omid/data/colcon_ws1FW/src/final_work/src/install/robotiq_85_msgs/include/robotiq_85_msgs/robotiq_85_msgs/msg
[34.337s] -- Up-to-date: /home/omid/data/colcon_ws1FW/src/final_work/src/install/robotiq_85_msgs/include/robotiq_85_msgs/robotiq_85_msgs/msg/detail
[34.337s] -- Installing: /home/omid/data/colcon_ws1FW/src/final_work/src/install/robotiq_85_msgs/include/robotiq_85_msgs/robotiq_85_msgs/msg/detail/gripper_stat__rosidl_typesupport_fastrtps_c.h
[34.337s] -- Installing: /home/omid/data/colcon_ws1FW/src/final_work/src/install/robotiq_85_msgs/include/robotiq_85_msgs/robotiq_85_msgs/msg/detail/gripper_cmd__rosidl_typesupport_fastrtps_c.h
[34.339s] -- Installing: /home/omid/data/colcon_ws1FW/src/final_work/src/install/robotiq_85_msgs/include/robotiq_85_msgs/robotiq_85_msgs/msg/rosidl_typesupport_fastrtps_c__visibility_control.h
[34.340s] -- Installing: /home/omid/data/colcon_ws1FW/src/final_work/src/install/robotiq_85_msgs/lib/librobotiq_85_msgs__rosidl_typesupport_fastrtps_c.so
[34.341s] -- Set non-toolchain portion of runtime path of "/home/omid/data/colcon_ws1FW/src/final_work/src/install/robotiq_85_msgs/lib/librobotiq_85_msgs__rosidl_typesupport_fastrtps_c.so" to ""
[34.342s] -- Up-to-date: /home/omid/data/colcon_ws1FW/src/final_work/src/install/robotiq_85_msgs/include/robotiq_85_msgs/robotiq_85_msgs
[34.342s] -- Up-to-date: /home/omid/data/colcon_ws1FW/src/final_work/src/install/robotiq_85_msgs/include/robotiq_85_msgs/robotiq_85_msgs/msg
[34.342s] -- Installing: /home/omid/data/colcon_ws1FW/src/final_work/src/install/robotiq_85_msgs/include/robotiq_85_msgs/robotiq_85_msgs/msg/gripper_cmd.hpp
[34.343s] -- Up-to-date: /home/omid/data/colcon_ws1FW/src/final_work/src/install/robotiq_85_msgs/include/robotiq_85_msgs/robotiq_85_msgs/msg/detail
[34.344s] -- Installing: /home/omid/data/colcon_ws1FW/src/final_work/src/install/robotiq_85_msgs/include/robotiq_85_msgs/robotiq_85_msgs/msg/detail/gripper_cmd__struct.hpp
[34.344s] -- Installing: /home/omid/data/colcon_ws1FW/src/final_work/src/install/robotiq_85_msgs/include/robotiq_85_msgs/robotiq_85_msgs/msg/detail/gripper_cmd__builder.hpp
[34.344s] -- Installing: /home/omid/data/colcon_ws1FW/src/final_work/src/install/robotiq_85_msgs/include/robotiq_85_msgs/robotiq_85_msgs/msg/detail/gripper_stat__type_support.hpp
[34.344s] -- Installing: /home/omid/data/colcon_ws1FW/src/final_work/src/install/robotiq_85_msgs/include/robotiq_85_msgs/robotiq_85_msgs/msg/detail/gripper_stat__builder.hpp
[34.345s] -- Installing: /home/omid/data/colcon_ws1FW/src/final_work/src/install/robotiq_85_msgs/include/robotiq_85_msgs/robotiq_85_msgs/msg/detail/gripper_cmd__type_support.hpp
[34.346s] -- Installing: /home/omid/data/colcon_ws1FW/src/final_work/src/install/robotiq_85_msgs/include/robotiq_85_msgs/robotiq_85_msgs/msg/detail/gripper_cmd__traits.hpp
[34.346s] -- Installing: /home/omid/data/colcon_ws1FW/src/final_work/src/install/robotiq_85_msgs/include/robotiq_85_msgs/robotiq_85_msgs/msg/detail/gripper_stat__traits.hpp
[34.347s] -- Installing: /home/omid/data/colcon_ws1FW/src/final_work/src/install/robotiq_85_msgs/include/robotiq_85_msgs/robotiq_85_msgs/msg/detail/gripper_stat__struct.hpp
[34.347s] -- Installing: /home/omid/data/colcon_ws1FW/src/final_work/src/install/robotiq_85_msgs/include/robotiq_85_msgs/robotiq_85_msgs/msg/rosidl_generator_cpp__visibility_control.hpp
[34.347s] -- Installing: /home/omid/data/colcon_ws1FW/src/final_work/src/install/robotiq_85_msgs/include/robotiq_85_msgs/robotiq_85_msgs/msg/gripper_stat.hpp
[34.348s] -- Up-to-date: /home/omid/data/colcon_ws1FW/src/final_work/src/install/robotiq_85_msgs/include/robotiq_85_msgs/robotiq_85_msgs
[34.348s] -- Up-to-date: /home/omid/data/colcon_ws1FW/src/final_work/src/install/robotiq_85_msgs/include/robotiq_85_msgs/robotiq_85_msgs/msg
[34.349s] -- Installing: /home/omid/data/colcon_ws1FW/src/final_work/src/install/robotiq_85_msgs/include/robotiq_85_msgs/robotiq_85_msgs/msg/rosidl_typesupport_fastrtps_cpp__visibility_control.h
[34.349s] -- Up-to-date: /home/omid/data/colcon_ws1FW/src/final_work/src/install/robotiq_85_msgs/include/robotiq_85_msgs/robotiq_85_msgs/msg/detail
[34.350s] -- Installing: /home/omid/data/colcon_ws1FW/src/final_work/src/install/robotiq_85_msgs/include/robotiq_85_msgs/robotiq_85_msgs/msg/detail/dds_fastrtps
[34.350s] -- Installing: /home/omid/data/colcon_ws1FW/src/final_work/src/install/robotiq_85_msgs/include/robotiq_85_msgs/robotiq_85_msgs/msg/detail/gripper_stat__rosidl_typesupport_fastrtps_cpp.hpp
[34.351s] -- Installing: /home/omid/data/colcon_ws1FW/src/final_work/src/install/robotiq_85_msgs/include/robotiq_85_msgs/robotiq_85_msgs/msg/detail/gripper_cmd__rosidl_typesupport_fastrtps_cpp.hpp
[34.351s] -- Installing: /home/omid/data/colcon_ws1FW/src/final_work/src/install/robotiq_85_msgs/lib/librobotiq_85_msgs__rosidl_typesupport_fastrtps_cpp.so
[34.352s] -- Set non-toolchain portion of runtime path of "/home/omid/data/colcon_ws1FW/src/final_work/src/install/robotiq_85_msgs/lib/librobotiq_85_msgs__rosidl_typesupport_fastrtps_cpp.so" to ""
[34.352s] -- Up-to-date: /home/omid/data/colcon_ws1FW/src/final_work/src/install/robotiq_85_msgs/include/robotiq_85_msgs/robotiq_85_msgs
[34.353s] -- Up-to-date: /home/omid/data/colcon_ws1FW/src/final_work/src/install/robotiq_85_msgs/include/robotiq_85_msgs/robotiq_85_msgs/msg
[34.353s] -- Installing: /home/omid/data/colcon_ws1FW/src/final_work/src/install/robotiq_85_msgs/include/robotiq_85_msgs/robotiq_85_msgs/msg/rosidl_typesupport_introspection_c__visibility_control.h
[34.354s] -- Up-to-date: /home/omid/data/colcon_ws1FW/src/final_work/src/install/robotiq_85_msgs/include/robotiq_85_msgs/robotiq_85_msgs/msg/detail
[34.355s] -- Installing: /home/omid/data/colcon_ws1FW/src/final_work/src/install/robotiq_85_msgs/include/robotiq_85_msgs/robotiq_85_msgs/msg/detail/gripper_cmd__rosidl_typesupport_introspection_c.h
[34.355s] -- Installing: /home/omid/data/colcon_ws1FW/src/final_work/src/install/robotiq_85_msgs/include/robotiq_85_msgs/robotiq_85_msgs/msg/detail/gripper_cmd__type_support.c
[34.355s] -- Installing: /home/omid/data/colcon_ws1FW/src/final_work/src/install/robotiq_85_msgs/include/robotiq_85_msgs/robotiq_85_msgs/msg/detail/gripper_stat__type_support.c
[34.356s] -- Installing: /home/omid/data/colcon_ws1FW/src/final_work/src/install/robotiq_85_msgs/include/robotiq_85_msgs/robotiq_85_msgs/msg/detail/gripper_stat__rosidl_typesupport_introspection_c.h
[34.356s] -- Installing: /home/omid/data/colcon_ws1FW/src/final_work/src/install/robotiq_85_msgs/lib/librobotiq_85_msgs__rosidl_typesupport_introspection_c.so
[34.356s] -- Set non-toolchain portion of runtime path of "/home/omid/data/colcon_ws1FW/src/final_work/src/install/robotiq_85_msgs/lib/librobotiq_85_msgs__rosidl_typesupport_introspection_c.so" to ""
[34.357s] -- Installing: /home/omid/data/colcon_ws1FW/src/final_work/src/install/robotiq_85_msgs/lib/librobotiq_85_msgs__rosidl_typesupport_c.so
[34.357s] -- Set non-toolchain portion of runtime path of "/home/omid/data/colcon_ws1FW/src/final_work/src/install/robotiq_85_msgs/lib/librobotiq_85_msgs__rosidl_typesupport_c.so" to ""
[34.357s] -- Up-to-date: /home/omid/data/colcon_ws1FW/src/final_work/src/install/robotiq_85_msgs/include/robotiq_85_msgs/robotiq_85_msgs
[34.359s] -- Up-to-date: /home/omid/data/colcon_ws1FW/src/final_work/src/install/robotiq_85_msgs/include/robotiq_85_msgs/robotiq_85_msgs/msg
[34.360s] -- Up-to-date: /home/omid/data/colcon_ws1FW/src/final_work/src/install/robotiq_85_msgs/include/robotiq_85_msgs/robotiq_85_msgs/msg/detail
[34.360s] -- Installing: /home/omid/data/colcon_ws1FW/src/final_work/src/install/robotiq_85_msgs/include/robotiq_85_msgs/robotiq_85_msgs/msg/detail/gripper_stat__rosidl_typesupport_introspection_cpp.hpp
[34.360s] -- Installing: /home/omid/data/colcon_ws1FW/src/final_work/src/install/robotiq_85_msgs/include/robotiq_85_msgs/robotiq_85_msgs/msg/detail/gripper_cmd__type_support.cpp
[34.361s] -- Installing: /home/omid/data/colcon_ws1FW/src/final_work/src/install/robotiq_85_msgs/include/robotiq_85_msgs/robotiq_85_msgs/msg/detail/gripper_stat__type_support.cpp
[34.361s] -- Installing: /home/omid/data/colcon_ws1FW/src/final_work/src/install/robotiq_85_msgs/include/robotiq_85_msgs/robotiq_85_msgs/msg/detail/gripper_cmd__rosidl_typesupport_introspection_cpp.hpp
[34.361s] -- Installing: /home/omid/data/colcon_ws1FW/src/final_work/src/install/robotiq_85_msgs/lib/librobotiq_85_msgs__rosidl_typesupport_introspection_cpp.so
[34.361s] -- Set non-toolchain portion of runtime path of "/home/omid/data/colcon_ws1FW/src/final_work/src/install/robotiq_85_msgs/lib/librobotiq_85_msgs__rosidl_typesupport_introspection_cpp.so" to ""
[34.362s] -- Installing: /home/omid/data/colcon_ws1FW/src/final_work/src/install/robotiq_85_msgs/lib/librobotiq_85_msgs__rosidl_typesupport_cpp.so
[34.362s] -- Set non-toolchain portion of runtime path of "/home/omid/data/colcon_ws1FW/src/final_work/src/install/robotiq_85_msgs/lib/librobotiq_85_msgs__rosidl_typesupport_cpp.so" to ""
[34.362s] -- Installing: /home/omid/data/colcon_ws1FW/src/final_work/src/install/robotiq_85_msgs/share/robotiq_85_msgs/environment/pythonpath.sh
[34.362s] -- Installing: /home/omid/data/colcon_ws1FW/src/final_work/src/install/robotiq_85_msgs/share/robotiq_85_msgs/environment/pythonpath.dsv
[34.363s] -- Installing: /home/omid/data/colcon_ws1FW/src/final_work/src/install/robotiq_85_msgs/lib/python3.12/site-packages/robotiq_85_msgs-1.0.1-py3.12.egg-info
[34.363s] -- Installing: /home/omid/data/colcon_ws1FW/src/final_work/src/install/robotiq_85_msgs/lib/python3.12/site-packages/robotiq_85_msgs-1.0.1-py3.12.egg-info/SOURCES.txt
[34.365s] -- Installing: /home/omid/data/colcon_ws1FW/src/final_work/src/install/robotiq_85_msgs/lib/python3.12/site-packages/robotiq_85_msgs-1.0.1-py3.12.egg-info/PKG-INFO
[34.365s] -- Installing: /home/omid/data/colcon_ws1FW/src/final_work/src/install/robotiq_85_msgs/lib/python3.12/site-packages/robotiq_85_msgs-1.0.1-py3.12.egg-info/top_level.txt
[34.366s] -- Installing: /home/omid/data/colcon_ws1FW/src/final_work/src/install/robotiq_85_msgs/lib/python3.12/site-packages/robotiq_85_msgs-1.0.1-py3.12.egg-info/dependency_links.txt
[34.366s] -- Installing: /home/omid/data/colcon_ws1FW/src/final_work/src/install/robotiq_85_msgs/lib/python3.12/site-packages/robotiq_85_msgs
[34.366s] -- Installing: /home/omid/data/colcon_ws1FW/src/final_work/src/install/robotiq_85_msgs/lib/python3.12/site-packages/robotiq_85_msgs/_robotiq_85_msgs_s.ep.rosidl_typesupport_introspection_c.c
[34.367s] -- Installing: /home/omid/data/colcon_ws1FW/src/final_work/src/install/robotiq_85_msgs/lib/python3.12/site-packages/robotiq_85_msgs/msg
[34.369s] -- Installing: /home/omid/data/colcon_ws1FW/src/final_work/src/install/robotiq_85_msgs/lib/python3.12/site-packages/robotiq_85_msgs/msg/_gripper_cmd.py
[34.369s] -- Installing: /home/omid/data/colcon_ws1FW/src/final_work/src/install/robotiq_85_msgs/lib/python3.12/site-packages/robotiq_85_msgs/msg/_gripper_cmd_s.c
[34.369s] -- Installing: /home/omid/data/colcon_ws1FW/src/final_work/src/install/robotiq_85_msgs/lib/python3.12/site-packages/robotiq_85_msgs/msg/_gripper_stat_s.c
[34.372s] -- Installing: /home/omid/data/colcon_ws1FW/src/final_work/src/install/robotiq_85_msgs/lib/python3.12/site-packages/robotiq_85_msgs/msg/__init__.py
[34.372s] -- Installing: /home/omid/data/colcon_ws1FW/src/final_work/src/install/robotiq_85_msgs/lib/python3.12/site-packages/robotiq_85_msgs/msg/_gripper_stat.py
[34.372s] -- Installing: /home/omid/data/colcon_ws1FW/src/final_work/src/install/robotiq_85_msgs/lib/python3.12/site-packages/robotiq_85_msgs/robotiq_85_msgs_s__rosidl_typesupport_fastrtps_c.so
[34.373s] -- Installing: /home/omid/data/colcon_ws1FW/src/final_work/src/install/robotiq_85_msgs/lib/python3.12/site-packages/robotiq_85_msgs/robotiq_85_msgs_s__rosidl_typesupport_introspection_c.so
[34.375s] -- Installing: /home/omid/data/colcon_ws1FW/src/final_work/src/install/robotiq_85_msgs/lib/python3.12/site-packages/robotiq_85_msgs/robotiq_85_msgs_s__rosidl_typesupport_c.so
[34.376s] -- Installing: /home/omid/data/colcon_ws1FW/src/final_work/src/install/robotiq_85_msgs/lib/python3.12/site-packages/robotiq_85_msgs/__init__.py
[34.376s] -- Installing: /home/omid/data/colcon_ws1FW/src/final_work/src/install/robotiq_85_msgs/lib/python3.12/site-packages/robotiq_85_msgs/_robotiq_85_msgs_s.ep.rosidl_typesupport_c.c
[34.376s] -- Installing: /home/omid/data/colcon_ws1FW/src/final_work/src/install/robotiq_85_msgs/lib/python3.12/site-packages/robotiq_85_msgs/_robotiq_85_msgs_s.ep.rosidl_typesupport_fastrtps_c.c
[34.484s] Listing '/home/omid/data/colcon_ws1FW/src/final_work/src/install/robotiq_85_msgs/lib/python3.12/site-packages/robotiq_85_msgs'...
[34.485s] Compiling '/home/omid/data/colcon_ws1FW/src/final_work/src/install/robotiq_85_msgs/lib/python3.12/site-packages/robotiq_85_msgs/__init__.py'...
[34.485s] Listing '/home/omid/data/colcon_ws1FW/src/final_work/src/install/robotiq_85_msgs/lib/python3.12/site-packages/robotiq_85_msgs/msg'...
[34.485s] Compiling '/home/omid/data/colcon_ws1FW/src/final_work/src/install/robotiq_85_msgs/lib/python3.12/site-packages/robotiq_85_msgs/msg/__init__.py'...
[34.485s] Compiling '/home/omid/data/colcon_ws1FW/src/final_work/src/install/robotiq_85_msgs/lib/python3.12/site-packages/robotiq_85_msgs/msg/_gripper_cmd.py'...
[34.486s] Compiling '/home/omid/data/colcon_ws1FW/src/final_work/src/install/robotiq_85_msgs/lib/python3.12/site-packages/robotiq_85_msgs/msg/_gripper_stat.py'...
[34.501s] -- Installing: /home/omid/data/colcon_ws1FW/src/final_work/src/install/robotiq_85_msgs/lib/python3.12/site-packages/robotiq_85_msgs/robotiq_85_msgs_s__rosidl_typesupport_fastrtps_c.so
[34.503s] -- Set non-toolchain portion of runtime path of "/home/omid/data/colcon_ws1FW/src/final_work/src/install/robotiq_85_msgs/lib/python3.12/site-packages/robotiq_85_msgs/robotiq_85_msgs_s__rosidl_typesupport_fastrtps_c.so" to ""
[34.503s] -- Installing: /home/omid/data/colcon_ws1FW/src/final_work/src/install/robotiq_85_msgs/lib/python3.12/site-packages/robotiq_85_msgs/robotiq_85_msgs_s__rosidl_typesupport_introspection_c.so
[34.504s] -- Set non-toolchain portion of runtime path of "/home/omid/data/colcon_ws1FW/src/final_work/src/install/robotiq_85_msgs/lib/python3.12/site-packages/robotiq_85_msgs/robotiq_85_msgs_s__rosidl_typesupport_introspection_c.so" to ""
[34.505s] -- Installing: /home/omid/data/colcon_ws1FW/src/final_work/src/install/robotiq_85_msgs/lib/python3.12/site-packages/robotiq_85_msgs/robotiq_85_msgs_s__rosidl_typesupport_c.so
[34.507s] -- Set non-toolchain portion of runtime path of "/home/omid/data/colcon_ws1FW/src/final_work/src/install/robotiq_85_msgs/lib/python3.12/site-packages/robotiq_85_msgs/robotiq_85_msgs_s__rosidl_typesupport_c.so" to ""
[34.507s] -- Installing: /home/omid/data/colcon_ws1FW/src/final_work/src/install/robotiq_85_msgs/lib/librobotiq_85_msgs__rosidl_generator_py.so
[34.507s] -- Set non-toolchain portion of runtime path of "/home/omid/data/colcon_ws1FW/src/final_work/src/install/robotiq_85_msgs/lib/librobotiq_85_msgs__rosidl_generator_py.so" to ""
[34.509s] -- Installing: /home/omid/data/colcon_ws1FW/src/final_work/src/install/robotiq_85_msgs/share/robotiq_85_msgs/msg/GripperCmd.idl
[34.510s] -- Installing: /home/omid/data/colcon_ws1FW/src/final_work/src/install/robotiq_85_msgs/share/robotiq_85_msgs/msg/GripperStat.idl
[34.512s] -- Installing: /home/omid/data/colcon_ws1FW/src/final_work/src/install/robotiq_85_msgs/share/robotiq_85_msgs/msg/GripperCmd.msg
[34.517s] -- Installing: /home/omid/data/colcon_ws1FW/src/final_work/src/install/robotiq_85_msgs/share/robotiq_85_msgs/msg/GripperStat.msg
[34.517s] -- Installing: /home/omid/data/colcon_ws1FW/src/final_work/src/install/robotiq_85_msgs/share/ament_index/resource_index/package_run_dependencies/robotiq_85_msgs
[34.519s] -- Installing: /home/omid/data/colcon_ws1FW/src/final_work/src/install/robotiq_85_msgs/share/ament_index/resource_index/parent_prefix_path/robotiq_85_msgs
[34.519s] -- Installing: /home/omid/data/colcon_ws1FW/src/final_work/src/install/robotiq_85_msgs/share/robotiq_85_msgs/environment/ament_prefix_path.sh
[34.521s] -- Installing: /home/omid/data/colcon_ws1FW/src/final_work/src/install/robotiq_85_msgs/share/robotiq_85_msgs/environment/ament_prefix_path.dsv
[34.521s] -- Installing: /home/omid/data/colcon_ws1FW/src/final_work/src/install/robotiq_85_msgs/share/robotiq_85_msgs/environment/path.sh
[34.522s] -- Installing: /home/omid/data/colcon_ws1FW/src/final_work/src/install/robotiq_85_msgs/share/robotiq_85_msgs/environment/path.dsv
[34.524s] -- Installing: /home/omid/data/colcon_ws1FW/src/final_work/src/install/robotiq_85_msgs/share/robotiq_85_msgs/local_setup.bash
[34.525s] -- Installing: /home/omid/data/colcon_ws1FW/src/final_work/src/install/robotiq_85_msgs/share/robotiq_85_msgs/local_setup.sh
[34.528s] -- Installing: /home/omid/data/colcon_ws1FW/src/final_work/src/install/robotiq_85_msgs/share/robotiq_85_msgs/local_setup.zsh
[34.529s] -- Installing: /home/omid/data/colcon_ws1FW/src/final_work/src/install/robotiq_85_msgs/share/robotiq_85_msgs/local_setup.dsv
[34.530s] -- Installing: /home/omid/data/colcon_ws1FW/src/final_work/src/install/robotiq_85_msgs/share/robotiq_85_msgs/package.dsv
[34.531s] -- Installing: /home/omid/data/colcon_ws1FW/src/final_work/src/install/robotiq_85_msgs/share/ament_index/resource_index/packages/robotiq_85_msgs
[34.531s] -- Installing: /home/omid/data/colcon_ws1FW/src/final_work/src/install/robotiq_85_msgs/share/robotiq_85_msgs/cmake/export_robotiq_85_msgs__rosidl_generator_cExport.cmake
[34.532s] -- Installing: /home/omid/data/colcon_ws1FW/src/final_work/src/install/robotiq_85_msgs/share/robotiq_85_msgs/cmake/export_robotiq_85_msgs__rosidl_generator_cExport-noconfig.cmake
[34.532s] -- Installing: /home/omid/data/colcon_ws1FW/src/final_work/src/install/robotiq_85_msgs/share/robotiq_85_msgs/cmake/export_robotiq_85_msgs__rosidl_typesupport_fastrtps_cExport.cmake
[34.533s] -- Installing: /home/omid/data/colcon_ws1FW/src/final_work/src/install/robotiq_85_msgs/share/robotiq_85_msgs/cmake/export_robotiq_85_msgs__rosidl_typesupport_fastrtps_cExport-noconfig.cmake
[34.533s] -- Installing: /home/omid/data/colcon_ws1FW/src/final_work/src/install/robotiq_85_msgs/share/robotiq_85_msgs/cmake/export_robotiq_85_msgs__rosidl_generator_cppExport.cmake
[34.534s] -- Installing: /home/omid/data/colcon_ws1FW/src/final_work/src/install/robotiq_85_msgs/share/robotiq_85_msgs/cmake/export_robotiq_85_msgs__rosidl_typesupport_fastrtps_cppExport.cmake
[34.535s] -- Installing: /home/omid/data/colcon_ws1FW/src/final_work/src/install/robotiq_85_msgs/share/robotiq_85_msgs/cmake/export_robotiq_85_msgs__rosidl_typesupport_fastrtps_cppExport-noconfig.cmake
[34.535s] -- Installing: /home/omid/data/colcon_ws1FW/src/final_work/src/install/robotiq_85_msgs/share/robotiq_85_msgs/cmake/robotiq_85_msgs__rosidl_typesupport_introspection_cExport.cmake
[34.535s] -- Installing: /home/omid/data/colcon_ws1FW/src/final_work/src/install/robotiq_85_msgs/share/robotiq_85_msgs/cmake/robotiq_85_msgs__rosidl_typesupport_introspection_cExport-noconfig.cmake
[34.536s] -- Installing: /home/omid/data/colcon_ws1FW/src/final_work/src/install/robotiq_85_msgs/share/robotiq_85_msgs/cmake/robotiq_85_msgs__rosidl_typesupport_cExport.cmake
[34.536s] -- Installing: /home/omid/data/colcon_ws1FW/src/final_work/src/install/robotiq_85_msgs/share/robotiq_85_msgs/cmake/robotiq_85_msgs__rosidl_typesupport_cExport-noconfig.cmake
[34.538s] -- Installing: /home/omid/data/colcon_ws1FW/src/final_work/src/install/robotiq_85_msgs/share/robotiq_85_msgs/cmake/robotiq_85_msgs__rosidl_typesupport_introspection_cppExport.cmake
[34.539s] -- Installing: /home/omid/data/colcon_ws1FW/src/final_work/src/install/robotiq_85_msgs/share/robotiq_85_msgs/cmake/robotiq_85_msgs__rosidl_typesupport_introspection_cppExport-noconfig.cmake
[34.540s] -- Installing: /home/omid/data/colcon_ws1FW/src/final_work/src/install/robotiq_85_msgs/share/robotiq_85_msgs/cmake/robotiq_85_msgs__rosidl_typesupport_cppExport.cmake
[34.540s] -- Installing: /home/omid/data/colcon_ws1FW/src/final_work/src/install/robotiq_85_msgs/share/robotiq_85_msgs/cmake/robotiq_85_msgs__rosidl_typesupport_cppExport-noconfig.cmake
[34.540s] -- Installing: /home/omid/data/colcon_ws1FW/src/final_work/src/install/robotiq_85_msgs/share/robotiq_85_msgs/cmake/export_robotiq_85_msgs__rosidl_generator_pyExport.cmake
[34.541s] -- Installing: /home/omid/data/colcon_ws1FW/src/final_work/src/install/robotiq_85_msgs/share/robotiq_85_msgs/cmake/export_robotiq_85_msgs__rosidl_generator_pyExport-noconfig.cmake
[34.542s] -- Installing: /home/omid/data/colcon_ws1FW/src/final_work/src/install/robotiq_85_msgs/share/robotiq_85_msgs/cmake/rosidl_cmake-extras.cmake
[34.542s] -- Installing: /home/omid/data/colcon_ws1FW/src/final_work/src/install/robotiq_85_msgs/share/robotiq_85_msgs/cmake/ament_cmake_export_dependencies-extras.cmake
[34.543s] -- Installing: /home/omid/data/colcon_ws1FW/src/final_work/src/install/robotiq_85_msgs/share/robotiq_85_msgs/cmake/ament_cmake_export_include_directories-extras.cmake
[34.543s] -- Installing: /home/omid/data/colcon_ws1FW/src/final_work/src/install/robotiq_85_msgs/share/robotiq_85_msgs/cmake/ament_cmake_export_libraries-extras.cmake
[34.544s] -- Installing: /home/omid/data/colcon_ws1FW/src/final_work/src/install/robotiq_85_msgs/share/robotiq_85_msgs/cmake/ament_cmake_export_targets-extras.cmake
[34.544s] -- Installing: /home/omid/data/colcon_ws1FW/src/final_work/src/install/robotiq_85_msgs/share/robotiq_85_msgs/cmake/rosidl_cmake_export_typesupport_targets-extras.cmake
[34.544s] -- Installing: /home/omid/data/colcon_ws1FW/src/final_work/src/install/robotiq_85_msgs/share/robotiq_85_msgs/cmake/rosidl_cmake_export_typesupport_libraries-extras.cmake
[34.545s] -- Installing: /home/omid/data/colcon_ws1FW/src/final_work/src/install/robotiq_85_msgs/share/robotiq_85_msgs/cmake/robotiq_85_msgsConfig.cmake
[34.545s] -- Installing: /home/omid/data/colcon_ws1FW/src/final_work/src/install/robotiq_85_msgs/share/robotiq_85_msgs/cmake/robotiq_85_msgsConfig-version.cmake
[34.545s] -- Installing: /home/omid/data/colcon_ws1FW/src/final_work/src/install/robotiq_85_msgs/share/robotiq_85_msgs/package.xml
[34.613s] Invoked command in '/home/omid/data/colcon_ws1FW/src/final_work/src/build/robotiq_85_msgs' returned '0': CMAKE_PREFIX_PATH=${CMAKE_PREFIX_PATH}:/opt/ros/jazzy DEBUGINFOD_URLS=https://debuginfod.ubuntu.com /usr/bin/cmake --install /home/omid/data/colcon_ws1FW/src/final_work/src/build/robotiq_85_msgs
