-- The C compiler identification is GNU 13.3.0
-- The CXX compiler identification is GNU 13.3.0
-- Detecting C compiler ABI info
-- Detecting C compiler ABI info - done
-- Check for working C compiler: /usr/bin/cc - skipped
-- Detecting C compile features
-- Detecting C compile features - done
-- Detecting CXX compiler ABI info
-- Detecting CXX compiler ABI info - done
-- Check for working CXX compiler: /usr/bin/c++ - skipped
-- Detecting CXX compile features
-- Detecting CXX compile features - done
-- Found ament_cmake: 2.5.4 (/opt/ros/jazzy/share/ament_cmake/cmake)
-- Found Python3: /usr/bin/python3 (found version "3.12.3") found components: Interpreter 
-- Found rclcpp: 28.1.13 (/opt/ros/jazzy/share/rclcpp/cmake)
-- Found rosidl_generator_c: 4.6.6 (/opt/ros/jazzy/share/rosidl_generator_c/cmake)
-- Found rosidl_generator_cpp: 4.6.6 (/opt/ros/jazzy/share/rosidl_generator_cpp/cmake)
-- Using all available rosidl_typesupport_c: rosidl_typesupport_fastrtps_c;rosidl_typesupport_introspection_c
-- Using all available rosidl_typesupport_cpp: rosidl_typesupport_fastrtps_cpp;rosidl_typesupport_introspection_cpp
-- Found rmw_implementation_cmake: 7.3.2 (/opt/ros/jazzy/share/rmw_implementation_cmake/cmake)
-- Found rmw_fastrtps_cpp: 8.4.3 (/opt/ros/jazzy/share/rmw_fastrtps_cpp/cmake)
-- Found OpenSSL: /usr/lib/x86_64-linux-gnu/libcrypto.so (found version "3.0.13")  
-- Found FastRTPS: /opt/ros/jazzy/include (Required is at least version "2.13") 
-- Using RMW implementation 'rmw_fastrtps_cpp' as default
-- Found rosidl_default_generators: 1.6.0 (/opt/ros/jazzy/share/rosidl_default_generators/cmake)
-- Found rosidl_adapter: 4.6.6 (/opt/ros/jazzy/share/rosidl_adapter/cmake)
-- Found tf2: 0.36.16 (/opt/ros/jazzy/share/tf2/cmake)
-- Found tf2_ros: 0.36.16 (/opt/ros/jazzy/share/tf2_ros/cmake)
-- Found aruco_msgs: 5.0.5 (/home/omid/data/colcon_ws1FW/src/final_work/src/install/aruco_msgs/share/aruco_msgs/cmake)
-- Found tf2_eigen: 0.36.16 (/opt/ros/jazzy/share/tf2_eigen/cmake)
-- Found ament_cmake_ros: 0.12.0 (/opt/ros/jazzy/share/ament_cmake_ros/cmake)
-- Using all available rosidl_typesupport_c: rosidl_typesupport_fastrtps_c;rosidl_typesupport_introspection_c
-- Using all available rosidl_typesupport_cpp: rosidl_typesupport_fastrtps_cpp;rosidl_typesupport_introspection_cpp
-- Found python_cmake_module: 0.11.1 (/opt/ros/jazzy/share/python_cmake_module/cmake)
-- Found PythonExtra: /usr/bin/python3  
-- Found Python3: /usr/bin/python3 (found version "3.12.3") found components: Interpreter Development NumPy Development.Module Development.Embed 
-- Found ament_lint_auto: 0.17.3 (/opt/ros/jazzy/share/ament_lint_auto/cmake)
-- Added test 'cppcheck' to perform static code analysis on C / C++ code
-- Configured cppcheck include dirs: /home/omid/data/colcon_ws1FW/src/final_work/src/tablesens/include
-- Configured cppcheck exclude dirs and/or files: 
-- Added test 'flake8' to check Python code syntax and style conventions
-- Configured 'flake8' exclude dirs and/or files: 
-- Added test 'lint_cmake' to check CMake code style
-- Added test 'pep257' to check Python code against some of the docstring style conventions in PEP 257
-- Added test 'uncrustify' to check C / C++ code style
-- Configured uncrustify additional arguments: 
-- Added test 'xmllint' to check XML markup files
-- Configuring done (12.8s)
-- Generating done (0.1s)
-- Build files have been written to: /home/omid/data/colcon_ws1FW/src/final_work/src/build/tablesens
[  1%] [34m[1mGenerating type hashes for ROS interfaces[0m
[  1%] Built target tablesens__rosidl_generator_type_description
[  3%] [32mBuilding CXX object CMakeFiles/tablecalibrator.dir/src/cameraposfinder.cpp.o[0m
[  5%] [32mBuilding CXX object CMakeFiles/tablecalibrator.dir/src/tablecalibrator.cpp.o[0m
[  7%] [32m[1mLinking CXX executable tablecalibrator[0m
[  7%] Built target tablecalibrator
[  8%] [34m[1mGenerating C code for ROS interfaces[0m
[ 10%] [32mBuilding C object CMakeFiles/tablesens__rosidl_generator_c.dir/rosidl_generator_c/tablesens/msg/detail/marker_fix__description.c.o[0m
[ 12%] [32mBuilding C object CMakeFiles/tablesens__rosidl_generator_c.dir/rosidl_generator_c/tablesens/msg/detail/marker_fix_list__type_support.c.o[0m
[ 14%] [32mBuilding C object CMakeFiles/tablesens__rosidl_generator_c.dir/rosidl_generator_c/tablesens/srv/detail/configure_from_service__description.c.o[0m
[ 15%] [32mBuilding C object CMakeFiles/tablesens__rosidl_generator_c.dir/rosidl_generator_c/tablesens/srv/detail/configure_from_service__functions.c.o[0m
[ 17%] [32mBuilding C object CMakeFiles/tablesens__rosidl_generator_c.dir/rosidl_generator_c/tablesens/srv/detail/configure_from_service__type_support.c.o[0m
[ 19%] [32mBuilding C object CMakeFiles/tablesens__rosidl_generator_c.dir/rosidl_generator_c/tablesens/msg/detail/marker_fix_list__functions.c.o[0m
[ 21%] [32mBuilding C object CMakeFiles/tablesens__rosidl_generator_c.dir/rosidl_generator_c/tablesens/msg/detail/marker_fix_list__description.c.o[0m
[ 22%] [32mBuilding C object CMakeFiles/tablesens__rosidl_generator_c.dir/rosidl_generator_c/tablesens/msg/detail/marker_fix__type_support.c.o[0m
[ 24%] [32mBuilding C object CMakeFiles/tablesens__rosidl_generator_c.dir/rosidl_generator_c/tablesens/msg/detail/marker_fix__functions.c.o[0m
[ 26%] [32m[1mLinking C shared library libtablesens__rosidl_generator_c.so[0m
[ 26%] Built target tablesens__rosidl_generator_c
[ 28%] [34m[1mGenerating C++ code for ROS interfaces[0m
[ 28%] Built target tablesens__cpp
[ 29%] [34m[1mGenerating C type support dispatch for ROS interfaces[0m
[ 31%] [32mBuilding CXX object CMakeFiles/tablesens__rosidl_typesupport_c.dir/rosidl_typesupport_c/tablesens/msg/marker_fix__type_support.cpp.o[0m
[ 33%] [32mBuilding CXX object CMakeFiles/tablesens__rosidl_typesupport_c.dir/rosidl_typesupport_c/tablesens/msg/marker_fix_list__type_support.cpp.o[0m
[ 35%] [32mBuilding CXX object CMakeFiles/tablesens__rosidl_typesupport_c.dir/rosidl_typesupport_c/tablesens/srv/configure_from_service__type_support.cpp.o[0m
[ 36%] [32m[1mLinking CXX shared library libtablesens__rosidl_typesupport_c.so[0m
[ 36%] Built target tablesens__rosidl_typesupport_c
[ 38%] [34m[1mGenerating C++ introspection for ROS interfaces[0m
[ 40%] [32mBuilding CXX object CMakeFiles/tablesens__rosidl_typesupport_introspection_cpp.dir/rosidl_typesupport_introspection_cpp/tablesens/msg/detail/marker_fix__type_support.cpp.o[0m
[ 42%] [32mBuilding CXX object CMakeFiles/tablesens__rosidl_typesupport_introspection_cpp.dir/rosidl_typesupport_introspection_cpp/tablesens/srv/detail/configure_from_service__type_support.cpp.o[0m
[ 43%] [32mBuilding CXX object CMakeFiles/tablesens__rosidl_typesupport_introspection_cpp.dir/rosidl_typesupport_introspection_cpp/tablesens/msg/detail/marker_fix_list__type_support.cpp.o[0m
[ 45%] [32m[1mLinking CXX shared library libtablesens__rosidl_typesupport_introspection_cpp.so[0m
[ 45%] Built target tablesens__rosidl_typesupport_introspection_cpp
[ 47%] [34m[1mGenerating C++ type support for eProsima Fast-RTPS[0m
[ 49%] [32mBuilding CXX object CMakeFiles/tablesens__rosidl_typesupport_fastrtps_cpp.dir/rosidl_typesupport_fastrtps_cpp/tablesens/msg/detail/dds_fastrtps/marker_fix__type_support.cpp.o[0m
[ 50%] [32mBuilding CXX object CMakeFiles/tablesens__rosidl_typesupport_fastrtps_cpp.dir/rosidl_typesupport_fastrtps_cpp/tablesens/srv/detail/dds_fastrtps/configure_from_service__type_support.cpp.o[0m
[ 52%] [32mBuilding CXX object CMakeFiles/tablesens__rosidl_typesupport_fastrtps_cpp.dir/rosidl_typesupport_fastrtps_cpp/tablesens/msg/detail/dds_fastrtps/marker_fix_list__type_support.cpp.o[0m
[ 54%] [32m[1mLinking CXX shared library libtablesens__rosidl_typesupport_fastrtps_cpp.so[0m
[ 54%] Built target tablesens__rosidl_typesupport_fastrtps_cpp
[ 56%] [34m[1mGenerating C++ type support dispatch for ROS interfaces[0m
[ 57%] [32mBuilding CXX object CMakeFiles/tablesens__rosidl_typesupport_cpp.dir/rosidl_typesupport_cpp/tablesens/msg/marker_fix__type_support.cpp.o[0m
[ 59%] [32mBuilding CXX object CMakeFiles/tablesens__rosidl_typesupport_cpp.dir/rosidl_typesupport_cpp/tablesens/srv/configure_from_service__type_support.cpp.o[0m
[ 61%] [32mBuilding CXX object CMakeFiles/tablesens__rosidl_typesupport_cpp.dir/rosidl_typesupport_cpp/tablesens/msg/marker_fix_list__type_support.cpp.o[0m
[ 63%] [32m[1mLinking CXX shared library libtablesens__rosidl_typesupport_cpp.so[0m
[ 63%] Built target tablesens__rosidl_typesupport_cpp
[ 64%] [34m[1mGenerating C introspection for ROS interfaces[0m
[ 66%] [32mBuilding C object CMakeFiles/tablesens__rosidl_typesupport_introspection_c.dir/rosidl_typesupport_introspection_c/tablesens/msg/detail/marker_fix__type_support.c.o[0m
[ 68%] [32mBuilding C object CMakeFiles/tablesens__rosidl_typesupport_introspection_c.dir/rosidl_typesupport_introspection_c/tablesens/srv/detail/configure_from_service__type_support.c.o[0m
[ 70%] [32mBuilding C object CMakeFiles/tablesens__rosidl_typesupport_introspection_c.dir/rosidl_typesupport_introspection_c/tablesens/msg/detail/marker_fix_list__type_support.c.o[0m
[ 71%] [32m[1mLinking C shared library libtablesens__rosidl_typesupport_introspection_c.so[0m
[ 71%] Built target tablesens__rosidl_typesupport_introspection_c
[ 73%] [34m[1mGenerating C type support for eProsima Fast-RTPS[0m
[ 75%] [32mBuilding CXX object CMakeFiles/tablesens__rosidl_typesupport_fastrtps_c.dir/rosidl_typesupport_fastrtps_c/tablesens/msg/detail/marker_fix__type_support_c.cpp.o[0m
[ 77%] [32mBuilding CXX object CMakeFiles/tablesens__rosidl_typesupport_fastrtps_c.dir/rosidl_typesupport_fastrtps_c/tablesens/srv/detail/configure_from_service__type_support_c.cpp.o[0m
[ 78%] [32mBuilding CXX object CMakeFiles/tablesens__rosidl_typesupport_fastrtps_c.dir/rosidl_typesupport_fastrtps_c/tablesens/msg/detail/marker_fix_list__type_support_c.cpp.o[0m
[ 80%] [32m[1mLinking CXX shared library libtablesens__rosidl_typesupport_fastrtps_c.so[0m
[ 80%] Built target tablesens__rosidl_typesupport_fastrtps_c
[ 80%] Built target ament_cmake_python_copy_tablesens
[ 80%] Built target tablesens
running egg_info
creating tablesens.egg-info
writing tablesens.egg-info/PKG-INFO
writing dependency_links to tablesens.egg-info/dependency_links.txt
writing top-level names to tablesens.egg-info/top_level.txt
writing manifest file 'tablesens.egg-info/SOURCES.txt'
reading manifest file 'tablesens.egg-info/SOURCES.txt'
writing manifest file 'tablesens.egg-info/SOURCES.txt'
[ 80%] Built target ament_cmake_python_build_tablesens_egg
[ 82%] [34m[1mGenerating Python code for ROS interfaces[0m
[ 82%] Built target tablesens__py
[ 85%] [32mBuilding C object CMakeFiles/tablesens__rosidl_generator_py.dir/rosidl_generator_py/tablesens/msg/_marker_fix_s.c.o[0m
[ 85%] [32mBuilding C object CMakeFiles/tablesens__rosidl_generator_py.dir/rosidl_generator_py/tablesens/msg/_marker_fix_list_s.c.o[0m
[ 87%] [32mBuilding C object CMakeFiles/tablesens__rosidl_generator_py.dir/rosidl_generator_py/tablesens/srv/_configure_from_service_s.c.o[0m
[ 89%] [32m[1mLinking C shared library libtablesens__rosidl_generator_py.so[0m
[ 89%] Built target tablesens__rosidl_generator_py
[ 91%] [32mBuilding C object CMakeFiles/tablesens_s__rosidl_typesupport_introspection_c.dir/rosidl_generator_py/tablesens/_tablesens_s.ep.rosidl_typesupport_introspection_c.c.o[0m
[ 92%] [32mBuilding C object CMakeFiles/tablesens_s__rosidl_typesupport_fastrtps_c.dir/rosidl_generator_py/tablesens/_tablesens_s.ep.rosidl_typesupport_fastrtps_c.c.o[0m
[ 94%] [32m[1mLinking C shared module rosidl_generator_py/tablesens/tablesens_s__rosidl_typesupport_introspection_c.so[0m
[ 96%] [32m[1mLinking C shared module rosidl_generator_py/tablesens/tablesens_s__rosidl_typesupport_fastrtps_c.so[0m
[ 96%] Built target tablesens_s__rosidl_typesupport_introspection_c
[ 96%] Built target tablesens_s__rosidl_typesupport_fastrtps_c
[ 98%] [32mBuilding C object CMakeFiles/tablesens_s__rosidl_typesupport_c.dir/rosidl_generator_py/tablesens/_tablesens_s.ep.rosidl_typesupport_c.c.o[0m
[100%] [32m[1mLinking C shared module rosidl_generator_py/tablesens/tablesens_s__rosidl_typesupport_c.so[0m
[100%] Built target tablesens_s__rosidl_typesupport_c
-- Install configuration: ""
-- Installing: /home/omid/data/colcon_ws1FW/src/final_work/src/install/tablesens/share/ament_index/resource_index/rosidl_interfaces/tablesens
-- Installing: /home/omid/data/colcon_ws1FW/src/final_work/src/install/tablesens/share/tablesens/msg/MarkerFix.json
-- Installing: /home/omid/data/colcon_ws1FW/src/final_work/src/install/tablesens/share/tablesens/msg/MarkerFixList.json
-- Installing: /home/omid/data/colcon_ws1FW/src/final_work/src/install/tablesens/share/tablesens/srv/ConfigureFromService.json
-- Installing: /home/omid/data/colcon_ws1FW/src/final_work/src/install/tablesens/include/tablesens/tablesens
-- Installing: /home/omid/data/colcon_ws1FW/src/final_work/src/install/tablesens/include/tablesens/tablesens/srv
-- Installing: /home/omid/data/colcon_ws1FW/src/final_work/src/install/tablesens/include/tablesens/tablesens/srv/detail
-- Installing: /home/omid/data/colcon_ws1FW/src/final_work/src/install/tablesens/include/tablesens/tablesens/srv/detail/configure_from_service__functions.h
-- Installing: /home/omid/data/colcon_ws1FW/src/final_work/src/install/tablesens/include/tablesens/tablesens/srv/detail/configure_from_service__struct.h
-- Installing: /home/omid/data/colcon_ws1FW/src/final_work/src/install/tablesens/include/tablesens/tablesens/srv/detail/configure_from_service__type_support.h
-- Installing: /home/omid/data/colcon_ws1FW/src/final_work/src/install/tablesens/include/tablesens/tablesens/srv/detail/configure_from_service__functions.c
-- Installing: /home/omid/data/colcon_ws1FW/src/final_work/src/install/tablesens/include/tablesens/tablesens/srv/detail/configure_from_service__type_support.c
-- Installing: /home/omid/data/colcon_ws1FW/src/final_work/src/install/tablesens/include/tablesens/tablesens/srv/detail/configure_from_service__description.c
-- Installing: /home/omid/data/colcon_ws1FW/src/final_work/src/install/tablesens/include/tablesens/tablesens/srv/configure_from_service.h
-- Installing: /home/omid/data/colcon_ws1FW/src/final_work/src/install/tablesens/include/tablesens/tablesens/msg
-- Installing: /home/omid/data/colcon_ws1FW/src/final_work/src/install/tablesens/include/tablesens/tablesens/msg/marker_fix.h
-- Installing: /home/omid/data/colcon_ws1FW/src/final_work/src/install/tablesens/include/tablesens/tablesens/msg/detail
-- Installing: /home/omid/data/colcon_ws1FW/src/final_work/src/install/tablesens/include/tablesens/tablesens/msg/detail/marker_fix_list__type_support.h
-- Installing: /home/omid/data/colcon_ws1FW/src/final_work/src/install/tablesens/include/tablesens/tablesens/msg/detail/marker_fix__type_support.h
-- Installing: /home/omid/data/colcon_ws1FW/src/final_work/src/install/tablesens/include/tablesens/tablesens/msg/detail/marker_fix_list__type_support.c
-- Installing: /home/omid/data/colcon_ws1FW/src/final_work/src/install/tablesens/include/tablesens/tablesens/msg/detail/marker_fix__functions.h
-- Installing: /home/omid/data/colcon_ws1FW/src/final_work/src/install/tablesens/include/tablesens/tablesens/msg/detail/marker_fix_list__description.c
-- Installing: /home/omid/data/colcon_ws1FW/src/final_work/src/install/tablesens/include/tablesens/tablesens/msg/detail/marker_fix__functions.c
-- Installing: /home/omid/data/colcon_ws1FW/src/final_work/src/install/tablesens/include/tablesens/tablesens/msg/detail/marker_fix__struct.h
-- Installing: /home/omid/data/colcon_ws1FW/src/final_work/src/install/tablesens/include/tablesens/tablesens/msg/detail/marker_fix_list__functions.c
-- Installing: /home/omid/data/colcon_ws1FW/src/final_work/src/install/tablesens/include/tablesens/tablesens/msg/detail/marker_fix_list__functions.h
-- Installing: /home/omid/data/colcon_ws1FW/src/final_work/src/install/tablesens/include/tablesens/tablesens/msg/detail/marker_fix__type_support.c
-- Installing: /home/omid/data/colcon_ws1FW/src/final_work/src/install/tablesens/include/tablesens/tablesens/msg/detail/marker_fix__description.c
-- Installing: /home/omid/data/colcon_ws1FW/src/final_work/src/install/tablesens/include/tablesens/tablesens/msg/detail/marker_fix_list__struct.h
-- Installing: /home/omid/data/colcon_ws1FW/src/final_work/src/install/tablesens/include/tablesens/tablesens/msg/rosidl_generator_c__visibility_control.h
-- Installing: /home/omid/data/colcon_ws1FW/src/final_work/src/install/tablesens/include/tablesens/tablesens/msg/marker_fix_list.h
-- Installing: /home/omid/data/colcon_ws1FW/src/final_work/src/install/tablesens/share/tablesens/environment/library_path.sh
-- Installing: /home/omid/data/colcon_ws1FW/src/final_work/src/install/tablesens/share/tablesens/environment/library_path.dsv
-- Installing: /home/omid/data/colcon_ws1FW/src/final_work/src/install/tablesens/lib/libtablesens__rosidl_generator_c.so
-- Set non-toolchain portion of runtime path of "/home/omid/data/colcon_ws1FW/src/final_work/src/install/tablesens/lib/libtablesens__rosidl_generator_c.so" to ""
-- Up-to-date: /home/omid/data/colcon_ws1FW/src/final_work/src/install/tablesens/include/tablesens/tablesens
-- Up-to-date: /home/omid/data/colcon_ws1FW/src/final_work/src/install/tablesens/include/tablesens/tablesens/srv
-- Up-to-date: /home/omid/data/colcon_ws1FW/src/final_work/src/install/tablesens/include/tablesens/tablesens/srv/detail
-- Installing: /home/omid/data/colcon_ws1FW/src/final_work/src/install/tablesens/include/tablesens/tablesens/srv/detail/configure_from_service__rosidl_typesupport_fastrtps_c.h
-- Up-to-date: /home/omid/data/colcon_ws1FW/src/final_work/src/install/tablesens/include/tablesens/tablesens/msg
-- Up-to-date: /home/omid/data/colcon_ws1FW/src/final_work/src/install/tablesens/include/tablesens/tablesens/msg/detail
-- Installing: /home/omid/data/colcon_ws1FW/src/final_work/src/install/tablesens/include/tablesens/tablesens/msg/detail/marker_fix_list__rosidl_typesupport_fastrtps_c.h
-- Installing: /home/omid/data/colcon_ws1FW/src/final_work/src/install/tablesens/include/tablesens/tablesens/msg/detail/marker_fix__rosidl_typesupport_fastrtps_c.h
-- Installing: /home/omid/data/colcon_ws1FW/src/final_work/src/install/tablesens/include/tablesens/tablesens/msg/rosidl_typesupport_fastrtps_c__visibility_control.h
-- Installing: /home/omid/data/colcon_ws1FW/src/final_work/src/install/tablesens/lib/libtablesens__rosidl_typesupport_fastrtps_c.so
-- Set non-toolchain portion of runtime path of "/home/omid/data/colcon_ws1FW/src/final_work/src/install/tablesens/lib/libtablesens__rosidl_typesupport_fastrtps_c.so" to ""
-- Up-to-date: /home/omid/data/colcon_ws1FW/src/final_work/src/install/tablesens/include/tablesens/tablesens
-- Up-to-date: /home/omid/data/colcon_ws1FW/src/final_work/src/install/tablesens/include/tablesens/tablesens/srv
-- Up-to-date: /home/omid/data/colcon_ws1FW/src/final_work/src/install/tablesens/include/tablesens/tablesens/srv/detail
-- Installing: /home/omid/data/colcon_ws1FW/src/final_work/src/install/tablesens/include/tablesens/tablesens/srv/detail/configure_from_service__struct.hpp
-- Installing: /home/omid/data/colcon_ws1FW/src/final_work/src/install/tablesens/include/tablesens/tablesens/srv/detail/configure_from_service__type_support.hpp
-- Installing: /home/omid/data/colcon_ws1FW/src/final_work/src/install/tablesens/include/tablesens/tablesens/srv/detail/configure_from_service__traits.hpp
-- Installing: /home/omid/data/colcon_ws1FW/src/final_work/src/install/tablesens/include/tablesens/tablesens/srv/detail/configure_from_service__builder.hpp
-- Installing: /home/omid/data/colcon_ws1FW/src/final_work/src/install/tablesens/include/tablesens/tablesens/srv/configure_from_service.hpp
-- Up-to-date: /home/omid/data/colcon_ws1FW/src/final_work/src/install/tablesens/include/tablesens/tablesens/msg
-- Up-to-date: /home/omid/data/colcon_ws1FW/src/final_work/src/install/tablesens/include/tablesens/tablesens/msg/detail
-- Installing: /home/omid/data/colcon_ws1FW/src/final_work/src/install/tablesens/include/tablesens/tablesens/msg/detail/marker_fix__traits.hpp
-- Installing: /home/omid/data/colcon_ws1FW/src/final_work/src/install/tablesens/include/tablesens/tablesens/msg/detail/marker_fix_list__struct.hpp
-- Installing: /home/omid/data/colcon_ws1FW/src/final_work/src/install/tablesens/include/tablesens/tablesens/msg/detail/marker_fix_list__builder.hpp
-- Installing: /home/omid/data/colcon_ws1FW/src/final_work/src/install/tablesens/include/tablesens/tablesens/msg/detail/marker_fix__builder.hpp
-- Installing: /home/omid/data/colcon_ws1FW/src/final_work/src/install/tablesens/include/tablesens/tablesens/msg/detail/marker_fix_list__traits.hpp
-- Installing: /home/omid/data/colcon_ws1FW/src/final_work/src/install/tablesens/include/tablesens/tablesens/msg/detail/marker_fix_list__type_support.hpp
-- Installing: /home/omid/data/colcon_ws1FW/src/final_work/src/install/tablesens/include/tablesens/tablesens/msg/detail/marker_fix__type_support.hpp
-- Installing: /home/omid/data/colcon_ws1FW/src/final_work/src/install/tablesens/include/tablesens/tablesens/msg/detail/marker_fix__struct.hpp
-- Installing: /home/omid/data/colcon_ws1FW/src/final_work/src/install/tablesens/include/tablesens/tablesens/msg/marker_fix_list.hpp
-- Installing: /home/omid/data/colcon_ws1FW/src/final_work/src/install/tablesens/include/tablesens/tablesens/msg/rosidl_generator_cpp__visibility_control.hpp
-- Installing: /home/omid/data/colcon_ws1FW/src/final_work/src/install/tablesens/include/tablesens/tablesens/msg/marker_fix.hpp
-- Up-to-date: /home/omid/data/colcon_ws1FW/src/final_work/src/install/tablesens/include/tablesens/tablesens
-- Up-to-date: /home/omid/data/colcon_ws1FW/src/final_work/src/install/tablesens/include/tablesens/tablesens/srv
-- Up-to-date: /home/omid/data/colcon_ws1FW/src/final_work/src/install/tablesens/include/tablesens/tablesens/srv/detail
-- Installing: /home/omid/data/colcon_ws1FW/src/final_work/src/install/tablesens/include/tablesens/tablesens/srv/detail/dds_fastrtps
-- Installing: /home/omid/data/colcon_ws1FW/src/final_work/src/install/tablesens/include/tablesens/tablesens/srv/detail/configure_from_service__rosidl_typesupport_fastrtps_cpp.hpp
-- Up-to-date: /home/omid/data/colcon_ws1FW/src/final_work/src/install/tablesens/include/tablesens/tablesens/msg
-- Installing: /home/omid/data/colcon_ws1FW/src/final_work/src/install/tablesens/include/tablesens/tablesens/msg/rosidl_typesupport_fastrtps_cpp__visibility_control.h
-- Up-to-date: /home/omid/data/colcon_ws1FW/src/final_work/src/install/tablesens/include/tablesens/tablesens/msg/detail
-- Installing: /home/omid/data/colcon_ws1FW/src/final_work/src/install/tablesens/include/tablesens/tablesens/msg/detail/dds_fastrtps
-- Installing: /home/omid/data/colcon_ws1FW/src/final_work/src/install/tablesens/include/tablesens/tablesens/msg/detail/marker_fix__rosidl_typesupport_fastrtps_cpp.hpp
-- Installing: /home/omid/data/colcon_ws1FW/src/final_work/src/install/tablesens/include/tablesens/tablesens/msg/detail/marker_fix_list__rosidl_typesupport_fastrtps_cpp.hpp
-- Installing: /home/omid/data/colcon_ws1FW/src/final_work/src/install/tablesens/lib/libtablesens__rosidl_typesupport_fastrtps_cpp.so
-- Set non-toolchain portion of runtime path of "/home/omid/data/colcon_ws1FW/src/final_work/src/install/tablesens/lib/libtablesens__rosidl_typesupport_fastrtps_cpp.so" to ""
-- Up-to-date: /home/omid/data/colcon_ws1FW/src/final_work/src/install/tablesens/include/tablesens/tablesens
-- Up-to-date: /home/omid/data/colcon_ws1FW/src/final_work/src/install/tablesens/include/tablesens/tablesens/srv
-- Up-to-date: /home/omid/data/colcon_ws1FW/src/final_work/src/install/tablesens/include/tablesens/tablesens/srv/detail
-- Installing: /home/omid/data/colcon_ws1FW/src/final_work/src/install/tablesens/include/tablesens/tablesens/srv/detail/configure_from_service__rosidl_typesupport_introspection_c.h
-- Installing: /home/omid/data/colcon_ws1FW/src/final_work/src/install/tablesens/include/tablesens/tablesens/srv/detail/configure_from_service__type_support.c
-- Up-to-date: /home/omid/data/colcon_ws1FW/src/final_work/src/install/tablesens/include/tablesens/tablesens/msg
-- Installing: /home/omid/data/colcon_ws1FW/src/final_work/src/install/tablesens/include/tablesens/tablesens/msg/rosidl_typesupport_introspection_c__visibility_control.h
-- Up-to-date: /home/omid/data/colcon_ws1FW/src/final_work/src/install/tablesens/include/tablesens/tablesens/msg/detail
-- Installing: /home/omid/data/colcon_ws1FW/src/final_work/src/install/tablesens/include/tablesens/tablesens/msg/detail/marker_fix_list__rosidl_typesupport_introspection_c.h
-- Installing: /home/omid/data/colcon_ws1FW/src/final_work/src/install/tablesens/include/tablesens/tablesens/msg/detail/marker_fix__rosidl_typesupport_introspection_c.h
-- Installing: /home/omid/data/colcon_ws1FW/src/final_work/src/install/tablesens/include/tablesens/tablesens/msg/detail/marker_fix_list__type_support.c
-- Installing: /home/omid/data/colcon_ws1FW/src/final_work/src/install/tablesens/include/tablesens/tablesens/msg/detail/marker_fix__type_support.c
-- Installing: /home/omid/data/colcon_ws1FW/src/final_work/src/install/tablesens/lib/libtablesens__rosidl_typesupport_introspection_c.so
-- Set non-toolchain portion of runtime path of "/home/omid/data/colcon_ws1FW/src/final_work/src/install/tablesens/lib/libtablesens__rosidl_typesupport_introspection_c.so" to ""
-- Installing: /home/omid/data/colcon_ws1FW/src/final_work/src/install/tablesens/lib/libtablesens__rosidl_typesupport_c.so
-- Set non-toolchain portion of runtime path of "/home/omid/data/colcon_ws1FW/src/final_work/src/install/tablesens/lib/libtablesens__rosidl_typesupport_c.so" to ""
-- Up-to-date: /home/omid/data/colcon_ws1FW/src/final_work/src/install/tablesens/include/tablesens/tablesens
-- Up-to-date: /home/omid/data/colcon_ws1FW/src/final_work/src/install/tablesens/include/tablesens/tablesens/srv
-- Up-to-date: /home/omid/data/colcon_ws1FW/src/final_work/src/install/tablesens/include/tablesens/tablesens/srv/detail
-- Installing: /home/omid/data/colcon_ws1FW/src/final_work/src/install/tablesens/include/tablesens/tablesens/srv/detail/configure_from_service__rosidl_typesupport_introspection_cpp.hpp
-- Installing: /home/omid/data/colcon_ws1FW/src/final_work/src/install/tablesens/include/tablesens/tablesens/srv/detail/configure_from_service__type_support.cpp
-- Up-to-date: /home/omid/data/colcon_ws1FW/src/final_work/src/install/tablesens/include/tablesens/tablesens/msg
-- Up-to-date: /home/omid/data/colcon_ws1FW/src/final_work/src/install/tablesens/include/tablesens/tablesens/msg/detail
-- Installing: /home/omid/data/colcon_ws1FW/src/final_work/src/install/tablesens/include/tablesens/tablesens/msg/detail/marker_fix__rosidl_typesupport_introspection_cpp.hpp
-- Installing: /home/omid/data/colcon_ws1FW/src/final_work/src/install/tablesens/include/tablesens/tablesens/msg/detail/marker_fix_list__type_support.cpp
-- Installing: /home/omid/data/colcon_ws1FW/src/final_work/src/install/tablesens/include/tablesens/tablesens/msg/detail/marker_fix__type_support.cpp
-- Installing: /home/omid/data/colcon_ws1FW/src/final_work/src/install/tablesens/include/tablesens/tablesens/msg/detail/marker_fix_list__rosidl_typesupport_introspection_cpp.hpp
-- Installing: /home/omid/data/colcon_ws1FW/src/final_work/src/install/tablesens/lib/libtablesens__rosidl_typesupport_introspection_cpp.so
-- Set non-toolchain portion of runtime path of "/home/omid/data/colcon_ws1FW/src/final_work/src/install/tablesens/lib/libtablesens__rosidl_typesupport_introspection_cpp.so" to ""
-- Installing: /home/omid/data/colcon_ws1FW/src/final_work/src/install/tablesens/lib/libtablesens__rosidl_typesupport_cpp.so
-- Set non-toolchain portion of runtime path of "/home/omid/data/colcon_ws1FW/src/final_work/src/install/tablesens/lib/libtablesens__rosidl_typesupport_cpp.so" to ""
-- Installing: /home/omid/data/colcon_ws1FW/src/final_work/src/install/tablesens/share/tablesens/environment/pythonpath.sh
-- Installing: /home/omid/data/colcon_ws1FW/src/final_work/src/install/tablesens/share/tablesens/environment/pythonpath.dsv
-- Installing: /home/omid/data/colcon_ws1FW/src/final_work/src/install/tablesens/lib/python3.12/site-packages/tablesens-0.0.0-py3.12.egg-info
-- Installing: /home/omid/data/colcon_ws1FW/src/final_work/src/install/tablesens/lib/python3.12/site-packages/tablesens-0.0.0-py3.12.egg-info/SOURCES.txt
-- Installing: /home/omid/data/colcon_ws1FW/src/final_work/src/install/tablesens/lib/python3.12/site-packages/tablesens-0.0.0-py3.12.egg-info/PKG-INFO
-- Installing: /home/omid/data/colcon_ws1FW/src/final_work/src/install/tablesens/lib/python3.12/site-packages/tablesens-0.0.0-py3.12.egg-info/top_level.txt
-- Installing: /home/omid/data/colcon_ws1FW/src/final_work/src/install/tablesens/lib/python3.12/site-packages/tablesens-0.0.0-py3.12.egg-info/dependency_links.txt
-- Installing: /home/omid/data/colcon_ws1FW/src/final_work/src/install/tablesens/lib/python3.12/site-packages/tablesens
-- Installing: /home/omid/data/colcon_ws1FW/src/final_work/src/install/tablesens/lib/python3.12/site-packages/tablesens/tablesens_s__rosidl_typesupport_fastrtps_c.so
-- Installing: /home/omid/data/colcon_ws1FW/src/final_work/src/install/tablesens/lib/python3.12/site-packages/tablesens/srv
-- Installing: /home/omid/data/colcon_ws1FW/src/final_work/src/install/tablesens/lib/python3.12/site-packages/tablesens/srv/_configure_from_service_s.c
-- Installing: /home/omid/data/colcon_ws1FW/src/final_work/src/install/tablesens/lib/python3.12/site-packages/tablesens/srv/_configure_from_service.py
-- Installing: /home/omid/data/colcon_ws1FW/src/final_work/src/install/tablesens/lib/python3.12/site-packages/tablesens/srv/__init__.py
-- Installing: /home/omid/data/colcon_ws1FW/src/final_work/src/install/tablesens/lib/python3.12/site-packages/tablesens/tablesens_s__rosidl_typesupport_c.so
-- Installing: /home/omid/data/colcon_ws1FW/src/final_work/src/install/tablesens/lib/python3.12/site-packages/tablesens/msg
-- Installing: /home/omid/data/colcon_ws1FW/src/final_work/src/install/tablesens/lib/python3.12/site-packages/tablesens/msg/_marker_fix.py
-- Installing: /home/omid/data/colcon_ws1FW/src/final_work/src/install/tablesens/lib/python3.12/site-packages/tablesens/msg/_marker_fix_list.py
-- Installing: /home/omid/data/colcon_ws1FW/src/final_work/src/install/tablesens/lib/python3.12/site-packages/tablesens/msg/_marker_fix_list_s.c
-- Installing: /home/omid/data/colcon_ws1FW/src/final_work/src/install/tablesens/lib/python3.12/site-packages/tablesens/msg/__init__.py
-- Installing: /home/omid/data/colcon_ws1FW/src/final_work/src/install/tablesens/lib/python3.12/site-packages/tablesens/msg/_marker_fix_s.c
-- Installing: /home/omid/data/colcon_ws1FW/src/final_work/src/install/tablesens/lib/python3.12/site-packages/tablesens/_tablesens_s.ep.rosidl_typesupport_c.c
-- Installing: /home/omid/data/colcon_ws1FW/src/final_work/src/install/tablesens/lib/python3.12/site-packages/tablesens/tablesens_s__rosidl_typesupport_introspection_c.so
-- Installing: /home/omid/data/colcon_ws1FW/src/final_work/src/install/tablesens/lib/python3.12/site-packages/tablesens/_tablesens_s.ep.rosidl_typesupport_fastrtps_c.c
-- Installing: /home/omid/data/colcon_ws1FW/src/final_work/src/install/tablesens/lib/python3.12/site-packages/tablesens/_tablesens_s.ep.rosidl_typesupport_introspection_c.c
-- Installing: /home/omid/data/colcon_ws1FW/src/final_work/src/install/tablesens/lib/python3.12/site-packages/tablesens/__init__.py
Listing '/home/omid/data/colcon_ws1FW/src/final_work/src/install/tablesens/lib/python3.12/site-packages/tablesens'...
Compiling '/home/omid/data/colcon_ws1FW/src/final_work/src/install/tablesens/lib/python3.12/site-packages/tablesens/__init__.py'...
Listing '/home/omid/data/colcon_ws1FW/src/final_work/src/install/tablesens/lib/python3.12/site-packages/tablesens/msg'...
Compiling '/home/omid/data/colcon_ws1FW/src/final_work/src/install/tablesens/lib/python3.12/site-packages/tablesens/msg/__init__.py'...
Compiling '/home/omid/data/colcon_ws1FW/src/final_work/src/install/tablesens/lib/python3.12/site-packages/tablesens/msg/_marker_fix.py'...
Compiling '/home/omid/data/colcon_ws1FW/src/final_work/src/install/tablesens/lib/python3.12/site-packages/tablesens/msg/_marker_fix_list.py'...
Listing '/home/omid/data/colcon_ws1FW/src/final_work/src/install/tablesens/lib/python3.12/site-packages/tablesens/srv'...
Compiling '/home/omid/data/colcon_ws1FW/src/final_work/src/install/tablesens/lib/python3.12/site-packages/tablesens/srv/__init__.py'...
Compiling '/home/omid/data/colcon_ws1FW/src/final_work/src/install/tablesens/lib/python3.12/site-packages/tablesens/srv/_configure_from_service.py'...
-- Installing: /home/omid/data/colcon_ws1FW/src/final_work/src/install/tablesens/lib/python3.12/site-packages/tablesens/tablesens_s__rosidl_typesupport_fastrtps_c.so
-- Set non-toolchain portion of runtime path of "/home/omid/data/colcon_ws1FW/src/final_work/src/install/tablesens/lib/python3.12/site-packages/tablesens/tablesens_s__rosidl_typesupport_fastrtps_c.so" to ""
-- Installing: /home/omid/data/colcon_ws1FW/src/final_work/src/install/tablesens/lib/python3.12/site-packages/tablesens/tablesens_s__rosidl_typesupport_introspection_c.so
-- Set non-toolchain portion of runtime path of "/home/omid/data/colcon_ws1FW/src/final_work/src/install/tablesens/lib/python3.12/site-packages/tablesens/tablesens_s__rosidl_typesupport_introspection_c.so" to ""
-- Installing: /home/omid/data/colcon_ws1FW/src/final_work/src/install/tablesens/lib/python3.12/site-packages/tablesens/tablesens_s__rosidl_typesupport_c.so
-- Set non-toolchain portion of runtime path of "/home/omid/data/colcon_ws1FW/src/final_work/src/install/tablesens/lib/python3.12/site-packages/tablesens/tablesens_s__rosidl_typesupport_c.so" to ""
-- Installing: /home/omid/data/colcon_ws1FW/src/final_work/src/install/tablesens/lib/libtablesens__rosidl_generator_py.so
-- Set non-toolchain portion of runtime path of "/home/omid/data/colcon_ws1FW/src/final_work/src/install/tablesens/lib/libtablesens__rosidl_generator_py.so" to ""
-- Installing: /home/omid/data/colcon_ws1FW/src/final_work/src/install/tablesens/share/tablesens/msg/MarkerFix.idl
-- Installing: /home/omid/data/colcon_ws1FW/src/final_work/src/install/tablesens/share/tablesens/msg/MarkerFixList.idl
-- Installing: /home/omid/data/colcon_ws1FW/src/final_work/src/install/tablesens/share/tablesens/srv/ConfigureFromService.idl
-- Installing: /home/omid/data/colcon_ws1FW/src/final_work/src/install/tablesens/share/tablesens/msg/MarkerFix.msg
-- Installing: /home/omid/data/colcon_ws1FW/src/final_work/src/install/tablesens/share/tablesens/msg/MarkerFixList.msg
-- Installing: /home/omid/data/colcon_ws1FW/src/final_work/src/install/tablesens/share/tablesens/srv/ConfigureFromService.srv
-- Installing: /home/omid/data/colcon_ws1FW/src/final_work/src/install/tablesens/lib/tablesens/tablecalibrator
-- Set non-toolchain portion of runtime path of "/home/omid/data/colcon_ws1FW/src/final_work/src/install/tablesens/lib/tablesens/tablecalibrator" to ""
-- Installing: /home/omid/data/colcon_ws1FW/src/final_work/src/install/tablesens/share/tablesens/launch
-- Installing: /home/omid/data/colcon_ws1FW/src/final_work/src/install/tablesens/share/tablesens/launch/aruco_realsense.launch.py
-- Installing: /home/omid/data/colcon_ws1FW/src/final_work/src/install/tablesens/share/tablesens/launch/tablecalibrator.launch.py
-- Installing: /home/omid/data/colcon_ws1FW/src/final_work/src/install/tablesens/share/tablesens/launch/realsense_camera.launch.py
-- Installing: /home/omid/data/colcon_ws1FW/src/final_work/src/install/tablesens/share/tablesens/config
-- Installing: /home/omid/data/colcon_ws1FW/src/final_work/src/install/tablesens/share/tablesens/config/tablesetup-ioc.yaml
-- Installing: /home/omid/data/colcon_ws1FW/src/final_work/src/install/tablesens/share/tablesens/config/tablesetup-ioc-aruco.yaml
-- Installing: /home/omid/data/colcon_ws1FW/src/final_work/src/install/tablesens/share/tablesens/config/tablesetup.yaml
-- Installing: /home/omid/data/colcon_ws1FW/src/final_work/src/install/tablesens/share/tablesens/config/tablesetup-esaii-pl2.yaml
-- Installing: /home/omid/data/colcon_ws1FW/src/final_work/src/install/tablesens/share/ament_index/resource_index/package_run_dependencies/tablesens
-- Installing: /home/omid/data/colcon_ws1FW/src/final_work/src/install/tablesens/share/ament_index/resource_index/parent_prefix_path/tablesens
-- Installing: /home/omid/data/colcon_ws1FW/src/final_work/src/install/tablesens/share/tablesens/environment/ament_prefix_path.sh
-- Installing: /home/omid/data/colcon_ws1FW/src/final_work/src/install/tablesens/share/tablesens/environment/ament_prefix_path.dsv
-- Installing: /home/omid/data/colcon_ws1FW/src/final_work/src/install/tablesens/share/tablesens/environment/path.sh
-- Installing: /home/omid/data/colcon_ws1FW/src/final_work/src/install/tablesens/share/tablesens/environment/path.dsv
-- Installing: /home/omid/data/colcon_ws1FW/src/final_work/src/install/tablesens/share/tablesens/local_setup.bash
-- Installing: /home/omid/data/colcon_ws1FW/src/final_work/src/install/tablesens/share/tablesens/local_setup.sh
-- Installing: /home/omid/data/colcon_ws1FW/src/final_work/src/install/tablesens/share/tablesens/local_setup.zsh
-- Installing: /home/omid/data/colcon_ws1FW/src/final_work/src/install/tablesens/share/tablesens/local_setup.dsv
-- Installing: /home/omid/data/colcon_ws1FW/src/final_work/src/install/tablesens/share/tablesens/package.dsv
-- Installing: /home/omid/data/colcon_ws1FW/src/final_work/src/install/tablesens/share/ament_index/resource_index/packages/tablesens
-- Installing: /home/omid/data/colcon_ws1FW/src/final_work/src/install/tablesens/share/tablesens/cmake/export_tablesens__rosidl_generator_cExport.cmake
-- Installing: /home/omid/data/colcon_ws1FW/src/final_work/src/install/tablesens/share/tablesens/cmake/export_tablesens__rosidl_generator_cExport-noconfig.cmake
-- Installing: /home/omid/data/colcon_ws1FW/src/final_work/src/install/tablesens/share/tablesens/cmake/export_tablesens__rosidl_typesupport_fastrtps_cExport.cmake
-- Installing: /home/omid/data/colcon_ws1FW/src/final_work/src/install/tablesens/share/tablesens/cmake/export_tablesens__rosidl_typesupport_fastrtps_cExport-noconfig.cmake
-- Installing: /home/omid/data/colcon_ws1FW/src/final_work/src/install/tablesens/share/tablesens/cmake/export_tablesens__rosidl_generator_cppExport.cmake
-- Installing: /home/omid/data/colcon_ws1FW/src/final_work/src/install/tablesens/share/tablesens/cmake/export_tablesens__rosidl_typesupport_fastrtps_cppExport.cmake
-- Installing: /home/omid/data/colcon_ws1FW/src/final_work/src/install/tablesens/share/tablesens/cmake/export_tablesens__rosidl_typesupport_fastrtps_cppExport-noconfig.cmake
-- Installing: /home/omid/data/colcon_ws1FW/src/final_work/src/install/tablesens/share/tablesens/cmake/tablesens__rosidl_typesupport_introspection_cExport.cmake
-- Installing: /home/omid/data/colcon_ws1FW/src/final_work/src/install/tablesens/share/tablesens/cmake/tablesens__rosidl_typesupport_introspection_cExport-noconfig.cmake
-- Installing: /home/omid/data/colcon_ws1FW/src/final_work/src/install/tablesens/share/tablesens/cmake/tablesens__rosidl_typesupport_cExport.cmake
-- Installing: /home/omid/data/colcon_ws1FW/src/final_work/src/install/tablesens/share/tablesens/cmake/tablesens__rosidl_typesupport_cExport-noconfig.cmake
-- Installing: /home/omid/data/colcon_ws1FW/src/final_work/src/install/tablesens/share/tablesens/cmake/tablesens__rosidl_typesupport_introspection_cppExport.cmake
-- Installing: /home/omid/data/colcon_ws1FW/src/final_work/src/install/tablesens/share/tablesens/cmake/tablesens__rosidl_typesupport_introspection_cppExport-noconfig.cmake
-- Installing: /home/omid/data/colcon_ws1FW/src/final_work/src/install/tablesens/share/tablesens/cmake/tablesens__rosidl_typesupport_cppExport.cmake
-- Installing: /home/omid/data/colcon_ws1FW/src/final_work/src/install/tablesens/share/tablesens/cmake/tablesens__rosidl_typesupport_cppExport-noconfig.cmake
-- Installing: /home/omid/data/colcon_ws1FW/src/final_work/src/install/tablesens/share/tablesens/cmake/export_tablesens__rosidl_generator_pyExport.cmake
-- Installing: /home/omid/data/colcon_ws1FW/src/final_work/src/install/tablesens/share/tablesens/cmake/export_tablesens__rosidl_generator_pyExport-noconfig.cmake
-- Installing: /home/omid/data/colcon_ws1FW/src/final_work/src/install/tablesens/share/tablesens/cmake/rosidl_cmake-extras.cmake
-- Installing: /home/omid/data/colcon_ws1FW/src/final_work/src/install/tablesens/share/tablesens/cmake/ament_cmake_export_dependencies-extras.cmake
-- Installing: /home/omid/data/colcon_ws1FW/src/final_work/src/install/tablesens/share/tablesens/cmake/ament_cmake_export_include_directories-extras.cmake
-- Installing: /home/omid/data/colcon_ws1FW/src/final_work/src/install/tablesens/share/tablesens/cmake/ament_cmake_export_libraries-extras.cmake
-- Installing: /home/omid/data/colcon_ws1FW/src/final_work/src/install/tablesens/share/tablesens/cmake/ament_cmake_export_targets-extras.cmake
-- Installing: /home/omid/data/colcon_ws1FW/src/final_work/src/install/tablesens/share/tablesens/cmake/rosidl_cmake_export_typesupport_targets-extras.cmake
-- Installing: /home/omid/data/colcon_ws1FW/src/final_work/src/install/tablesens/share/tablesens/cmake/rosidl_cmake_export_typesupport_libraries-extras.cmake
-- Installing: /home/omid/data/colcon_ws1FW/src/final_work/src/install/tablesens/share/tablesens/cmake/tablesensConfig.cmake
-- Installing: /home/omid/data/colcon_ws1FW/src/final_work/src/install/tablesens/share/tablesens/cmake/tablesensConfig-version.cmake
-- Installing: /home/omid/data/colcon_ws1FW/src/final_work/src/install/tablesens/share/tablesens/package.xml
