[0.121s] Invoking command in '/home/omid/data/colcon_ws1FW/src/final_work/src/build/tablesens': AMENT_PREFIX_PATH=/home/omid/data/colcon_ws1FW/src/final_work/src/install/aruco_msgs:${AMENT_PREFIX_PATH} CMAKE_PREFIX_PATH=/home/omid/data/colcon_ws1FW/src/final_work/src/install/aruco_msgs:/opt/ros/jazzy/opt/gz_sim_vendor:/opt/ros/jazzy/opt/gz_sensors_vendor:/opt/ros/jazzy/opt/gz_physics_vendor:/opt/ros/jazzy/opt/sdformat_vendor:/opt/ros/jazzy/opt/gz_gui_vendor:/opt/ros/jazzy/opt/gz_transport_vendor:/opt/ros/jazzy/opt/gz_rendering_vendor:/opt/ros/jazzy/opt/gz_plugin_vendor:/opt/ros/jazzy/opt/gz_fuel_tools_vendor:/opt/ros/jazzy/opt/gz_msgs_vendor:/opt/ros/jazzy/opt/gz_common_vendor:/opt/ros/jazzy/opt/gz_math_vendor:/opt/ros/jazzy/opt/gz_utils_vendor:/opt/ros/jazzy/opt/gz_tools_vendor:/opt/ros/jazzy/opt/gz_ogre_next_vendor:/opt/ros/jazzy/opt/gz_dartsim_vendor:/opt/ros/jazzy/opt/gz_cmake_vendor:/opt/ros/jazzy DEBUGINFOD_URLS=https://debuginfod.ubuntu.com LD_LIBRARY_PATH=/home/omid/data/colcon_ws1FW/src/final_work/src/install/aruco_msgs/lib:${LD_LIBRARY_PATH} PYTHONPATH=/home/omid/data/colcon_ws1FW/src/final_work/src/install/aruco_msgs/lib/python3.12/site-packages:${PYTHONPATH} /usr/bin/cmake /home/omid/data/colcon_ws1FW/src/final_work/src/tablesens -DCMAKE_INSTALL_PREFIX=/home/omid/data/colcon_ws1FW/src/final_work/src/install/tablesens
[0.317s] -- The C compiler identification is GNU 13.3.0
[0.473s] -- The CXX compiler identification is GNU 13.3.0
[0.526s] -- Detecting C compiler ABI info
[0.785s] -- Detecting C compiler ABI info - done
[0.821s] -- Check for working C compiler: /usr/bin/cc - skipped
[0.822s] -- Detecting C compile features
[0.823s] -- Detecting C compile features - done
[0.853s] -- Detecting CXX compiler ABI info
[1.134s] -- Detecting CXX compiler ABI info - done
[1.172s] -- Check for working CXX compiler: /usr/bin/c++ - skipped
[1.173s] -- Detecting CXX compile features
[1.175s] -- Detecting CXX compile features - done
[1.192s] -- Found ament_cmake: 2.5.4 (/opt/ros/jazzy/share/ament_cmake/cmake)
[1.693s] -- Found Python3: /usr/bin/python3 (found version "3.12.3") found components: Interpreter 
[2.092s] -- Found rclcpp: 28.1.13 (/opt/ros/jazzy/share/rclcpp/cmake)
[2.260s] -- Found rosidl_generator_c: 4.6.6 (/opt/ros/jazzy/share/rosidl_generator_c/cmake)
[2.332s] -- Found rosidl_generator_cpp: 4.6.6 (/opt/ros/jazzy/share/rosidl_generator_cpp/cmake)
[2.411s] -- Using all available rosidl_typesupport_c: rosidl_typesupport_fastrtps_c;rosidl_typesupport_introspection_c
[2.500s] -- Using all available rosidl_typesupport_cpp: rosidl_typesupport_fastrtps_cpp;rosidl_typesupport_introspection_cpp
[2.840s] -- Found rmw_implementation_cmake: 7.3.2 (/opt/ros/jazzy/share/rmw_implementation_cmake/cmake)
[2.856s] -- Found rmw_fastrtps_cpp: 8.4.3 (/opt/ros/jazzy/share/rmw_fastrtps_cpp/cmake)
[3.182s] -- Found OpenSSL: /usr/lib/x86_64-linux-gnu/libcrypto.so (found version "3.0.13")  
[3.258s] -- Found FastRTPS: /opt/ros/jazzy/include (Required is at least version "2.13") 
[3.344s] -- Using RMW implementation 'rmw_fastrtps_cpp' as default
[3.667s] -- Found rosidl_default_generators: 1.6.0 (/opt/ros/jazzy/share/rosidl_default_generators/cmake)
[3.741s] -- Found rosidl_adapter: 4.6.6 (/opt/ros/jazzy/share/rosidl_adapter/cmake)
[3.757s] -- Found tf2: 0.36.16 (/opt/ros/jazzy/share/tf2/cmake)
[3.924s] -- Found tf2_ros: 0.36.16 (/opt/ros/jazzy/share/tf2_ros/cmake)
[4.414s] -- Found aruco_msgs: 5.0.5 (/home/omid/data/colcon_ws1FW/src/final_work/src/install/aruco_msgs/share/aruco_msgs/cmake)
[4.514s] -- Found tf2_eigen: 0.36.16 (/opt/ros/jazzy/share/tf2_eigen/cmake)
[6.771s] -- Found ament_cmake_ros: 0.12.0 (/opt/ros/jazzy/share/ament_cmake_ros/cmake)
[9.931s] -- Using all available rosidl_typesupport_c: rosidl_typesupport_fastrtps_c;rosidl_typesupport_introspection_c
[10.916s] -- Using all available rosidl_typesupport_cpp: rosidl_typesupport_fastrtps_cpp;rosidl_typesupport_introspection_cpp
[10.934s] -- Found python_cmake_module: 0.11.1 (/opt/ros/jazzy/share/python_cmake_module/cmake)
[11.376s] -- Found PythonExtra: /usr/bin/python3  
[12.577s] -- Found Python3: /usr/bin/python3 (found version "3.12.3") found components: Interpreter Development NumPy Development.Module Development.Embed 
[12.762s] -- Found ament_lint_auto: 0.17.3 (/opt/ros/jazzy/share/ament_lint_auto/cmake)
[12.875s] -- Added test 'cppcheck' to perform static code analysis on C / C++ code
[12.890s] -- Configured cppcheck include dirs: /home/omid/data/colcon_ws1FW/src/final_work/src/tablesens/include
[12.890s] -- Configured cppcheck exclude dirs and/or files: 
[12.893s] -- Added test 'flake8' to check Python code syntax and style conventions
[12.893s] -- Configured 'flake8' exclude dirs and/or files: 
[12.896s] -- Added test 'lint_cmake' to check CMake code style
[12.899s] -- Added test 'pep257' to check Python code against some of the docstring style conventions in PEP 257
[12.906s] -- Added test 'uncrustify' to check C / C++ code style
[12.906s] -- Configured uncrustify additional arguments: 
[12.909s] -- Added test 'xmllint' to check XML markup files
[12.920s] -- Configuring done (12.8s)
[13.113s] -- Generating done (0.1s)
[13.173s] -- Build files have been written to: /home/omid/data/colcon_ws1FW/src/final_work/src/build/tablesens
[13.201s] Invoked command in '/home/omid/data/colcon_ws1FW/src/final_work/src/build/tablesens' returned '0': AMENT_PREFIX_PATH=/home/omid/data/colcon_ws1FW/src/final_work/src/install/aruco_msgs:${AMENT_PREFIX_PATH} CMAKE_PREFIX_PATH=/home/omid/data/colcon_ws1FW/src/final_work/src/install/aruco_msgs:/opt/ros/jazzy/opt/gz_sim_vendor:/opt/ros/jazzy/opt/gz_sensors_vendor:/opt/ros/jazzy/opt/gz_physics_vendor:/opt/ros/jazzy/opt/sdformat_vendor:/opt/ros/jazzy/opt/gz_gui_vendor:/opt/ros/jazzy/opt/gz_transport_vendor:/opt/ros/jazzy/opt/gz_rendering_vendor:/opt/ros/jazzy/opt/gz_plugin_vendor:/opt/ros/jazzy/opt/gz_fuel_tools_vendor:/opt/ros/jazzy/opt/gz_msgs_vendor:/opt/ros/jazzy/opt/gz_common_vendor:/opt/ros/jazzy/opt/gz_math_vendor:/opt/ros/jazzy/opt/gz_utils_vendor:/opt/ros/jazzy/opt/gz_tools_vendor:/opt/ros/jazzy/opt/gz_ogre_next_vendor:/opt/ros/jazzy/opt/gz_dartsim_vendor:/opt/ros/jazzy/opt/gz_cmake_vendor:/opt/ros/jazzy DEBUGINFOD_URLS=https://debuginfod.ubuntu.com LD_LIBRARY_PATH=/home/omid/data/colcon_ws1FW/src/final_work/src/install/aruco_msgs/lib:${LD_LIBRARY_PATH} PYTHONPATH=/home/omid/data/colcon_ws1FW/src/final_work/src/install/aruco_msgs/lib/python3.12/site-packages:${PYTHONPATH} /usr/bin/cmake /home/omid/data/colcon_ws1FW/src/final_work/src/tablesens -DCMAKE_INSTALL_PREFIX=/home/omid/data/colcon_ws1FW/src/final_work/src/install/tablesens
[13.204s] Invoking command in '/home/omid/data/colcon_ws1FW/src/final_work/src/build/tablesens': AMENT_PREFIX_PATH=/home/omid/data/colcon_ws1FW/src/final_work/src/install/aruco_msgs:${AMENT_PREFIX_PATH} CMAKE_PREFIX_PATH=/home/omid/data/colcon_ws1FW/src/final_work/src/install/aruco_msgs:/opt/ros/jazzy/opt/gz_sim_vendor:/opt/ros/jazzy/opt/gz_sensors_vendor:/opt/ros/jazzy/opt/gz_physics_vendor:/opt/ros/jazzy/opt/sdformat_vendor:/opt/ros/jazzy/opt/gz_gui_vendor:/opt/ros/jazzy/opt/gz_transport_vendor:/opt/ros/jazzy/opt/gz_rendering_vendor:/opt/ros/jazzy/opt/gz_plugin_vendor:/opt/ros/jazzy/opt/gz_fuel_tools_vendor:/opt/ros/jazzy/opt/gz_msgs_vendor:/opt/ros/jazzy/opt/gz_common_vendor:/opt/ros/jazzy/opt/gz_math_vendor:/opt/ros/jazzy/opt/gz_utils_vendor:/opt/ros/jazzy/opt/gz_tools_vendor:/opt/ros/jazzy/opt/gz_ogre_next_vendor:/opt/ros/jazzy/opt/gz_dartsim_vendor:/opt/ros/jazzy/opt/gz_cmake_vendor:/opt/ros/jazzy DEBUGINFOD_URLS=https://debuginfod.ubuntu.com LD_LIBRARY_PATH=/home/omid/data/colcon_ws1FW/src/final_work/src/install/aruco_msgs/lib:${LD_LIBRARY_PATH} PYTHONPATH=/home/omid/data/colcon_ws1FW/src/final_work/src/install/aruco_msgs/lib/python3.12/site-packages:${PYTHONPATH} /usr/bin/cmake --build /home/omid/data/colcon_ws1FW/src/final_work/src/build/tablesens -- -j8 -l8
[13.321s] [  1%] [34m[1mGenerating type hashes for ROS interfaces[0m
[13.995s] [  1%] Built target tablesens__rosidl_generator_type_description
[14.041s] [  3%] [32mBuilding CXX object CMakeFiles/tablecalibrator.dir/src/cameraposfinder.cpp.o[0m
[62.203s] [  5%] [32mBuilding CXX object CMakeFiles/tablecalibrator.dir/src/tablecalibrator.cpp.o[0m
[85.723s] [  7%] [32m[1mLinking CXX executable tablecalibrator[0m
[86.964s] [  7%] Built target tablecalibrator
[86.987s] [  8%] [34m[1mGenerating C code for ROS interfaces[0m
[88.609s] [ 10%] [32mBuilding C object CMakeFiles/tablesens__rosidl_generator_c.dir/rosidl_generator_c/tablesens/msg/detail/marker_fix__description.c.o[0m
[88.711s] [ 12%] [32mBuilding C object CMakeFiles/tablesens__rosidl_generator_c.dir/rosidl_generator_c/tablesens/msg/detail/marker_fix_list__type_support.c.o[0m
[88.814s] [ 14%] [32mBuilding C object CMakeFiles/tablesens__rosidl_generator_c.dir/rosidl_generator_c/tablesens/srv/detail/configure_from_service__description.c.o[0m
[88.989s] [ 15%] [32mBuilding C object CMakeFiles/tablesens__rosidl_generator_c.dir/rosidl_generator_c/tablesens/srv/detail/configure_from_service__functions.c.o[0m
[89.158s] [ 17%] [32mBuilding C object CMakeFiles/tablesens__rosidl_generator_c.dir/rosidl_generator_c/tablesens/srv/detail/configure_from_service__type_support.c.o[0m
[89.248s] [ 19%] [32mBuilding C object CMakeFiles/tablesens__rosidl_generator_c.dir/rosidl_generator_c/tablesens/msg/detail/marker_fix_list__functions.c.o[0m
[89.359s] [ 21%] [32mBuilding C object CMakeFiles/tablesens__rosidl_generator_c.dir/rosidl_generator_c/tablesens/msg/detail/marker_fix_list__description.c.o[0m
[89.452s] [ 22%] [32mBuilding C object CMakeFiles/tablesens__rosidl_generator_c.dir/rosidl_generator_c/tablesens/msg/detail/marker_fix__type_support.c.o[0m
[89.528s] [ 24%] [32mBuilding C object CMakeFiles/tablesens__rosidl_generator_c.dir/rosidl_generator_c/tablesens/msg/detail/marker_fix__functions.c.o[0m
[89.645s] [ 26%] [32m[1mLinking C shared library libtablesens__rosidl_generator_c.so[0m
[89.730s] [ 26%] Built target tablesens__rosidl_generator_c
[89.775s] [ 28%] [34m[1mGenerating C++ code for ROS interfaces[0m
[90.824s] [ 28%] Built target tablesens__cpp
[90.847s] [ 29%] [34m[1mGenerating C type support dispatch for ROS interfaces[0m
[91.518s] [ 31%] [32mBuilding CXX object CMakeFiles/tablesens__rosidl_typesupport_c.dir/rosidl_typesupport_c/tablesens/msg/marker_fix__type_support.cpp.o[0m
[91.628s] [ 33%] [32mBuilding CXX object CMakeFiles/tablesens__rosidl_typesupport_c.dir/rosidl_typesupport_c/tablesens/msg/marker_fix_list__type_support.cpp.o[0m
[91.743s] [ 35%] [32mBuilding CXX object CMakeFiles/tablesens__rosidl_typesupport_c.dir/rosidl_typesupport_c/tablesens/srv/configure_from_service__type_support.cpp.o[0m
[91.852s] [ 36%] [32m[1mLinking CXX shared library libtablesens__rosidl_typesupport_c.so[0m
[91.953s] [ 36%] Built target tablesens__rosidl_typesupport_c
[91.986s] [ 38%] [34m[1mGenerating C++ introspection for ROS interfaces[0m
[92.969s] [ 40%] [32mBuilding CXX object CMakeFiles/tablesens__rosidl_typesupport_introspection_cpp.dir/rosidl_typesupport_introspection_cpp/tablesens/msg/detail/marker_fix__type_support.cpp.o[0m
[93.900s] [ 42%] [32mBuilding CXX object CMakeFiles/tablesens__rosidl_typesupport_introspection_cpp.dir/rosidl_typesupport_introspection_cpp/tablesens/srv/detail/configure_from_service__type_support.cpp.o[0m
[95.065s] [ 43%] [32mBuilding CXX object CMakeFiles/tablesens__rosidl_typesupport_introspection_cpp.dir/rosidl_typesupport_introspection_cpp/tablesens/msg/detail/marker_fix_list__type_support.cpp.o[0m
[95.877s] [ 45%] [32m[1mLinking CXX shared library libtablesens__rosidl_typesupport_introspection_cpp.so[0m
[96.053s] [ 45%] Built target tablesens__rosidl_typesupport_introspection_cpp
[96.077s] [ 47%] [34m[1mGenerating C++ type support for eProsima Fast-RTPS[0m
[97.354s] [ 49%] [32mBuilding CXX object CMakeFiles/tablesens__rosidl_typesupport_fastrtps_cpp.dir/rosidl_typesupport_fastrtps_cpp/tablesens/msg/detail/dds_fastrtps/marker_fix__type_support.cpp.o[0m
[98.882s] [ 50%] [32mBuilding CXX object CMakeFiles/tablesens__rosidl_typesupport_fastrtps_cpp.dir/rosidl_typesupport_fastrtps_cpp/tablesens/srv/detail/dds_fastrtps/configure_from_service__type_support.cpp.o[0m
[101.184s] [ 52%] [32mBuilding CXX object CMakeFiles/tablesens__rosidl_typesupport_fastrtps_cpp.dir/rosidl_typesupport_fastrtps_cpp/tablesens/msg/detail/dds_fastrtps/marker_fix_list__type_support.cpp.o[0m
[102.561s] [ 54%] [32m[1mLinking CXX shared library libtablesens__rosidl_typesupport_fastrtps_cpp.so[0m
[102.773s] [ 54%] Built target tablesens__rosidl_typesupport_fastrtps_cpp
[102.810s] [ 56%] [34m[1mGenerating C++ type support dispatch for ROS interfaces[0m
[103.808s] [ 57%] [32mBuilding CXX object CMakeFiles/tablesens__rosidl_typesupport_cpp.dir/rosidl_typesupport_cpp/tablesens/msg/marker_fix__type_support.cpp.o[0m
[104.912s] [ 59%] [32mBuilding CXX object CMakeFiles/tablesens__rosidl_typesupport_cpp.dir/rosidl_typesupport_cpp/tablesens/srv/configure_from_service__type_support.cpp.o[0m
[106.048s] [ 61%] [32mBuilding CXX object CMakeFiles/tablesens__rosidl_typesupport_cpp.dir/rosidl_typesupport_cpp/tablesens/msg/marker_fix_list__type_support.cpp.o[0m
[106.849s] [ 63%] [32m[1mLinking CXX shared library libtablesens__rosidl_typesupport_cpp.so[0m
[107.037s] [ 63%] Built target tablesens__rosidl_typesupport_cpp
[107.065s] [ 64%] [34m[1mGenerating C introspection for ROS interfaces[0m
[107.991s] [ 66%] [32mBuilding C object CMakeFiles/tablesens__rosidl_typesupport_introspection_c.dir/rosidl_typesupport_introspection_c/tablesens/msg/detail/marker_fix__type_support.c.o[0m
[108.134s] [ 68%] [32mBuilding C object CMakeFiles/tablesens__rosidl_typesupport_introspection_c.dir/rosidl_typesupport_introspection_c/tablesens/srv/detail/configure_from_service__type_support.c.o[0m
[108.328s] [ 70%] [32mBuilding C object CMakeFiles/tablesens__rosidl_typesupport_introspection_c.dir/rosidl_typesupport_introspection_c/tablesens/msg/detail/marker_fix_list__type_support.c.o[0m
[108.483s] [ 71%] [32m[1mLinking C shared library libtablesens__rosidl_typesupport_introspection_c.so[0m
[108.594s] [ 71%] Built target tablesens__rosidl_typesupport_introspection_c
[108.618s] [ 73%] [34m[1mGenerating C type support for eProsima Fast-RTPS[0m
[109.723s] [ 75%] [32mBuilding CXX object CMakeFiles/tablesens__rosidl_typesupport_fastrtps_c.dir/rosidl_typesupport_fastrtps_c/tablesens/msg/detail/marker_fix__type_support_c.cpp.o[0m
[110.864s] [ 77%] [32mBuilding CXX object CMakeFiles/tablesens__rosidl_typesupport_fastrtps_c.dir/rosidl_typesupport_fastrtps_c/tablesens/srv/detail/configure_from_service__type_support_c.cpp.o[0m
[112.092s] [ 78%] [32mBuilding CXX object CMakeFiles/tablesens__rosidl_typesupport_fastrtps_c.dir/rosidl_typesupport_fastrtps_c/tablesens/msg/detail/marker_fix_list__type_support_c.cpp.o[0m
[113.150s] [ 80%] [32m[1mLinking CXX shared library libtablesens__rosidl_typesupport_fastrtps_c.so[0m
[113.263s] [ 80%] Built target tablesens__rosidl_typesupport_fastrtps_c
[113.326s] [ 80%] Built target ament_cmake_python_copy_tablesens
[113.371s] [ 80%] Built target tablesens
[113.934s] running egg_info
[113.937s] creating tablesens.egg-info
[113.997s] writing tablesens.egg-info/PKG-INFO
[113.998s] writing dependency_links to tablesens.egg-info/dependency_links.txt
[113.998s] writing top-level names to tablesens.egg-info/top_level.txt
[113.998s] writing manifest file 'tablesens.egg-info/SOURCES.txt'
[114.151s] reading manifest file 'tablesens.egg-info/SOURCES.txt'
[114.152s] writing manifest file 'tablesens.egg-info/SOURCES.txt'
[114.214s] [ 80%] Built target ament_cmake_python_build_tablesens_egg
[114.260s] [ 82%] [34m[1mGenerating Python code for ROS interfaces[0m
[115.681s] [ 82%] Built target tablesens__py
[115.746s] [ 85%] [32mBuilding C object CMakeFiles/tablesens__rosidl_generator_py.dir/rosidl_generator_py/tablesens/msg/_marker_fix_s.c.o[0m
[115.746s] [ 85%] [32mBuilding C object CMakeFiles/tablesens__rosidl_generator_py.dir/rosidl_generator_py/tablesens/msg/_marker_fix_list_s.c.o[0m
[116.198s] [ 87%] [32mBuilding C object CMakeFiles/tablesens__rosidl_generator_py.dir/rosidl_generator_py/tablesens/srv/_configure_from_service_s.c.o[0m
[116.735s] [ 89%] [32m[1mLinking C shared library libtablesens__rosidl_generator_py.so[0m
[116.879s] [ 89%] Built target tablesens__rosidl_generator_py
[116.935s] [ 91%] [32mBuilding C object CMakeFiles/tablesens_s__rosidl_typesupport_introspection_c.dir/rosidl_generator_py/tablesens/_tablesens_s.ep.rosidl_typesupport_introspection_c.c.o[0m
[116.942s] [ 92%] [32mBuilding C object CMakeFiles/tablesens_s__rosidl_typesupport_fastrtps_c.dir/rosidl_generator_py/tablesens/_tablesens_s.ep.rosidl_typesupport_fastrtps_c.c.o[0m
[117.383s] [ 94%] [32m[1mLinking C shared module rosidl_generator_py/tablesens/tablesens_s__rosidl_typesupport_introspection_c.so[0m
[117.399s] [ 96%] [32m[1mLinking C shared module rosidl_generator_py/tablesens/tablesens_s__rosidl_typesupport_fastrtps_c.so[0m
[117.501s] [ 96%] Built target tablesens_s__rosidl_typesupport_introspection_c
[117.524s] [ 96%] Built target tablesens_s__rosidl_typesupport_fastrtps_c
[117.574s] [ 98%] [32mBuilding C object CMakeFiles/tablesens_s__rosidl_typesupport_c.dir/rosidl_generator_py/tablesens/_tablesens_s.ep.rosidl_typesupport_c.c.o[0m
[118.062s] [100%] [32m[1mLinking C shared module rosidl_generator_py/tablesens/tablesens_s__rosidl_typesupport_c.so[0m
[118.177s] [100%] Built target tablesens_s__rosidl_typesupport_c
[118.219s] Invoked command in '/home/omid/data/colcon_ws1FW/src/final_work/src/build/tablesens' returned '0': AMENT_PREFIX_PATH=/home/omid/data/colcon_ws1FW/src/final_work/src/install/aruco_msgs:${AMENT_PREFIX_PATH} CMAKE_PREFIX_PATH=/home/omid/data/colcon_ws1FW/src/final_work/src/install/aruco_msgs:/opt/ros/jazzy/opt/gz_sim_vendor:/opt/ros/jazzy/opt/gz_sensors_vendor:/opt/ros/jazzy/opt/gz_physics_vendor:/opt/ros/jazzy/opt/sdformat_vendor:/opt/ros/jazzy/opt/gz_gui_vendor:/opt/ros/jazzy/opt/gz_transport_vendor:/opt/ros/jazzy/opt/gz_rendering_vendor:/opt/ros/jazzy/opt/gz_plugin_vendor:/opt/ros/jazzy/opt/gz_fuel_tools_vendor:/opt/ros/jazzy/opt/gz_msgs_vendor:/opt/ros/jazzy/opt/gz_common_vendor:/opt/ros/jazzy/opt/gz_math_vendor:/opt/ros/jazzy/opt/gz_utils_vendor:/opt/ros/jazzy/opt/gz_tools_vendor:/opt/ros/jazzy/opt/gz_ogre_next_vendor:/opt/ros/jazzy/opt/gz_dartsim_vendor:/opt/ros/jazzy/opt/gz_cmake_vendor:/opt/ros/jazzy DEBUGINFOD_URLS=https://debuginfod.ubuntu.com LD_LIBRARY_PATH=/home/omid/data/colcon_ws1FW/src/final_work/src/install/aruco_msgs/lib:${LD_LIBRARY_PATH} PYTHONPATH=/home/omid/data/colcon_ws1FW/src/final_work/src/install/aruco_msgs/lib/python3.12/site-packages:${PYTHONPATH} /usr/bin/cmake --build /home/omid/data/colcon_ws1FW/src/final_work/src/build/tablesens -- -j8 -l8
[118.223s] Invoking command in '/home/omid/data/colcon_ws1FW/src/final_work/src/build/tablesens': AMENT_PREFIX_PATH=/home/omid/data/colcon_ws1FW/src/final_work/src/install/aruco_msgs:${AMENT_PREFIX_PATH} CMAKE_PREFIX_PATH=/home/omid/data/colcon_ws1FW/src/final_work/src/install/aruco_msgs:/opt/ros/jazzy/opt/gz_sim_vendor:/opt/ros/jazzy/opt/gz_sensors_vendor:/opt/ros/jazzy/opt/gz_physics_vendor:/opt/ros/jazzy/opt/sdformat_vendor:/opt/ros/jazzy/opt/gz_gui_vendor:/opt/ros/jazzy/opt/gz_transport_vendor:/opt/ros/jazzy/opt/gz_rendering_vendor:/opt/ros/jazzy/opt/gz_plugin_vendor:/opt/ros/jazzy/opt/gz_fuel_tools_vendor:/opt/ros/jazzy/opt/gz_msgs_vendor:/opt/ros/jazzy/opt/gz_common_vendor:/opt/ros/jazzy/opt/gz_math_vendor:/opt/ros/jazzy/opt/gz_utils_vendor:/opt/ros/jazzy/opt/gz_tools_vendor:/opt/ros/jazzy/opt/gz_ogre_next_vendor:/opt/ros/jazzy/opt/gz_dartsim_vendor:/opt/ros/jazzy/opt/gz_cmake_vendor:/opt/ros/jazzy DEBUGINFOD_URLS=https://debuginfod.ubuntu.com LD_LIBRARY_PATH=/home/omid/data/colcon_ws1FW/src/final_work/src/install/aruco_msgs/lib:${LD_LIBRARY_PATH} PYTHONPATH=/home/omid/data/colcon_ws1FW/src/final_work/src/install/aruco_msgs/lib/python3.12/site-packages:${PYTHONPATH} /usr/bin/cmake --install /home/omid/data/colcon_ws1FW/src/final_work/src/build/tablesens
[118.254s] -- Install configuration: ""
[118.254s] -- Installing: /home/omid/data/colcon_ws1FW/src/final_work/src/install/tablesens/share/ament_index/resource_index/rosidl_interfaces/tablesens
[118.255s] -- Installing: /home/omid/data/colcon_ws1FW/src/final_work/src/install/tablesens/share/tablesens/msg/MarkerFix.json
[118.256s] -- Installing: /home/omid/data/colcon_ws1FW/src/final_work/src/install/tablesens/share/tablesens/msg/MarkerFixList.json
[118.256s] -- Installing: /home/omid/data/colcon_ws1FW/src/final_work/src/install/tablesens/share/tablesens/srv/ConfigureFromService.json
[118.257s] -- Installing: /home/omid/data/colcon_ws1FW/src/final_work/src/install/tablesens/include/tablesens/tablesens
[118.257s] -- Installing: /home/omid/data/colcon_ws1FW/src/final_work/src/install/tablesens/include/tablesens/tablesens/srv
[118.258s] -- Installing: /home/omid/data/colcon_ws1FW/src/final_work/src/install/tablesens/include/tablesens/tablesens/srv/detail
[118.258s] -- Installing: /home/omid/data/colcon_ws1FW/src/final_work/src/install/tablesens/include/tablesens/tablesens/srv/detail/configure_from_service__functions.h
[118.258s] -- Installing: /home/omid/data/colcon_ws1FW/src/final_work/src/install/tablesens/include/tablesens/tablesens/srv/detail/configure_from_service__struct.h
[118.259s] -- Installing: /home/omid/data/colcon_ws1FW/src/final_work/src/install/tablesens/include/tablesens/tablesens/srv/detail/configure_from_service__type_support.h
[118.259s] -- Installing: /home/omid/data/colcon_ws1FW/src/final_work/src/install/tablesens/include/tablesens/tablesens/srv/detail/configure_from_service__functions.c
[118.260s] -- Installing: /home/omid/data/colcon_ws1FW/src/final_work/src/install/tablesens/include/tablesens/tablesens/srv/detail/configure_from_service__type_support.c
[118.260s] -- Installing: /home/omid/data/colcon_ws1FW/src/final_work/src/install/tablesens/include/tablesens/tablesens/srv/detail/configure_from_service__description.c
[118.261s] -- Installing: /home/omid/data/colcon_ws1FW/src/final_work/src/install/tablesens/include/tablesens/tablesens/srv/configure_from_service.h
[118.261s] -- Installing: /home/omid/data/colcon_ws1FW/src/final_work/src/install/tablesens/include/tablesens/tablesens/msg
[118.262s] -- Installing: /home/omid/data/colcon_ws1FW/src/final_work/src/install/tablesens/include/tablesens/tablesens/msg/marker_fix.h
[118.262s] -- Installing: /home/omid/data/colcon_ws1FW/src/final_work/src/install/tablesens/include/tablesens/tablesens/msg/detail
[118.263s] -- Installing: /home/omid/data/colcon_ws1FW/src/final_work/src/install/tablesens/include/tablesens/tablesens/msg/detail/marker_fix_list__type_support.h
[118.263s] -- Installing: /home/omid/data/colcon_ws1FW/src/final_work/src/install/tablesens/include/tablesens/tablesens/msg/detail/marker_fix__type_support.h
[118.263s] -- Installing: /home/omid/data/colcon_ws1FW/src/final_work/src/install/tablesens/include/tablesens/tablesens/msg/detail/marker_fix_list__type_support.c
[118.264s] -- Installing: /home/omid/data/colcon_ws1FW/src/final_work/src/install/tablesens/include/tablesens/tablesens/msg/detail/marker_fix__functions.h
[118.264s] -- Installing: /home/omid/data/colcon_ws1FW/src/final_work/src/install/tablesens/include/tablesens/tablesens/msg/detail/marker_fix_list__description.c
[118.264s] -- Installing: /home/omid/data/colcon_ws1FW/src/final_work/src/install/tablesens/include/tablesens/tablesens/msg/detail/marker_fix__functions.c
[118.265s] -- Installing: /home/omid/data/colcon_ws1FW/src/final_work/src/install/tablesens/include/tablesens/tablesens/msg/detail/marker_fix__struct.h
[118.265s] -- Installing: /home/omid/data/colcon_ws1FW/src/final_work/src/install/tablesens/include/tablesens/tablesens/msg/detail/marker_fix_list__functions.c
[118.266s] -- Installing: /home/omid/data/colcon_ws1FW/src/final_work/src/install/tablesens/include/tablesens/tablesens/msg/detail/marker_fix_list__functions.h
[118.266s] -- Installing: /home/omid/data/colcon_ws1FW/src/final_work/src/install/tablesens/include/tablesens/tablesens/msg/detail/marker_fix__type_support.c
[118.266s] -- Installing: /home/omid/data/colcon_ws1FW/src/final_work/src/install/tablesens/include/tablesens/tablesens/msg/detail/marker_fix__description.c
[118.267s] -- Installing: /home/omid/data/colcon_ws1FW/src/final_work/src/install/tablesens/include/tablesens/tablesens/msg/detail/marker_fix_list__struct.h
[118.267s] -- Installing: /home/omid/data/colcon_ws1FW/src/final_work/src/install/tablesens/include/tablesens/tablesens/msg/rosidl_generator_c__visibility_control.h
[118.268s] -- Installing: /home/omid/data/colcon_ws1FW/src/final_work/src/install/tablesens/include/tablesens/tablesens/msg/marker_fix_list.h
[118.268s] -- Installing: /home/omid/data/colcon_ws1FW/src/final_work/src/install/tablesens/share/tablesens/environment/library_path.sh
[118.269s] -- Installing: /home/omid/data/colcon_ws1FW/src/final_work/src/install/tablesens/share/tablesens/environment/library_path.dsv
[118.269s] -- Installing: /home/omid/data/colcon_ws1FW/src/final_work/src/install/tablesens/lib/libtablesens__rosidl_generator_c.so
[118.270s] -- Set non-toolchain portion of runtime path of "/home/omid/data/colcon_ws1FW/src/final_work/src/install/tablesens/lib/libtablesens__rosidl_generator_c.so" to ""
[118.270s] -- Up-to-date: /home/omid/data/colcon_ws1FW/src/final_work/src/install/tablesens/include/tablesens/tablesens
[118.271s] -- Up-to-date: /home/omid/data/colcon_ws1FW/src/final_work/src/install/tablesens/include/tablesens/tablesens/srv
[118.271s] -- Up-to-date: /home/omid/data/colcon_ws1FW/src/final_work/src/install/tablesens/include/tablesens/tablesens/srv/detail
[118.272s] -- Installing: /home/omid/data/colcon_ws1FW/src/final_work/src/install/tablesens/include/tablesens/tablesens/srv/detail/configure_from_service__rosidl_typesupport_fastrtps_c.h
[118.272s] -- Up-to-date: /home/omid/data/colcon_ws1FW/src/final_work/src/install/tablesens/include/tablesens/tablesens/msg
[118.272s] -- Up-to-date: /home/omid/data/colcon_ws1FW/src/final_work/src/install/tablesens/include/tablesens/tablesens/msg/detail
[118.273s] -- Installing: /home/omid/data/colcon_ws1FW/src/final_work/src/install/tablesens/include/tablesens/tablesens/msg/detail/marker_fix_list__rosidl_typesupport_fastrtps_c.h
[118.273s] -- Installing: /home/omid/data/colcon_ws1FW/src/final_work/src/install/tablesens/include/tablesens/tablesens/msg/detail/marker_fix__rosidl_typesupport_fastrtps_c.h
[118.274s] -- Installing: /home/omid/data/colcon_ws1FW/src/final_work/src/install/tablesens/include/tablesens/tablesens/msg/rosidl_typesupport_fastrtps_c__visibility_control.h
[118.274s] -- Installing: /home/omid/data/colcon_ws1FW/src/final_work/src/install/tablesens/lib/libtablesens__rosidl_typesupport_fastrtps_c.so
[118.274s] -- Set non-toolchain portion of runtime path of "/home/omid/data/colcon_ws1FW/src/final_work/src/install/tablesens/lib/libtablesens__rosidl_typesupport_fastrtps_c.so" to ""
[118.275s] -- Up-to-date: /home/omid/data/colcon_ws1FW/src/final_work/src/install/tablesens/include/tablesens/tablesens
[118.275s] -- Up-to-date: /home/omid/data/colcon_ws1FW/src/final_work/src/install/tablesens/include/tablesens/tablesens/srv
[118.276s] -- Up-to-date: /home/omid/data/colcon_ws1FW/src/final_work/src/install/tablesens/include/tablesens/tablesens/srv/detail
[118.276s] -- Installing: /home/omid/data/colcon_ws1FW/src/final_work/src/install/tablesens/include/tablesens/tablesens/srv/detail/configure_from_service__struct.hpp
[118.277s] -- Installing: /home/omid/data/colcon_ws1FW/src/final_work/src/install/tablesens/include/tablesens/tablesens/srv/detail/configure_from_service__type_support.hpp
[118.277s] -- Installing: /home/omid/data/colcon_ws1FW/src/final_work/src/install/tablesens/include/tablesens/tablesens/srv/detail/configure_from_service__traits.hpp
[118.277s] -- Installing: /home/omid/data/colcon_ws1FW/src/final_work/src/install/tablesens/include/tablesens/tablesens/srv/detail/configure_from_service__builder.hpp
[118.278s] -- Installing: /home/omid/data/colcon_ws1FW/src/final_work/src/install/tablesens/include/tablesens/tablesens/srv/configure_from_service.hpp
[118.278s] -- Up-to-date: /home/omid/data/colcon_ws1FW/src/final_work/src/install/tablesens/include/tablesens/tablesens/msg
[118.278s] -- Up-to-date: /home/omid/data/colcon_ws1FW/src/final_work/src/install/tablesens/include/tablesens/tablesens/msg/detail
[118.279s] -- Installing: /home/omid/data/colcon_ws1FW/src/final_work/src/install/tablesens/include/tablesens/tablesens/msg/detail/marker_fix__traits.hpp
[118.279s] -- Installing: /home/omid/data/colcon_ws1FW/src/final_work/src/install/tablesens/include/tablesens/tablesens/msg/detail/marker_fix_list__struct.hpp
[118.280s] -- Installing: /home/omid/data/colcon_ws1FW/src/final_work/src/install/tablesens/include/tablesens/tablesens/msg/detail/marker_fix_list__builder.hpp
[118.280s] -- Installing: /home/omid/data/colcon_ws1FW/src/final_work/src/install/tablesens/include/tablesens/tablesens/msg/detail/marker_fix__builder.hpp
[118.280s] -- Installing: /home/omid/data/colcon_ws1FW/src/final_work/src/install/tablesens/include/tablesens/tablesens/msg/detail/marker_fix_list__traits.hpp
[118.281s] -- Installing: /home/omid/data/colcon_ws1FW/src/final_work/src/install/tablesens/include/tablesens/tablesens/msg/detail/marker_fix_list__type_support.hpp
[118.281s] -- Installing: /home/omid/data/colcon_ws1FW/src/final_work/src/install/tablesens/include/tablesens/tablesens/msg/detail/marker_fix__type_support.hpp
[118.282s] -- Installing: /home/omid/data/colcon_ws1FW/src/final_work/src/install/tablesens/include/tablesens/tablesens/msg/detail/marker_fix__struct.hpp
[118.283s] -- Installing: /home/omid/data/colcon_ws1FW/src/final_work/src/install/tablesens/include/tablesens/tablesens/msg/marker_fix_list.hpp
[118.283s] -- Installing: /home/omid/data/colcon_ws1FW/src/final_work/src/install/tablesens/include/tablesens/tablesens/msg/rosidl_generator_cpp__visibility_control.hpp
[118.283s] -- Installing: /home/omid/data/colcon_ws1FW/src/final_work/src/install/tablesens/include/tablesens/tablesens/msg/marker_fix.hpp
[118.284s] -- Up-to-date: /home/omid/data/colcon_ws1FW/src/final_work/src/install/tablesens/include/tablesens/tablesens
[118.284s] -- Up-to-date: /home/omid/data/colcon_ws1FW/src/final_work/src/install/tablesens/include/tablesens/tablesens/srv
[118.284s] -- Up-to-date: /home/omid/data/colcon_ws1FW/src/final_work/src/install/tablesens/include/tablesens/tablesens/srv/detail
[118.285s] -- Installing: /home/omid/data/colcon_ws1FW/src/final_work/src/install/tablesens/include/tablesens/tablesens/srv/detail/dds_fastrtps
[118.285s] -- Installing: /home/omid/data/colcon_ws1FW/src/final_work/src/install/tablesens/include/tablesens/tablesens/srv/detail/configure_from_service__rosidl_typesupport_fastrtps_cpp.hpp
[118.285s] -- Up-to-date: /home/omid/data/colcon_ws1FW/src/final_work/src/install/tablesens/include/tablesens/tablesens/msg
[118.286s] -- Installing: /home/omid/data/colcon_ws1FW/src/final_work/src/install/tablesens/include/tablesens/tablesens/msg/rosidl_typesupport_fastrtps_cpp__visibility_control.h
[118.286s] -- Up-to-date: /home/omid/data/colcon_ws1FW/src/final_work/src/install/tablesens/include/tablesens/tablesens/msg/detail
[118.286s] -- Installing: /home/omid/data/colcon_ws1FW/src/final_work/src/install/tablesens/include/tablesens/tablesens/msg/detail/dds_fastrtps
[118.287s] -- Installing: /home/omid/data/colcon_ws1FW/src/final_work/src/install/tablesens/include/tablesens/tablesens/msg/detail/marker_fix__rosidl_typesupport_fastrtps_cpp.hpp
[118.287s] -- Installing: /home/omid/data/colcon_ws1FW/src/final_work/src/install/tablesens/include/tablesens/tablesens/msg/detail/marker_fix_list__rosidl_typesupport_fastrtps_cpp.hpp
[118.287s] -- Installing: /home/omid/data/colcon_ws1FW/src/final_work/src/install/tablesens/lib/libtablesens__rosidl_typesupport_fastrtps_cpp.so
[118.288s] -- Set non-toolchain portion of runtime path of "/home/omid/data/colcon_ws1FW/src/final_work/src/install/tablesens/lib/libtablesens__rosidl_typesupport_fastrtps_cpp.so" to ""
[118.288s] -- Up-to-date: /home/omid/data/colcon_ws1FW/src/final_work/src/install/tablesens/include/tablesens/tablesens
[118.289s] -- Up-to-date: /home/omid/data/colcon_ws1FW/src/final_work/src/install/tablesens/include/tablesens/tablesens/srv
[118.289s] -- Up-to-date: /home/omid/data/colcon_ws1FW/src/final_work/src/install/tablesens/include/tablesens/tablesens/srv/detail
[118.289s] -- Installing: /home/omid/data/colcon_ws1FW/src/final_work/src/install/tablesens/include/tablesens/tablesens/srv/detail/configure_from_service__rosidl_typesupport_introspection_c.h
[118.290s] -- Installing: /home/omid/data/colcon_ws1FW/src/final_work/src/install/tablesens/include/tablesens/tablesens/srv/detail/configure_from_service__type_support.c
[118.290s] -- Up-to-date: /home/omid/data/colcon_ws1FW/src/final_work/src/install/tablesens/include/tablesens/tablesens/msg
[118.290s] -- Installing: /home/omid/data/colcon_ws1FW/src/final_work/src/install/tablesens/include/tablesens/tablesens/msg/rosidl_typesupport_introspection_c__visibility_control.h
[118.291s] -- Up-to-date: /home/omid/data/colcon_ws1FW/src/final_work/src/install/tablesens/include/tablesens/tablesens/msg/detail
[118.291s] -- Installing: /home/omid/data/colcon_ws1FW/src/final_work/src/install/tablesens/include/tablesens/tablesens/msg/detail/marker_fix_list__rosidl_typesupport_introspection_c.h
[118.291s] -- Installing: /home/omid/data/colcon_ws1FW/src/final_work/src/install/tablesens/include/tablesens/tablesens/msg/detail/marker_fix__rosidl_typesupport_introspection_c.h
[118.292s] -- Installing: /home/omid/data/colcon_ws1FW/src/final_work/src/install/tablesens/include/tablesens/tablesens/msg/detail/marker_fix_list__type_support.c
[118.292s] -- Installing: /home/omid/data/colcon_ws1FW/src/final_work/src/install/tablesens/include/tablesens/tablesens/msg/detail/marker_fix__type_support.c
[118.293s] -- Installing: /home/omid/data/colcon_ws1FW/src/final_work/src/install/tablesens/lib/libtablesens__rosidl_typesupport_introspection_c.so
[118.293s] -- Set non-toolchain portion of runtime path of "/home/omid/data/colcon_ws1FW/src/final_work/src/install/tablesens/lib/libtablesens__rosidl_typesupport_introspection_c.so" to ""
[118.293s] -- Installing: /home/omid/data/colcon_ws1FW/src/final_work/src/install/tablesens/lib/libtablesens__rosidl_typesupport_c.so
[118.294s] -- Set non-toolchain portion of runtime path of "/home/omid/data/colcon_ws1FW/src/final_work/src/install/tablesens/lib/libtablesens__rosidl_typesupport_c.so" to ""
[118.294s] -- Up-to-date: /home/omid/data/colcon_ws1FW/src/final_work/src/install/tablesens/include/tablesens/tablesens
[118.295s] -- Up-to-date: /home/omid/data/colcon_ws1FW/src/final_work/src/install/tablesens/include/tablesens/tablesens/srv
[118.295s] -- Up-to-date: /home/omid/data/colcon_ws1FW/src/final_work/src/install/tablesens/include/tablesens/tablesens/srv/detail
[118.295s] -- Installing: /home/omid/data/colcon_ws1FW/src/final_work/src/install/tablesens/include/tablesens/tablesens/srv/detail/configure_from_service__rosidl_typesupport_introspection_cpp.hpp
[118.296s] -- Installing: /home/omid/data/colcon_ws1FW/src/final_work/src/install/tablesens/include/tablesens/tablesens/srv/detail/configure_from_service__type_support.cpp
[118.296s] -- Up-to-date: /home/omid/data/colcon_ws1FW/src/final_work/src/install/tablesens/include/tablesens/tablesens/msg
[118.296s] -- Up-to-date: /home/omid/data/colcon_ws1FW/src/final_work/src/install/tablesens/include/tablesens/tablesens/msg/detail
[118.296s] -- Installing: /home/omid/data/colcon_ws1FW/src/final_work/src/install/tablesens/include/tablesens/tablesens/msg/detail/marker_fix__rosidl_typesupport_introspection_cpp.hpp
[118.297s] -- Installing: /home/omid/data/colcon_ws1FW/src/final_work/src/install/tablesens/include/tablesens/tablesens/msg/detail/marker_fix_list__type_support.cpp
[118.297s] -- Installing: /home/omid/data/colcon_ws1FW/src/final_work/src/install/tablesens/include/tablesens/tablesens/msg/detail/marker_fix__type_support.cpp
[118.298s] -- Installing: /home/omid/data/colcon_ws1FW/src/final_work/src/install/tablesens/include/tablesens/tablesens/msg/detail/marker_fix_list__rosidl_typesupport_introspection_cpp.hpp
[118.298s] -- Installing: /home/omid/data/colcon_ws1FW/src/final_work/src/install/tablesens/lib/libtablesens__rosidl_typesupport_introspection_cpp.so
[118.298s] -- Set non-toolchain portion of runtime path of "/home/omid/data/colcon_ws1FW/src/final_work/src/install/tablesens/lib/libtablesens__rosidl_typesupport_introspection_cpp.so" to ""
[118.299s] -- Installing: /home/omid/data/colcon_ws1FW/src/final_work/src/install/tablesens/lib/libtablesens__rosidl_typesupport_cpp.so
[118.299s] -- Set non-toolchain portion of runtime path of "/home/omid/data/colcon_ws1FW/src/final_work/src/install/tablesens/lib/libtablesens__rosidl_typesupport_cpp.so" to ""
[118.299s] -- Installing: /home/omid/data/colcon_ws1FW/src/final_work/src/install/tablesens/share/tablesens/environment/pythonpath.sh
[118.300s] -- Installing: /home/omid/data/colcon_ws1FW/src/final_work/src/install/tablesens/share/tablesens/environment/pythonpath.dsv
[118.300s] -- Installing: /home/omid/data/colcon_ws1FW/src/final_work/src/install/tablesens/lib/python3.12/site-packages/tablesens-0.0.0-py3.12.egg-info
[118.300s] -- Installing: /home/omid/data/colcon_ws1FW/src/final_work/src/install/tablesens/lib/python3.12/site-packages/tablesens-0.0.0-py3.12.egg-info/SOURCES.txt
[118.301s] -- Installing: /home/omid/data/colcon_ws1FW/src/final_work/src/install/tablesens/lib/python3.12/site-packages/tablesens-0.0.0-py3.12.egg-info/PKG-INFO
[118.301s] -- Installing: /home/omid/data/colcon_ws1FW/src/final_work/src/install/tablesens/lib/python3.12/site-packages/tablesens-0.0.0-py3.12.egg-info/top_level.txt
[118.302s] -- Installing: /home/omid/data/colcon_ws1FW/src/final_work/src/install/tablesens/lib/python3.12/site-packages/tablesens-0.0.0-py3.12.egg-info/dependency_links.txt
[118.302s] -- Installing: /home/omid/data/colcon_ws1FW/src/final_work/src/install/tablesens/lib/python3.12/site-packages/tablesens
[118.302s] -- Installing: /home/omid/data/colcon_ws1FW/src/final_work/src/install/tablesens/lib/python3.12/site-packages/tablesens/tablesens_s__rosidl_typesupport_fastrtps_c.so
[118.303s] -- Installing: /home/omid/data/colcon_ws1FW/src/final_work/src/install/tablesens/lib/python3.12/site-packages/tablesens/srv
[118.303s] -- Installing: /home/omid/data/colcon_ws1FW/src/final_work/src/install/tablesens/lib/python3.12/site-packages/tablesens/srv/_configure_from_service_s.c
[118.304s] -- Installing: /home/omid/data/colcon_ws1FW/src/final_work/src/install/tablesens/lib/python3.12/site-packages/tablesens/srv/_configure_from_service.py
[118.304s] -- Installing: /home/omid/data/colcon_ws1FW/src/final_work/src/install/tablesens/lib/python3.12/site-packages/tablesens/srv/__init__.py
[118.305s] -- Installing: /home/omid/data/colcon_ws1FW/src/final_work/src/install/tablesens/lib/python3.12/site-packages/tablesens/tablesens_s__rosidl_typesupport_c.so
[118.305s] -- Installing: /home/omid/data/colcon_ws1FW/src/final_work/src/install/tablesens/lib/python3.12/site-packages/tablesens/msg
[118.305s] -- Installing: /home/omid/data/colcon_ws1FW/src/final_work/src/install/tablesens/lib/python3.12/site-packages/tablesens/msg/_marker_fix.py
[118.306s] -- Installing: /home/omid/data/colcon_ws1FW/src/final_work/src/install/tablesens/lib/python3.12/site-packages/tablesens/msg/_marker_fix_list.py
[118.306s] -- Installing: /home/omid/data/colcon_ws1FW/src/final_work/src/install/tablesens/lib/python3.12/site-packages/tablesens/msg/_marker_fix_list_s.c
[118.306s] -- Installing: /home/omid/data/colcon_ws1FW/src/final_work/src/install/tablesens/lib/python3.12/site-packages/tablesens/msg/__init__.py
[118.307s] -- Installing: /home/omid/data/colcon_ws1FW/src/final_work/src/install/tablesens/lib/python3.12/site-packages/tablesens/msg/_marker_fix_s.c
[118.307s] -- Installing: /home/omid/data/colcon_ws1FW/src/final_work/src/install/tablesens/lib/python3.12/site-packages/tablesens/_tablesens_s.ep.rosidl_typesupport_c.c
[118.307s] -- Installing: /home/omid/data/colcon_ws1FW/src/final_work/src/install/tablesens/lib/python3.12/site-packages/tablesens/tablesens_s__rosidl_typesupport_introspection_c.so
[118.308s] -- Installing: /home/omid/data/colcon_ws1FW/src/final_work/src/install/tablesens/lib/python3.12/site-packages/tablesens/_tablesens_s.ep.rosidl_typesupport_fastrtps_c.c
[118.308s] -- Installing: /home/omid/data/colcon_ws1FW/src/final_work/src/install/tablesens/lib/python3.12/site-packages/tablesens/_tablesens_s.ep.rosidl_typesupport_introspection_c.c
[118.309s] -- Installing: /home/omid/data/colcon_ws1FW/src/final_work/src/install/tablesens/lib/python3.12/site-packages/tablesens/__init__.py
[118.495s] Listing '/home/omid/data/colcon_ws1FW/src/final_work/src/install/tablesens/lib/python3.12/site-packages/tablesens'...
[118.495s] Compiling '/home/omid/data/colcon_ws1FW/src/final_work/src/install/tablesens/lib/python3.12/site-packages/tablesens/__init__.py'...
[118.495s] Listing '/home/omid/data/colcon_ws1FW/src/final_work/src/install/tablesens/lib/python3.12/site-packages/tablesens/msg'...
[118.496s] Compiling '/home/omid/data/colcon_ws1FW/src/final_work/src/install/tablesens/lib/python3.12/site-packages/tablesens/msg/__init__.py'...
[118.496s] Compiling '/home/omid/data/colcon_ws1FW/src/final_work/src/install/tablesens/lib/python3.12/site-packages/tablesens/msg/_marker_fix.py'...
[118.496s] Compiling '/home/omid/data/colcon_ws1FW/src/final_work/src/install/tablesens/lib/python3.12/site-packages/tablesens/msg/_marker_fix_list.py'...
[118.497s] Listing '/home/omid/data/colcon_ws1FW/src/final_work/src/install/tablesens/lib/python3.12/site-packages/tablesens/srv'...
[118.497s] Compiling '/home/omid/data/colcon_ws1FW/src/final_work/src/install/tablesens/lib/python3.12/site-packages/tablesens/srv/__init__.py'...
[118.498s] Compiling '/home/omid/data/colcon_ws1FW/src/final_work/src/install/tablesens/lib/python3.12/site-packages/tablesens/srv/_configure_from_service.py'...
[118.518s] -- Installing: /home/omid/data/colcon_ws1FW/src/final_work/src/install/tablesens/lib/python3.12/site-packages/tablesens/tablesens_s__rosidl_typesupport_fastrtps_c.so
[118.519s] -- Set non-toolchain portion of runtime path of "/home/omid/data/colcon_ws1FW/src/final_work/src/install/tablesens/lib/python3.12/site-packages/tablesens/tablesens_s__rosidl_typesupport_fastrtps_c.so" to ""
[118.520s] -- Installing: /home/omid/data/colcon_ws1FW/src/final_work/src/install/tablesens/lib/python3.12/site-packages/tablesens/tablesens_s__rosidl_typesupport_introspection_c.so
[118.521s] -- Set non-toolchain portion of runtime path of "/home/omid/data/colcon_ws1FW/src/final_work/src/install/tablesens/lib/python3.12/site-packages/tablesens/tablesens_s__rosidl_typesupport_introspection_c.so" to ""
[118.522s] -- Installing: /home/omid/data/colcon_ws1FW/src/final_work/src/install/tablesens/lib/python3.12/site-packages/tablesens/tablesens_s__rosidl_typesupport_c.so
[118.523s] -- Set non-toolchain portion of runtime path of "/home/omid/data/colcon_ws1FW/src/final_work/src/install/tablesens/lib/python3.12/site-packages/tablesens/tablesens_s__rosidl_typesupport_c.so" to ""
[118.524s] -- Installing: /home/omid/data/colcon_ws1FW/src/final_work/src/install/tablesens/lib/libtablesens__rosidl_generator_py.so
[118.525s] -- Set non-toolchain portion of runtime path of "/home/omid/data/colcon_ws1FW/src/final_work/src/install/tablesens/lib/libtablesens__rosidl_generator_py.so" to ""
[118.525s] -- Installing: /home/omid/data/colcon_ws1FW/src/final_work/src/install/tablesens/share/tablesens/msg/MarkerFix.idl
[118.526s] -- Installing: /home/omid/data/colcon_ws1FW/src/final_work/src/install/tablesens/share/tablesens/msg/MarkerFixList.idl
[118.526s] -- Installing: /home/omid/data/colcon_ws1FW/src/final_work/src/install/tablesens/share/tablesens/srv/ConfigureFromService.idl
[118.527s] -- Installing: /home/omid/data/colcon_ws1FW/src/final_work/src/install/tablesens/share/tablesens/msg/MarkerFix.msg
[118.527s] -- Installing: /home/omid/data/colcon_ws1FW/src/final_work/src/install/tablesens/share/tablesens/msg/MarkerFixList.msg
[118.528s] -- Installing: /home/omid/data/colcon_ws1FW/src/final_work/src/install/tablesens/share/tablesens/srv/ConfigureFromService.srv
[118.528s] -- Installing: /home/omid/data/colcon_ws1FW/src/final_work/src/install/tablesens/lib/tablesens/tablecalibrator
[118.549s] -- Set non-toolchain portion of runtime path of "/home/omid/data/colcon_ws1FW/src/final_work/src/install/tablesens/lib/tablesens/tablecalibrator" to ""
[118.549s] -- Installing: /home/omid/data/colcon_ws1FW/src/final_work/src/install/tablesens/share/tablesens/launch
[118.550s] -- Installing: /home/omid/data/colcon_ws1FW/src/final_work/src/install/tablesens/share/tablesens/launch/aruco_realsense.launch.py
[118.550s] -- Installing: /home/omid/data/colcon_ws1FW/src/final_work/src/install/tablesens/share/tablesens/launch/tablecalibrator.launch.py
[118.551s] -- Installing: /home/omid/data/colcon_ws1FW/src/final_work/src/install/tablesens/share/tablesens/launch/realsense_camera.launch.py
[118.551s] -- Installing: /home/omid/data/colcon_ws1FW/src/final_work/src/install/tablesens/share/tablesens/config
[118.551s] -- Installing: /home/omid/data/colcon_ws1FW/src/final_work/src/install/tablesens/share/tablesens/config/tablesetup-ioc.yaml
[118.552s] -- Installing: /home/omid/data/colcon_ws1FW/src/final_work/src/install/tablesens/share/tablesens/config/tablesetup-ioc-aruco.yaml
[118.552s] -- Installing: /home/omid/data/colcon_ws1FW/src/final_work/src/install/tablesens/share/tablesens/config/tablesetup.yaml
[118.553s] -- Installing: /home/omid/data/colcon_ws1FW/src/final_work/src/install/tablesens/share/tablesens/config/tablesetup-esaii-pl2.yaml
[118.553s] -- Installing: /home/omid/data/colcon_ws1FW/src/final_work/src/install/tablesens/share/ament_index/resource_index/package_run_dependencies/tablesens
[118.553s] -- Installing: /home/omid/data/colcon_ws1FW/src/final_work/src/install/tablesens/share/ament_index/resource_index/parent_prefix_path/tablesens
[118.554s] -- Installing: /home/omid/data/colcon_ws1FW/src/final_work/src/install/tablesens/share/tablesens/environment/ament_prefix_path.sh
[118.554s] -- Installing: /home/omid/data/colcon_ws1FW/src/final_work/src/install/tablesens/share/tablesens/environment/ament_prefix_path.dsv
[118.555s] -- Installing: /home/omid/data/colcon_ws1FW/src/final_work/src/install/tablesens/share/tablesens/environment/path.sh
[118.555s] -- Installing: /home/omid/data/colcon_ws1FW/src/final_work/src/install/tablesens/share/tablesens/environment/path.dsv
[118.555s] -- Installing: /home/omid/data/colcon_ws1FW/src/final_work/src/install/tablesens/share/tablesens/local_setup.bash
[118.556s] -- Installing: /home/omid/data/colcon_ws1FW/src/final_work/src/install/tablesens/share/tablesens/local_setup.sh
[118.556s] -- Installing: /home/omid/data/colcon_ws1FW/src/final_work/src/install/tablesens/share/tablesens/local_setup.zsh
[118.556s] -- Installing: /home/omid/data/colcon_ws1FW/src/final_work/src/install/tablesens/share/tablesens/local_setup.dsv
[118.557s] -- Installing: /home/omid/data/colcon_ws1FW/src/final_work/src/install/tablesens/share/tablesens/package.dsv
[118.557s] -- Installing: /home/omid/data/colcon_ws1FW/src/final_work/src/install/tablesens/share/ament_index/resource_index/packages/tablesens
[118.558s] -- Installing: /home/omid/data/colcon_ws1FW/src/final_work/src/install/tablesens/share/tablesens/cmake/export_tablesens__rosidl_generator_cExport.cmake
[118.558s] -- Installing: /home/omid/data/colcon_ws1FW/src/final_work/src/install/tablesens/share/tablesens/cmake/export_tablesens__rosidl_generator_cExport-noconfig.cmake
[118.559s] -- Installing: /home/omid/data/colcon_ws1FW/src/final_work/src/install/tablesens/share/tablesens/cmake/export_tablesens__rosidl_typesupport_fastrtps_cExport.cmake
[118.559s] -- Installing: /home/omid/data/colcon_ws1FW/src/final_work/src/install/tablesens/share/tablesens/cmake/export_tablesens__rosidl_typesupport_fastrtps_cExport-noconfig.cmake
[118.560s] -- Installing: /home/omid/data/colcon_ws1FW/src/final_work/src/install/tablesens/share/tablesens/cmake/export_tablesens__rosidl_generator_cppExport.cmake
[118.560s] -- Installing: /home/omid/data/colcon_ws1FW/src/final_work/src/install/tablesens/share/tablesens/cmake/export_tablesens__rosidl_typesupport_fastrtps_cppExport.cmake
[118.561s] -- Installing: /home/omid/data/colcon_ws1FW/src/final_work/src/install/tablesens/share/tablesens/cmake/export_tablesens__rosidl_typesupport_fastrtps_cppExport-noconfig.cmake
[118.561s] -- Installing: /home/omid/data/colcon_ws1FW/src/final_work/src/install/tablesens/share/tablesens/cmake/tablesens__rosidl_typesupport_introspection_cExport.cmake
[118.562s] -- Installing: /home/omid/data/colcon_ws1FW/src/final_work/src/install/tablesens/share/tablesens/cmake/tablesens__rosidl_typesupport_introspection_cExport-noconfig.cmake
[118.562s] -- Installing: /home/omid/data/colcon_ws1FW/src/final_work/src/install/tablesens/share/tablesens/cmake/tablesens__rosidl_typesupport_cExport.cmake
[118.563s] -- Installing: /home/omid/data/colcon_ws1FW/src/final_work/src/install/tablesens/share/tablesens/cmake/tablesens__rosidl_typesupport_cExport-noconfig.cmake
[118.563s] -- Installing: /home/omid/data/colcon_ws1FW/src/final_work/src/install/tablesens/share/tablesens/cmake/tablesens__rosidl_typesupport_introspection_cppExport.cmake
[118.563s] -- Installing: /home/omid/data/colcon_ws1FW/src/final_work/src/install/tablesens/share/tablesens/cmake/tablesens__rosidl_typesupport_introspection_cppExport-noconfig.cmake
[118.564s] -- Installing: /home/omid/data/colcon_ws1FW/src/final_work/src/install/tablesens/share/tablesens/cmake/tablesens__rosidl_typesupport_cppExport.cmake
[118.564s] -- Installing: /home/omid/data/colcon_ws1FW/src/final_work/src/install/tablesens/share/tablesens/cmake/tablesens__rosidl_typesupport_cppExport-noconfig.cmake
[118.565s] -- Installing: /home/omid/data/colcon_ws1FW/src/final_work/src/install/tablesens/share/tablesens/cmake/export_tablesens__rosidl_generator_pyExport.cmake
[118.565s] -- Installing: /home/omid/data/colcon_ws1FW/src/final_work/src/install/tablesens/share/tablesens/cmake/export_tablesens__rosidl_generator_pyExport-noconfig.cmake
[118.566s] -- Installing: /home/omid/data/colcon_ws1FW/src/final_work/src/install/tablesens/share/tablesens/cmake/rosidl_cmake-extras.cmake
[118.566s] -- Installing: /home/omid/data/colcon_ws1FW/src/final_work/src/install/tablesens/share/tablesens/cmake/ament_cmake_export_dependencies-extras.cmake
[118.566s] -- Installing: /home/omid/data/colcon_ws1FW/src/final_work/src/install/tablesens/share/tablesens/cmake/ament_cmake_export_include_directories-extras.cmake
[118.567s] -- Installing: /home/omid/data/colcon_ws1FW/src/final_work/src/install/tablesens/share/tablesens/cmake/ament_cmake_export_libraries-extras.cmake
[118.567s] -- Installing: /home/omid/data/colcon_ws1FW/src/final_work/src/install/tablesens/share/tablesens/cmake/ament_cmake_export_targets-extras.cmake
[118.568s] -- Installing: /home/omid/data/colcon_ws1FW/src/final_work/src/install/tablesens/share/tablesens/cmake/rosidl_cmake_export_typesupport_targets-extras.cmake
[118.568s] -- Installing: /home/omid/data/colcon_ws1FW/src/final_work/src/install/tablesens/share/tablesens/cmake/rosidl_cmake_export_typesupport_libraries-extras.cmake
[118.569s] -- Installing: /home/omid/data/colcon_ws1FW/src/final_work/src/install/tablesens/share/tablesens/cmake/tablesensConfig.cmake
[118.569s] -- Installing: /home/omid/data/colcon_ws1FW/src/final_work/src/install/tablesens/share/tablesens/cmake/tablesensConfig-version.cmake
[118.569s] -- Installing: /home/omid/data/colcon_ws1FW/src/final_work/src/install/tablesens/share/tablesens/package.xml
[118.576s] Invoked command in '/home/omid/data/colcon_ws1FW/src/final_work/src/build/tablesens' returned '0': AMENT_PREFIX_PATH=/home/omid/data/colcon_ws1FW/src/final_work/src/install/aruco_msgs:${AMENT_PREFIX_PATH} CMAKE_PREFIX_PATH=/home/omid/data/colcon_ws1FW/src/final_work/src/install/aruco_msgs:/opt/ros/jazzy/opt/gz_sim_vendor:/opt/ros/jazzy/opt/gz_sensors_vendor:/opt/ros/jazzy/opt/gz_physics_vendor:/opt/ros/jazzy/opt/sdformat_vendor:/opt/ros/jazzy/opt/gz_gui_vendor:/opt/ros/jazzy/opt/gz_transport_vendor:/opt/ros/jazzy/opt/gz_rendering_vendor:/opt/ros/jazzy/opt/gz_plugin_vendor:/opt/ros/jazzy/opt/gz_fuel_tools_vendor:/opt/ros/jazzy/opt/gz_msgs_vendor:/opt/ros/jazzy/opt/gz_common_vendor:/opt/ros/jazzy/opt/gz_math_vendor:/opt/ros/jazzy/opt/gz_utils_vendor:/opt/ros/jazzy/opt/gz_tools_vendor:/opt/ros/jazzy/opt/gz_ogre_next_vendor:/opt/ros/jazzy/opt/gz_dartsim_vendor:/opt/ros/jazzy/opt/gz_cmake_vendor:/opt/ros/jazzy DEBUGINFOD_URLS=https://debuginfod.ubuntu.com LD_LIBRARY_PATH=/home/omid/data/colcon_ws1FW/src/final_work/src/install/aruco_msgs/lib:${LD_LIBRARY_PATH} PYTHONPATH=/home/omid/data/colcon_ws1FW/src/final_work/src/install/aruco_msgs/lib/python3.12/site-packages:${PYTHONPATH} /usr/bin/cmake --install /home/omid/data/colcon_ws1FW/src/final_work/src/build/tablesens
