-- The C compiler identification is GNU 13.3.0
-- The CXX compiler identification is GNU 13.3.0
-- Detecting C compiler ABI info
-- Detecting C compiler ABI info - done
-- Check for working C compiler: /usr/bin/cc - skipped
-- Detecting C compile features
-- Detecting C compile features - done
-- Detecting CXX compiler ABI info
-- Detecting CXX compiler ABI info - done
-- Check for working CXX compiler: /usr/bin/c++ - skipped
-- Detecting CXX compile features
-- Detecting CXX compile features - done
-- Found ament_cmake: 2.5.4 (/opt/ros/jazzy/share/ament_cmake/cmake)
-- Found Python3: /usr/bin/python3 (found version "3.12.3") found components: Interpreter 
-- Found rclcpp: 28.1.13 (/opt/ros/jazzy/share/rclcpp/cmake)
-- Found rosidl_generator_c: 4.6.6 (/opt/ros/jazzy/share/rosidl_generator_c/cmake)
-- Found rosidl_generator_cpp: 4.6.6 (/opt/ros/jazzy/share/rosidl_generator_cpp/cmake)
-- Using all available rosidl_typesupport_c: rosidl_typesupport_fastrtps_c;rosidl_typesupport_introspection_c
-- Using all available rosidl_typesupport_cpp: rosidl_typesupport_fastrtps_cpp;rosidl_typesupport_introspection_cpp
-- Found rmw_implementation_cmake: 7.3.2 (/opt/ros/jazzy/share/rmw_implementation_cmake/cmake)
-- Found rmw_fastrtps_cpp: 8.4.3 (/opt/ros/jazzy/share/rmw_fastrtps_cpp/cmake)
-- Found OpenSSL: /usr/lib/x86_64-linux-gnu/libcrypto.so (found version "3.0.13")  
-- Found FastRTPS: /opt/ros/jazzy/include (Required is at least version "2.13") 
-- Using RMW implementation 'rmw_fastrtps_cpp' as default
-- Found geometry_msgs: 5.3.6 (/opt/ros/jazzy/share/geometry_msgs/cmake)
-- Found rosidl_default_generators: 1.6.0 (/opt/ros/jazzy/share/rosidl_default_generators/cmake)
-- Found rosidl_adapter: 4.6.6 (/opt/ros/jazzy/share/rosidl_adapter/cmake)
-- Found ament_cmake_ros: 0.12.0 (/opt/ros/jazzy/share/ament_cmake_ros/cmake)
-- Using all available rosidl_typesupport_c: rosidl_typesupport_fastrtps_c;rosidl_typesupport_introspection_c
-- Using all available rosidl_typesupport_cpp: rosidl_typesupport_fastrtps_cpp;rosidl_typesupport_introspection_cpp
-- Found python_cmake_module: 0.11.1 (/opt/ros/jazzy/share/python_cmake_module/cmake)
-- Found PythonExtra: /usr/bin/python3  
-- Found Python3: /usr/bin/python3 (found version "3.12.3") found components: Interpreter Development NumPy Development.Module Development.Embed 
-- Found ament_lint_auto: 0.17.3 (/opt/ros/jazzy/share/ament_lint_auto/cmake)
-- Added test 'cppcheck' to perform static code analysis on C / C++ code
-- Configured cppcheck include dirs: /home/omid/data/colcon_ws1FW/src/final_work/src/kinenikros2/include;$<BUILD_INTERFACE:/home/omid/data/colcon_ws1FW/src/final_work/src/kinenikros2/include>
-- Configured cppcheck exclude dirs and/or files: 
-- Added test 'lint_cmake' to check CMake code style
-- Added test 'uncrustify' to check C / C++ code style
-- Configured uncrustify additional arguments: 
-- Added test 'xmllint' to check XML markup files
-- Configuring done (18.2s)
-- Generating done (0.1s)
-- Build files have been written to: /home/omid/data/colcon_ws1FW/src/final_work/src/build/kinenikros2
[  2%] [34m[1mGenerating type hashes for ROS interfaces[0m
[  2%] Built target ament_cmake_python_copy_kinenikros2
running egg_info
creating kinenikros2.egg-info
[  2%] Built target kinenikros2__rosidl_generator_type_description
writing kinenikros2.egg-info/PKG-INFO
writing dependency_links to kinenikros2.egg-info/dependency_links.txt
writing top-level names to kinenikros2.egg-info/top_level.txt
writing manifest file 'kinenikros2.egg-info/SOURCES.txt'
[  4%] [34m[1mGenerating C code for ROS interfaces[0m
[  6%] [34m[1mGenerating C++ code for ROS interfaces[0m
reading manifest file 'kinenikros2.egg-info/SOURCES.txt'
writing manifest file 'kinenikros2.egg-info/SOURCES.txt'
[  6%] Built target ament_cmake_python_build_kinenikros2_egg
[  8%] [32mBuilding C object CMakeFiles/kinenikros2__rosidl_generator_c.dir/rosidl_generator_c/kinenikros2/msg/detail/inverse_kinematics__description.c.o[0m
[  8%] Built target kinenikros2__cpp
[ 10%] [32mBuilding C object CMakeFiles/kinenikros2__rosidl_generator_c.dir/rosidl_generator_c/kinenikros2/srv/detail/inverse_kinematics__functions.c.o[0m
[ 12%] [32mBuilding C object CMakeFiles/kinenikros2__rosidl_generator_c.dir/rosidl_generator_c/kinenikros2/msg/detail/inverse_kinematics__functions.c.o[0m
[ 14%] [32mBuilding C object CMakeFiles/kinenikros2__rosidl_generator_c.dir/rosidl_generator_c/kinenikros2/srv/detail/inverse_kinematics__type_support.c.o[0m
[ 17%] [32mBuilding C object CMakeFiles/kinenikros2__rosidl_generator_c.dir/rosidl_generator_c/kinenikros2/msg/detail/inverse_kinematics__type_support.c.o[0m
[ 19%] [32mBuilding C object CMakeFiles/kinenikros2__rosidl_generator_c.dir/rosidl_generator_c/kinenikros2/srv/detail/inverse_kinematics__description.c.o[0m
[ 21%] [32m[1mLinking C shared library libkinenikros2__rosidl_generator_c.so[0m
[ 21%] Built target kinenikros2__rosidl_generator_c
[ 23%] [34m[1mGenerating C type support for eProsima Fast-RTPS[0m
[ 25%] [34m[1mGenerating C introspection for ROS interfaces[0m
[ 27%] [34m[1mGenerating C++ type support dispatch for ROS interfaces[0m
[ 29%] [34m[1mGenerating C++ type support for eProsima Fast-RTPS[0m
[ 31%] [34m[1mGenerating C type support dispatch for ROS interfaces[0m
[ 34%] [34m[1mGenerating C++ introspection for ROS interfaces[0m
[ 36%] [32mBuilding CXX object CMakeFiles/kinenikros2__rosidl_typesupport_cpp.dir/rosidl_typesupport_cpp/kinenikros2/srv/inverse_kinematics__type_support.cpp.o[0m
[ 38%] [32mBuilding CXX object CMakeFiles/kinenikros2__rosidl_typesupport_cpp.dir/rosidl_typesupport_cpp/kinenikros2/msg/inverse_kinematics__type_support.cpp.o[0m
[ 40%] [32mBuilding CXX object CMakeFiles/kinenikros2__rosidl_typesupport_c.dir/rosidl_typesupport_c/kinenikros2/msg/inverse_kinematics__type_support.cpp.o[0m
[ 42%] [32mBuilding CXX object CMakeFiles/kinenikros2__rosidl_typesupport_c.dir/rosidl_typesupport_c/kinenikros2/srv/inverse_kinematics__type_support.cpp.o[0m
[ 44%] [32mBuilding CXX object CMakeFiles/kinenikros2__rosidl_typesupport_fastrtps_cpp.dir/rosidl_typesupport_fastrtps_cpp/kinenikros2/srv/detail/dds_fastrtps/inverse_kinematics__type_support.cpp.o[0m
[ 46%] [32mBuilding CXX object CMakeFiles/kinenikros2__rosidl_typesupport_fastrtps_cpp.dir/rosidl_typesupport_fastrtps_cpp/kinenikros2/msg/detail/dds_fastrtps/inverse_kinematics__type_support.cpp.o[0m
[ 48%] [32m[1mLinking CXX shared library libkinenikros2__rosidl_typesupport_c.so[0m
[ 48%] Built target kinenikros2__rosidl_typesupport_c
[ 51%] [32mBuilding C object CMakeFiles/kinenikros2__rosidl_typesupport_introspection_c.dir/rosidl_typesupport_introspection_c/kinenikros2/msg/detail/inverse_kinematics__type_support.c.o[0m
[ 53%] [32mBuilding C object CMakeFiles/kinenikros2__rosidl_typesupport_introspection_c.dir/rosidl_typesupport_introspection_c/kinenikros2/srv/detail/inverse_kinematics__type_support.c.o[0m
[ 55%] [32mBuilding CXX object CMakeFiles/kinenikros2__rosidl_typesupport_introspection_cpp.dir/rosidl_typesupport_introspection_cpp/kinenikros2/msg/detail/inverse_kinematics__type_support.cpp.o[0m
[ 57%] [32mBuilding CXX object CMakeFiles/kinenikros2__rosidl_typesupport_introspection_cpp.dir/rosidl_typesupport_introspection_cpp/kinenikros2/srv/detail/inverse_kinematics__type_support.cpp.o[0m
[ 59%] [32m[1mLinking C shared library libkinenikros2__rosidl_typesupport_introspection_c.so[0m
[ 59%] Built target kinenikros2__rosidl_typesupport_introspection_c
[ 61%] [32mBuilding CXX object CMakeFiles/kinenikros2__rosidl_typesupport_fastrtps_c.dir/rosidl_typesupport_fastrtps_c/kinenikros2/msg/detail/inverse_kinematics__type_support_c.cpp.o[0m
[ 63%] [32mBuilding CXX object CMakeFiles/kinenikros2__rosidl_typesupport_fastrtps_c.dir/rosidl_typesupport_fastrtps_c/kinenikros2/srv/detail/inverse_kinematics__type_support_c.cpp.o[0m
[ 65%] [32m[1mLinking CXX shared library libkinenikros2__rosidl_typesupport_cpp.so[0m
[ 65%] Built target kinenikros2__rosidl_typesupport_cpp
[ 68%] [32mBuilding CXX object CMakeFiles/kinenik_srv_server.dir/src/kinenik_srv_server.cpp.o[0m
[ 70%] [32mBuilding CXX object CMakeFiles/kinenik_srv_server.dir/src/kinenik_ur.cpp.o[0m
[ 72%] [32m[1mLinking CXX shared library libkinenikros2__rosidl_typesupport_fastrtps_cpp.so[0m
[ 72%] Built target kinenikros2__rosidl_typesupport_fastrtps_cpp
[ 74%] [32m[1mLinking CXX shared library libkinenikros2__rosidl_typesupport_introspection_cpp.so[0m
[ 76%] [32m[1mLinking CXX shared library libkinenikros2__rosidl_typesupport_fastrtps_c.so[0m
[ 76%] Built target kinenikros2__rosidl_typesupport_introspection_cpp
[ 76%] Built target kinenikros2__rosidl_typesupport_fastrtps_c
[ 76%] Built target kinenikros2
[ 78%] [34m[1mGenerating Python code for ROS interfaces[0m
[ 78%] Built target kinenikros2__py
[ 80%] [32m[1mLinking CXX executable kinenik_srv_server[0m
[ 80%] Built target kinenik_srv_server
[ 82%] [32mBuilding C object CMakeFiles/kinenikros2__rosidl_generator_py.dir/rosidl_generator_py/kinenikros2/msg/_inverse_kinematics_s.c.o[0m
[ 85%] [32mBuilding C object CMakeFiles/kinenikros2__rosidl_generator_py.dir/rosidl_generator_py/kinenikros2/srv/_inverse_kinematics_s.c.o[0m
[ 87%] [32m[1mLinking C shared library libkinenikros2__rosidl_generator_py.so[0m
[ 87%] Built target kinenikros2__rosidl_generator_py
[ 89%] [32mBuilding C object CMakeFiles/kinenikros2_s__rosidl_typesupport_fastrtps_c.dir/rosidl_generator_py/kinenikros2/_kinenikros2_s.ep.rosidl_typesupport_fastrtps_c.c.o[0m
[ 91%] [32m[1mLinking C shared module rosidl_generator_py/kinenikros2/kinenikros2_s__rosidl_typesupport_fastrtps_c.so[0m
[ 91%] Built target kinenikros2_s__rosidl_typesupport_fastrtps_c
[ 93%] [32mBuilding C object CMakeFiles/kinenikros2_s__rosidl_typesupport_c.dir/rosidl_generator_py/kinenikros2/_kinenikros2_s.ep.rosidl_typesupport_c.c.o[0m
[ 95%] [32m[1mLinking C shared module rosidl_generator_py/kinenikros2/kinenikros2_s__rosidl_typesupport_c.so[0m
[ 95%] Built target kinenikros2_s__rosidl_typesupport_c
[ 97%] [32mBuilding C object CMakeFiles/kinenikros2_s__rosidl_typesupport_introspection_c.dir/rosidl_generator_py/kinenikros2/_kinenikros2_s.ep.rosidl_typesupport_introspection_c.c.o[0m
[100%] [32m[1mLinking C shared module rosidl_generator_py/kinenikros2/kinenikros2_s__rosidl_typesupport_introspection_c.so[0m
[100%] Built target kinenikros2_s__rosidl_typesupport_introspection_c
-- Install configuration: ""
-- Installing: /home/omid/data/colcon_ws1FW/src/final_work/src/install/kinenikros2/share/ament_index/resource_index/rosidl_interfaces/kinenikros2
-- Installing: /home/omid/data/colcon_ws1FW/src/final_work/src/install/kinenikros2/share/kinenikros2/msg/InverseKinematics.json
-- Installing: /home/omid/data/colcon_ws1FW/src/final_work/src/install/kinenikros2/share/kinenikros2/srv/InverseKinematics.json
-- Installing: /home/omid/data/colcon_ws1FW/src/final_work/src/install/kinenikros2/include/kinenikros2/kinenikros2
-- Installing: /home/omid/data/colcon_ws1FW/src/final_work/src/install/kinenikros2/include/kinenikros2/kinenikros2/srv
-- Installing: /home/omid/data/colcon_ws1FW/src/final_work/src/install/kinenikros2/include/kinenikros2/kinenikros2/srv/inverse_kinematics.h
-- Installing: /home/omid/data/colcon_ws1FW/src/final_work/src/install/kinenikros2/include/kinenikros2/kinenikros2/srv/detail
-- Installing: /home/omid/data/colcon_ws1FW/src/final_work/src/install/kinenikros2/include/kinenikros2/kinenikros2/srv/detail/inverse_kinematics__description.c
-- Installing: /home/omid/data/colcon_ws1FW/src/final_work/src/install/kinenikros2/include/kinenikros2/kinenikros2/srv/detail/inverse_kinematics__functions.h
-- Installing: /home/omid/data/colcon_ws1FW/src/final_work/src/install/kinenikros2/include/kinenikros2/kinenikros2/srv/detail/inverse_kinematics__type_support.h
-- Installing: /home/omid/data/colcon_ws1FW/src/final_work/src/install/kinenikros2/include/kinenikros2/kinenikros2/srv/detail/inverse_kinematics__struct.h
-- Installing: /home/omid/data/colcon_ws1FW/src/final_work/src/install/kinenikros2/include/kinenikros2/kinenikros2/srv/detail/inverse_kinematics__type_support.c
-- Installing: /home/omid/data/colcon_ws1FW/src/final_work/src/install/kinenikros2/include/kinenikros2/kinenikros2/srv/detail/inverse_kinematics__functions.c
-- Installing: /home/omid/data/colcon_ws1FW/src/final_work/src/install/kinenikros2/include/kinenikros2/kinenikros2/msg
-- Installing: /home/omid/data/colcon_ws1FW/src/final_work/src/install/kinenikros2/include/kinenikros2/kinenikros2/msg/inverse_kinematics.h
-- Installing: /home/omid/data/colcon_ws1FW/src/final_work/src/install/kinenikros2/include/kinenikros2/kinenikros2/msg/detail
-- Installing: /home/omid/data/colcon_ws1FW/src/final_work/src/install/kinenikros2/include/kinenikros2/kinenikros2/msg/detail/inverse_kinematics__description.c
-- Installing: /home/omid/data/colcon_ws1FW/src/final_work/src/install/kinenikros2/include/kinenikros2/kinenikros2/msg/detail/inverse_kinematics__functions.h
-- Installing: /home/omid/data/colcon_ws1FW/src/final_work/src/install/kinenikros2/include/kinenikros2/kinenikros2/msg/detail/inverse_kinematics__type_support.h
-- Installing: /home/omid/data/colcon_ws1FW/src/final_work/src/install/kinenikros2/include/kinenikros2/kinenikros2/msg/detail/inverse_kinematics__struct.h
-- Installing: /home/omid/data/colcon_ws1FW/src/final_work/src/install/kinenikros2/include/kinenikros2/kinenikros2/msg/detail/inverse_kinematics__type_support.c
-- Installing: /home/omid/data/colcon_ws1FW/src/final_work/src/install/kinenikros2/include/kinenikros2/kinenikros2/msg/detail/inverse_kinematics__functions.c
-- Installing: /home/omid/data/colcon_ws1FW/src/final_work/src/install/kinenikros2/include/kinenikros2/kinenikros2/msg/rosidl_generator_c__visibility_control.h
-- Installing: /home/omid/data/colcon_ws1FW/src/final_work/src/install/kinenikros2/share/kinenikros2/environment/library_path.sh
-- Installing: /home/omid/data/colcon_ws1FW/src/final_work/src/install/kinenikros2/share/kinenikros2/environment/library_path.dsv
-- Installing: /home/omid/data/colcon_ws1FW/src/final_work/src/install/kinenikros2/lib/libkinenikros2__rosidl_generator_c.so
-- Set non-toolchain portion of runtime path of "/home/omid/data/colcon_ws1FW/src/final_work/src/install/kinenikros2/lib/libkinenikros2__rosidl_generator_c.so" to ""
-- Up-to-date: /home/omid/data/colcon_ws1FW/src/final_work/src/install/kinenikros2/include/kinenikros2/kinenikros2
-- Up-to-date: /home/omid/data/colcon_ws1FW/src/final_work/src/install/kinenikros2/include/kinenikros2/kinenikros2/srv
-- Up-to-date: /home/omid/data/colcon_ws1FW/src/final_work/src/install/kinenikros2/include/kinenikros2/kinenikros2/srv/detail
-- Installing: /home/omid/data/colcon_ws1FW/src/final_work/src/install/kinenikros2/include/kinenikros2/kinenikros2/srv/detail/inverse_kinematics__rosidl_typesupport_fastrtps_c.h
-- Up-to-date: /home/omid/data/colcon_ws1FW/src/final_work/src/install/kinenikros2/include/kinenikros2/kinenikros2/msg
-- Up-to-date: /home/omid/data/colcon_ws1FW/src/final_work/src/install/kinenikros2/include/kinenikros2/kinenikros2/msg/detail
-- Installing: /home/omid/data/colcon_ws1FW/src/final_work/src/install/kinenikros2/include/kinenikros2/kinenikros2/msg/detail/inverse_kinematics__rosidl_typesupport_fastrtps_c.h
-- Installing: /home/omid/data/colcon_ws1FW/src/final_work/src/install/kinenikros2/include/kinenikros2/kinenikros2/msg/rosidl_typesupport_fastrtps_c__visibility_control.h
-- Installing: /home/omid/data/colcon_ws1FW/src/final_work/src/install/kinenikros2/lib/libkinenikros2__rosidl_typesupport_fastrtps_c.so
-- Set non-toolchain portion of runtime path of "/home/omid/data/colcon_ws1FW/src/final_work/src/install/kinenikros2/lib/libkinenikros2__rosidl_typesupport_fastrtps_c.so" to ""
-- Up-to-date: /home/omid/data/colcon_ws1FW/src/final_work/src/install/kinenikros2/include/kinenikros2/kinenikros2
-- Up-to-date: /home/omid/data/colcon_ws1FW/src/final_work/src/install/kinenikros2/include/kinenikros2/kinenikros2/srv
-- Up-to-date: /home/omid/data/colcon_ws1FW/src/final_work/src/install/kinenikros2/include/kinenikros2/kinenikros2/srv/detail
-- Installing: /home/omid/data/colcon_ws1FW/src/final_work/src/install/kinenikros2/include/kinenikros2/kinenikros2/srv/detail/inverse_kinematics__traits.hpp
-- Installing: /home/omid/data/colcon_ws1FW/src/final_work/src/install/kinenikros2/include/kinenikros2/kinenikros2/srv/detail/inverse_kinematics__builder.hpp
-- Installing: /home/omid/data/colcon_ws1FW/src/final_work/src/install/kinenikros2/include/kinenikros2/kinenikros2/srv/detail/inverse_kinematics__type_support.hpp
-- Installing: /home/omid/data/colcon_ws1FW/src/final_work/src/install/kinenikros2/include/kinenikros2/kinenikros2/srv/detail/inverse_kinematics__struct.hpp
-- Installing: /home/omid/data/colcon_ws1FW/src/final_work/src/install/kinenikros2/include/kinenikros2/kinenikros2/srv/inverse_kinematics.hpp
-- Up-to-date: /home/omid/data/colcon_ws1FW/src/final_work/src/install/kinenikros2/include/kinenikros2/kinenikros2/msg
-- Up-to-date: /home/omid/data/colcon_ws1FW/src/final_work/src/install/kinenikros2/include/kinenikros2/kinenikros2/msg/detail
-- Installing: /home/omid/data/colcon_ws1FW/src/final_work/src/install/kinenikros2/include/kinenikros2/kinenikros2/msg/detail/inverse_kinematics__traits.hpp
-- Installing: /home/omid/data/colcon_ws1FW/src/final_work/src/install/kinenikros2/include/kinenikros2/kinenikros2/msg/detail/inverse_kinematics__builder.hpp
-- Installing: /home/omid/data/colcon_ws1FW/src/final_work/src/install/kinenikros2/include/kinenikros2/kinenikros2/msg/detail/inverse_kinematics__type_support.hpp
-- Installing: /home/omid/data/colcon_ws1FW/src/final_work/src/install/kinenikros2/include/kinenikros2/kinenikros2/msg/detail/inverse_kinematics__struct.hpp
-- Installing: /home/omid/data/colcon_ws1FW/src/final_work/src/install/kinenikros2/include/kinenikros2/kinenikros2/msg/rosidl_generator_cpp__visibility_control.hpp
-- Installing: /home/omid/data/colcon_ws1FW/src/final_work/src/install/kinenikros2/include/kinenikros2/kinenikros2/msg/inverse_kinematics.hpp
-- Up-to-date: /home/omid/data/colcon_ws1FW/src/final_work/src/install/kinenikros2/include/kinenikros2/kinenikros2
-- Up-to-date: /home/omid/data/colcon_ws1FW/src/final_work/src/install/kinenikros2/include/kinenikros2/kinenikros2/srv
-- Up-to-date: /home/omid/data/colcon_ws1FW/src/final_work/src/install/kinenikros2/include/kinenikros2/kinenikros2/srv/detail
-- Installing: /home/omid/data/colcon_ws1FW/src/final_work/src/install/kinenikros2/include/kinenikros2/kinenikros2/srv/detail/dds_fastrtps
-- Installing: /home/omid/data/colcon_ws1FW/src/final_work/src/install/kinenikros2/include/kinenikros2/kinenikros2/srv/detail/inverse_kinematics__rosidl_typesupport_fastrtps_cpp.hpp
-- Up-to-date: /home/omid/data/colcon_ws1FW/src/final_work/src/install/kinenikros2/include/kinenikros2/kinenikros2/msg
-- Installing: /home/omid/data/colcon_ws1FW/src/final_work/src/install/kinenikros2/include/kinenikros2/kinenikros2/msg/rosidl_typesupport_fastrtps_cpp__visibility_control.h
-- Up-to-date: /home/omid/data/colcon_ws1FW/src/final_work/src/install/kinenikros2/include/kinenikros2/kinenikros2/msg/detail
-- Installing: /home/omid/data/colcon_ws1FW/src/final_work/src/install/kinenikros2/include/kinenikros2/kinenikros2/msg/detail/dds_fastrtps
-- Installing: /home/omid/data/colcon_ws1FW/src/final_work/src/install/kinenikros2/include/kinenikros2/kinenikros2/msg/detail/inverse_kinematics__rosidl_typesupport_fastrtps_cpp.hpp
-- Installing: /home/omid/data/colcon_ws1FW/src/final_work/src/install/kinenikros2/lib/libkinenikros2__rosidl_typesupport_fastrtps_cpp.so
-- Set non-toolchain portion of runtime path of "/home/omid/data/colcon_ws1FW/src/final_work/src/install/kinenikros2/lib/libkinenikros2__rosidl_typesupport_fastrtps_cpp.so" to ""
-- Up-to-date: /home/omid/data/colcon_ws1FW/src/final_work/src/install/kinenikros2/include/kinenikros2/kinenikros2
-- Up-to-date: /home/omid/data/colcon_ws1FW/src/final_work/src/install/kinenikros2/include/kinenikros2/kinenikros2/srv
-- Up-to-date: /home/omid/data/colcon_ws1FW/src/final_work/src/install/kinenikros2/include/kinenikros2/kinenikros2/srv/detail
-- Installing: /home/omid/data/colcon_ws1FW/src/final_work/src/install/kinenikros2/include/kinenikros2/kinenikros2/srv/detail/inverse_kinematics__rosidl_typesupport_introspection_c.h
-- Installing: /home/omid/data/colcon_ws1FW/src/final_work/src/install/kinenikros2/include/kinenikros2/kinenikros2/srv/detail/inverse_kinematics__type_support.c
-- Up-to-date: /home/omid/data/colcon_ws1FW/src/final_work/src/install/kinenikros2/include/kinenikros2/kinenikros2/msg
-- Installing: /home/omid/data/colcon_ws1FW/src/final_work/src/install/kinenikros2/include/kinenikros2/kinenikros2/msg/rosidl_typesupport_introspection_c__visibility_control.h
-- Up-to-date: /home/omid/data/colcon_ws1FW/src/final_work/src/install/kinenikros2/include/kinenikros2/kinenikros2/msg/detail
-- Installing: /home/omid/data/colcon_ws1FW/src/final_work/src/install/kinenikros2/include/kinenikros2/kinenikros2/msg/detail/inverse_kinematics__rosidl_typesupport_introspection_c.h
-- Installing: /home/omid/data/colcon_ws1FW/src/final_work/src/install/kinenikros2/include/kinenikros2/kinenikros2/msg/detail/inverse_kinematics__type_support.c
-- Installing: /home/omid/data/colcon_ws1FW/src/final_work/src/install/kinenikros2/lib/libkinenikros2__rosidl_typesupport_introspection_c.so
-- Set non-toolchain portion of runtime path of "/home/omid/data/colcon_ws1FW/src/final_work/src/install/kinenikros2/lib/libkinenikros2__rosidl_typesupport_introspection_c.so" to ""
-- Installing: /home/omid/data/colcon_ws1FW/src/final_work/src/install/kinenikros2/lib/libkinenikros2__rosidl_typesupport_c.so
-- Set non-toolchain portion of runtime path of "/home/omid/data/colcon_ws1FW/src/final_work/src/install/kinenikros2/lib/libkinenikros2__rosidl_typesupport_c.so" to ""
-- Up-to-date: /home/omid/data/colcon_ws1FW/src/final_work/src/install/kinenikros2/include/kinenikros2/kinenikros2
-- Up-to-date: /home/omid/data/colcon_ws1FW/src/final_work/src/install/kinenikros2/include/kinenikros2/kinenikros2/srv
-- Up-to-date: /home/omid/data/colcon_ws1FW/src/final_work/src/install/kinenikros2/include/kinenikros2/kinenikros2/srv/detail
-- Installing: /home/omid/data/colcon_ws1FW/src/final_work/src/install/kinenikros2/include/kinenikros2/kinenikros2/srv/detail/inverse_kinematics__rosidl_typesupport_introspection_cpp.hpp
-- Installing: /home/omid/data/colcon_ws1FW/src/final_work/src/install/kinenikros2/include/kinenikros2/kinenikros2/srv/detail/inverse_kinematics__type_support.cpp
-- Up-to-date: /home/omid/data/colcon_ws1FW/src/final_work/src/install/kinenikros2/include/kinenikros2/kinenikros2/msg
-- Up-to-date: /home/omid/data/colcon_ws1FW/src/final_work/src/install/kinenikros2/include/kinenikros2/kinenikros2/msg/detail
-- Installing: /home/omid/data/colcon_ws1FW/src/final_work/src/install/kinenikros2/include/kinenikros2/kinenikros2/msg/detail/inverse_kinematics__rosidl_typesupport_introspection_cpp.hpp
-- Installing: /home/omid/data/colcon_ws1FW/src/final_work/src/install/kinenikros2/include/kinenikros2/kinenikros2/msg/detail/inverse_kinematics__type_support.cpp
-- Installing: /home/omid/data/colcon_ws1FW/src/final_work/src/install/kinenikros2/lib/libkinenikros2__rosidl_typesupport_introspection_cpp.so
-- Set non-toolchain portion of runtime path of "/home/omid/data/colcon_ws1FW/src/final_work/src/install/kinenikros2/lib/libkinenikros2__rosidl_typesupport_introspection_cpp.so" to ""
-- Installing: /home/omid/data/colcon_ws1FW/src/final_work/src/install/kinenikros2/lib/libkinenikros2__rosidl_typesupport_cpp.so
-- Set non-toolchain portion of runtime path of "/home/omid/data/colcon_ws1FW/src/final_work/src/install/kinenikros2/lib/libkinenikros2__rosidl_typesupport_cpp.so" to ""
-- Installing: /home/omid/data/colcon_ws1FW/src/final_work/src/install/kinenikros2/share/kinenikros2/environment/pythonpath.sh
-- Installing: /home/omid/data/colcon_ws1FW/src/final_work/src/install/kinenikros2/share/kinenikros2/environment/pythonpath.dsv
-- Installing: /home/omid/data/colcon_ws1FW/src/final_work/src/install/kinenikros2/lib/python3.12/site-packages/kinenikros2-0.0.1-py3.12.egg-info
-- Installing: /home/omid/data/colcon_ws1FW/src/final_work/src/install/kinenikros2/lib/python3.12/site-packages/kinenikros2-0.0.1-py3.12.egg-info/SOURCES.txt
-- Installing: /home/omid/data/colcon_ws1FW/src/final_work/src/install/kinenikros2/lib/python3.12/site-packages/kinenikros2-0.0.1-py3.12.egg-info/PKG-INFO
-- Installing: /home/omid/data/colcon_ws1FW/src/final_work/src/install/kinenikros2/lib/python3.12/site-packages/kinenikros2-0.0.1-py3.12.egg-info/top_level.txt
-- Installing: /home/omid/data/colcon_ws1FW/src/final_work/src/install/kinenikros2/lib/python3.12/site-packages/kinenikros2-0.0.1-py3.12.egg-info/dependency_links.txt
-- Installing: /home/omid/data/colcon_ws1FW/src/final_work/src/install/kinenikros2/lib/python3.12/site-packages/kinenikros2
-- Installing: /home/omid/data/colcon_ws1FW/src/final_work/src/install/kinenikros2/lib/python3.12/site-packages/kinenikros2/_kinenikros2_s.ep.rosidl_typesupport_c.c
-- Installing: /home/omid/data/colcon_ws1FW/src/final_work/src/install/kinenikros2/lib/python3.12/site-packages/kinenikros2/srv
-- Installing: /home/omid/data/colcon_ws1FW/src/final_work/src/install/kinenikros2/lib/python3.12/site-packages/kinenikros2/srv/_inverse_kinematics_s.c
-- Installing: /home/omid/data/colcon_ws1FW/src/final_work/src/install/kinenikros2/lib/python3.12/site-packages/kinenikros2/srv/__init__.py
-- Installing: /home/omid/data/colcon_ws1FW/src/final_work/src/install/kinenikros2/lib/python3.12/site-packages/kinenikros2/srv/_inverse_kinematics.py
-- Installing: /home/omid/data/colcon_ws1FW/src/final_work/src/install/kinenikros2/lib/python3.12/site-packages/kinenikros2/kinenikros2_s__rosidl_typesupport_fastrtps_c.so
-- Installing: /home/omid/data/colcon_ws1FW/src/final_work/src/install/kinenikros2/lib/python3.12/site-packages/kinenikros2/_kinenikros2_s.ep.rosidl_typesupport_introspection_c.c
-- Installing: /home/omid/data/colcon_ws1FW/src/final_work/src/install/kinenikros2/lib/python3.12/site-packages/kinenikros2/msg
-- Installing: /home/omid/data/colcon_ws1FW/src/final_work/src/install/kinenikros2/lib/python3.12/site-packages/kinenikros2/msg/_inverse_kinematics_s.c
-- Installing: /home/omid/data/colcon_ws1FW/src/final_work/src/install/kinenikros2/lib/python3.12/site-packages/kinenikros2/msg/__init__.py
-- Installing: /home/omid/data/colcon_ws1FW/src/final_work/src/install/kinenikros2/lib/python3.12/site-packages/kinenikros2/msg/_inverse_kinematics.py
-- Installing: /home/omid/data/colcon_ws1FW/src/final_work/src/install/kinenikros2/lib/python3.12/site-packages/kinenikros2/_kinenikros2_s.ep.rosidl_typesupport_fastrtps_c.c
-- Installing: /home/omid/data/colcon_ws1FW/src/final_work/src/install/kinenikros2/lib/python3.12/site-packages/kinenikros2/kinenikros2_s__rosidl_typesupport_c.so
-- Installing: /home/omid/data/colcon_ws1FW/src/final_work/src/install/kinenikros2/lib/python3.12/site-packages/kinenikros2/__init__.py
-- Installing: /home/omid/data/colcon_ws1FW/src/final_work/src/install/kinenikros2/lib/python3.12/site-packages/kinenikros2/kinenikros2_s__rosidl_typesupport_introspection_c.so
Listing '/home/omid/data/colcon_ws1FW/src/final_work/src/install/kinenikros2/lib/python3.12/site-packages/kinenikros2'...
Compiling '/home/omid/data/colcon_ws1FW/src/final_work/src/install/kinenikros2/lib/python3.12/site-packages/kinenikros2/__init__.py'...
Listing '/home/omid/data/colcon_ws1FW/src/final_work/src/install/kinenikros2/lib/python3.12/site-packages/kinenikros2/msg'...
Compiling '/home/omid/data/colcon_ws1FW/src/final_work/src/install/kinenikros2/lib/python3.12/site-packages/kinenikros2/msg/__init__.py'...
Compiling '/home/omid/data/colcon_ws1FW/src/final_work/src/install/kinenikros2/lib/python3.12/site-packages/kinenikros2/msg/_inverse_kinematics.py'...
Listing '/home/omid/data/colcon_ws1FW/src/final_work/src/install/kinenikros2/lib/python3.12/site-packages/kinenikros2/srv'...
Compiling '/home/omid/data/colcon_ws1FW/src/final_work/src/install/kinenikros2/lib/python3.12/site-packages/kinenikros2/srv/__init__.py'...
Compiling '/home/omid/data/colcon_ws1FW/src/final_work/src/install/kinenikros2/lib/python3.12/site-packages/kinenikros2/srv/_inverse_kinematics.py'...
-- Installing: /home/omid/data/colcon_ws1FW/src/final_work/src/install/kinenikros2/lib/python3.12/site-packages/kinenikros2/kinenikros2_s__rosidl_typesupport_fastrtps_c.so
-- Set non-toolchain portion of runtime path of "/home/omid/data/colcon_ws1FW/src/final_work/src/install/kinenikros2/lib/python3.12/site-packages/kinenikros2/kinenikros2_s__rosidl_typesupport_fastrtps_c.so" to ""
-- Installing: /home/omid/data/colcon_ws1FW/src/final_work/src/install/kinenikros2/lib/python3.12/site-packages/kinenikros2/kinenikros2_s__rosidl_typesupport_introspection_c.so
-- Set non-toolchain portion of runtime path of "/home/omid/data/colcon_ws1FW/src/final_work/src/install/kinenikros2/lib/python3.12/site-packages/kinenikros2/kinenikros2_s__rosidl_typesupport_introspection_c.so" to ""
-- Installing: /home/omid/data/colcon_ws1FW/src/final_work/src/install/kinenikros2/lib/python3.12/site-packages/kinenikros2/kinenikros2_s__rosidl_typesupport_c.so
-- Set non-toolchain portion of runtime path of "/home/omid/data/colcon_ws1FW/src/final_work/src/install/kinenikros2/lib/python3.12/site-packages/kinenikros2/kinenikros2_s__rosidl_typesupport_c.so" to ""
-- Installing: /home/omid/data/colcon_ws1FW/src/final_work/src/install/kinenikros2/lib/libkinenikros2__rosidl_generator_py.so
-- Set non-toolchain portion of runtime path of "/home/omid/data/colcon_ws1FW/src/final_work/src/install/kinenikros2/lib/libkinenikros2__rosidl_generator_py.so" to ""
-- Installing: /home/omid/data/colcon_ws1FW/src/final_work/src/install/kinenikros2/share/kinenikros2/msg/InverseKinematics.idl
-- Installing: /home/omid/data/colcon_ws1FW/src/final_work/src/install/kinenikros2/share/kinenikros2/srv/InverseKinematics.idl
-- Installing: /home/omid/data/colcon_ws1FW/src/final_work/src/install/kinenikros2/share/kinenikros2/msg/InverseKinematics.msg
-- Installing: /home/omid/data/colcon_ws1FW/src/final_work/src/install/kinenikros2/share/kinenikros2/srv/InverseKinematics.srv
-- Installing: /home/omid/data/colcon_ws1FW/src/final_work/src/install/kinenikros2/lib/kinenikros2/kinenik_srv_server
-- Set non-toolchain portion of runtime path of "/home/omid/data/colcon_ws1FW/src/final_work/src/install/kinenikros2/lib/kinenikros2/kinenik_srv_server" to ""
-- Installing: /home/omid/data/colcon_ws1FW/src/final_work/src/install/kinenikros2/share/ament_index/resource_index/package_run_dependencies/kinenikros2
-- Installing: /home/omid/data/colcon_ws1FW/src/final_work/src/install/kinenikros2/share/ament_index/resource_index/parent_prefix_path/kinenikros2
-- Installing: /home/omid/data/colcon_ws1FW/src/final_work/src/install/kinenikros2/share/kinenikros2/environment/ament_prefix_path.sh
-- Installing: /home/omid/data/colcon_ws1FW/src/final_work/src/install/kinenikros2/share/kinenikros2/environment/ament_prefix_path.dsv
-- Installing: /home/omid/data/colcon_ws1FW/src/final_work/src/install/kinenikros2/share/kinenikros2/environment/path.sh
-- Installing: /home/omid/data/colcon_ws1FW/src/final_work/src/install/kinenikros2/share/kinenikros2/environment/path.dsv
-- Installing: /home/omid/data/colcon_ws1FW/src/final_work/src/install/kinenikros2/share/kinenikros2/local_setup.bash
-- Installing: /home/omid/data/colcon_ws1FW/src/final_work/src/install/kinenikros2/share/kinenikros2/local_setup.sh
-- Installing: /home/omid/data/colcon_ws1FW/src/final_work/src/install/kinenikros2/share/kinenikros2/local_setup.zsh
-- Installing: /home/omid/data/colcon_ws1FW/src/final_work/src/install/kinenikros2/share/kinenikros2/local_setup.dsv
-- Installing: /home/omid/data/colcon_ws1FW/src/final_work/src/install/kinenikros2/share/kinenikros2/package.dsv
-- Installing: /home/omid/data/colcon_ws1FW/src/final_work/src/install/kinenikros2/share/ament_index/resource_index/packages/kinenikros2
-- Installing: /home/omid/data/colcon_ws1FW/src/final_work/src/install/kinenikros2/share/kinenikros2/cmake/export_kinenikros2__rosidl_generator_cExport.cmake
-- Installing: /home/omid/data/colcon_ws1FW/src/final_work/src/install/kinenikros2/share/kinenikros2/cmake/export_kinenikros2__rosidl_generator_cExport-noconfig.cmake
-- Installing: /home/omid/data/colcon_ws1FW/src/final_work/src/install/kinenikros2/share/kinenikros2/cmake/export_kinenikros2__rosidl_typesupport_fastrtps_cExport.cmake
-- Installing: /home/omid/data/colcon_ws1FW/src/final_work/src/install/kinenikros2/share/kinenikros2/cmake/export_kinenikros2__rosidl_typesupport_fastrtps_cExport-noconfig.cmake
-- Installing: /home/omid/data/colcon_ws1FW/src/final_work/src/install/kinenikros2/share/kinenikros2/cmake/export_kinenikros2__rosidl_generator_cppExport.cmake
-- Installing: /home/omid/data/colcon_ws1FW/src/final_work/src/install/kinenikros2/share/kinenikros2/cmake/export_kinenikros2__rosidl_typesupport_fastrtps_cppExport.cmake
-- Installing: /home/omid/data/colcon_ws1FW/src/final_work/src/install/kinenikros2/share/kinenikros2/cmake/export_kinenikros2__rosidl_typesupport_fastrtps_cppExport-noconfig.cmake
-- Installing: /home/omid/data/colcon_ws1FW/src/final_work/src/install/kinenikros2/share/kinenikros2/cmake/kinenikros2__rosidl_typesupport_introspection_cExport.cmake
-- Installing: /home/omid/data/colcon_ws1FW/src/final_work/src/install/kinenikros2/share/kinenikros2/cmake/kinenikros2__rosidl_typesupport_introspection_cExport-noconfig.cmake
-- Installing: /home/omid/data/colcon_ws1FW/src/final_work/src/install/kinenikros2/share/kinenikros2/cmake/kinenikros2__rosidl_typesupport_cExport.cmake
-- Installing: /home/omid/data/colcon_ws1FW/src/final_work/src/install/kinenikros2/share/kinenikros2/cmake/kinenikros2__rosidl_typesupport_cExport-noconfig.cmake
-- Installing: /home/omid/data/colcon_ws1FW/src/final_work/src/install/kinenikros2/share/kinenikros2/cmake/kinenikros2__rosidl_typesupport_introspection_cppExport.cmake
-- Installing: /home/omid/data/colcon_ws1FW/src/final_work/src/install/kinenikros2/share/kinenikros2/cmake/kinenikros2__rosidl_typesupport_introspection_cppExport-noconfig.cmake
-- Installing: /home/omid/data/colcon_ws1FW/src/final_work/src/install/kinenikros2/share/kinenikros2/cmake/kinenikros2__rosidl_typesupport_cppExport.cmake
-- Installing: /home/omid/data/colcon_ws1FW/src/final_work/src/install/kinenikros2/share/kinenikros2/cmake/kinenikros2__rosidl_typesupport_cppExport-noconfig.cmake
-- Installing: /home/omid/data/colcon_ws1FW/src/final_work/src/install/kinenikros2/share/kinenikros2/cmake/export_kinenikros2__rosidl_generator_pyExport.cmake
-- Installing: /home/omid/data/colcon_ws1FW/src/final_work/src/install/kinenikros2/share/kinenikros2/cmake/export_kinenikros2__rosidl_generator_pyExport-noconfig.cmake
-- Installing: /home/omid/data/colcon_ws1FW/src/final_work/src/install/kinenikros2/share/kinenikros2/cmake/rosidl_cmake-extras.cmake
-- Installing: /home/omid/data/colcon_ws1FW/src/final_work/src/install/kinenikros2/share/kinenikros2/cmake/ament_cmake_export_dependencies-extras.cmake
-- Installing: /home/omid/data/colcon_ws1FW/src/final_work/src/install/kinenikros2/share/kinenikros2/cmake/ament_cmake_export_include_directories-extras.cmake
-- Installing: /home/omid/data/colcon_ws1FW/src/final_work/src/install/kinenikros2/share/kinenikros2/cmake/ament_cmake_export_libraries-extras.cmake
-- Installing: /home/omid/data/colcon_ws1FW/src/final_work/src/install/kinenikros2/share/kinenikros2/cmake/ament_cmake_export_targets-extras.cmake
-- Installing: /home/omid/data/colcon_ws1FW/src/final_work/src/install/kinenikros2/share/kinenikros2/cmake/rosidl_cmake_export_typesupport_targets-extras.cmake
-- Installing: /home/omid/data/colcon_ws1FW/src/final_work/src/install/kinenikros2/share/kinenikros2/cmake/rosidl_cmake_export_typesupport_libraries-extras.cmake
-- Installing: /home/omid/data/colcon_ws1FW/src/final_work/src/install/kinenikros2/share/kinenikros2/cmake/kinenikros2Config.cmake
-- Installing: /home/omid/data/colcon_ws1FW/src/final_work/src/install/kinenikros2/share/kinenikros2/cmake/kinenikros2Config-version.cmake
-- Installing: /home/omid/data/colcon_ws1FW/src/final_work/src/install/kinenikros2/share/kinenikros2/package.xml
