[0.050s] Invoking command in '/home/omid/data/colcon_ws1FW/src/final_work/src/build/kinenikros2': CMAKE_PREFIX_PATH=${CMAKE_PREFIX_PATH}:/opt/ros/jazzy DEBUGINFOD_URLS=https://debuginfod.ubuntu.com /usr/bin/cmake /home/omid/data/colcon_ws1FW/src/final_work/src/kinenikros2 -DCMAKE_INSTALL_PREFIX=/home/omid/data/colcon_ws1FW/src/final_work/src/install/kinenikros2
[0.294s] -- The C compiler identification is GNU 13.3.0
[0.516s] -- The CXX compiler identification is GNU 13.3.0
[0.563s] -- Detecting C compiler ABI info
[0.809s] -- Detecting C compiler ABI info - done
[0.846s] -- Check for working C compiler: /usr/bin/cc - skipped
[0.847s] -- Detecting C compile features
[0.848s] -- Detecting C compile features - done
[0.875s] -- Detecting CXX compiler ABI info
[1.161s] -- Detecting CXX compiler ABI info - done
[1.197s] -- Check for working CXX compiler: /usr/bin/c++ - skipped
[1.197s] -- Detecting CXX compile features
[1.199s] -- Detecting CXX compile features - done
[1.241s] -- Found ament_cmake: 2.5.4 (/opt/ros/jazzy/share/ament_cmake/cmake)
[1.720s] -- Found Python3: /usr/bin/python3 (found version "3.12.3") found components: Interpreter 
[2.142s] -- Found rclcpp: 28.1.13 (/opt/ros/jazzy/share/rclcpp/cmake)
[2.329s] -- Found rosidl_generator_c: 4.6.6 (/opt/ros/jazzy/share/rosidl_generator_c/cmake)
[2.399s] -- Found rosidl_generator_cpp: 4.6.6 (/opt/ros/jazzy/share/rosidl_generator_cpp/cmake)
[2.475s] -- Using all available rosidl_typesupport_c: rosidl_typesupport_fastrtps_c;rosidl_typesupport_introspection_c
[2.558s] -- Using all available rosidl_typesupport_cpp: rosidl_typesupport_fastrtps_cpp;rosidl_typesupport_introspection_cpp
[3.117s] -- Found rmw_implementation_cmake: 7.3.2 (/opt/ros/jazzy/share/rmw_implementation_cmake/cmake)
[3.151s] -- Found rmw_fastrtps_cpp: 8.4.3 (/opt/ros/jazzy/share/rmw_fastrtps_cpp/cmake)
[3.788s] -- Found OpenSSL: /usr/lib/x86_64-linux-gnu/libcrypto.so (found version "3.0.13")  
[3.956s] -- Found FastRTPS: /opt/ros/jazzy/include (Required is at least version "2.13") 
[4.108s] -- Using RMW implementation 'rmw_fastrtps_cpp' as default
[4.898s] -- Found geometry_msgs: 5.3.6 (/opt/ros/jazzy/share/geometry_msgs/cmake)
[5.261s] -- Found rosidl_default_generators: 1.6.0 (/opt/ros/jazzy/share/rosidl_default_generators/cmake)
[5.447s] -- Found rosidl_adapter: 4.6.6 (/opt/ros/jazzy/share/rosidl_adapter/cmake)
[9.398s] -- Found ament_cmake_ros: 0.12.0 (/opt/ros/jazzy/share/ament_cmake_ros/cmake)
[14.932s] -- Using all available rosidl_typesupport_c: rosidl_typesupport_fastrtps_c;rosidl_typesupport_introspection_c
[16.042s] -- Using all available rosidl_typesupport_cpp: rosidl_typesupport_fastrtps_cpp;rosidl_typesupport_introspection_cpp
[16.058s] -- Found python_cmake_module: 0.11.1 (/opt/ros/jazzy/share/python_cmake_module/cmake)
[16.406s] -- Found PythonExtra: /usr/bin/python3  
[17.748s] -- Found Python3: /usr/bin/python3 (found version "3.12.3") found components: Interpreter Development NumPy Development.Module Development.Embed 
[18.035s] -- Found ament_lint_auto: 0.17.3 (/opt/ros/jazzy/share/ament_lint_auto/cmake)
[18.259s] -- Added test 'cppcheck' to perform static code analysis on C / C++ code
[18.266s] -- Configured cppcheck include dirs: /home/omid/data/colcon_ws1FW/src/final_work/src/kinenikros2/include;$<BUILD_INTERFACE:/home/omid/data/colcon_ws1FW/src/final_work/src/kinenikros2/include>
[18.266s] -- Configured cppcheck exclude dirs and/or files: 
[18.282s] -- Added test 'lint_cmake' to check CMake code style
[18.294s] -- Added test 'uncrustify' to check C / C++ code style
[18.294s] -- Configured uncrustify additional arguments: 
[18.299s] -- Added test 'xmllint' to check XML markup files
[18.326s] -- Configuring done (18.2s)
[18.547s] -- Generating done (0.1s)
[18.612s] -- Build files have been written to: /home/omid/data/colcon_ws1FW/src/final_work/src/build/kinenikros2
[18.657s] Invoked command in '/home/omid/data/colcon_ws1FW/src/final_work/src/build/kinenikros2' returned '0': CMAKE_PREFIX_PATH=${CMAKE_PREFIX_PATH}:/opt/ros/jazzy DEBUGINFOD_URLS=https://debuginfod.ubuntu.com /usr/bin/cmake /home/omid/data/colcon_ws1FW/src/final_work/src/kinenikros2 -DCMAKE_INSTALL_PREFIX=/home/omid/data/colcon_ws1FW/src/final_work/src/install/kinenikros2
[18.659s] Invoking command in '/home/omid/data/colcon_ws1FW/src/final_work/src/build/kinenikros2': CMAKE_PREFIX_PATH=${CMAKE_PREFIX_PATH}:/opt/ros/jazzy DEBUGINFOD_URLS=https://debuginfod.ubuntu.com /usr/bin/cmake --build /home/omid/data/colcon_ws1FW/src/final_work/src/build/kinenikros2 -- -j8 -l8
[18.862s] [  2%] [34m[1mGenerating type hashes for ROS interfaces[0m
[18.952s] [  2%] Built target ament_cmake_python_copy_kinenikros2
[20.085s] running egg_info
[20.089s] creating kinenikros2.egg-info
[20.130s] [  2%] Built target kinenikros2__rosidl_generator_type_description
[20.171s] writing kinenikros2.egg-info/PKG-INFO
[20.172s] writing dependency_links to kinenikros2.egg-info/dependency_links.txt
[20.172s] writing top-level names to kinenikros2.egg-info/top_level.txt
[20.177s] writing manifest file 'kinenikros2.egg-info/SOURCES.txt'
[20.204s] [  4%] [34m[1mGenerating C code for ROS interfaces[0m
[20.264s] [  6%] [34m[1mGenerating C++ code for ROS interfaces[0m
[20.421s] reading manifest file 'kinenikros2.egg-info/SOURCES.txt'
[20.423s] writing manifest file 'kinenikros2.egg-info/SOURCES.txt'
[20.552s] [  6%] Built target ament_cmake_python_build_kinenikros2_egg
[22.582s] [  8%] [32mBuilding C object CMakeFiles/kinenikros2__rosidl_generator_c.dir/rosidl_generator_c/kinenikros2/msg/detail/inverse_kinematics__description.c.o[0m
[22.591s] [  8%] Built target kinenikros2__cpp
[22.592s] [ 10%] [32mBuilding C object CMakeFiles/kinenikros2__rosidl_generator_c.dir/rosidl_generator_c/kinenikros2/srv/detail/inverse_kinematics__functions.c.o[0m
[22.620s] [ 12%] [32mBuilding C object CMakeFiles/kinenikros2__rosidl_generator_c.dir/rosidl_generator_c/kinenikros2/msg/detail/inverse_kinematics__functions.c.o[0m
[22.629s] [ 14%] [32mBuilding C object CMakeFiles/kinenikros2__rosidl_generator_c.dir/rosidl_generator_c/kinenikros2/srv/detail/inverse_kinematics__type_support.c.o[0m
[22.630s] [ 17%] [32mBuilding C object CMakeFiles/kinenikros2__rosidl_generator_c.dir/rosidl_generator_c/kinenikros2/msg/detail/inverse_kinematics__type_support.c.o[0m
[22.644s] [ 19%] [32mBuilding C object CMakeFiles/kinenikros2__rosidl_generator_c.dir/rosidl_generator_c/kinenikros2/srv/detail/inverse_kinematics__description.c.o[0m
[23.264s] [ 21%] [32m[1mLinking C shared library libkinenikros2__rosidl_generator_c.so[0m
[23.630s] [ 21%] Built target kinenikros2__rosidl_generator_c
[23.707s] [ 23%] [34m[1mGenerating C type support for eProsima Fast-RTPS[0m
[23.735s] [ 25%] [34m[1mGenerating C introspection for ROS interfaces[0m
[23.750s] [ 27%] [34m[1mGenerating C++ type support dispatch for ROS interfaces[0m
[23.754s] [ 29%] [34m[1mGenerating C++ type support for eProsima Fast-RTPS[0m
[23.754s] [ 31%] [34m[1mGenerating C type support dispatch for ROS interfaces[0m
[23.759s] [ 34%] [34m[1mGenerating C++ introspection for ROS interfaces[0m
[25.771s] [ 36%] [32mBuilding CXX object CMakeFiles/kinenikros2__rosidl_typesupport_cpp.dir/rosidl_typesupport_cpp/kinenikros2/srv/inverse_kinematics__type_support.cpp.o[0m
[25.786s] [ 38%] [32mBuilding CXX object CMakeFiles/kinenikros2__rosidl_typesupport_cpp.dir/rosidl_typesupport_cpp/kinenikros2/msg/inverse_kinematics__type_support.cpp.o[0m
[27.062s] [ 40%] [32mBuilding CXX object CMakeFiles/kinenikros2__rosidl_typesupport_c.dir/rosidl_typesupport_c/kinenikros2/msg/inverse_kinematics__type_support.cpp.o[0m
[27.132s] [ 42%] [32mBuilding CXX object CMakeFiles/kinenikros2__rosidl_typesupport_c.dir/rosidl_typesupport_c/kinenikros2/srv/inverse_kinematics__type_support.cpp.o[0m
[27.476s] [ 44%] [32mBuilding CXX object CMakeFiles/kinenikros2__rosidl_typesupport_fastrtps_cpp.dir/rosidl_typesupport_fastrtps_cpp/kinenikros2/srv/detail/dds_fastrtps/inverse_kinematics__type_support.cpp.o[0m
[27.515s] [ 46%] [32mBuilding CXX object CMakeFiles/kinenikros2__rosidl_typesupport_fastrtps_cpp.dir/rosidl_typesupport_fastrtps_cpp/kinenikros2/msg/detail/dds_fastrtps/inverse_kinematics__type_support.cpp.o[0m
[27.692s] [ 48%] [32m[1mLinking CXX shared library libkinenikros2__rosidl_typesupport_c.so[0m
[28.114s] [ 48%] Built target kinenikros2__rosidl_typesupport_c
[28.205s] [ 51%] [32mBuilding C object CMakeFiles/kinenikros2__rosidl_typesupport_introspection_c.dir/rosidl_typesupport_introspection_c/kinenikros2/msg/detail/inverse_kinematics__type_support.c.o[0m
[28.205s] [ 53%] [32mBuilding C object CMakeFiles/kinenikros2__rosidl_typesupport_introspection_c.dir/rosidl_typesupport_introspection_c/kinenikros2/srv/detail/inverse_kinematics__type_support.c.o[0m
[28.220s] [ 55%] [32mBuilding CXX object CMakeFiles/kinenikros2__rosidl_typesupport_introspection_cpp.dir/rosidl_typesupport_introspection_cpp/kinenikros2/msg/detail/inverse_kinematics__type_support.cpp.o[0m
[28.457s] [ 57%] [32mBuilding CXX object CMakeFiles/kinenikros2__rosidl_typesupport_introspection_cpp.dir/rosidl_typesupport_introspection_cpp/kinenikros2/srv/detail/inverse_kinematics__type_support.cpp.o[0m
[28.575s] [ 59%] [32m[1mLinking C shared library libkinenikros2__rosidl_typesupport_introspection_c.so[0m
[28.762s] [ 59%] Built target kinenikros2__rosidl_typesupport_introspection_c
[29.275s] [ 61%] [32mBuilding CXX object CMakeFiles/kinenikros2__rosidl_typesupport_fastrtps_c.dir/rosidl_typesupport_fastrtps_c/kinenikros2/msg/detail/inverse_kinematics__type_support_c.cpp.o[0m
[29.286s] [ 63%] [32mBuilding CXX object CMakeFiles/kinenikros2__rosidl_typesupport_fastrtps_c.dir/rosidl_typesupport_fastrtps_c/kinenikros2/srv/detail/inverse_kinematics__type_support_c.cpp.o[0m
[29.650s] [ 65%] [32m[1mLinking CXX shared library libkinenikros2__rosidl_typesupport_cpp.so[0m
[29.985s] [ 65%] Built target kinenikros2__rosidl_typesupport_cpp
[30.099s] [ 68%] [32mBuilding CXX object CMakeFiles/kinenik_srv_server.dir/src/kinenik_srv_server.cpp.o[0m
[30.116s] [ 70%] [32mBuilding CXX object CMakeFiles/kinenik_srv_server.dir/src/kinenik_ur.cpp.o[0m
[30.660s] [ 72%] [32m[1mLinking CXX shared library libkinenikros2__rosidl_typesupport_fastrtps_cpp.so[0m
[31.030s] [ 72%] Built target kinenikros2__rosidl_typesupport_fastrtps_cpp
[31.293s] [ 74%] [32m[1mLinking CXX shared library libkinenikros2__rosidl_typesupport_introspection_cpp.so[0m
[31.666s] [ 76%] [32m[1mLinking CXX shared library libkinenikros2__rosidl_typesupport_fastrtps_c.so[0m
[31.696s] [ 76%] Built target kinenikros2__rosidl_typesupport_introspection_cpp
[32.035s] [ 76%] Built target kinenikros2__rosidl_typesupport_fastrtps_c
[32.096s] [ 76%] Built target kinenikros2
[32.210s] [ 78%] [34m[1mGenerating Python code for ROS interfaces[0m
[34.956s] [ 78%] Built target kinenikros2__py
[44.941s] [ 80%] [32m[1mLinking CXX executable kinenik_srv_server[0m
[45.560s] [ 80%] Built target kinenik_srv_server
[45.624s] [ 82%] [32mBuilding C object CMakeFiles/kinenikros2__rosidl_generator_py.dir/rosidl_generator_py/kinenikros2/msg/_inverse_kinematics_s.c.o[0m
[46.017s] [ 85%] [32mBuilding C object CMakeFiles/kinenikros2__rosidl_generator_py.dir/rosidl_generator_py/kinenikros2/srv/_inverse_kinematics_s.c.o[0m
[46.445s] [ 87%] [32m[1mLinking C shared library libkinenikros2__rosidl_generator_py.so[0m
[46.550s] [ 87%] Built target kinenikros2__rosidl_generator_py
[46.595s] [ 89%] [32mBuilding C object CMakeFiles/kinenikros2_s__rosidl_typesupport_fastrtps_c.dir/rosidl_generator_py/kinenikros2/_kinenikros2_s.ep.rosidl_typesupport_fastrtps_c.c.o[0m
[46.883s] [ 91%] [32m[1mLinking C shared module rosidl_generator_py/kinenikros2/kinenikros2_s__rosidl_typesupport_fastrtps_c.so[0m
[46.995s] [ 91%] Built target kinenikros2_s__rosidl_typesupport_fastrtps_c
[47.060s] [ 93%] [32mBuilding C object CMakeFiles/kinenikros2_s__rosidl_typesupport_c.dir/rosidl_generator_py/kinenikros2/_kinenikros2_s.ep.rosidl_typesupport_c.c.o[0m
[47.402s] [ 95%] [32m[1mLinking C shared module rosidl_generator_py/kinenikros2/kinenikros2_s__rosidl_typesupport_c.so[0m
[47.470s] [ 95%] Built target kinenikros2_s__rosidl_typesupport_c
[47.515s] [ 97%] [32mBuilding C object CMakeFiles/kinenikros2_s__rosidl_typesupport_introspection_c.dir/rosidl_generator_py/kinenikros2/_kinenikros2_s.ep.rosidl_typesupport_introspection_c.c.o[0m
[47.859s] [100%] [32m[1mLinking C shared module rosidl_generator_py/kinenikros2/kinenikros2_s__rosidl_typesupport_introspection_c.so[0m
[47.929s] [100%] Built target kinenikros2_s__rosidl_typesupport_introspection_c
[47.956s] Invoked command in '/home/omid/data/colcon_ws1FW/src/final_work/src/build/kinenikros2' returned '0': CMAKE_PREFIX_PATH=${CMAKE_PREFIX_PATH}:/opt/ros/jazzy DEBUGINFOD_URLS=https://debuginfod.ubuntu.com /usr/bin/cmake --build /home/omid/data/colcon_ws1FW/src/final_work/src/build/kinenikros2 -- -j8 -l8
[47.959s] Invoking command in '/home/omid/data/colcon_ws1FW/src/final_work/src/build/kinenikros2': CMAKE_PREFIX_PATH=${CMAKE_PREFIX_PATH}:/opt/ros/jazzy DEBUGINFOD_URLS=https://debuginfod.ubuntu.com /usr/bin/cmake --install /home/omid/data/colcon_ws1FW/src/final_work/src/build/kinenikros2
[47.979s] -- Install configuration: ""
[47.980s] -- Installing: /home/omid/data/colcon_ws1FW/src/final_work/src/install/kinenikros2/share/ament_index/resource_index/rosidl_interfaces/kinenikros2
[47.980s] -- Installing: /home/omid/data/colcon_ws1FW/src/final_work/src/install/kinenikros2/share/kinenikros2/msg/InverseKinematics.json
[47.981s] -- Installing: /home/omid/data/colcon_ws1FW/src/final_work/src/install/kinenikros2/share/kinenikros2/srv/InverseKinematics.json
[47.982s] -- Installing: /home/omid/data/colcon_ws1FW/src/final_work/src/install/kinenikros2/include/kinenikros2/kinenikros2
[47.982s] -- Installing: /home/omid/data/colcon_ws1FW/src/final_work/src/install/kinenikros2/include/kinenikros2/kinenikros2/srv
[47.983s] -- Installing: /home/omid/data/colcon_ws1FW/src/final_work/src/install/kinenikros2/include/kinenikros2/kinenikros2/srv/inverse_kinematics.h
[47.983s] -- Installing: /home/omid/data/colcon_ws1FW/src/final_work/src/install/kinenikros2/include/kinenikros2/kinenikros2/srv/detail
[47.984s] -- Installing: /home/omid/data/colcon_ws1FW/src/final_work/src/install/kinenikros2/include/kinenikros2/kinenikros2/srv/detail/inverse_kinematics__description.c
[47.984s] -- Installing: /home/omid/data/colcon_ws1FW/src/final_work/src/install/kinenikros2/include/kinenikros2/kinenikros2/srv/detail/inverse_kinematics__functions.h
[47.984s] -- Installing: /home/omid/data/colcon_ws1FW/src/final_work/src/install/kinenikros2/include/kinenikros2/kinenikros2/srv/detail/inverse_kinematics__type_support.h
[47.985s] -- Installing: /home/omid/data/colcon_ws1FW/src/final_work/src/install/kinenikros2/include/kinenikros2/kinenikros2/srv/detail/inverse_kinematics__struct.h
[47.987s] -- Installing: /home/omid/data/colcon_ws1FW/src/final_work/src/install/kinenikros2/include/kinenikros2/kinenikros2/srv/detail/inverse_kinematics__type_support.c
[47.987s] -- Installing: /home/omid/data/colcon_ws1FW/src/final_work/src/install/kinenikros2/include/kinenikros2/kinenikros2/srv/detail/inverse_kinematics__functions.c
[47.988s] -- Installing: /home/omid/data/colcon_ws1FW/src/final_work/src/install/kinenikros2/include/kinenikros2/kinenikros2/msg
[47.988s] -- Installing: /home/omid/data/colcon_ws1FW/src/final_work/src/install/kinenikros2/include/kinenikros2/kinenikros2/msg/inverse_kinematics.h
[47.989s] -- Installing: /home/omid/data/colcon_ws1FW/src/final_work/src/install/kinenikros2/include/kinenikros2/kinenikros2/msg/detail
[47.989s] -- Installing: /home/omid/data/colcon_ws1FW/src/final_work/src/install/kinenikros2/include/kinenikros2/kinenikros2/msg/detail/inverse_kinematics__description.c
[47.989s] -- Installing: /home/omid/data/colcon_ws1FW/src/final_work/src/install/kinenikros2/include/kinenikros2/kinenikros2/msg/detail/inverse_kinematics__functions.h
[47.990s] -- Installing: /home/omid/data/colcon_ws1FW/src/final_work/src/install/kinenikros2/include/kinenikros2/kinenikros2/msg/detail/inverse_kinematics__type_support.h
[47.990s] -- Installing: /home/omid/data/colcon_ws1FW/src/final_work/src/install/kinenikros2/include/kinenikros2/kinenikros2/msg/detail/inverse_kinematics__struct.h
[47.990s] -- Installing: /home/omid/data/colcon_ws1FW/src/final_work/src/install/kinenikros2/include/kinenikros2/kinenikros2/msg/detail/inverse_kinematics__type_support.c
[47.991s] -- Installing: /home/omid/data/colcon_ws1FW/src/final_work/src/install/kinenikros2/include/kinenikros2/kinenikros2/msg/detail/inverse_kinematics__functions.c
[47.991s] -- Installing: /home/omid/data/colcon_ws1FW/src/final_work/src/install/kinenikros2/include/kinenikros2/kinenikros2/msg/rosidl_generator_c__visibility_control.h
[47.992s] -- Installing: /home/omid/data/colcon_ws1FW/src/final_work/src/install/kinenikros2/share/kinenikros2/environment/library_path.sh
[47.992s] -- Installing: /home/omid/data/colcon_ws1FW/src/final_work/src/install/kinenikros2/share/kinenikros2/environment/library_path.dsv
[47.992s] -- Installing: /home/omid/data/colcon_ws1FW/src/final_work/src/install/kinenikros2/lib/libkinenikros2__rosidl_generator_c.so
[47.993s] -- Set non-toolchain portion of runtime path of "/home/omid/data/colcon_ws1FW/src/final_work/src/install/kinenikros2/lib/libkinenikros2__rosidl_generator_c.so" to ""
[47.993s] -- Up-to-date: /home/omid/data/colcon_ws1FW/src/final_work/src/install/kinenikros2/include/kinenikros2/kinenikros2
[47.993s] -- Up-to-date: /home/omid/data/colcon_ws1FW/src/final_work/src/install/kinenikros2/include/kinenikros2/kinenikros2/srv
[47.994s] -- Up-to-date: /home/omid/data/colcon_ws1FW/src/final_work/src/install/kinenikros2/include/kinenikros2/kinenikros2/srv/detail
[47.994s] -- Installing: /home/omid/data/colcon_ws1FW/src/final_work/src/install/kinenikros2/include/kinenikros2/kinenikros2/srv/detail/inverse_kinematics__rosidl_typesupport_fastrtps_c.h
[47.994s] -- Up-to-date: /home/omid/data/colcon_ws1FW/src/final_work/src/install/kinenikros2/include/kinenikros2/kinenikros2/msg
[47.995s] -- Up-to-date: /home/omid/data/colcon_ws1FW/src/final_work/src/install/kinenikros2/include/kinenikros2/kinenikros2/msg/detail
[47.995s] -- Installing: /home/omid/data/colcon_ws1FW/src/final_work/src/install/kinenikros2/include/kinenikros2/kinenikros2/msg/detail/inverse_kinematics__rosidl_typesupport_fastrtps_c.h
[47.996s] -- Installing: /home/omid/data/colcon_ws1FW/src/final_work/src/install/kinenikros2/include/kinenikros2/kinenikros2/msg/rosidl_typesupport_fastrtps_c__visibility_control.h
[47.996s] -- Installing: /home/omid/data/colcon_ws1FW/src/final_work/src/install/kinenikros2/lib/libkinenikros2__rosidl_typesupport_fastrtps_c.so
[47.996s] -- Set non-toolchain portion of runtime path of "/home/omid/data/colcon_ws1FW/src/final_work/src/install/kinenikros2/lib/libkinenikros2__rosidl_typesupport_fastrtps_c.so" to ""
[47.997s] -- Up-to-date: /home/omid/data/colcon_ws1FW/src/final_work/src/install/kinenikros2/include/kinenikros2/kinenikros2
[47.997s] -- Up-to-date: /home/omid/data/colcon_ws1FW/src/final_work/src/install/kinenikros2/include/kinenikros2/kinenikros2/srv
[47.998s] -- Up-to-date: /home/omid/data/colcon_ws1FW/src/final_work/src/install/kinenikros2/include/kinenikros2/kinenikros2/srv/detail
[47.998s] -- Installing: /home/omid/data/colcon_ws1FW/src/final_work/src/install/kinenikros2/include/kinenikros2/kinenikros2/srv/detail/inverse_kinematics__traits.hpp
[47.998s] -- Installing: /home/omid/data/colcon_ws1FW/src/final_work/src/install/kinenikros2/include/kinenikros2/kinenikros2/srv/detail/inverse_kinematics__builder.hpp
[47.998s] -- Installing: /home/omid/data/colcon_ws1FW/src/final_work/src/install/kinenikros2/include/kinenikros2/kinenikros2/srv/detail/inverse_kinematics__type_support.hpp
[47.999s] -- Installing: /home/omid/data/colcon_ws1FW/src/final_work/src/install/kinenikros2/include/kinenikros2/kinenikros2/srv/detail/inverse_kinematics__struct.hpp
[47.999s] -- Installing: /home/omid/data/colcon_ws1FW/src/final_work/src/install/kinenikros2/include/kinenikros2/kinenikros2/srv/inverse_kinematics.hpp
[47.999s] -- Up-to-date: /home/omid/data/colcon_ws1FW/src/final_work/src/install/kinenikros2/include/kinenikros2/kinenikros2/msg
[48.000s] -- Up-to-date: /home/omid/data/colcon_ws1FW/src/final_work/src/install/kinenikros2/include/kinenikros2/kinenikros2/msg/detail
[48.000s] -- Installing: /home/omid/data/colcon_ws1FW/src/final_work/src/install/kinenikros2/include/kinenikros2/kinenikros2/msg/detail/inverse_kinematics__traits.hpp
[48.000s] -- Installing: /home/omid/data/colcon_ws1FW/src/final_work/src/install/kinenikros2/include/kinenikros2/kinenikros2/msg/detail/inverse_kinematics__builder.hpp
[48.001s] -- Installing: /home/omid/data/colcon_ws1FW/src/final_work/src/install/kinenikros2/include/kinenikros2/kinenikros2/msg/detail/inverse_kinematics__type_support.hpp
[48.001s] -- Installing: /home/omid/data/colcon_ws1FW/src/final_work/src/install/kinenikros2/include/kinenikros2/kinenikros2/msg/detail/inverse_kinematics__struct.hpp
[48.001s] -- Installing: /home/omid/data/colcon_ws1FW/src/final_work/src/install/kinenikros2/include/kinenikros2/kinenikros2/msg/rosidl_generator_cpp__visibility_control.hpp
[48.002s] -- Installing: /home/omid/data/colcon_ws1FW/src/final_work/src/install/kinenikros2/include/kinenikros2/kinenikros2/msg/inverse_kinematics.hpp
[48.004s] -- Up-to-date: /home/omid/data/colcon_ws1FW/src/final_work/src/install/kinenikros2/include/kinenikros2/kinenikros2
[48.004s] -- Up-to-date: /home/omid/data/colcon_ws1FW/src/final_work/src/install/kinenikros2/include/kinenikros2/kinenikros2/srv
[48.005s] -- Up-to-date: /home/omid/data/colcon_ws1FW/src/final_work/src/install/kinenikros2/include/kinenikros2/kinenikros2/srv/detail
[48.005s] -- Installing: /home/omid/data/colcon_ws1FW/src/final_work/src/install/kinenikros2/include/kinenikros2/kinenikros2/srv/detail/dds_fastrtps
[48.005s] -- Installing: /home/omid/data/colcon_ws1FW/src/final_work/src/install/kinenikros2/include/kinenikros2/kinenikros2/srv/detail/inverse_kinematics__rosidl_typesupport_fastrtps_cpp.hpp
[48.007s] -- Up-to-date: /home/omid/data/colcon_ws1FW/src/final_work/src/install/kinenikros2/include/kinenikros2/kinenikros2/msg
[48.008s] -- Installing: /home/omid/data/colcon_ws1FW/src/final_work/src/install/kinenikros2/include/kinenikros2/kinenikros2/msg/rosidl_typesupport_fastrtps_cpp__visibility_control.h
[48.008s] -- Up-to-date: /home/omid/data/colcon_ws1FW/src/final_work/src/install/kinenikros2/include/kinenikros2/kinenikros2/msg/detail
[48.008s] -- Installing: /home/omid/data/colcon_ws1FW/src/final_work/src/install/kinenikros2/include/kinenikros2/kinenikros2/msg/detail/dds_fastrtps
[48.008s] -- Installing: /home/omid/data/colcon_ws1FW/src/final_work/src/install/kinenikros2/include/kinenikros2/kinenikros2/msg/detail/inverse_kinematics__rosidl_typesupport_fastrtps_cpp.hpp
[48.009s] -- Installing: /home/omid/data/colcon_ws1FW/src/final_work/src/install/kinenikros2/lib/libkinenikros2__rosidl_typesupport_fastrtps_cpp.so
[48.009s] -- Set non-toolchain portion of runtime path of "/home/omid/data/colcon_ws1FW/src/final_work/src/install/kinenikros2/lib/libkinenikros2__rosidl_typesupport_fastrtps_cpp.so" to ""
[48.009s] -- Up-to-date: /home/omid/data/colcon_ws1FW/src/final_work/src/install/kinenikros2/include/kinenikros2/kinenikros2
[48.010s] -- Up-to-date: /home/omid/data/colcon_ws1FW/src/final_work/src/install/kinenikros2/include/kinenikros2/kinenikros2/srv
[48.010s] -- Up-to-date: /home/omid/data/colcon_ws1FW/src/final_work/src/install/kinenikros2/include/kinenikros2/kinenikros2/srv/detail
[48.010s] -- Installing: /home/omid/data/colcon_ws1FW/src/final_work/src/install/kinenikros2/include/kinenikros2/kinenikros2/srv/detail/inverse_kinematics__rosidl_typesupport_introspection_c.h
[48.013s] -- Installing: /home/omid/data/colcon_ws1FW/src/final_work/src/install/kinenikros2/include/kinenikros2/kinenikros2/srv/detail/inverse_kinematics__type_support.c
[48.014s] -- Up-to-date: /home/omid/data/colcon_ws1FW/src/final_work/src/install/kinenikros2/include/kinenikros2/kinenikros2/msg
[48.018s] -- Installing: /home/omid/data/colcon_ws1FW/src/final_work/src/install/kinenikros2/include/kinenikros2/kinenikros2/msg/rosidl_typesupport_introspection_c__visibility_control.h
[48.019s] -- Up-to-date: /home/omid/data/colcon_ws1FW/src/final_work/src/install/kinenikros2/include/kinenikros2/kinenikros2/msg/detail
[48.019s] -- Installing: /home/omid/data/colcon_ws1FW/src/final_work/src/install/kinenikros2/include/kinenikros2/kinenikros2/msg/detail/inverse_kinematics__rosidl_typesupport_introspection_c.h
[48.020s] -- Installing: /home/omid/data/colcon_ws1FW/src/final_work/src/install/kinenikros2/include/kinenikros2/kinenikros2/msg/detail/inverse_kinematics__type_support.c
[48.020s] -- Installing: /home/omid/data/colcon_ws1FW/src/final_work/src/install/kinenikros2/lib/libkinenikros2__rosidl_typesupport_introspection_c.so
[48.020s] -- Set non-toolchain portion of runtime path of "/home/omid/data/colcon_ws1FW/src/final_work/src/install/kinenikros2/lib/libkinenikros2__rosidl_typesupport_introspection_c.so" to ""
[48.021s] -- Installing: /home/omid/data/colcon_ws1FW/src/final_work/src/install/kinenikros2/lib/libkinenikros2__rosidl_typesupport_c.so
[48.021s] -- Set non-toolchain portion of runtime path of "/home/omid/data/colcon_ws1FW/src/final_work/src/install/kinenikros2/lib/libkinenikros2__rosidl_typesupport_c.so" to ""
[48.021s] -- Up-to-date: /home/omid/data/colcon_ws1FW/src/final_work/src/install/kinenikros2/include/kinenikros2/kinenikros2
[48.021s] -- Up-to-date: /home/omid/data/colcon_ws1FW/src/final_work/src/install/kinenikros2/include/kinenikros2/kinenikros2/srv
[48.022s] -- Up-to-date: /home/omid/data/colcon_ws1FW/src/final_work/src/install/kinenikros2/include/kinenikros2/kinenikros2/srv/detail
[48.022s] -- Installing: /home/omid/data/colcon_ws1FW/src/final_work/src/install/kinenikros2/include/kinenikros2/kinenikros2/srv/detail/inverse_kinematics__rosidl_typesupport_introspection_cpp.hpp
[48.023s] -- Installing: /home/omid/data/colcon_ws1FW/src/final_work/src/install/kinenikros2/include/kinenikros2/kinenikros2/srv/detail/inverse_kinematics__type_support.cpp
[48.023s] -- Up-to-date: /home/omid/data/colcon_ws1FW/src/final_work/src/install/kinenikros2/include/kinenikros2/kinenikros2/msg
[48.023s] -- Up-to-date: /home/omid/data/colcon_ws1FW/src/final_work/src/install/kinenikros2/include/kinenikros2/kinenikros2/msg/detail
[48.024s] -- Installing: /home/omid/data/colcon_ws1FW/src/final_work/src/install/kinenikros2/include/kinenikros2/kinenikros2/msg/detail/inverse_kinematics__rosidl_typesupport_introspection_cpp.hpp
[48.024s] -- Installing: /home/omid/data/colcon_ws1FW/src/final_work/src/install/kinenikros2/include/kinenikros2/kinenikros2/msg/detail/inverse_kinematics__type_support.cpp
[48.024s] -- Installing: /home/omid/data/colcon_ws1FW/src/final_work/src/install/kinenikros2/lib/libkinenikros2__rosidl_typesupport_introspection_cpp.so
[48.024s] -- Set non-toolchain portion of runtime path of "/home/omid/data/colcon_ws1FW/src/final_work/src/install/kinenikros2/lib/libkinenikros2__rosidl_typesupport_introspection_cpp.so" to ""
[48.025s] -- Installing: /home/omid/data/colcon_ws1FW/src/final_work/src/install/kinenikros2/lib/libkinenikros2__rosidl_typesupport_cpp.so
[48.025s] -- Set non-toolchain portion of runtime path of "/home/omid/data/colcon_ws1FW/src/final_work/src/install/kinenikros2/lib/libkinenikros2__rosidl_typesupport_cpp.so" to ""
[48.025s] -- Installing: /home/omid/data/colcon_ws1FW/src/final_work/src/install/kinenikros2/share/kinenikros2/environment/pythonpath.sh
[48.026s] -- Installing: /home/omid/data/colcon_ws1FW/src/final_work/src/install/kinenikros2/share/kinenikros2/environment/pythonpath.dsv
[48.026s] -- Installing: /home/omid/data/colcon_ws1FW/src/final_work/src/install/kinenikros2/lib/python3.12/site-packages/kinenikros2-0.0.1-py3.12.egg-info
[48.026s] -- Installing: /home/omid/data/colcon_ws1FW/src/final_work/src/install/kinenikros2/lib/python3.12/site-packages/kinenikros2-0.0.1-py3.12.egg-info/SOURCES.txt
[48.026s] -- Installing: /home/omid/data/colcon_ws1FW/src/final_work/src/install/kinenikros2/lib/python3.12/site-packages/kinenikros2-0.0.1-py3.12.egg-info/PKG-INFO
[48.027s] -- Installing: /home/omid/data/colcon_ws1FW/src/final_work/src/install/kinenikros2/lib/python3.12/site-packages/kinenikros2-0.0.1-py3.12.egg-info/top_level.txt
[48.027s] -- Installing: /home/omid/data/colcon_ws1FW/src/final_work/src/install/kinenikros2/lib/python3.12/site-packages/kinenikros2-0.0.1-py3.12.egg-info/dependency_links.txt
[48.027s] -- Installing: /home/omid/data/colcon_ws1FW/src/final_work/src/install/kinenikros2/lib/python3.12/site-packages/kinenikros2
[48.028s] -- Installing: /home/omid/data/colcon_ws1FW/src/final_work/src/install/kinenikros2/lib/python3.12/site-packages/kinenikros2/_kinenikros2_s.ep.rosidl_typesupport_c.c
[48.028s] -- Installing: /home/omid/data/colcon_ws1FW/src/final_work/src/install/kinenikros2/lib/python3.12/site-packages/kinenikros2/srv
[48.028s] -- Installing: /home/omid/data/colcon_ws1FW/src/final_work/src/install/kinenikros2/lib/python3.12/site-packages/kinenikros2/srv/_inverse_kinematics_s.c
[48.028s] -- Installing: /home/omid/data/colcon_ws1FW/src/final_work/src/install/kinenikros2/lib/python3.12/site-packages/kinenikros2/srv/__init__.py
[48.029s] -- Installing: /home/omid/data/colcon_ws1FW/src/final_work/src/install/kinenikros2/lib/python3.12/site-packages/kinenikros2/srv/_inverse_kinematics.py
[48.029s] -- Installing: /home/omid/data/colcon_ws1FW/src/final_work/src/install/kinenikros2/lib/python3.12/site-packages/kinenikros2/kinenikros2_s__rosidl_typesupport_fastrtps_c.so
[48.029s] -- Installing: /home/omid/data/colcon_ws1FW/src/final_work/src/install/kinenikros2/lib/python3.12/site-packages/kinenikros2/_kinenikros2_s.ep.rosidl_typesupport_introspection_c.c
[48.030s] -- Installing: /home/omid/data/colcon_ws1FW/src/final_work/src/install/kinenikros2/lib/python3.12/site-packages/kinenikros2/msg
[48.030s] -- Installing: /home/omid/data/colcon_ws1FW/src/final_work/src/install/kinenikros2/lib/python3.12/site-packages/kinenikros2/msg/_inverse_kinematics_s.c
[48.030s] -- Installing: /home/omid/data/colcon_ws1FW/src/final_work/src/install/kinenikros2/lib/python3.12/site-packages/kinenikros2/msg/__init__.py
[48.030s] -- Installing: /home/omid/data/colcon_ws1FW/src/final_work/src/install/kinenikros2/lib/python3.12/site-packages/kinenikros2/msg/_inverse_kinematics.py
[48.031s] -- Installing: /home/omid/data/colcon_ws1FW/src/final_work/src/install/kinenikros2/lib/python3.12/site-packages/kinenikros2/_kinenikros2_s.ep.rosidl_typesupport_fastrtps_c.c
[48.031s] -- Installing: /home/omid/data/colcon_ws1FW/src/final_work/src/install/kinenikros2/lib/python3.12/site-packages/kinenikros2/kinenikros2_s__rosidl_typesupport_c.so
[48.031s] -- Installing: /home/omid/data/colcon_ws1FW/src/final_work/src/install/kinenikros2/lib/python3.12/site-packages/kinenikros2/__init__.py
[48.032s] -- Installing: /home/omid/data/colcon_ws1FW/src/final_work/src/install/kinenikros2/lib/python3.12/site-packages/kinenikros2/kinenikros2_s__rosidl_typesupport_introspection_c.so
[48.166s] Listing '/home/omid/data/colcon_ws1FW/src/final_work/src/install/kinenikros2/lib/python3.12/site-packages/kinenikros2'...
[48.167s] Compiling '/home/omid/data/colcon_ws1FW/src/final_work/src/install/kinenikros2/lib/python3.12/site-packages/kinenikros2/__init__.py'...
[48.167s] Listing '/home/omid/data/colcon_ws1FW/src/final_work/src/install/kinenikros2/lib/python3.12/site-packages/kinenikros2/msg'...
[48.167s] Compiling '/home/omid/data/colcon_ws1FW/src/final_work/src/install/kinenikros2/lib/python3.12/site-packages/kinenikros2/msg/__init__.py'...
[48.168s] Compiling '/home/omid/data/colcon_ws1FW/src/final_work/src/install/kinenikros2/lib/python3.12/site-packages/kinenikros2/msg/_inverse_kinematics.py'...
[48.168s] Listing '/home/omid/data/colcon_ws1FW/src/final_work/src/install/kinenikros2/lib/python3.12/site-packages/kinenikros2/srv'...
[48.168s] Compiling '/home/omid/data/colcon_ws1FW/src/final_work/src/install/kinenikros2/lib/python3.12/site-packages/kinenikros2/srv/__init__.py'...
[48.169s] Compiling '/home/omid/data/colcon_ws1FW/src/final_work/src/install/kinenikros2/lib/python3.12/site-packages/kinenikros2/srv/_inverse_kinematics.py'...
[48.184s] -- Installing: /home/omid/data/colcon_ws1FW/src/final_work/src/install/kinenikros2/lib/python3.12/site-packages/kinenikros2/kinenikros2_s__rosidl_typesupport_fastrtps_c.so
[48.185s] -- Set non-toolchain portion of runtime path of "/home/omid/data/colcon_ws1FW/src/final_work/src/install/kinenikros2/lib/python3.12/site-packages/kinenikros2/kinenikros2_s__rosidl_typesupport_fastrtps_c.so" to ""
[48.186s] -- Installing: /home/omid/data/colcon_ws1FW/src/final_work/src/install/kinenikros2/lib/python3.12/site-packages/kinenikros2/kinenikros2_s__rosidl_typesupport_introspection_c.so
[48.187s] -- Set non-toolchain portion of runtime path of "/home/omid/data/colcon_ws1FW/src/final_work/src/install/kinenikros2/lib/python3.12/site-packages/kinenikros2/kinenikros2_s__rosidl_typesupport_introspection_c.so" to ""
[48.187s] -- Installing: /home/omid/data/colcon_ws1FW/src/final_work/src/install/kinenikros2/lib/python3.12/site-packages/kinenikros2/kinenikros2_s__rosidl_typesupport_c.so
[48.188s] -- Set non-toolchain portion of runtime path of "/home/omid/data/colcon_ws1FW/src/final_work/src/install/kinenikros2/lib/python3.12/site-packages/kinenikros2/kinenikros2_s__rosidl_typesupport_c.so" to ""
[48.188s] -- Installing: /home/omid/data/colcon_ws1FW/src/final_work/src/install/kinenikros2/lib/libkinenikros2__rosidl_generator_py.so
[48.189s] -- Set non-toolchain portion of runtime path of "/home/omid/data/colcon_ws1FW/src/final_work/src/install/kinenikros2/lib/libkinenikros2__rosidl_generator_py.so" to ""
[48.189s] -- Installing: /home/omid/data/colcon_ws1FW/src/final_work/src/install/kinenikros2/share/kinenikros2/msg/InverseKinematics.idl
[48.189s] -- Installing: /home/omid/data/colcon_ws1FW/src/final_work/src/install/kinenikros2/share/kinenikros2/srv/InverseKinematics.idl
[48.190s] -- Installing: /home/omid/data/colcon_ws1FW/src/final_work/src/install/kinenikros2/share/kinenikros2/msg/InverseKinematics.msg
[48.190s] -- Installing: /home/omid/data/colcon_ws1FW/src/final_work/src/install/kinenikros2/share/kinenikros2/srv/InverseKinematics.srv
[48.191s] -- Installing: /home/omid/data/colcon_ws1FW/src/final_work/src/install/kinenikros2/lib/kinenikros2/kinenik_srv_server
[48.196s] -- Set non-toolchain portion of runtime path of "/home/omid/data/colcon_ws1FW/src/final_work/src/install/kinenikros2/lib/kinenikros2/kinenik_srv_server" to ""
[48.196s] -- Installing: /home/omid/data/colcon_ws1FW/src/final_work/src/install/kinenikros2/share/ament_index/resource_index/package_run_dependencies/kinenikros2
[48.197s] -- Installing: /home/omid/data/colcon_ws1FW/src/final_work/src/install/kinenikros2/share/ament_index/resource_index/parent_prefix_path/kinenikros2
[48.197s] -- Installing: /home/omid/data/colcon_ws1FW/src/final_work/src/install/kinenikros2/share/kinenikros2/environment/ament_prefix_path.sh
[48.198s] -- Installing: /home/omid/data/colcon_ws1FW/src/final_work/src/install/kinenikros2/share/kinenikros2/environment/ament_prefix_path.dsv
[48.198s] -- Installing: /home/omid/data/colcon_ws1FW/src/final_work/src/install/kinenikros2/share/kinenikros2/environment/path.sh
[48.198s] -- Installing: /home/omid/data/colcon_ws1FW/src/final_work/src/install/kinenikros2/share/kinenikros2/environment/path.dsv
[48.199s] -- Installing: /home/omid/data/colcon_ws1FW/src/final_work/src/install/kinenikros2/share/kinenikros2/local_setup.bash
[48.199s] -- Installing: /home/omid/data/colcon_ws1FW/src/final_work/src/install/kinenikros2/share/kinenikros2/local_setup.sh
[48.200s] -- Installing: /home/omid/data/colcon_ws1FW/src/final_work/src/install/kinenikros2/share/kinenikros2/local_setup.zsh
[48.200s] -- Installing: /home/omid/data/colcon_ws1FW/src/final_work/src/install/kinenikros2/share/kinenikros2/local_setup.dsv
[48.200s] -- Installing: /home/omid/data/colcon_ws1FW/src/final_work/src/install/kinenikros2/share/kinenikros2/package.dsv
[48.201s] -- Installing: /home/omid/data/colcon_ws1FW/src/final_work/src/install/kinenikros2/share/ament_index/resource_index/packages/kinenikros2
[48.201s] -- Installing: /home/omid/data/colcon_ws1FW/src/final_work/src/install/kinenikros2/share/kinenikros2/cmake/export_kinenikros2__rosidl_generator_cExport.cmake
[48.202s] -- Installing: /home/omid/data/colcon_ws1FW/src/final_work/src/install/kinenikros2/share/kinenikros2/cmake/export_kinenikros2__rosidl_generator_cExport-noconfig.cmake
[48.202s] -- Installing: /home/omid/data/colcon_ws1FW/src/final_work/src/install/kinenikros2/share/kinenikros2/cmake/export_kinenikros2__rosidl_typesupport_fastrtps_cExport.cmake
[48.203s] -- Installing: /home/omid/data/colcon_ws1FW/src/final_work/src/install/kinenikros2/share/kinenikros2/cmake/export_kinenikros2__rosidl_typesupport_fastrtps_cExport-noconfig.cmake
[48.203s] -- Installing: /home/omid/data/colcon_ws1FW/src/final_work/src/install/kinenikros2/share/kinenikros2/cmake/export_kinenikros2__rosidl_generator_cppExport.cmake
[48.203s] -- Installing: /home/omid/data/colcon_ws1FW/src/final_work/src/install/kinenikros2/share/kinenikros2/cmake/export_kinenikros2__rosidl_typesupport_fastrtps_cppExport.cmake
[48.204s] -- Installing: /home/omid/data/colcon_ws1FW/src/final_work/src/install/kinenikros2/share/kinenikros2/cmake/export_kinenikros2__rosidl_typesupport_fastrtps_cppExport-noconfig.cmake
[48.204s] -- Installing: /home/omid/data/colcon_ws1FW/src/final_work/src/install/kinenikros2/share/kinenikros2/cmake/kinenikros2__rosidl_typesupport_introspection_cExport.cmake
[48.205s] -- Installing: /home/omid/data/colcon_ws1FW/src/final_work/src/install/kinenikros2/share/kinenikros2/cmake/kinenikros2__rosidl_typesupport_introspection_cExport-noconfig.cmake
[48.205s] -- Installing: /home/omid/data/colcon_ws1FW/src/final_work/src/install/kinenikros2/share/kinenikros2/cmake/kinenikros2__rosidl_typesupport_cExport.cmake
[48.206s] -- Installing: /home/omid/data/colcon_ws1FW/src/final_work/src/install/kinenikros2/share/kinenikros2/cmake/kinenikros2__rosidl_typesupport_cExport-noconfig.cmake
[48.206s] -- Installing: /home/omid/data/colcon_ws1FW/src/final_work/src/install/kinenikros2/share/kinenikros2/cmake/kinenikros2__rosidl_typesupport_introspection_cppExport.cmake
[48.206s] -- Installing: /home/omid/data/colcon_ws1FW/src/final_work/src/install/kinenikros2/share/kinenikros2/cmake/kinenikros2__rosidl_typesupport_introspection_cppExport-noconfig.cmake
[48.207s] -- Installing: /home/omid/data/colcon_ws1FW/src/final_work/src/install/kinenikros2/share/kinenikros2/cmake/kinenikros2__rosidl_typesupport_cppExport.cmake
[48.207s] -- Installing: /home/omid/data/colcon_ws1FW/src/final_work/src/install/kinenikros2/share/kinenikros2/cmake/kinenikros2__rosidl_typesupport_cppExport-noconfig.cmake
[48.208s] -- Installing: /home/omid/data/colcon_ws1FW/src/final_work/src/install/kinenikros2/share/kinenikros2/cmake/export_kinenikros2__rosidl_generator_pyExport.cmake
[48.208s] -- Installing: /home/omid/data/colcon_ws1FW/src/final_work/src/install/kinenikros2/share/kinenikros2/cmake/export_kinenikros2__rosidl_generator_pyExport-noconfig.cmake
[48.209s] -- Installing: /home/omid/data/colcon_ws1FW/src/final_work/src/install/kinenikros2/share/kinenikros2/cmake/rosidl_cmake-extras.cmake
[48.209s] -- Installing: /home/omid/data/colcon_ws1FW/src/final_work/src/install/kinenikros2/share/kinenikros2/cmake/ament_cmake_export_dependencies-extras.cmake
[48.210s] -- Installing: /home/omid/data/colcon_ws1FW/src/final_work/src/install/kinenikros2/share/kinenikros2/cmake/ament_cmake_export_include_directories-extras.cmake
[48.210s] -- Installing: /home/omid/data/colcon_ws1FW/src/final_work/src/install/kinenikros2/share/kinenikros2/cmake/ament_cmake_export_libraries-extras.cmake
[48.210s] -- Installing: /home/omid/data/colcon_ws1FW/src/final_work/src/install/kinenikros2/share/kinenikros2/cmake/ament_cmake_export_targets-extras.cmake
[48.211s] -- Installing: /home/omid/data/colcon_ws1FW/src/final_work/src/install/kinenikros2/share/kinenikros2/cmake/rosidl_cmake_export_typesupport_targets-extras.cmake
[48.211s] -- Installing: /home/omid/data/colcon_ws1FW/src/final_work/src/install/kinenikros2/share/kinenikros2/cmake/rosidl_cmake_export_typesupport_libraries-extras.cmake
[48.212s] -- Installing: /home/omid/data/colcon_ws1FW/src/final_work/src/install/kinenikros2/share/kinenikros2/cmake/kinenikros2Config.cmake
[48.212s] -- Installing: /home/omid/data/colcon_ws1FW/src/final_work/src/install/kinenikros2/share/kinenikros2/cmake/kinenikros2Config-version.cmake
[48.212s] -- Installing: /home/omid/data/colcon_ws1FW/src/final_work/src/install/kinenikros2/share/kinenikros2/package.xml
[48.218s] Invoked command in '/home/omid/data/colcon_ws1FW/src/final_work/src/build/kinenikros2' returned '0': CMAKE_PREFIX_PATH=${CMAKE_PREFIX_PATH}:/opt/ros/jazzy DEBUGINFOD_URLS=https://debuginfod.ubuntu.com /usr/bin/cmake --install /home/omid/data/colcon_ws1FW/src/final_work/src/build/kinenikros2
