running egg_info
creating ../build/chess_ui/chess_ui.egg-info
writing ../build/chess_ui/chess_ui.egg-info/PKG-INFO
writing dependency_links to ../build/chess_ui/chess_ui.egg-info/dependency_links.txt
writing entry points to ../build/chess_ui/chess_ui.egg-info/entry_points.txt
writing requirements to ../build/chess_ui/chess_ui.egg-info/requires.txt
writing top-level names to ../build/chess_ui/chess_ui.egg-info/top_level.txt
writing manifest file '../build/chess_ui/chess_ui.egg-info/SOURCES.txt'
reading manifest file '../build/chess_ui/chess_ui.egg-info/SOURCES.txt'
writing manifest file '../build/chess_ui/chess_ui.egg-info/SOURCES.txt'
running build
running build_py
creating /home/omid/data/colcon_ws1FW/src/final_work/src/build/chess_ui/build
creating /home/omid/data/colcon_ws1FW/src/final_work/src/build/chess_ui/build/lib
creating /home/omid/data/colcon_ws1FW/src/final_work/src/build/chess_ui/build/lib/chess_ui
copying chess_ui/__init__.py -> /home/omid/data/colcon_ws1FW/src/final_work/src/build/chess_ui/build/lib/chess_ui
copying chess_ui/ui_server.py -> /home/omid/data/colcon_ws1FW/src/final_work/src/build/chess_ui/build/lib/chess_ui
running install
running install_lib
creating /home/omid/data/colcon_ws1FW/src/final_work/src/install/chess_ui/lib/python3.12/site-packages/chess_ui
copying /home/omid/data/colcon_ws1FW/src/final_work/src/build/chess_ui/build/lib/chess_ui/__init__.py -> /home/omid/data/colcon_ws1FW/src/final_work/src/install/chess_ui/lib/python3.12/site-packages/chess_ui
copying /home/omid/data/colcon_ws1FW/src/final_work/src/build/chess_ui/build/lib/chess_ui/ui_server.py -> /home/omid/data/colcon_ws1FW/src/final_work/src/install/chess_ui/lib/python3.12/site-packages/chess_ui
byte-compiling /home/omid/data/colcon_ws1FW/src/final_work/src/install/chess_ui/lib/python3.12/site-packages/chess_ui/__init__.py to __init__.cpython-312.pyc
byte-compiling /home/omid/data/colcon_ws1FW/src/final_work/src/install/chess_ui/lib/python3.12/site-packages/chess_ui/ui_server.py to ui_server.cpython-312.pyc
running install_data
creating /home/omid/data/colcon_ws1FW/src/final_work/src/install/chess_ui/share/ament_index
creating /home/omid/data/colcon_ws1FW/src/final_work/src/install/chess_ui/share/ament_index/resource_index
creating /home/omid/data/colcon_ws1FW/src/final_work/src/install/chess_ui/share/ament_index/resource_index/packages
copying resource/chess_ui -> /home/omid/data/colcon_ws1FW/src/final_work/src/install/chess_ui/share/ament_index/resource_index/packages
copying package.xml -> /home/omid/data/colcon_ws1FW/src/final_work/src/install/chess_ui/share/chess_ui
creating /home/omid/data/colcon_ws1FW/src/final_work/src/install/chess_ui/share/chess_ui/launch
copying launch/chess_ui.launch.py -> /home/omid/data/colcon_ws1FW/src/final_work/src/install/chess_ui/share/chess_ui/launch
creating /home/omid/data/colcon_ws1FW/src/final_work/src/install/chess_ui/share/chess_ui/web
copying chess_ui/web/app.js -> /home/omid/data/colcon_ws1FW/src/final_work/src/install/chess_ui/share/chess_ui/web
copying chess_ui/web/index.html -> /home/omid/data/colcon_ws1FW/src/final_work/src/install/chess_ui/share/chess_ui/web
copying chess_ui/web/styles.css -> /home/omid/data/colcon_ws1FW/src/final_work/src/install/chess_ui/share/chess_ui/web
running install_egg_info
Copying ../build/chess_ui/chess_ui.egg-info to /home/omid/data/colcon_ws1FW/src/final_work/src/install/chess_ui/lib/python3.12/site-packages/chess_ui-0.1.0-py3.12.egg-info
running install_scripts
Installing chess_ui_server script to /home/omid/data/colcon_ws1FW/src/final_work/src/install/chess_ui/lib/chess_ui
writing list of installed files to '/home/omid/data/colcon_ws1FW/src/final_work/src/build/chess_ui/install.log'
