[1.912s] Invoking command in '/home/omid/data/colcon_ws1FW/src/final_work/src/chess_ui': AMENT_PREFIX_PATH=/home/omid/data/colcon_ws1FW/src/final_work/src/install/action_module:/home/omid/data/colcon_ws1FW/src/final_work/src/install/robotiq_85_gripper_server:/home/omid/data/colcon_ws1FW/src/final_work/src/install/robotiq_85_driver:/home/omid/data/colcon_ws1FW/src/final_work/src/install/planning_module:/home/omid/data/colcon_ws1FW/src/final_work/src/install/robotiq_85_msgs:/home/omid/data/colcon_ws1FW/src/final_work/src/install/kinenikros2:/home/omid/data/colcon_ws1FW/src/final_work/src/install/chesslab_setup2_interfaces:${AMENT_PREFIX_PATH} CMAKE_PREFIX_PATH=/home/omid/data/colcon_ws1FW/src/final_work/src/install/action_module:/home/omid/data/colcon_ws1FW/src/final_work/src/install/robotiq_85_gripper_server:/home/omid/data/colcon_ws1FW/src/final_work/src/install/planning_module:/home/omid/data/colcon_ws1FW/src/final_work/src/install/robotiq_85_msgs:/home/omid/data/colcon_ws1FW/src/final_work/src/install/kinenikros2:/home/omid/data/colcon_ws1FW/src/final_work/src/install/chesslab_setup2_interfaces:${CMAKE_PREFIX_PATH} DEBUGINFOD_URLS=https://debuginfod.ubuntu.com LD_LIBRARY_PATH=/home/omid/data/colcon_ws1FW/src/final_work/src/install/action_module/lib:/home/omid/data/colcon_ws1FW/src/final_work/src/install/robotiq_85_gripper_server/lib:/home/omid/data/colcon_ws1FW/src/final_work/src/install/planning_module/lib:/home/omid/data/colcon_ws1FW/src/final_work/src/install/robotiq_85_msgs/lib:/home/omid/data/colcon_ws1FW/src/final_work/src/install/kinenikros2/lib:/home/omid/data/colcon_ws1FW/src/final_work/src/install/chesslab_setup2_interfaces/lib:${LD_LIBRARY_PATH} PYTHONPATH=/home/omid/data/colcon_ws1FW/src/final_work/src/build/chess_ui/prefix_override:/usr/lib/python3/dist-packages/colcon_core/task/python/colcon_distutils_commands:/home/omid/data/colcon_ws1FW/src/final_work/src/install/chess_ui/lib/python3.12/site-packages:/home/omid/data/colcon_ws1FW/src/final_work/src/install/action_module/lib/python3.12/site-packages:/home/omid/data/colcon_ws1FW/src/final_work/src/install/robotiq_85_gripper_server/lib/python3.12/site-packages:/home/omid/data/colcon_ws1FW/src/final_work/src/install/robotiq_85_driver/lib/python3.12/site-packages:/home/omid/data/colcon_ws1FW/src/final_work/src/install/robotiq_85_msgs/lib/python3.12/site-packages:/home/omid/data/colcon_ws1FW/src/final_work/src/install/kinenikros2/lib/python3.12/site-packages:/home/omid/data/colcon_ws1FW/src/final_work/src/install/chesslab_setup2_interfaces/lib/python3.12/site-packages:${PYTHONPATH} /usr/bin/python3 -W ignore:setup.py install is deprecated -W ignore:easy_install command is deprecated setup.py egg_info --egg-base ../build/chess_ui build --build-base /home/omid/data/colcon_ws1FW/src/final_work/src/build/chess_ui/build install --record /home/omid/data/colcon_ws1FW/src/final_work/src/build/chess_ui/install.log --single-version-externally-managed install_data
[2.584s] running egg_info
[2.584s] creating ../build/chess_ui/chess_ui.egg-info
[2.635s] writing ../build/chess_ui/chess_ui.egg-info/PKG-INFO
[2.636s] writing dependency_links to ../build/chess_ui/chess_ui.egg-info/dependency_links.txt
[2.636s] writing entry points to ../build/chess_ui/chess_ui.egg-info/entry_points.txt
[2.637s] writing requirements to ../build/chess_ui/chess_ui.egg-info/requires.txt
[2.637s] writing top-level names to ../build/chess_ui/chess_ui.egg-info/top_level.txt
[2.637s] writing manifest file '../build/chess_ui/chess_ui.egg-info/SOURCES.txt'
[2.747s] reading manifest file '../build/chess_ui/chess_ui.egg-info/SOURCES.txt'
[2.749s] writing manifest file '../build/chess_ui/chess_ui.egg-info/SOURCES.txt'
[2.749s] running build
[2.749s] running build_py
[2.749s] creating /home/omid/data/colcon_ws1FW/src/final_work/src/build/chess_ui/build
[2.750s] creating /home/omid/data/colcon_ws1FW/src/final_work/src/build/chess_ui/build/lib
[2.750s] creating /home/omid/data/colcon_ws1FW/src/final_work/src/build/chess_ui/build/lib/chess_ui
[2.750s] copying chess_ui/__init__.py -> /home/omid/data/colcon_ws1FW/src/final_work/src/build/chess_ui/build/lib/chess_ui
[2.750s] copying chess_ui/ui_server.py -> /home/omid/data/colcon_ws1FW/src/final_work/src/build/chess_ui/build/lib/chess_ui
[2.750s] running install
[2.765s] running install_lib
[2.813s] creating /home/omid/data/colcon_ws1FW/src/final_work/src/install/chess_ui/lib/python3.12/site-packages/chess_ui
[2.814s] copying /home/omid/data/colcon_ws1FW/src/final_work/src/build/chess_ui/build/lib/chess_ui/__init__.py -> /home/omid/data/colcon_ws1FW/src/final_work/src/install/chess_ui/lib/python3.12/site-packages/chess_ui
[2.814s] copying /home/omid/data/colcon_ws1FW/src/final_work/src/build/chess_ui/build/lib/chess_ui/ui_server.py -> /home/omid/data/colcon_ws1FW/src/final_work/src/install/chess_ui/lib/python3.12/site-packages/chess_ui
[2.815s] byte-compiling /home/omid/data/colcon_ws1FW/src/final_work/src/install/chess_ui/lib/python3.12/site-packages/chess_ui/__init__.py to __init__.cpython-312.pyc
[2.815s] byte-compiling /home/omid/data/colcon_ws1FW/src/final_work/src/install/chess_ui/lib/python3.12/site-packages/chess_ui/ui_server.py to ui_server.cpython-312.pyc
[2.820s] running install_data
[2.820s] creating /home/omid/data/colcon_ws1FW/src/final_work/src/install/chess_ui/share/ament_index
[2.820s] creating /home/omid/data/colcon_ws1FW/src/final_work/src/install/chess_ui/share/ament_index/resource_index
[2.821s] creating /home/omid/data/colcon_ws1FW/src/final_work/src/install/chess_ui/share/ament_index/resource_index/packages
[2.821s] copying resource/chess_ui -> /home/omid/data/colcon_ws1FW/src/final_work/src/install/chess_ui/share/ament_index/resource_index/packages
[2.821s] copying package.xml -> /home/omid/data/colcon_ws1FW/src/final_work/src/install/chess_ui/share/chess_ui
[2.821s] creating /home/omid/data/colcon_ws1FW/src/final_work/src/install/chess_ui/share/chess_ui/launch
[2.822s] copying launch/chess_ui.launch.py -> /home/omid/data/colcon_ws1FW/src/final_work/src/install/chess_ui/share/chess_ui/launch
[2.822s] creating /home/omid/data/colcon_ws1FW/src/final_work/src/install/chess_ui/share/chess_ui/web
[2.822s] copying chess_ui/web/app.js -> /home/omid/data/colcon_ws1FW/src/final_work/src/install/chess_ui/share/chess_ui/web
[2.822s] copying chess_ui/web/index.html -> /home/omid/data/colcon_ws1FW/src/final_work/src/install/chess_ui/share/chess_ui/web
[2.822s] copying chess_ui/web/styles.css -> /home/omid/data/colcon_ws1FW/src/final_work/src/install/chess_ui/share/chess_ui/web
[2.823s] running install_egg_info
[2.876s] Copying ../build/chess_ui/chess_ui.egg-info to /home/omid/data/colcon_ws1FW/src/final_work/src/install/chess_ui/lib/python3.12/site-packages/chess_ui-0.1.0-py3.12.egg-info
[2.878s] running install_scripts
[3.193s] Installing chess_ui_server script to /home/omid/data/colcon_ws1FW/src/final_work/src/install/chess_ui/lib/chess_ui
[3.194s] writing list of installed files to '/home/omid/data/colcon_ws1FW/src/final_work/src/build/chess_ui/install.log'
[3.248s] Invoked command in '/home/omid/data/colcon_ws1FW/src/final_work/src/chess_ui' returned '0': AMENT_PREFIX_PATH=/home/omid/data/colcon_ws1FW/src/final_work/src/install/action_module:/home/omid/data/colcon_ws1FW/src/final_work/src/install/robotiq_85_gripper_server:/home/omid/data/colcon_ws1FW/src/final_work/src/install/robotiq_85_driver:/home/omid/data/colcon_ws1FW/src/final_work/src/install/planning_module:/home/omid/data/colcon_ws1FW/src/final_work/src/install/robotiq_85_msgs:/home/omid/data/colcon_ws1FW/src/final_work/src/install/kinenikros2:/home/omid/data/colcon_ws1FW/src/final_work/src/install/chesslab_setup2_interfaces:${AMENT_PREFIX_PATH} CMAKE_PREFIX_PATH=/home/omid/data/colcon_ws1FW/src/final_work/src/install/action_module:/home/omid/data/colcon_ws1FW/src/final_work/src/install/robotiq_85_gripper_server:/home/omid/data/colcon_ws1FW/src/final_work/src/install/planning_module:/home/omid/data/colcon_ws1FW/src/final_work/src/install/robotiq_85_msgs:/home/omid/data/colcon_ws1FW/src/final_work/src/install/kinenikros2:/home/omid/data/colcon_ws1FW/src/final_work/src/install/chesslab_setup2_interfaces:${CMAKE_PREFIX_PATH} DEBUGINFOD_URLS=https://debuginfod.ubuntu.com LD_LIBRARY_PATH=/home/omid/data/colcon_ws1FW/src/final_work/src/install/action_module/lib:/home/omid/data/colcon_ws1FW/src/final_work/src/install/robotiq_85_gripper_server/lib:/home/omid/data/colcon_ws1FW/src/final_work/src/install/planning_module/lib:/home/omid/data/colcon_ws1FW/src/final_work/src/install/robotiq_85_msgs/lib:/home/omid/data/colcon_ws1FW/src/final_work/src/install/kinenikros2/lib:/home/omid/data/colcon_ws1FW/src/final_work/src/install/chesslab_setup2_interfaces/lib:${LD_LIBRARY_PATH} PYTHONPATH=/home/omid/data/colcon_ws1FW/src/final_work/src/build/chess_ui/prefix_override:/usr/lib/python3/dist-packages/colcon_core/task/python/colcon_distutils_commands:/home/omid/data/colcon_ws1FW/src/final_work/src/install/chess_ui/lib/python3.12/site-packages:/home/omid/data/colcon_ws1FW/src/final_work/src/install/action_module/lib/python3.12/site-packages:/home/omid/data/colcon_ws1FW/src/final_work/src/install/robotiq_85_gripper_server/lib/python3.12/site-packages:/home/omid/data/colcon_ws1FW/src/final_work/src/install/robotiq_85_driver/lib/python3.12/site-packages:/home/omid/data/colcon_ws1FW/src/final_work/src/install/robotiq_85_msgs/lib/python3.12/site-packages:/home/omid/data/colcon_ws1FW/src/final_work/src/install/kinenikros2/lib/python3.12/site-packages:/home/omid/data/colcon_ws1FW/src/final_work/src/install/chesslab_setup2_interfaces/lib/python3.12/site-packages:${PYTHONPATH} /usr/bin/python3 -W ignore:setup.py install is deprecated -W ignore:easy_install command is deprecated setup.py egg_info --egg-base ../build/chess_ui build --build-base /home/omid/data/colcon_ws1FW/src/final_work/src/build/chess_ui/build install --record /home/omid/data/colcon_ws1FW/src/final_work/src/build/chess_ui/install.log --single-version-externally-managed install_data
